============================================================
  Method: imgep
  Target: 3V8D
  Seed: 9
  Iterations: 500
  Output: paper/experiments/results_v3/3V8D/imgep_seed9
============================================================
Target: 3V8D (Thrombin, Serine protease)
Pocket residues: 95
Behavior dim: 286
  [1/500] CC1(C)SC2C(NC(=O)Cc3ccccc3)C(=O)N2C1C(=O... int=10 res=9 vina=-9.1 t=13s
  [2/500] CC(C)Cc1ccc(C(C)C(=O)O)cc1... int=5 res=5 vina=-6.8 t=26s
  [3/500] CC(=O)Oc1ccccc1C(=O)O... int=8 res=6 vina=-6.8 t=36s
  [4/500] CC(=O)Nc1ccc(O)cc1... int=7 res=5 vina=-6.1 t=49s
  [5/500] OC(=O)c1ccccc1O... int=4 res=4 vina=-6.0 t=60s
  [25/500] CC1(C)SC2C(NC(=O)Cc3ccccc3)C(=O)N2C1C(=O... int=10 res=9 vina=-9.1 t=347s
  [50/500] CCOC(=O)C1N2C(=O)C(NC(=O)Cc3ccc(Cl)c(Cl)... int=7 res=6 vina=-8.3 t=742s
  [75/500] CCCCC(=O)Oc1cc(F)ccc1C(=O)OCC... int=6 res=6 vina=-7.0 t=1108s
  [100/500] CC(=O)Oc1cc(Cl)ccc1C(=O)O... int=6 res=4 vina=-6.3 t=1509s
  [125/500] CCCCC(=O)Oc1ccc(Cl)cc1C(=O)OC... int=8 res=7 vina=-6.9 t=1887s
  [150/500] CC(=O)NCC(=O)O... int=4 res=3 vina=-4.6 t=2278s
  [175/500] CCCC(=O)Oc1cc(Cl)ccc1C(=O)OCC... int=8 res=8 vina=-6.4 t=2673s
  [200/500] CCOC(=O)c1ccc(Cl)cc1OC(C)=O... int=4 res=4 vina=-6.1 t=3086s
  [225/500] CN(C)c1ccc(CC(=O)NC2C(=O)N3C2SC(C)(C)C3C... int=7 res=7 vina=-8.7 t=3509s
  [250/500] O=C(O)CNC(=O)c1ccc([N+](=O)[O-])cc1... int=6 res=4 vina=-7.2 t=3922s
  [275/500] CC(=O)Nc1ccc(CC(C)C)cc1... int=5 res=5 vina=-6.4 t=4325s
  [300/500] CCCC(=O)Oc1cc(CCCO)ccc1C(=O)OC... int=9 res=9 vina=-6.5 t=4754s
  [325/500] CC(N)Cc1cccc(CC(=O)NC2C(=O)N3C2SC(C)(C)C... int=11 res=10 vina=-9.3 t=5146s
  [350/500] CCC(C)C(NC(=O)OC(C)(C)C)C(=O)NC1C(=O)N2C... int=3 res=3 vina=-7.9 t=5591s
  [375/500] CC1(C)SC2C(NC(=O)Cc3cc(O)cc(NC=O)c3)C(=O... int=6 res=6 vina=-9.3 t=6028s
  [400/500] CC1(C)SC2C(NC(=O)Cc3ccc(Oc4ccccc4)cc3)C(... int=8 res=8 vina=-10.1 t=6438s
  [425/500] CC1(C)SC2C(NC(=O)Cc3ccc(CCCO)cc3)C(=O)N2... int=9 res=9 vina=-9.4 t=6868s
  [450/500] CCOC(=O)C1N2C(=O)C(NC(=O)COc3ccc(Oc4cccc... int=12 res=12 vina=-9.7 t=7296s
  [475/500] CC(N)c1ccccc1... int=8 res=8 vina=-5.7 t=7687s
  [500/500] N=C(N)NCCCC(N)C(=O)O... int=0 res=0 vina=-5.3 t=8094s

Results → paper/experiments/results_v3/3V8D/imgep_seed9/results.json
Total: 8094s (16.2s/iter)
