============================================================
  Method: imgep_naive
  Target: 4MNE
  Seed: 3
  Iterations: 500
  Output: paper/experiments/results_v3/4MNE/imgep_naive_seed3
============================================================
Target: 4MNE (BRAF, Kinase)
Pocket residues: 68
Behavior dim: 205
  [1/500] CC1(C)SC2C(NC(=O)Cc3ccccc3)C(=O)N2C1C(=O... int=5 res=5 vina=-7.8 t=19s
  [2/500] CC(C)Cc1ccc(C(C)C(=O)O)cc1... int=8 res=8 vina=-7.8 t=35s
  [3/500] CC(=O)Oc1ccccc1C(=O)O... int=4 res=4 vina=-6.1 t=52s
  [4/500] CC(=O)Nc1ccc(O)cc1... int=8 res=6 vina=-6.2 t=68s
  [5/500] OC(=O)c1ccccc1O... int=8 res=6 vina=-6.2 t=85s
  [25/500] CCCC(=O)Oc1ccc(F)cc1C(=O)O... int=8 res=6 vina=-6.9 t=413s
  [50/500] CC(=O)NCCO... int=6 res=5 vina=-4.3 t=828s
  [75/500] CCOC(=O)c1cc(CC(C)N)ccc1OC(=O)CCC(C)=O... int=10 res=9 vina=-7.7 t=1311s
  [100/500] CC(O)c1ccc(OC(=O)CCCC(=O)O)c(C(=O)O)c1... int=7 res=6 vina=-8.0 t=1817s
  [125/500] COC(=O)c1cc(C(C)C)ccc1OC(=O)CCC(N)=O... int=10 res=9 vina=-7.7 t=2323s
  [150/500] COC(=O)c1cc(C(C)C)ccc1OC(=O)CCC(N)=O... int=10 res=9 vina=-7.7 t=2867s
  [175/500] CC(CC(=O)Oc1ccc(C(C)C(=O)O)cc1C(=O)O)C(=... int=7 res=7 vina=-8.7 t=3382s
  [200/500] CCOC(=O)c1cc(C(=O)O)ccc1OC(=O)CCC(N)C(=O... int=11 res=10 vina=-8.3 t=3836s
  [225/500] CCCCC(=O)Oc1ccc(C=CC(=O)O)cc1C(=O)OCC... int=10 res=9 vina=-7.9 t=4308s
  [250/500] COc1cc(C(=O)O)cc(C(=O)O)c1OC(=O)CCC(N)=O... int=9 res=8 vina=-7.5 t=4754s
  [275/500] CCCCC(=O)Oc1ccc(C(C)N)cc1C(=O)O... int=14 res=11 vina=-7.8 t=5239s
  [300/500] CCCC(=O)Oc1ccc(C(=O)O)cc1C(=O)O... int=11 res=10 vina=-7.6 t=5713s
  [325/500] CCOC(=O)C(C)c1ccc(OC(=O)CCc2cccc(O)c2)c(... int=14 res=12 vina=-9.8 t=6241s
  [350/500] CCCC(=O)Oc1ccc(C(C)O)cc1C(=O)O... int=7 res=7 vina=-7.5 t=6757s
  [375/500] CCOC(=O)c1cc(C(C)C(=O)OCC)ccc1OC(=O)CCC(... int=9 res=9 vina=-7.8 t=7262s
  [400/500] CCOC(=O)C(C)c1ccc(OC(=O)CCCC(=O)O)c(C(=O... int=10 res=9 vina=-8.6 t=7819s
  [425/500] COC(=O)c1cc(C(=O)O)ccc1OC(=O)CCC(N)C(=O)... int=11 res=10 vina=-8.4 t=8363s
  [450/500] CCOC(=O)c1cc(N)ccc1OC(=O)CCC(N)C(=O)O... int=8 res=8 vina=-7.5 t=8886s
  [475/500] CCOC(=O)c1cc(C(C)C(=O)OCC)ccc1OC(=O)CCc1... int=11 res=10 vina=-9.1 t=9541s
  [500/500] CCCC(=O)Oc1ccc(C(C)O)cc1C(=O)O... int=7 res=7 vina=-7.5 t=10114s

Results → paper/experiments/results_v3/4MNE/imgep_naive_seed3/results.json
Total: 10114s (20.2s/iter)
