============================================================
  Method: imgep_naive
  Target: 4DFR
  Seed: 4
  Iterations: 500
  Output: paper/experiments/results_v3/4DFR/imgep_naive_seed4
============================================================
Target: 4DFR (DHFR, Oxidoreductase)
Pocket residues: 55
Behavior dim: 166
  [1/500] CC1(C)SC2C(NC(=O)Cc3ccccc3)C(=O)N2C1C(=O... int=6 res=6 vina=-8.0 t=13s
  [2/500] CC(C)Cc1ccc(C(C)C(=O)O)cc1... int=6 res=5 vina=-7.4 t=25s
  [3/500] CC(=O)Oc1ccccc1C(=O)O... int=6 res=5 vina=-5.6 t=41s
  [4/500] CC(=O)Nc1ccc(O)cc1... int=2 res=2 vina=-5.7 t=49s
  [5/500] OC(=O)c1ccccc1O... int=4 res=4 vina=-5.8 t=61s
  [25/500] CCOC(=O)c1cc(O)cc(CC(=O)NC2C(=O)N3C2SC(C... int=6 res=6 vina=-8.5 t=383s
  [50/500] CC(=O)c1cc(O)cc(CC(=O)NC2C(=O)N3C2SC(C)(... int=10 res=9 vina=-8.8 t=831s
  [75/500] CC(=O)c1cc(CCN)cc(CC(=O)NC2C(=O)N3C2SC(C... int=9 res=8 vina=-8.9 t=1314s
  [100/500] COC(=O)c1cc(CCN)cc(CC(=O)NC2C(=O)N3C2SC(... int=8 res=8 vina=-8.5 t=1790s
  [125/500] CC1(C)SC2C(NC(=O)Cc3cc(O)cc(C(N)=O)c3)C(... int=7 res=6 vina=-9.1 t=2282s
  [150/500] COC(=O)c1cc(O)cc(CC(=O)NC2C(=O)N3C2SC(C)... int=7 res=7 vina=-8.8 t=2754s
  [175/500] CC(=O)c1cc(CCN)cc(CC(=O)NC2C(=O)N3C2SC(C... int=9 res=8 vina=-8.9 t=3246s
  [200/500] CC(=O)c1cc(Cl)cc(CC(=O)NC2C(=O)N3C2SC(C)... int=6 res=5 vina=-8.6 t=3725s
  [225/500] CC1(C)SC2C(NC(=O)Cc3cc(O)cc(C(=O)O)c3)C(... int=7 res=7 vina=-9.5 t=4263s
  [250/500] CC(N)Cc1cc(CC(=O)NC2C(=O)N3C2SC(C)(C)C3C... int=11 res=9 vina=-9.3 t=4785s
  [275/500] CC1(C)SC2C(NC(=O)Cc3cc(CCC(=O)O)cc(C(=O)... int=9 res=8 vina=-9.0 t=5303s
  [300/500] CC1(C)SC2C(NC(=O)Cc3cc(O)cc(C(=O)CCl)c3)... int=7 res=7 vina=-8.5 t=5845s
  [325/500] COC(=O)c1cc(CC(=O)NC2C(=O)N3C2SC(C)(C)C3... int=5 res=5 vina=-8.5 t=6390s
  [350/500] CNCCc1cc(CC(=O)NC2C(=O)N3C2SC(C)(C)C3C(=... int=9 res=8 vina=-8.7 t=6935s
  [375/500] CNCCc1cc(CCC(=O)O)cc(CC(=O)NC2C(=O)N3C2S... int=7 res=6 vina=-8.9 t=7465s
  [400/500] CC1(C)SC2C(NC(=O)Cc3cc(CC(N)C(=O)O)cc(C(... int=8 res=7 vina=-8.7 t=8022s
  [425/500] CC1(C)SC2C(NC(=O)Cc3cc(O)cc(CC(N)C(=O)O)... int=9 res=8 vina=-9.1 t=8582s
  [450/500] CC(N)Cc1cc(CC(N)=O)cc(CC(=O)NC2C(=O)N3C2... int=9 res=8 vina=-9.5 t=9120s
  [475/500] CCOC(=O)C1N2C(=O)C(NC(=O)Cc3cc(CC(N)=O)c... int=6 res=5 vina=-9.0 t=9678s
  [500/500] CNCCc1cc(CC(=O)NO)cc(CC(=O)NC2C(=O)N3C2S... int=10 res=9 vina=-8.7 t=10228s

Results → paper/experiments/results_v3/4DFR/imgep_naive_seed4/results.json
Total: 10228s (20.5s/iter)
