============================================================
  Method: curiosity
  Target: 3EML
  Seed: 1
  Iterations: 500
  Output: paper/experiments/results_v3/3EML/curiosity_seed1
============================================================
Target: 3EML (EGFR, Kinase)
Pocket residues: 65
Behavior dim: 196
  [1/500] CC1(C)SC2C(NC(=O)Cc3ccccc3)C(=O)N2C1C(=O... int=5 res=5 vina=-8.5 t=15s
  [2/500] CC(C)Cc1ccc(C(C)C(=O)O)cc1... int=6 res=6 vina=-7.7 t=26s
  [3/500] CC(=O)Oc1ccccc1C(=O)O... int=8 res=8 vina=-6.3 t=39s
  [4/500] CC(=O)Nc1ccc(O)cc1... int=5 res=5 vina=-6.1 t=52s
  [5/500] OC(=O)c1ccccc1O... int=4 res=4 vina=-5.9 t=64s
  [25/500] COC(=O)c1ccc(CC(=O)NC2C(=O)N3C2SC(C)(C)C... int=9 res=6 vina=-9.1 t=357s
  [50/500] CC1(C)SC2C(NC(=O)COc3ccc(Br)cc3)C(=O)N2C... int=6 res=5 vina=-8.4 t=734s
  [75/500] CC(=O)Oc1ccc(C(C)O)cc1C(=O)O... int=5 res=5 vina=-7.0 t=1121s
  [100/500] CCOC(=O)c1c(O)cc(O)cc1O... int=4 res=4 vina=-6.4 t=1540s
  [125/500] CC1(C)SC2C(NC(=O)Cc3ccc(I)cc3)C(=O)N2C1C... int=6 res=5 vina=-8.7 t=1939s
  [150/500] COc1ccc2ccc(C(C)O)cc2c1... int=5 res=5 vina=-7.9 t=2335s
  [175/500] CC(C)C(N)C(=O)O... int=0 res=0 vina=-4.8 t=2711s
  [200/500] CC(C)(O)c1ccc(CC(=O)NC2C(=O)N3C2SC(C)(C)... int=11 res=9 vina=-9.7 t=3085s
  [225/500] CC(=O)N1CCN(c2ccc(C(C)N)cc2)CC1... int=4 res=4 vina=-7.7 t=3479s
  [250/500] CC1(C)SC2C(NC(=O)COc3ccc(N4CCOCC4)cc3)C(... int=4 res=4 vina=-9.1 t=3875s
  [275/500] CCOC(=O)c1cc(F)ccc1OC(C)=O... int=3 res=3 vina=-6.4 t=4307s
  [300/500] CCOC(=O)c1cc(O)c(OC)cc1OC(C)=O... int=6 res=6 vina=-6.9 t=4706s
  [325/500] CCOC(=O)C1N2C(=O)C(NC(=O)COc3ccc(N(C)C)c... int=9 res=7 vina=-7.5 t=5138s
  [350/500] CCOC(=O)C1N2C(=O)C(NC(=O)COc3ccc(C(C)C(=... int=6 res=5 vina=-8.9 t=5573s
  [375/500] CNCCc1cc(OC)c(OC)c(C(=O)O)c1... int=5 res=5 vina=-6.8 t=5969s
  [400/500] CCOC(=O)C1N2C(=O)C(NC(=O)Cc3ccc(C(=O)CCC... int=12 res=10 vina=-9.2 t=6371s
  [425/500] CC(C)(C)OC(=O)NC(Cc1ccccc1)C(=O)O... int=2 res=2 vina=-7.7 t=6787s
  [450/500] CC(C)(O)c1ccc(OCC(=O)NC2C(=O)N3C2SC(C)(C... int=8 res=7 vina=-9.1 t=7191s
  [475/500] CCOC(=O)C1N2C(=O)C(NC(=O)COc3ccc(C4N=C(C... int=10 res=8 vina=-9.5 t=7613s
  [500/500] CC(C)Cc1ccc(CC(=O)NC2C(=O)N3C2SC(C)(C)C3... int=10 res=8 vina=-10.0 t=8004s

Results → paper/experiments/results_v3/3EML/curiosity_seed1/results.json
Total: 8004s (16.0s/iter)
