============================================================
  Method: imgep_naive
  Target: 1ERE
  Seed: 9
  Iterations: 500
  Output: paper/experiments/results_v3/1ERE/imgep_naive_seed9
============================================================
Target: 1ERE (Estrogen Receptor α, Nuclear receptor)
Pocket residues: 71
Behavior dim: 214
  [1/500] CC1(C)SC2C(NC(=O)Cc3ccccc3)C(=O)N2C1C(=O... int=5 res=5 vina=-6.8 t=13s
  [2/500] CC(C)Cc1ccc(C(C)C(=O)O)cc1... int=6 res=6 vina=-7.4 t=26s
  [3/500] CC(=O)Oc1ccccc1C(=O)O... int=5 res=5 vina=-6.8 t=41s
  [4/500] CC(=O)Nc1ccc(O)cc1... int=5 res=5 vina=-6.1 t=54s
  [5/500] OC(=O)c1ccccc1O... int=5 res=5 vina=-6.2 t=66s
  [25/500] CC(=O)Nc1ccc(C(=O)O)cc1... int=5 res=5 vina=-6.9 t=338s
  [50/500] COc1ccc(S(=O)(=O)O)cc1... int=6 res=5 vina=-5.9 t=672s
  [75/500] CC(=O)Nc1ccc(CC(C)C)cc1... int=7 res=7 vina=-6.8 t=1011s
  [100/500] CC(=O)Nc1ccc(S(=O)(=O)O)c([S-])c1... int=4 res=3 vina=-6.7 t=1342s
  [125/500] CCOC(=O)C1N2C(=O)C(NC(=O)Cc3ccc(OC)c(Cl)... int=6 res=6 vina=-4.3 t=1682s
  [150/500] CC(C)(O)c1ccc(NC(=O)c2ccccc2)cc1... int=9 res=8 vina=-2.7 t=2039s
  [175/500] CC1(C)SC2C(NC(=O)Cc3ccc(S(N)(=O)=O)cc3)C... int=6 res=5 vina=-2.0 t=2456s
  [200/500] CC(C(=O)O)c1ccc(CC(=O)NC2C(=O)N3C2SC(C)(... int=7 res=6 vina=-2.5 t=2902s
  [225/500] CCOC(=O)C1N2C(=O)C(NC(=O)Cc3ccc(C(=N)N)c... int=10 res=9 vina=-4.7 t=3349s
  [250/500] CC1(C)SC2C(NC(=O)COc3ccc(C(=N)N)cc3)C(=O... int=8 res=8 vina=-7.5 t=3802s
  [275/500] CCOC(=O)C1N2C(=O)C(NC(=O)Cc3ccc(CCCO)cc3... int=7 res=7 vina=-3.9 t=4252s
  [300/500] CCOC(=O)C1N2C(=O)C(NC(=O)Cc3ccc(CC(C)N)c... int=10 res=10 vina=-2.3 t=4719s
  [325/500] CCOC(=O)C1N2C(=O)C(NC(=O)Cc3ccc(C(C)=O)c... int=9 res=9 vina=-2.5 t=5151s
  [350/500] CC1(C)SC2C(NC(=O)Cc3ccc(NC=O)cc3)C(=O)N2... int=7 res=6 vina=-4.4 t=5597s
  [375/500] CC1(C)SC2C(NC(=O)Cc3ccc(CC(N)=O)cc3)C(=O... int=8 res=7 vina=-3.6 t=6052s
  [400/500] COc1ccc(OCC(=O)NC2C(=O)N3C2SC(C)(C)C3C(=... int=4 res=4 vina=-5.7 t=6498s
  [425/500] CC(C(=O)O)c1ccc(CC(=O)NC2C(=O)N3C2SC(C)(... int=7 res=6 vina=-2.5 t=6951s
  [450/500] CC(=O)c1ccc(CC(=O)NC2C(=O)N3C2SC(C)(C)C3... int=6 res=6 vina=-5.6 t=7370s
  [475/500] COc1ccc(CC(=O)NC2C(=O)N3C2SC(C)(C)C3C(=O... int=9 res=9 vina=-6.4 t=7820s
  [500/500] CC1(C)SC2C(NC(=O)Cc3ccc(CCC(=O)O)cc3)C(=... int=7 res=7 vina=-6.8 t=8267s

Results → paper/experiments/results_v3/1ERE/imgep_naive_seed9/results.json
Total: 8267s (16.5s/iter)
