============================================================
  Method: random
  Target: 3PJC
  Seed: 7
  Iterations: 500
  Output: paper/experiments/results_v3/3PJC/random_seed7
============================================================
Target: 3PJC (CDK2, Kinase)
Pocket residues: 60
Behavior dim: 181
  [1/500] CC1(C)SC2C(NC(=O)Cc3ccccc3)C(=O)N2C1C(=O... int=5 res=5 vina=-8.6 t=13s
  [2/500] CC(C)Cc1ccc(C(C)C(=O)O)cc1... int=8 res=8 vina=-7.7 t=27s
  [3/500] CC(=O)Oc1ccccc1C(=O)O... int=7 res=7 vina=-6.7 t=40s
  [4/500] CC(=O)Nc1ccc(O)cc1... int=9 res=9 vina=-6.2 t=52s
  [5/500] OC(=O)c1ccccc1O... int=6 res=6 vina=-6.1 t=63s
  [25/500] CN(C)c1ccccc1... int=2 res=2 vina=-5.1 t=340s
  [50/500] CC(=O)Oc1ccc(N)cc1C(=O)O... int=8 res=7 vina=-6.8 t=704s
  [75/500] CCOC(=O)C1N2C(=O)C(NC(=O)Cc3cc(O)cc(OC)c... int=7 res=7 vina=-8.6 t=1088s
  [100/500] Oc1nc2ccccc2cc1Cl... int=4 res=3 vina=-6.6 t=1447s
  [125/500] COc1ccc(C(C)(C)O)cc1... int=3 res=2 vina=-6.2 t=1816s
  [150/500] COc1cc(N)cc(O)c1C(=O)O... int=6 res=5 vina=-6.5 t=2196s
  [175/500] CNCCc1ccc(C(C)N)cc1... int=4 res=4 vina=-6.4 t=2547s
  [200/500] CC1(C)SC2C(NC(=O)Cc3ccc(O)c(O)c3)C(=O)N2... int=9 res=8 vina=-9.9 t=2921s
  [225/500] CC1(C)SC2C(NC(=O)Cc3cc(O)cc(CCN)c3)C(=O)... int=12 res=11 vina=-9.4 t=3282s
  [250/500] O=C(c1cccc(F)c1)c1ccc(O)c(O)c1... int=4 res=4 vina=-9.1 t=3632s
  [275/500] COC(=O)c1cc(F)cc(CC(=O)NC2C(=O)N3C2SC(C)... int=7 res=7 vina=-9.0 t=3963s
  [300/500] CC(=O)c1ccc(CC(N)C(=O)O)cc1... int=8 res=6 vina=-7.1 t=4305s
  [325/500] CCCCC(=O)c1ccc(O)cc1... int=6 res=5 vina=-6.8 t=4628s
  [350/500] CC(C)Cc1ccc(C(=O)NCC(=O)O)cc1... int=8 res=5 vina=-7.9 t=4967s
  [375/500] COc1ccc(CCN)cc1... int=7 res=7 vina=-5.8 t=5304s
  [400/500] CC(N)c1ccc(CCCO)cc1... int=7 res=6 vina=-6.8 t=5653s
  [425/500] CC1(C)SC2C(NC(=O)Cc3ccc(Cl)cc3)C(=O)N2C1... int=5 res=5 vina=-9.0 t=5997s
  [450/500] COc1ccc(CCCO)cc1... int=4 res=4 vina=-6.3 t=6340s
  [475/500] CC(=O)c1ccc(C(C)=O)cc1... int=3 res=2 vina=-6.3 t=6677s
  [500/500] CCOC(=O)c1ccc(Cl)cc1N... int=5 res=4 vina=-6.3 t=7026s

Results → paper/experiments/results_v3/3PJC/random_seed7/results.json
Total: 7026s (14.1s/iter)
