============================================================
  Method: imgep
  Target: 1EVE
  Seed: 1
  Iterations: 500
  Output: paper/experiments/results_v3/1EVE/imgep_seed1
============================================================
Target: 1EVE (AChE, Hydrolase)
Pocket residues: 76
Behavior dim: 229
  [1/500] CC1(C)SC2C(NC(=O)Cc3ccccc3)C(=O)N2C1C(=O... int=9 res=9 vina=-10.3 t=15s
  [2/500] CC(C)Cc1ccc(C(C)C(=O)O)cc1... int=5 res=5 vina=-8.7 t=26s
  [3/500] CC(=O)Oc1ccccc1C(=O)O... int=5 res=5 vina=-7.3 t=36s
  [4/500] CC(=O)Nc1ccc(O)cc1... int=3 res=3 vina=-6.7 t=50s
  [5/500] OC(=O)c1ccccc1O... int=4 res=4 vina=-6.9 t=63s
  [25/500] CC1(C)SC2C(NC(=O)Cc3cccc(C(N)=O)c3)C(=O)... int=10 res=9 vina=-11.0 t=376s
  [50/500] CC(C)Cc1ccc(C(C)C(=O)O)cc1... int=5 res=5 vina=-8.7 t=777s
  [75/500] CC(C)(O)c1ccc(CC(=O)NC2C(=O)N3C2SC(C)(C)... int=11 res=11 vina=-10.9 t=1211s
  [100/500] CC(C)CC(N)C(=O)O... int=0 res=0 vina=-5.7 t=1634s
  [125/500] CCOC(=O)C1N2C(=O)C(NC(=O)Cc3ccc(C)c(OC(F... int=6 res=6 vina=-10.7 t=2055s
  [150/500] COC(=O)c1ccc(CC(=O)NC2C(=O)N3C2SC(C)(C)C... int=6 res=6 vina=-10.7 t=2446s
  [175/500] CCOC(=O)C1N2C(=O)C(NC(=O)Cc3ccc(O)c(C(=O... int=6 res=6 vina=-10.6 t=2858s
  [200/500] CCCC(=O)Oc1ccc(CC(=O)NC2C(=O)N3C2SC(C)(C... int=8 res=8 vina=-10.7 t=3271s
  [225/500] CCOC(=O)C1N2C(=O)C(NC(=O)Cc3cc(Cl)cc(C(=... int=8 res=8 vina=-10.3 t=3678s
  [250/500] CC(=O)Oc1ccc(CC(=O)NC2C(=O)N3C2SC(C)(C)C... int=8 res=8 vina=-10.3 t=4117s
  [275/500] CCOC(=O)C1N2C(=O)C(NC(=O)Cc3ccc(N)c(C(=O... int=8 res=8 vina=-10.4 t=4529s
  [300/500] CN(C)c1ccc(C(=N)N)cc1... int=1 res=1 vina=-6.8 t=4950s
  [325/500] CC1(C)SC2C(NC(=O)Cc3cc(O)cc(OC(F)(F)F)c3... int=7 res=7 vina=-11.2 t=5416s
  [350/500] COc1cc(CO)cc(OC)c1OC... int=4 res=3 vina=-6.2 t=5858s
  [375/500] CC(N)c1ccc(NC(N)=S)cc1... int=3 res=3 vina=-7.6 t=6291s
  [400/500] CC1(C)SC2C(NC(=O)Cc3cc(C=O)cc(C(=O)O)c3)... int=10 res=9 vina=-10.9 t=6717s
  [425/500] CCOC(=O)C1N2C(=O)C(NC(=O)Cc3cc(O)cc(OC(F... int=9 res=8 vina=-10.4 t=7133s
  [450/500] CC(=O)c1cc(CC(=O)NC2C(=O)N3C2SC(C)(C)C3C... int=8 res=8 vina=-11.5 t=7554s
  [475/500] CCOC(=O)C1N2C(=O)C(NC(=O)Cc3ccc(N4CCOCC4... int=9 res=9 vina=-10.5 t=7976s
  [500/500] CC(=O)Nc1ccc(OCC(=O)NC2C(=O)N3C2SC(C)(C)... int=10 res=10 vina=-10.1 t=8646s

Results → paper/experiments/results_v3/1EVE/imgep_seed1/results.json
Total: 8646s (17.3s/iter)
