============================================================
  Method: random
  Target: 4MNE
  Seed: 0
  Iterations: 500
  Output: paper/experiments/results_v3/4MNE/random_seed0
============================================================
Target: 4MNE (BRAF, Kinase)
Pocket residues: 68
Behavior dim: 205
  [1/500] CC1(C)SC2C(NC(=O)Cc3ccccc3)C(=O)N2C1C(=O... int=5 res=5 vina=-7.8 t=12s
  [2/500] CC(C)Cc1ccc(C(C)C(=O)O)cc1... int=8 res=8 vina=-7.8 t=25s
  [3/500] CC(=O)Oc1ccccc1C(=O)O... int=4 res=4 vina=-6.1 t=38s
  [4/500] CC(=O)Nc1ccc(O)cc1... int=8 res=6 vina=-6.2 t=51s
  [5/500] OC(=O)c1ccccc1O... int=8 res=6 vina=-6.2 t=64s
  [25/500] COC(=O)c1ccc(NC(C)=O)cc1... int=4 res=4 vina=-6.7 t=305s
  [50/500] CC(=O)Oc1cc(C(=O)CCl)cc(O)c1C(=O)O... int=11 res=8 vina=-7.3 t=661s
  [75/500] O=C(O)C=Cc1ccc(O)c(O)c1... int=8 res=7 vina=-6.9 t=1031s
  [100/500] CCOC(=O)c1ccc(C(=O)OC)cc1O... int=3 res=3 vina=-6.7 t=1405s
  [125/500] CC(CS)C(=O)N1CCCC1C(=O)O... int=4 res=4 vina=-5.7 t=1797s
  [150/500] CC(N)c1ccc(NC(N)=S)cc1... int=5 res=5 vina=-7.4 t=2196s
  [175/500] CC(C)c1ccc(O)c(O)c1... int=7 res=6 vina=-6.8 t=2583s
  [200/500] CC(N)Cc1ccc(O)c(O)c1... int=7 res=7 vina=-6.6 t=2994s
  [225/500] CC(=O)Oc1ccccc1C(=O)O... int=4 res=4 vina=-6.1 t=3378s
  [250/500] CCCCC(=O)Oc1ccc(NC=O)cc1... int=4 res=4 vina=-6.8 t=3784s
  [275/500] COC(=O)c1cc(F)ccc1OC(C)=O... int=7 res=6 vina=-5.8 t=4178s
  [300/500] CC(C)(O)c1ccccc1... int=8 res=7 vina=-6.5 t=4578s
  [325/500] CC(=O)Nc1ccc(NC(C)=O)cc1... int=8 res=7 vina=-7.0 t=4955s
  [350/500] O=CNc1ccc(C(=O)CCl)cc1... int=2 res=2 vina=-6.4 t=5346s
  [375/500] CCOC(=O)c1cc(N)ccc1OC(C)=O... int=8 res=7 vina=-6.5 t=5738s
  [400/500] CCOC(=O)C1N2C(=O)C(NC(=O)Cc3ccc(N)cc3)C2... int=6 res=6 vina=-7.4 t=6134s
  [425/500] CC(C)(O)c1ccc(Cl)cc1... int=6 res=5 vina=-6.6 t=6524s
  [450/500] O=C(O)CCC(=O)c1ccc(O)cc1... int=9 res=8 vina=-7.0 t=6926s
  [475/500] CCC(C)C(N)C(=O)O... int=0 res=0 vina=-5.1 t=7333s
  [500/500] COC(=O)c1ccc(Cl)cc1OC(C)=O... int=7 res=6 vina=-6.3 t=7755s

Results → paper/experiments/results_v3/4MNE/random_seed0/results.json
Total: 7755s (15.5s/iter)
