============================================================
  Method: imgep_naive
  Target: 1ERE
  Seed: 7
  Iterations: 500
  Output: paper/experiments/results_v3/1ERE/imgep_naive_seed7
============================================================
Target: 1ERE (Estrogen Receptor α, Nuclear receptor)
Pocket residues: 71
Behavior dim: 214
  [1/500] CC1(C)SC2C(NC(=O)Cc3ccccc3)C(=O)N2C1C(=O... int=5 res=5 vina=-6.8 t=12s
  [2/500] CC(C)Cc1ccc(C(C)C(=O)O)cc1... int=6 res=6 vina=-7.4 t=27s
  [3/500] CC(=O)Oc1ccccc1C(=O)O... int=5 res=5 vina=-6.8 t=38s
  [4/500] CC(=O)Nc1ccc(O)cc1... int=5 res=5 vina=-6.1 t=49s
  [5/500] OC(=O)c1ccccc1O... int=5 res=5 vina=-6.2 t=60s
  [25/500] CC(C(=O)O)c1ccc(CC(=O)NO)cc1... int=7 res=7 vina=-7.9 t=317s
  [50/500] CC(=O)Nc1ccc(Oc2ccc(C(C)(C)O)cc2)cc1... int=8 res=8 vina=-5.3 t=665s
  [75/500] CC(C)Cc1ccc(CCC(=O)O)cc1... int=8 res=8 vina=-7.3 t=1024s
  [100/500] COc1ccc(N=Nc2ccc(CC(N)=O)cc2)cc1... int=6 res=5 vina=-2.0 t=1364s
  [125/500] CC(C)NCC(O)COc1ccc(CC(N)=O)cc1... int=12 res=10 vina=-7.4 t=1712s
  [150/500] CC(C)(O)c1ccc(-c2cc(O)cc(O)c2)cc1... int=10 res=9 vina=-7.7 t=2058s
  [175/500] CC(N)Cc1ccc(C(C)N)cc1... int=8 res=7 vina=-7.0 t=2406s
  [200/500] CC(C)Cc1ccc(-c2cc(O)cc(C(C)O)c2)cc1... int=9 res=9 vina=-5.8 t=2733s
  [225/500] CC(C)(O)c1cc(O)cc(-c2ccc(C(N)=O)cc2)c1... int=4 res=4 vina=-8.7 t=3069s
  [250/500] CC(C)(O)c1ccc(-c2cc(O)cc(C=CC(=O)O)c2)cc... int=5 res=5 vina=-6.1 t=3413s
  [275/500] CC(=O)CCC(=O)c1ccc(C(C)(C)O)cc1... int=8 res=8 vina=-7.4 t=3766s
  [300/500] CC(O)c1ccc(-c2cc(O)cc(C(C)(C)O)c2)cc1... int=8 res=7 vina=-7.8 t=4106s
  [325/500] CC(=O)Nc1ccc(-c2cccc(C=CC(=O)O)c2)cc1... int=7 res=6 vina=-7.1 t=4450s
  [350/500] CC(N)Cc1cc(-c2ccc(C(C)(C)O)cc2)cc(C(C)N)... int=12 res=11 vina=-3.7 t=4805s
  [375/500] CC(N)Cc1cc(-c2ccc(C(N)=O)cc2)cc(C(C)N)c1... int=9 res=8 vina=-6.8 t=5184s
  [400/500] CC(N)Cc1cc(-c2ccc(C(C)C(=O)O)cc2)cc(C(C)... int=8 res=8 vina=-3.9 t=5590s
  [425/500] CCOC(=O)C(N)Cc1ccc(-c2cc(CC(C)C)cc(C(C)N... int=14 res=12 vina=-4.4 t=6011s
  [450/500] CC(C)Cc1cc(-c2ccc(C(C)C(=O)O)cc2)cc(C(C)... int=10 res=9 vina=-4.7 t=6441s
  [475/500] CC(=O)N1CCN(c2ccc(-c3cc(CC(C)C)cc(C(C)N)... int=5 res=5 vina=2.5 t=6864s
  [500/500] CC(=O)CCC(=O)c1ccc(-c2cc(CCN)cc(CC(C)C)c... int=7 res=7 vina=-4.4 t=7286s

Results → paper/experiments/results_v3/1ERE/imgep_naive_seed7/results.json
Total: 7286s (14.6s/iter)
