============================================================
  Method: imgep_naive
  Target: 4DFR
  Seed: 9
  Iterations: 500
  Output: paper/experiments/results_v3/4DFR/imgep_naive_seed9
============================================================
Target: 4DFR (DHFR, Oxidoreductase)
Pocket residues: 55
Behavior dim: 166
  [1/500] CC1(C)SC2C(NC(=O)Cc3ccccc3)C(=O)N2C1C(=O... int=6 res=6 vina=-8.0 t=14s
  [2/500] CC(C)Cc1ccc(C(C)C(=O)O)cc1... int=6 res=5 vina=-7.4 t=27s
  [3/500] CC(=O)Oc1ccccc1C(=O)O... int=6 res=5 vina=-5.6 t=39s
  [4/500] CC(=O)Nc1ccc(O)cc1... int=2 res=2 vina=-5.7 t=48s
  [5/500] OC(=O)c1ccccc1O... int=4 res=4 vina=-5.8 t=59s
  [25/500] CN(C)c1ccc(CC(=O)NC2C(=O)N3C2SC(C)(C)C3C... int=4 res=4 vina=-8.4 t=374s
  [50/500] COC(=O)c1cc(O)cc(CC(=O)NC2C(=O)N3C2SC(C)... int=7 res=7 vina=-8.8 t=819s
  [75/500] CCOC(=O)C1N2C(=O)C(NC(=O)Cc3cc(C(C)=O)cc... int=7 res=7 vina=-8.8 t=1276s
  [100/500] CCOC(=O)C1N2C(=O)C(NC(=O)Cc3cc(O)cc(C(=O... int=7 res=7 vina=-8.1 t=1799s
  [125/500] CCOC(=O)C1N2C(=O)C(NC(=O)COc3ccc(C(=N)N)... int=9 res=8 vina=-8.6 t=2293s
  [150/500] CC(=O)c1cc(Cl)cc(CC(=O)NC2C(=O)N3C2SC(C)... int=6 res=5 vina=-8.6 t=2784s
  [175/500] CCOC(=O)C1N2C(=O)C(NC(=O)Cc3cc(C(N)=O)cc... int=10 res=9 vina=-8.6 t=3277s
  [200/500] COC(=O)c1cc(CC(=O)NC2C(=O)N3C2SC(C)(C)C3... int=4 res=4 vina=-8.5 t=3813s
  [225/500] CCOc1c(OC)cc(CC(=O)NC2C(=O)N3C2SC(C)(C)C... int=10 res=9 vina=-8.2 t=4316s
  [250/500] COC(=O)c1cc(CC(=O)NC2C(=O)N3C2SC(C)(C)C3... int=8 res=7 vina=-8.9 t=4846s
  [275/500] CCOC(=O)C1N2C(=O)C(NC(=O)Cc3cc(C(N)=O)cc... int=7 res=6 vina=-8.9 t=5385s
  [300/500] CCOC(=O)C1N2C(=O)C(NC(=O)Cc3cc(O)cc(O)c3... int=6 res=6 vina=-8.5 t=5905s
  [325/500] CCOC(=O)C1N2C(=O)C(NC(=O)Cc3cc(C(N)=O)cc... int=10 res=9 vina=-8.6 t=6482s
  [350/500] COc1cc(CC(=O)NC2C(=O)N3C2SC(C)(C)C3C(=O)... int=3 res=3 vina=-8.1 t=7018s
  [375/500] CCOC(=O)c1cc(O)cc(CC(=O)NC2C(=O)N3C2SC(C... int=6 res=6 vina=-8.5 t=7572s
  [400/500] CCOC(=O)c1cc(CCCO)cc(CC(=O)NC2C(=O)N3C2S... int=5 res=5 vina=-8.2 t=8108s
  [425/500] CC1(C)SC2C(NC(=O)Cc3cc(C(N)=O)cc(C(N)=O)... int=10 res=8 vina=-9.1 t=8650s
  [450/500] COC(=O)c1cc(CC(=O)NC2C(=O)N3C2SC(C)(C)C3... int=7 res=7 vina=-8.4 t=9193s
  [475/500] CC1(C)SC2C(NC(=O)Cc3cc(C(=O)O)cc(C(=O)c4... int=7 res=6 vina=-10.3 t=9732s
  [500/500] CCOC(=O)C1N2C(=O)C(NC(=O)Cc3cc(CCN)cc(C(... int=7 res=6 vina=-8.6 t=10272s

Results → paper/experiments/results_v3/4DFR/imgep_naive_seed9/results.json
Total: 10272s (20.5s/iter)
