============================================================
  Method: bo
  Target: 1ERE
  Seed: 2
  Iterations: 500
  Output: paper/experiments/results_v3/1ERE/bo_seed2
============================================================
Target: 1ERE (Estrogen Receptor α, Nuclear receptor)
Pocket residues: 71
Behavior dim: 214
  [1/500] CC1(C)SC2C(NC(=O)Cc3ccccc3)C(=O)N2C1C(=O... int=5 res=5 vina=-6.8 t=14s
  [2/500] CC(C)Cc1ccc(C(C)C(=O)O)cc1... int=6 res=6 vina=-7.4 t=27s
  [3/500] CC(=O)Oc1ccccc1C(=O)O... int=5 res=5 vina=-6.8 t=40s
  [4/500] CC(=O)Nc1ccc(O)cc1... int=5 res=5 vina=-6.1 t=54s
  [5/500] OC(=O)c1ccccc1O... int=5 res=5 vina=-6.2 t=65s
  [25/500] CC(=O)Oc1ccc(C(C)N)cc1... int=7 res=7 vina=-6.4 t=354s
  [50/500] CC(C)(O)c1ccc(NC=O)cc1... int=8 res=8 vina=-6.8 t=701s
  [75/500] NC(=O)Cc1ccc(NC=O)cc1... int=6 res=6 vina=-6.7 t=1049s
  [100/500] CC1=NC(c2ccc(NC=O)cc2)C(=O)N1... int=3 res=3 vina=-7.1 t=1409s
  [125/500] CC1(C)SC2C(NC(=O)Cc3cc(N)cc(Cl)c3)C(=O)N... int=8 res=8 vina=-5.6 t=1774s
  [150/500] CC(C(=O)O)c1ccc(NC=O)cc1... int=8 res=8 vina=-7.0 t=2142s
  [175/500] CC1=NC(c2ccc(NC=O)cc2)C(=O)N1... int=3 res=3 vina=-7.1 t=2511s
  [200/500] CC(=O)Nc1ccc(N2CCOCC2)cc1... int=4 res=3 vina=-6.3 t=2911s
  [225/500] O=CNc1ccc(-c2ccc(I)cc2)cc1... int=4 res=4 vina=-3.9 t=3303s
  [250/500] NC(=O)CCC(N)C(=O)O... int=0 res=0 vina=-5.1 t=3692s
  [275/500] NC(CCC(=O)O)C(=O)O... int=0 res=0 vina=-5.4 t=4082s
  [300/500] NC(Cc1ccc(O)cc1)C(=O)O... int=0 res=0 vina=-6.7 t=4464s
  [325/500] CCOC(=O)C1CCCN1C(=O)C(C)CC(=O)O... int=7 res=7 vina=-6.6 t=4848s
  [350/500] CCOC(=O)C(N)CCCNC(=N)N... int=7 res=7 vina=-5.7 t=5250s
  [375/500] NC(Cc1cnc[nH]1)C(=O)O... int=0 res=0 vina=-5.4 t=5660s
  [400/500] CCOC(=O)C(N)CCCNC(=N)N... int=7 res=7 vina=-5.7 t=6078s
  [425/500] NC(=O)CCC(N)C(=O)O... int=0 res=0 vina=-5.1 t=6516s
  [450/500] Nc1ccc(C(=O)O)cc1... int=3 res=3 vina=-5.9 t=6965s
  [475/500] NC(=O)CCC(N)C(=O)O... int=0 res=0 vina=-5.1 t=7441s
  [500/500] CC(N)Cc1ccc(O)c(O)c1... int=6 res=6 vina=-6.7 t=7924s

Results → paper/experiments/results_v3/1ERE/bo_seed2/results.json
Total: 7924s (15.8s/iter)
