============================================================
  Method: random
  Target: 1EVE
  Seed: 4
  Iterations: 500
  Output: paper/experiments/results_v3/1EVE/random_seed4
============================================================
Target: 1EVE (AChE, Hydrolase)
Pocket residues: 76
Behavior dim: 229
  [1/500] CC1(C)SC2C(NC(=O)Cc3ccccc3)C(=O)N2C1C(=O... int=9 res=9 vina=-10.3 t=12s
  [2/500] CC(C)Cc1ccc(C(C)C(=O)O)cc1... int=5 res=5 vina=-8.7 t=22s
  [3/500] CC(=O)Oc1ccccc1C(=O)O... int=5 res=5 vina=-7.3 t=33s
  [4/500] CC(=O)Nc1ccc(O)cc1... int=3 res=3 vina=-6.7 t=44s
  [5/500] OC(=O)c1ccccc1O... int=4 res=4 vina=-6.9 t=54s
  [25/500] CC(=O)Oc1ccccc1C(=O)O... int=5 res=5 vina=-7.3 t=296s
  [50/500] CC(C)(O)c1ccccc1... int=4 res=4 vina=-6.8 t=600s
  [75/500] CC(=O)Oc1cc(F)ccc1C(=O)O... int=6 res=6 vina=-7.7 t=935s
  [100/500] CC(C)c1ccc(O)c(O)c1... int=5 res=5 vina=-7.5 t=1289s
  [125/500] COc1ccccc1... int=3 res=3 vina=-5.5 t=1637s
  [150/500] COC(=O)c1ccc(CC(=O)NC2C(=O)N3C2SC(C)(C)C... int=6 res=6 vina=-10.7 t=1986s
  [175/500] CC(=O)Oc1cc(C(=O)O)ccc1C(=O)O... int=5 res=5 vina=-7.9 t=2339s
  [200/500] FC(F)(F)Oc1ccc(N2CCOCC2)cc1... int=4 res=4 vina=-8.1 t=2701s
  [225/500] CC(=O)c1ccc(CC(=O)NC2C(=O)N3C2SC(C)(C)C3... int=7 res=7 vina=-10.8 t=3048s
  [250/500] CCOC(=O)C(C)c1ccc(C(=O)OC)cc1... int=5 res=5 vina=-8.1 t=3421s
  [275/500] COc1ccc(CC(=O)NC2C(=O)N3C2SC(C)(C)C3C(=O... int=10 res=10 vina=-10.5 t=3783s
  [300/500] CC1(C)SC2C(NC(=O)Cc3ccc(N)cc3)C(=O)N2C1C... int=10 res=9 vina=-8.7 t=4128s
  [325/500] CC(=O)Nc1ccc(CC(=O)NC2C(=O)N3C2SC(C)(C)C... int=7 res=7 vina=-11.0 t=4485s
  [350/500] CC(C)Cc1ccc(C=CC(=O)O)cc1... int=5 res=5 vina=-8.3 t=4854s
  [375/500] COc1cc(C=CC(=O)O)ccc1O... int=5 res=5 vina=-7.9 t=5240s
  [400/500] CCOC(=O)C1N2C(=O)C(NC(=O)Cc3ccccc3)C2SC1... int=5 res=5 vina=-9.5 t=5602s
  [425/500] CCCC(=O)Oc1cc(Cl)ccc1C(=O)O... int=6 res=6 vina=-7.9 t=5959s
  [450/500] CC1(C)SC2C(NC(=O)Cc3cccc(-c4ccccc4)c3)C(... int=7 res=7 vina=-12.3 t=6304s
  [475/500] CCOC(=O)C(C)c1ccc(C(N)=O)cc1... int=6 res=6 vina=-8.3 t=6666s
  [500/500] CCOC(=O)C1N2C(=O)C(NC(=O)C(N)c3ccc(Cl)c(... int=8 res=8 vina=-10.0 t=7036s

Results → paper/experiments/results_v3/1EVE/random_seed4/results.json
Total: 7036s (14.1s/iter)
