============================================================
  Method: ga
  Target: 3PJC
  Seed: 5
  Iterations: 500
  Output: paper/experiments/results_v3/3PJC/ga_seed5
============================================================
Target: 3PJC (CDK2, Kinase)
Pocket residues: 60
Behavior dim: 181
  [1/500] CC1(C)SC2C(NC(=O)Cc3ccccc3)C(=O)N2C1C(=O... int=5 res=5 vina=-8.6 t=14s
  [2/500] CC(C)Cc1ccc(C(C)C(=O)O)cc1... int=8 res=8 vina=-7.7 t=24s
  [3/500] CC(=O)Oc1ccccc1C(=O)O... int=7 res=7 vina=-6.7 t=37s
  [4/500] CC(=O)Nc1ccc(O)cc1... int=9 res=9 vina=-6.2 t=53s
  [5/500] OC(=O)c1ccccc1O... int=6 res=6 vina=-6.1 t=66s
  [25/500] CC1(C)SC2C(NC(=O)Cc3cc(N)cc(O)c3)C(=O)N2... int=9 res=9 vina=-9.6 t=373s
  [50/500] CC1(C)SC2C(NC(=O)Cc3cc(O)cc(CCN)c3)C(=O)... int=12 res=11 vina=-9.4 t=774s
  [75/500] COC(=O)c1ccc(CC(=O)NC2C(=O)N3C2SC(C)(C)C... int=9 res=8 vina=-9.5 t=1170s
  [100/500] CCOC(=O)C1N2C(=O)C(NC(=O)Cc3cccc(C(C)O)c... int=7 res=6 vina=-8.6 t=1617s
  [125/500] CC1(C)SC2C(NC(=O)COc3ccc(Br)cc3)C(=O)N2C... int=6 res=5 vina=-8.9 t=2084s
  [150/500] CCOC(=O)C1N2C(=O)C(NC(=O)Cc3cc(O)cc(O)c3... int=7 res=6 vina=-8.8 t=2568s
  [175/500] CC1(C)SC2C(NC(=O)Cc3cc(O)cc(-c4nn[nH]n4)... int=11 res=9 vina=-10.5 t=3071s
  [200/500] CC1(C)SC2C(NC(=O)Cc3cccc(-c4ccc(C(N)=O)c... int=10 res=10 vina=-11.0 t=3576s
  [225/500] COc1cc(Cl)cc(CC(=O)NC2C(=O)N3C2SC(C)(C)C... int=9 res=8 vina=-9.2 t=4111s
  [250/500] CN(C)c1ccc(-c2cc(Cl)cc(CC(=O)NC3C(=O)N4C... int=10 res=9 vina=-10.1 t=4641s
  [275/500] CCOC(=O)C1N2C(=O)C(NC(=O)Cc3ccc(Cl)cc3)C... int=8 res=8 vina=-8.2 t=5175s
  [300/500] CC(N)Cc1cc(CC(=O)NC2C(=O)N3C2SC(C)(C)C3C... int=10 res=9 vina=-9.7 t=5707s
  [325/500] CC1(C)SC2C(NC(=O)Cc3cc(Cl)cc(-c4ccc(O)cc... int=12 res=10 vina=-10.5 t=6240s
  [350/500] CC(=O)c1ccc(-c2cccc(CC(=O)NC3C(=O)N4C3SC... int=9 res=9 vina=-10.6 t=6806s
  [375/500] CC1(C)SC2C(NC(=O)Cc3cccc(-c4cccc(Cl)c4)c... int=9 res=8 vina=-10.6 t=7357s
  [400/500] CC(=O)Oc1ccc(CC(=O)NC2C(=O)N3C2SC(C)(C)C... int=8 res=8 vina=-10.0 t=7896s
  [425/500] CC1(C)SC2C(NC(=O)Cc3cc(O)cc(-c4ccc(O)c(C... int=7 res=7 vina=-10.9 t=8502s
  [450/500] CC(C)(O)c1ccc(-c2cc(O)cc(CC(=O)NC3C(=O)N... int=8 res=7 vina=-10.4 t=9156s
  [475/500] CC(=O)Nc1ccc(-c2cccc(CC(=O)NC3C(=O)N4C3S... int=6 res=6 vina=-10.0 t=9794s
  [500/500] COc1ccc(-c2cc(O)cc(CC(=O)NC3C(=O)N4C3SC(... int=10 res=10 vina=-10.8 t=10454s

Results → paper/experiments/results_v3/3PJC/ga_seed5/results.json
Total: 10454s (20.9s/iter)
