============================================================
  Method: random
  Target: 1ERE
  Seed: 1
  Iterations: 500
  Output: paper/experiments/results_v3/1ERE/random_seed1
============================================================
Target: 1ERE (Estrogen Receptor α, Nuclear receptor)
Pocket residues: 71
Behavior dim: 214
  [1/500] CC1(C)SC2C(NC(=O)Cc3ccccc3)C(=O)N2C1C(=O... int=5 res=5 vina=-6.8 t=11s
  [2/500] CC(C)Cc1ccc(C(C)C(=O)O)cc1... int=6 res=6 vina=-7.4 t=18s
  [3/500] CC(=O)Oc1ccccc1C(=O)O... int=5 res=5 vina=-6.8 t=28s
  [4/500] CC(=O)Nc1ccc(O)cc1... int=5 res=5 vina=-6.1 t=36s
  [5/500] OC(=O)c1ccccc1O... int=5 res=5 vina=-6.2 t=45s
  [25/500] CC1(C)SC2C(NC(=O)Cc3cc(Cl)cc(C=O)c3)C(=O... int=7 res=7 vina=-8.6 t=297s
  [50/500] CC(=O)Oc1ccccc1C(=O)O... int=5 res=5 vina=-6.8 t=641s
  [75/500] CC(C)Cc1ccc(CC(=O)NC2C(=O)N3C2SC(C)(C)C3... int=9 res=8 vina=-2.2 t=996s
  [100/500] CC(=O)Oc1ccc(CC(=O)NC2C(=O)N3C2SC(C)(C)C... int=7 res=7 vina=-2.9 t=1343s
  [125/500] COC(=O)c1ccc(CC(=O)NC2C(=O)N3C2SC(C)(C)C... int=8 res=8 vina=-7.0 t=1725s
  [150/500] COC(=O)c1ccccc1OC(C)=O... int=4 res=4 vina=-6.1 t=2086s
  [175/500] CC(=O)Nc1ccc(CC(=O)NC2C(=O)N3C2SC(C)(C)C... int=6 res=6 vina=-0.8 t=2456s
  [200/500] CCOC(=O)C1N2C(=O)C(NC(=O)Cc3cc(Cl)cc(C(N... int=11 res=10 vina=-5.0 t=2854s
  [225/500] CC(C)Cc1ccc(C(C)(C)O)cc1... int=7 res=6 vina=-7.3 t=3261s
  [250/500] CCOC(=O)C1N2C(=O)C(NC(=O)Cc3cc(Cl)cc(Cl)... int=8 res=8 vina=-5.2 t=3721s
  [275/500] COc1ccc(CC(=O)NC2C(=O)N3C2SC(C)(C)C3C(=O... int=6 res=6 vina=-4.0 t=4141s
  [300/500] CC(=O)Oc1ccc(CC(=O)NC2C(=O)N3C2SC(C)(C)C... int=7 res=7 vina=-2.9 t=4560s
  [325/500] CCOC(=O)C1N2C(=O)C(NC(=O)Cc3ccc(N)c(C(N)... int=9 res=8 vina=-2.7 t=5003s
  [350/500] CC(N)c1ccc(OCC(=O)NC2C(=O)N3C2SC(C)(C)C3... int=7 res=7 vina=-8.0 t=5432s
  [375/500] CC(C)(O)c1ccc(C(=N)N)cc1... int=10 res=8 vina=-6.9 t=5864s
  [400/500] COC(=O)c1ccc(C(=O)O)cc1OC(C)=O... int=7 res=7 vina=-7.2 t=6303s
  [425/500] CC1(C)SC2C(NC(=O)Cc3ccc(N)c(C(N)=O)c3)C(... int=5 res=5 vina=-6.9 t=6751s
  [450/500] CCCC(=O)Oc1cc(Cl)cc(O)c1C(=O)O... int=7 res=6 vina=-7.3 t=7159s
  [475/500] CCOC(=O)C1N2C(=O)C(NC(=O)C(NC(=O)Cc3cccc... int=11 res=11 vina=-3.8 t=7564s
  [500/500] CC(=O)Nc1ccc(OCC(=O)NC2C(=O)N3C2SC(C)(C)... int=11 res=10 vina=-8.6 t=8036s

Results → paper/experiments/results_v3/1ERE/random_seed1/results.json
Total: 8036s (16.1s/iter)
