============================================================
  Method: imgep
  Target: 3V8D
  Seed: 8
  Iterations: 500
  Output: paper/experiments/results_v3/3V8D/imgep_seed8
============================================================
Target: 3V8D (Thrombin, Serine protease)
Pocket residues: 95
Behavior dim: 286
  [1/500] CC1(C)SC2C(NC(=O)Cc3ccccc3)C(=O)N2C1C(=O... int=10 res=9 vina=-9.1 t=15s
  [2/500] CC(C)Cc1ccc(C(C)C(=O)O)cc1... int=5 res=5 vina=-6.8 t=24s
  [3/500] CC(=O)Oc1ccccc1C(=O)O... int=8 res=6 vina=-6.8 t=36s
  [4/500] CC(=O)Nc1ccc(O)cc1... int=7 res=5 vina=-6.1 t=46s
  [5/500] OC(=O)c1ccccc1O... int=4 res=4 vina=-6.0 t=58s
  [25/500] CCOC(=O)c1ccccc1OC(C)=O... int=7 res=7 vina=-6.4 t=337s
  [50/500] COC(=O)c1cccc(CC(=O)NC2C(=O)N3C2SC(C)(C)... int=9 res=8 vina=-9.4 t=702s
  [75/500] COc1ccc(CC(=O)NC2C(=O)N3C2SC(C)(C)C3C(=O... int=4 res=4 vina=-8.9 t=1075s
  [100/500] CC(=O)Oc1ccc(O)cc1... int=7 res=5 vina=-5.7 t=1460s
  [125/500] CCOC(=O)C1N2C(=O)C(NC(=O)Cc3ccc(C(C)C(=O... int=12 res=12 vina=-8.7 t=1854s
  [150/500] COc1ccc(CCN)cc1... int=5 res=5 vina=-5.5 t=2259s
  [175/500] CCOC(=O)C1N2C(=O)C(NC(=O)Cc3ccc(N(C)C)cc... int=7 res=6 vina=-8.2 t=2648s
  [200/500] CC(N)c1cccc(C=O)c1... int=7 res=7 vina=-5.9 t=3036s
  [225/500] CC1(C)SC2C(NC(=O)Cc3cccc(C=O)c3)C(=O)N2C... int=11 res=9 vina=-9.6 t=3420s
  [250/500] COC(=O)c1ccc(N)cc1OC(C)=O... int=4 res=4 vina=-6.1 t=3809s
  [275/500] COc1ccc(CC(C)C)cc1... int=3 res=3 vina=-5.7 t=4188s
  [300/500] CC(N)Cc1cccc(CC(=O)NC2C(=O)N3C2SC(C)(C)C... int=11 res=10 vina=-9.3 t=4559s
  [325/500] CCCCC(=O)Nc1ccc(C)c(OC)c1... int=10 res=9 vina=-7.4 t=4955s
  [350/500] CC(C)Cc1cccc(CC(=O)NC2C(=O)N3C2SC(C)(C)C... int=8 res=8 vina=-9.1 t=5340s
  [375/500] COc1cc(CNC(=O)CCCN)ccc1O... int=5 res=5 vina=-6.4 t=5748s
  [400/500] O=CNc1cc(O)c(C(=O)O)c(OC(=O)CCCO)c1... int=6 res=6 vina=-7.2 t=6144s
  [425/500] CC(=O)Nc1ccc(F)cc1... int=6 res=5 vina=-6.2 t=6522s
  [450/500] CC(=O)Oc1ccc(N(C)C)cc1... int=4 res=4 vina=-5.8 t=6914s
  [475/500] COC(=O)c1ccc(C=O)cc1OC... int=3 res=3 vina=-5.7 t=7326s
  [500/500] CC(C)c1ccc(C(=O)O)c(OC(=O)CCCO)c1... int=6 res=6 vina=-6.8 t=7724s

Results → paper/experiments/results_v3/3V8D/imgep_seed8/results.json
Total: 7724s (15.4s/iter)
