============================================================
  Method: bo
  Target: 3EML
  Seed: 6
  Iterations: 500
  Output: paper/experiments/results_v3/3EML/bo_seed6
============================================================
Target: 3EML (EGFR, Kinase)
Pocket residues: 65
Behavior dim: 196
  [1/500] CC1(C)SC2C(NC(=O)Cc3ccccc3)C(=O)N2C1C(=O... int=5 res=5 vina=-8.5 t=16s
  [2/500] CC(C)Cc1ccc(C(C)C(=O)O)cc1... int=6 res=6 vina=-7.7 t=27s
  [3/500] CC(=O)Oc1ccccc1C(=O)O... int=8 res=8 vina=-6.3 t=42s
  [4/500] CC(=O)Nc1ccc(O)cc1... int=5 res=5 vina=-6.1 t=56s
  [5/500] OC(=O)c1ccccc1O... int=4 res=4 vina=-5.9 t=70s
  [25/500] CCCC(=O)Oc1ccc(C(=O)CCl)cc1C(=O)OCC... int=6 res=6 vina=-7.3 t=365s
  [50/500] O=CNc1ccc(O)cc1... int=3 res=3 vina=-5.5 t=759s
  [75/500] CC(=O)Nc1ccc(O)cc1... int=5 res=5 vina=-6.1 t=1107s
  [100/500] CC(N)Cc1ccc(O)c(O)c1... int=4 res=4 vina=-6.8 t=1436s
  [125/500] CCOC(=O)c1ccccc1N... int=3 res=3 vina=-5.8 t=1771s
  [150/500] NC(=S)Nc1ccc(O)c(Cl)c1... int=4 res=4 vina=-6.3 t=2116s
  [175/500] COc1ccc(NC(N)=S)cc1... int=6 res=5 vina=-5.7 t=2471s
  [200/500] O=CNc1ccc(O)cc1... int=3 res=3 vina=-5.5 t=2830s
  [225/500] N=C(N)NCCCC(N)C(=O)O... int=0 res=0 vina=-5.5 t=3187s
  [250/500] CC(N)c1ccc(F)cc1... int=3 res=3 vina=-5.9 t=3553s
  [275/500] CC(C)(O)c1ccccc1... int=3 res=3 vina=-5.9 t=3894s
  [300/500] CC(CC(=O)O)C(=O)O... int=4 res=4 vina=-4.8 t=4245s
  [325/500] CC(N)c1ccc(F)cc1... int=3 res=3 vina=-5.9 t=4596s
  [350/500] CC(CC(=O)O)C(=O)O... int=4 res=4 vina=-4.8 t=4949s
  [375/500] CC(CC(=O)O)C(=O)O... int=4 res=4 vina=-4.8 t=5309s
  [400/500] CC(=O)NCCO... int=1 res=1 vina=-3.8 t=5671s
  [425/500] CC(N)C(=O)O... int=0 res=0 vina=-4.0 t=6033s
  [450/500] CC(CC(=O)O)C(=O)O... int=4 res=4 vina=-4.8 t=6389s
  [475/500] CC(C)(O)c1ccccc1... int=3 res=3 vina=-5.9 t=6754s
  [500/500] CC(CC(=O)O)C(=O)O... int=4 res=4 vina=-4.8 t=7143s

Results → paper/experiments/results_v3/3EML/bo_seed6/results.json
Total: 7143s (14.3s/iter)
