============================================================
  Method: curiosity
  Target: 4MNE
  Seed: 0
  Iterations: 500
  Output: paper/experiments/results_v3/4MNE/curiosity_seed0
============================================================
Target: 4MNE (BRAF, Kinase)
Pocket residues: 68
Behavior dim: 205
  [1/500] CC1(C)SC2C(NC(=O)Cc3ccccc3)C(=O)N2C1C(=O... int=5 res=5 vina=-7.8 t=16s
  [2/500] CC(C)Cc1ccc(C(C)C(=O)O)cc1... int=8 res=8 vina=-7.8 t=29s
  [3/500] CC(=O)Oc1ccccc1C(=O)O... int=4 res=4 vina=-6.1 t=41s
  [4/500] CC(=O)Nc1ccc(O)cc1... int=8 res=6 vina=-6.2 t=54s
  [5/500] OC(=O)c1ccccc1O... int=8 res=6 vina=-6.2 t=65s
  [25/500] CCOC(=O)c1ccc(C(=O)CCl)cc1O... int=3 res=3 vina=-6.9 t=358s
  [50/500] COC(=O)c1ccc(N(C)C)cc1... int=2 res=2 vina=-6.2 t=768s
  [75/500] CCOC(=O)c1cc(Cl)cc(OC(C)=O)c1OC(C)=O... int=5 res=5 vina=-6.4 t=1143s
  [100/500] CCOC(=O)c1c(O)cc(NC(C)=O)cc1OC... int=9 res=8 vina=-7.3 t=1491s
  [125/500] CCOC(=O)c1c(O)cc(Cl)cc1O... int=5 res=4 vina=-6.6 t=1829s
  [150/500] COC(=O)c1cc(C(N)=O)ccc1OC(C)=O... int=6 res=6 vina=-6.8 t=2232s
  [175/500] NC(=O)c1ccc(C(=O)O)c(O)c1... int=4 res=4 vina=-7.0 t=2613s
  [200/500] CCOC(=O)C1N2C(=O)C(NC(=O)Cc3ccc(C(=O)O)c... int=8 res=7 vina=-8.0 t=3058s
  [225/500] CCOC(=O)C1N2C(=O)C(NC(=O)Cc3ccc(C(C)N)cc... int=6 res=6 vina=-8.0 t=3425s
  [250/500] COc1ccc(OCC(O)CNC(C)C)cc1... int=6 res=6 vina=-7.0 t=3834s
  [275/500] CC1(C)SC2C(NC(=O)Cc3ccc(Cl)cc3)C(=O)N2C1... int=5 res=4 vina=-8.0 t=4286s
  [300/500] CCOC(=O)c1c(O)cc(NC(N)=S)cc1O... int=6 res=5 vina=-6.9 t=4722s
  [325/500] COC(=O)c1cc(C(=O)CCl)cc(OC)c1OC(C)=O... int=4 res=4 vina=-6.3 t=5132s
  [350/500] CCOC(=O)C1N2C(=O)C(NC(=O)Cc3cc(OC)c(OC)c... int=10 res=8 vina=-7.4 t=5585s
  [375/500] CC1(C)SC2C(NC(=O)COc3ccc(C(=O)O)cc3)C(=O... int=5 res=5 vina=-9.0 t=6067s
  [400/500] CC1(C)SC2C(NC(=O)COc3ccc(C(=N)N)cc3)C(=O... int=6 res=6 vina=-9.2 t=6587s
  [425/500] CCOC(=O)c1c(O)cc(CC(=O)NC2C(=O)N3C2SC(C)... int=6 res=6 vina=-7.8 t=6987s
  [450/500] CCOC(=O)c1ccccc1N... int=9 res=7 vina=-6.1 t=7360s
  [475/500] CCOC(=O)C1N2C(=O)C(NC(=O)COc3ccc(CCCN)cc... int=7 res=6 vina=-7.7 t=7733s
  [500/500] NC(CCC(=O)O)C(=O)O... int=0 res=0 vina=-5.3 t=8089s

Results → paper/experiments/results_v3/4MNE/curiosity_seed0/results.json
Total: 8089s (16.2s/iter)
