============================================================
  Method: ga
  Target: 4DFR
  Seed: 0
  Iterations: 500
  Output: paper/experiments/results_v3/4DFR/ga_seed0
============================================================
Target: 4DFR (DHFR, Oxidoreductase)
Pocket residues: 55
Behavior dim: 166
  [1/500] CC1(C)SC2C(NC(=O)Cc3ccccc3)C(=O)N2C1C(=O... int=6 res=6 vina=-8.0 t=19s
  [2/500] CC(C)Cc1ccc(C(C)C(=O)O)cc1... int=6 res=5 vina=-7.4 t=42s
  [3/500] CC(=O)Oc1ccccc1C(=O)O... int=6 res=5 vina=-5.6 t=62s
  [4/500] CC(=O)Nc1ccc(O)cc1... int=2 res=2 vina=-5.7 t=80s
  [5/500] OC(=O)c1ccccc1O... int=4 res=4 vina=-5.8 t=99s
  [25/500] CC1(C)SC2C(NC(=O)COc3ccc(C(=N)N)cc3)C(=O... int=3 res=2 vina=-8.2 t=519s
  [50/500] CC1(C)SC2C(NC(=O)COc3ccc(C(=O)O)cc3)C(=O... int=7 res=7 vina=-8.6 t=1000s
  [75/500] CC(C)(O)c1ccc(CC(=O)NC2C(=O)N3C2SC(C)(C)... int=8 res=8 vina=-8.5 t=1492s
  [100/500] CC1(C)SC2C(NC(=O)Cc3ccc(Br)cc3)C(=O)N2C1... int=7 res=7 vina=-8.0 t=2008s
  [125/500] CCOC(=O)C1N2C(=O)C(NC(=O)Cc3ccc(-c4ccc(O... int=6 res=6 vina=-9.1 t=2551s
  [150/500] COc1ccc(CC(=O)NC2C(=O)N3C2SC(C)(C)C3C(=O... int=8 res=8 vina=-8.0 t=3038s
  [175/500] CC(C(=O)O)c1ccc(CC(=O)NC2C(=O)N3C2SC(C)(... int=8 res=7 vina=-8.6 t=3432s
  [200/500] CC(C)C(NC(=O)OC(C)(C)C)C(=O)NC1C(=O)N2C1... int=2 res=2 vina=-8.2 t=3880s
  [225/500] CC1(C)SC2C(NC(=O)Cc3ccc(C(=O)NCC(=O)O)cc... int=5 res=5 vina=-9.3 t=4382s
  [250/500] CC(C)c1cccc(-c2ccc(CC(=O)NC3C(=O)N4C3SC(... int=7 res=7 vina=-9.8 t=4903s
  [275/500] CC(C(=O)O)c1ccc(CC(=O)NC2C(=O)N3C2SC(C)(... int=8 res=7 vina=-8.6 t=5435s
  [300/500] CCOC(=O)C1N2C(=O)C(NC(=O)Cc3ccc(C(C)C(=O... int=5 res=5 vina=-8.5 t=5984s
  [325/500] CCOC(=O)C1N2C(=O)C(NC(=O)Cc3ccc(NC(=O)c4... int=8 res=7 vina=-8.9 t=6503s
  [350/500] CC1=NC(c2ccc(OCC(=O)NC3C(=O)N4C3SC(C)(C)... int=7 res=7 vina=-8.8 t=7011s
  [375/500] CCOC(=O)C1N2C(=O)C(NC(=O)Cc3ccc(C(=N)N)c... int=4 res=4 vina=-8.6 t=7528s
  [400/500] CC(C)NCC(O)COc1ccc(CC(=O)NC2C(=O)N3C2SC(... int=9 res=8 vina=-8.7 t=8012s
  [425/500] CC1(C)SC2C(NC(=O)Cc3ccc(C=Cc4ccccc4)cc3)... int=6 res=6 vina=-9.3 t=8514s
  [450/500] CC(C)NCC(O)COc1ccc(CC(=O)NC2C(=O)N3C2SC(... int=9 res=8 vina=-8.7 t=9050s
  [475/500] CC1(C)SC2C(NC(=O)Cc3ccc(N=Nc4ccc(O)c(Cl)... int=5 res=5 vina=-9.3 t=9568s
  [500/500] CC1(C)SC2C(NC(=O)Cc3ccc(-c4cc(O)cc(CC(N)... int=7 res=7 vina=-9.7 t=10078s

Results → paper/experiments/results_v3/4DFR/ga_seed0/results.json
Total: 10078s (20.2s/iter)
