============================================================
  Method: random
  Target: 1ERE
  Seed: 4
  Iterations: 500
  Output: paper/experiments/results_v3/1ERE/random_seed4
============================================================
Target: 1ERE (Estrogen Receptor α, Nuclear receptor)
Pocket residues: 71
Behavior dim: 214
  [1/500] CC1(C)SC2C(NC(=O)Cc3ccccc3)C(=O)N2C1C(=O... int=5 res=5 vina=-6.8 t=12s
  [2/500] CC(C)Cc1ccc(C(C)C(=O)O)cc1... int=6 res=6 vina=-7.4 t=23s
  [3/500] CC(=O)Oc1ccccc1C(=O)O... int=5 res=5 vina=-6.8 t=32s
  [4/500] CC(=O)Nc1ccc(O)cc1... int=5 res=5 vina=-6.1 t=40s
  [5/500] OC(=O)c1ccccc1O... int=5 res=5 vina=-6.2 t=49s
  [25/500] COc1cc(C=CC(=O)O)ccc1C... int=7 res=7 vina=-7.1 t=282s
  [50/500] Nc1cccc(N)c1... int=4 res=4 vina=-5.4 t=574s
  [75/500] COc1cc(-c2nn[nH]n2)ccc1C... int=8 res=7 vina=-6.9 t=891s
  [100/500] CCOC(=O)C1CCCN1C(=O)C(C)CS... int=5 res=5 vina=-6.3 t=1229s
  [125/500] Nc1cc(N)cc(Cl)c1... int=4 res=3 vina=-5.7 t=1572s
  [150/500] CCOC(=O)C(C)c1ccc(OC(=O)CCCCN)cc1... int=6 res=6 vina=-7.5 t=1930s
  [175/500] Nc1cc(Cl)cc(NC=O)c1... int=4 res=3 vina=-6.1 t=2274s
  [200/500] NC(Cc1ccc(O)cc1)C(=O)O... int=0 res=0 vina=-6.7 t=2613s
  [225/500] CC1(C)SC2C(NC(=O)Cc3cccc(F)c3)C(=O)N2C1C... int=3 res=3 vina=-8.5 t=2982s
  [250/500] CCOC(=O)c1cc(-c2ccccc2)ccc1OC(C)=O... int=8 res=8 vina=-8.1 t=3314s
  [275/500] COc1ccc(OC(C)=O)cc1... int=5 res=5 vina=-5.9 t=3673s
  [300/500] CCCC(=O)Oc1cc(F)ccc1C(=O)OCC... int=7 res=7 vina=-7.2 t=4032s
  [325/500] NS(=O)(=O)c1ccc(-c2ccc(I)cc2)cc1... int=6 res=6 vina=-4.2 t=4397s
  [350/500] CCOC(=O)c1cc2cccc(OCCO)c2oc1=O... int=7 res=7 vina=-7.5 t=4771s
  [375/500] CC(N)c1ccccc1... int=6 res=6 vina=-6.0 t=5126s
  [400/500] CC1(C)SC2C(NC(=O)Cc3cccc(CC(N)C(=O)O)c3)... int=10 res=10 vina=-5.4 t=5518s
  [425/500] CCCC(=O)Oc1cc(O)c(C(=O)OC)c(OC(C)=O)c1... int=8 res=8 vina=-7.6 t=5875s
  [450/500] CCOC(=O)C1N2C(=O)C(NC(=O)Cc3cc(Cl)cc(C(=... int=11 res=10 vina=-5.5 t=6261s
  [475/500] CCOC(=O)c1ccc(F)cc1OC(=O)CCCO... int=7 res=7 vina=-7.3 t=6623s
  [500/500] COc1cccc2cc(C(=O)O)c(=O)oc12... int=2 res=2 vina=-7.8 t=6980s

Results → paper/experiments/results_v3/1ERE/random_seed4/results.json
Total: 6980s (14.0s/iter)
