============================================================
  Method: imgep_naive
  Target: 1ERE
  Seed: 4
  Iterations: 500
  Output: paper/experiments/results_v3/1ERE/imgep_naive_seed4
============================================================
Target: 1ERE (Estrogen Receptor α, Nuclear receptor)
Pocket residues: 71
Behavior dim: 214
  [1/500] CC1(C)SC2C(NC(=O)Cc3ccccc3)C(=O)N2C1C(=O... int=5 res=5 vina=-6.8 t=13s
  [2/500] CC(C)Cc1ccc(C(C)C(=O)O)cc1... int=6 res=6 vina=-7.4 t=28s
  [3/500] CC(=O)Oc1ccccc1C(=O)O... int=5 res=5 vina=-6.8 t=39s
  [4/500] CC(=O)Nc1ccc(O)cc1... int=5 res=5 vina=-6.1 t=50s
  [5/500] OC(=O)c1ccccc1O... int=5 res=5 vina=-6.2 t=60s
  [25/500] CC(C)Cc1ccc(C(C)(C)O)cc1... int=7 res=6 vina=-7.3 t=316s
  [50/500] CC(=O)Oc1ccc(NC=O)cc1... int=6 res=6 vina=-6.7 t=640s
  [75/500] Nc1ccc(C=Cc2ccc(S(N)(=O)=O)cc2)cc1... int=7 res=6 vina=-0.2 t=957s
  [100/500] CC(N)c1ccc(C(C)(C)O)cc1... int=9 res=8 vina=-7.2 t=1282s
  [125/500] CC(C)Cc1ccc(C(C)C(=O)O)cc1... int=6 res=6 vina=-7.4 t=1614s
  [150/500] CC(N)c1ccc(C(C)(C)O)cc1... int=9 res=8 vina=-7.2 t=1936s
  [175/500] COc1ccc(C=Cc2ccc(N)cc2)cc1... int=6 res=6 vina=-4.8 t=2271s
  [200/500] CC(=O)Nc1ccc(C(C)N)cc1... int=6 res=5 vina=-6.4 t=2619s
  [225/500] CC(=O)c1ccc(C=Cc2ccc(N)cc2)cc1... int=6 res=6 vina=-2.4 t=2953s
  [250/500] CNCCc1cc(C=Cc2ccc(C)c(OC(C)=O)c2)cc(NC(C... int=6 res=6 vina=-0.2 t=3325s
  [275/500] CC(=O)Oc1cc(C=Cc2cc(CC(=O)NO)cc(NC=O)c2)... int=5 res=5 vina=-1.6 t=3692s
  [300/500] COc1cc(C=Cc2cc(Cl)cc(NC(C)=O)c2)ccc1C... int=7 res=7 vina=-3.9 t=4089s
  [325/500] CC(=O)Nc1cc(C=Cc2ccc(O)c(OC(C)=O)c2)cc(C... int=5 res=5 vina=-2.5 t=4503s
  [350/500] CC(=O)Nc1cc(C=Cc2ccc(C)c(OC(C)=O)c2)cc(C... int=0 res=0 vina=0.0 t=4984s
  [375/500] CCOC(=O)C(N)Cc1cc(C=Cc2ccc(OC)c(OC(C)=O)... int=7 res=7 vina=0.3 t=5503s
  [400/500] CCCCC(=O)Oc1cc(C=Cc2cc(CC(=O)NO)cc(CC(C)... int=8 res=8 vina=-3.1 t=6113s
  [425/500] CC(N)Cc1cc(C=Cc2ccc(O)c(OC(=O)CCCO)c2)cc... int=9 res=9 vina=-4.1 t=6760s
  [450/500] CC(=O)Oc1cc(C=Cc2cc(CCN)cc(CCN)c2)ccc1C... int=9 res=8 vina=-0.9 t=7435s
  [475/500] CCOC(=O)C(N)Cc1cc(C=Cc2ccc(C(=O)O)c(OC(C... int=13 res=13 vina=-7.5 t=8074s
  [500/500] CC(N)Cc1cc(C=Cc2ccc(O)c(OC(=O)CCCC(=O)O)... int=11 res=11 vina=-4.5 t=8740s

Results → paper/experiments/results_v3/1ERE/imgep_naive_seed4/results.json
Total: 8740s (17.5s/iter)
