============================================================
  Method: ga
  Target: 3PJC
  Seed: 1
  Iterations: 500
  Output: paper/experiments/results_v3/3PJC/ga_seed1
============================================================
Target: 3PJC (CDK2, Kinase)
Pocket residues: 60
Behavior dim: 181
  [1/500] CC1(C)SC2C(NC(=O)Cc3ccccc3)C(=O)N2C1C(=O... int=5 res=5 vina=-8.6 t=12s
  [2/500] CC(C)Cc1ccc(C(C)C(=O)O)cc1... int=8 res=8 vina=-7.7 t=23s
  [3/500] CC(=O)Oc1ccccc1C(=O)O... int=7 res=7 vina=-6.7 t=38s
  [4/500] CC(=O)Nc1ccc(O)cc1... int=9 res=9 vina=-6.2 t=51s
  [5/500] OC(=O)c1ccccc1O... int=6 res=6 vina=-6.1 t=64s
  [25/500] CC1(C)SC2C(NC(=O)COc3ccc(C(=N)N)cc3)C(=O... int=7 res=7 vina=-9.2 t=378s
  [50/500] COc1cc(CC(=O)NC2C(=O)N3C2SC(C)(C)C3C(=O)... int=5 res=5 vina=-8.7 t=809s
  [75/500] CC(C)c1cc(Cl)cc(CC(=O)NC2C(=O)N3C2SC(C)(... int=8 res=7 vina=-9.4 t=1233s
  [100/500] CC1(C)SC2C(NC(=O)Cc3cc(O)cc(F)c3)C(=O)N2... int=9 res=9 vina=-9.5 t=1643s
  [125/500] CCOC(=O)c1ccc(CC(=O)NC2C(=O)N3C2SC(C)(C)... int=8 res=8 vina=-9.0 t=2063s
  [150/500] CC(C)c1cc(Cl)cc(CC(=O)NC2C(=O)N3C2SC(C)(... int=8 res=7 vina=-9.4 t=2492s
  [175/500] CC(=O)Oc1cc(CC(=O)NC2C(=O)N3C2SC(C)(C)C3... int=11 res=11 vina=-9.5 t=2960s
  [200/500] COc1cc(CC(=O)NC2C(=O)N3C2SC(C)(C)C3C(=O)... int=5 res=5 vina=-8.9 t=3417s
  [225/500] CC1(C)SC2C(NC(=O)Cc3ccc(O)c(Cl)c3)C(=O)N... int=7 res=7 vina=-9.6 t=3890s
  [250/500] CC(C)c1cc(Cl)cc(CC(=O)NC2C(=O)N3C2SC(C)(... int=8 res=7 vina=-9.4 t=4366s
  [275/500] CC(C)C(NC(=O)OC(C)(C)C)C(=O)NC1C(=O)N2C1... int=3 res=3 vina=-7.7 t=4851s
  [300/500] COC(=O)c1ccc(CC(=O)NC2C(=O)N3C2SC(C)(C)C... int=5 res=5 vina=-8.9 t=5362s
  [325/500] COc1ccc(CC(=O)NC2C(=O)N3C2SC(C)(C)C3C(=O... int=8 res=8 vina=-9.0 t=5884s
  [350/500] CC1(C)SC2C(NC(=O)Cc3ccc(O)c(Cl)c3)C(=O)N... int=7 res=7 vina=-9.6 t=6371s
  [375/500] CC1(C)SC2C(NC(=O)Cc3cc(CCN)cc(C(=O)CCl)c... int=7 res=7 vina=-8.7 t=6900s
  [400/500] CC(C)Cc1ccc(OCC(=O)NC2C(=O)N3C2SC(C)(C)C... int=9 res=8 vina=-9.4 t=7403s
  [425/500] CC(=O)Oc1cc(CC(=O)NC2C(=O)N3C2SC(C)(C)C3... int=11 res=11 vina=-9.5 t=7892s
  [450/500] CCOC(=O)c1cc(CC(=O)NO)cc(CC(=O)NC2C(=O)N... int=13 res=12 vina=-9.5 t=8390s
  [475/500] CC1(C)SC2C(NC(=O)Cc3ccccc3)C(=O)N2C1C(=O... int=5 res=5 vina=-8.6 t=8872s
  [500/500] CC1(C)SC2C(NC(=O)Cc3ccc(O)c(OC(F)(F)F)c3... int=10 res=9 vina=-10.0 t=9395s

Results → paper/experiments/results_v3/3PJC/ga_seed1/results.json
Total: 9395s (18.8s/iter)
