============================================================
  Method: ga
  Target: 3EML
  Seed: 9
  Iterations: 500
  Output: paper/experiments/results_v3/3EML/ga_seed9
============================================================
Target: 3EML (EGFR, Kinase)
Pocket residues: 65
Behavior dim: 196
  [1/500] CC1(C)SC2C(NC(=O)Cc3ccccc3)C(=O)N2C1C(=O... int=5 res=5 vina=-8.5 t=12s
  [2/500] CC(C)Cc1ccc(C(C)C(=O)O)cc1... int=6 res=6 vina=-7.7 t=25s
  [3/500] CC(=O)Oc1ccccc1C(=O)O... int=8 res=8 vina=-6.3 t=34s
  [4/500] CC(=O)Nc1ccc(O)cc1... int=5 res=5 vina=-6.1 t=42s
  [5/500] OC(=O)c1ccccc1O... int=4 res=4 vina=-5.9 t=52s
  [25/500] CC(N)c1ccc(CC(=O)NC2C(=O)N3C2SC(C)(C)C3C... int=9 res=8 vina=-9.5 t=306s
  [50/500] CC1(C)SC2C(NC(=O)Cc3ccc(N4CCOCC4)cc3)C(=... int=6 res=6 vina=-9.9 t=658s
  [75/500] COC(=O)c1ccc(CC(=O)NC2C(=O)N3C2SC(C)(C)C... int=9 res=6 vina=-9.1 t=1024s
  [100/500] COC(=O)c1ccc(CC(=O)NC2C(=O)N3C2SC(C)(C)C... int=9 res=6 vina=-9.1 t=1423s
  [125/500] CC(C)Cc1ccc(Oc2ccc(CC(=O)NC3C(=O)N4C3SC(... int=12 res=11 vina=-10.4 t=1851s
  [150/500] CCOC(=O)C1N2C(=O)C(NC(=O)Cc3ccc(C(=O)c4c... int=10 res=9 vina=-10.4 t=2290s
  [175/500] CC1(C)SC2C(NC(=O)Cc3ccc(C=Cc4ccc(CO)cc4)... int=9 res=8 vina=-10.6 t=2766s
  [200/500] CC1(C)SC2C(NC(=O)Cc3ccc(C(=O)c4ccc(Cl)cc... int=11 res=10 vina=-10.9 t=3241s
  [225/500] CC1(C)SC2C(NC(=O)Cc3ccc(CC(=O)NO)cc3)C(=... int=9 res=8 vina=-10.4 t=3727s
  [250/500] COc1cccc(C=Cc2ccc(CC(=O)NC3C(=O)N4C3SC(C... int=10 res=10 vina=-10.1 t=4247s
  [275/500] CCOC(=O)C1N2C(=O)C(NC(=O)Cc3ccc(C=Cc4ccc... int=11 res=10 vina=-10.1 t=4747s
  [300/500] CC1(C)SC2C(NC(=O)Cc3ccc(NC(=O)c4ccc(O)cc... int=10 res=8 vina=-10.6 t=5248s
  [325/500] CC(O)c1cccc(-c2ccc(CC(=O)NC3C(=O)N4C3SC(... int=10 res=9 vina=-11.0 t=5746s
  [350/500] CC1(C)SC2C(NC(=O)Cc3ccc(C=Cc4cc(O)cc(Cl)... int=7 res=6 vina=-10.8 t=6211s
  [375/500] COC(=O)c1ccc(CC(=O)NC2C(=O)N3C2SC(C)(C)C... int=9 res=6 vina=-9.1 t=6685s
  [400/500] CC1(C)SC2C(NC(=O)Cc3ccc(NC(=O)c4ccccc4)c... int=10 res=8 vina=-10.3 t=7181s
  [425/500] CC1(C)SC2C(NC(=O)Cc3ccc(C=Cc4cccc(O)c4)c... int=9 res=8 vina=-11.3 t=7675s
  [450/500] CC(C(=O)O)c1ccc(CC(=O)NC2C(=O)N3C2SC(C)(... int=10 res=8 vina=-9.7 t=8166s
  [475/500] CC1(C)SC2C(NC(=O)Cc3ccc(N=Nc4ccc(C(=O)O)... int=11 res=9 vina=-10.4 t=8668s
  [500/500] CC1(C)SC2C(NC(=O)Cc3ccc(CCc4ccc(CO)cc4)c... int=11 res=9 vina=-10.5 t=9184s

Results → paper/experiments/results_v3/3EML/ga_seed9/results.json
Total: 9184s (18.4s/iter)
