============================================================
  Method: ga
  Target: 1ERE
  Seed: 5
  Iterations: 500
  Output: paper/experiments/results_v3/1ERE/ga_seed5
============================================================
Target: 1ERE (Estrogen Receptor α, Nuclear receptor)
Pocket residues: 71
Behavior dim: 214
  [1/500] CC1(C)SC2C(NC(=O)Cc3ccccc3)C(=O)N2C1C(=O... int=5 res=5 vina=-6.8 t=15s
  [2/500] CC(C)Cc1ccc(C(C)C(=O)O)cc1... int=6 res=6 vina=-7.4 t=27s
  [3/500] CC(=O)Oc1ccccc1C(=O)O... int=5 res=5 vina=-6.8 t=40s
  [4/500] CC(=O)Nc1ccc(O)cc1... int=5 res=5 vina=-6.1 t=51s
  [5/500] OC(=O)c1ccccc1O... int=5 res=5 vina=-6.2 t=63s
  [25/500] CC1(C)SC2C(NC(=O)Cc3cc(O)cc(O)c3)C(=O)N2... int=6 res=5 vina=-9.1 t=344s
  [50/500] CC1(C)SC2C(NC(=O)Cc3ccc(I)cc3)C(=O)N2C1C... int=6 res=5 vina=-2.2 t=694s
  [75/500] COc1ccc(CC(=O)NC2C(=O)N3C2SC(C)(C)C3C(=O... int=9 res=9 vina=-6.4 t=1062s
  [100/500] CCCC(=O)Oc1cc(C(C)C)ccc1C(=O)OC... int=5 res=5 vina=-7.3 t=1424s
  [125/500] COC(=O)c1c(O)cc(C(=O)O)cc1OC(C)=O... int=3 res=3 vina=-7.3 t=1762s
  [150/500] CCCC(=O)Oc1cc(C(C)(C)O)ccc1C(=O)OC... int=5 res=5 vina=-7.7 t=2128s
  [175/500] CC1(C)SC2C(NC(=O)Cc3cc(O)cc(C(=O)O)c3)C(... int=8 res=7 vina=-6.7 t=2494s
  [200/500] CC(C)c1cccc(CC(=O)NC2C(=O)N3C2SC(C)(C)C3... int=10 res=9 vina=-5.8 t=2869s
  [225/500] CC1(C)SC2C(NC(=O)COc3ccc(OC(=O)CCCN)cc3)... int=9 res=8 vina=-6.9 t=3257s
  [250/500] CC1(C)SC2C(NC(=O)COc3ccc(Cl)c(Cl)c3)C(=O... int=8 res=8 vina=-8.7 t=3657s
  [275/500] CC1(C)SC2C(NC(=O)COc3ccc(C(=O)NCC(=O)O)c... int=10 res=9 vina=-5.8 t=4067s
  [300/500] COc1cc(CC(=O)NC2C(=O)N3C2SC(C)(C)C3C(=O)... int=4 res=4 vina=-3.3 t=4493s
  [325/500] CCCCC(=O)Oc1cc(C(C)C)ccc1C(=O)OCC... int=7 res=7 vina=-7.4 t=4887s
  [350/500] CC(C)c1cccc(CC(=O)NC2C(=O)N3C2SC(C)(C)C3... int=10 res=9 vina=-5.8 t=5287s
  [375/500] CC1(C)SC2C(NC(=O)Cc3cc(O)cc(CCN)c3)C(=O)... int=8 res=8 vina=-7.1 t=5692s
  [400/500] CCOC(=O)c1ccc(-c2nn[nH]n2)cc1OC(C)=O... int=6 res=6 vina=-7.8 t=6114s
  [425/500] CCCCCC(=O)Oc1cc(OC(F)(F)F)ccc1C(=O)O... int=8 res=8 vina=-8.2 t=6522s
  [450/500] CCCC(=O)Oc1cc(OC(F)(F)F)ccc1C... int=7 res=7 vina=-7.7 t=6918s
  [475/500] COC(=O)c1ccc(C(C)C)cc1OC(=O)CCC(C)=O... int=7 res=7 vina=-7.7 t=7337s
  [500/500] CCOC(=O)c1ccc(Cl)cc1OC(C)=O... int=6 res=6 vina=-6.6 t=7747s

Results → paper/experiments/results_v3/1ERE/ga_seed5/results.json
Total: 7747s (15.5s/iter)
