============================================================
  Method: imgep_naive
  Target: 1ERE
  Seed: 5
  Iterations: 500
  Output: paper/experiments/results_v3/1ERE/imgep_naive_seed5
============================================================
Target: 1ERE (Estrogen Receptor α, Nuclear receptor)
Pocket residues: 71
Behavior dim: 214
  [1/500] CC1(C)SC2C(NC(=O)Cc3ccccc3)C(=O)N2C1C(=O... int=5 res=5 vina=-6.8 t=12s
  [2/500] CC(C)Cc1ccc(C(C)C(=O)O)cc1... int=6 res=6 vina=-7.4 t=25s
  [3/500] CC(=O)Oc1ccccc1C(=O)O... int=5 res=5 vina=-6.8 t=33s
  [4/500] CC(=O)Nc1ccc(O)cc1... int=5 res=5 vina=-6.1 t=45s
  [5/500] OC(=O)c1ccccc1O... int=5 res=5 vina=-6.2 t=58s
  [25/500] CC1(C)SC2C(NC(=O)Cc3cc(O)cc(Cl)c3)C(=O)N... int=7 res=6 vina=-8.5 t=386s
  [50/500] COC(=O)c1cc(CC(=O)NC2C(=O)N3C2SC(C)(C)C3... int=6 res=6 vina=-6.4 t=821s
  [75/500] CC(=O)CCC(=O)c1ccc(CC(N)=O)cc1... int=6 res=6 vina=-7.6 t=1287s
  [100/500] CCOC(=O)C1N2C(=O)C(NC(=O)C(NC(=O)OC(C)(C... int=9 res=9 vina=-1.3 t=1778s
  [125/500] CCOC(=O)C1N2C(=O)C(NC(=O)Cc3cc(CC(C)N)cc... int=10 res=10 vina=-2.2 t=2295s
  [150/500] CCOC(=O)C1N2C(=O)C(NC(=O)Cc3cc(CCN)cc(CC... int=11 res=10 vina=-5.4 t=2894s
  [175/500] CCOC(=O)C1N2C(=O)C(NC(=O)Cc3cc(CC(C)C)cc... int=9 res=9 vina=-4.4 t=3441s
  [200/500] CC(C(=O)O)c1cc(CCN)cc(CC(=O)NC2C(=O)N3C2... int=10 res=7 vina=-4.0 t=4052s
  [225/500] COc1cc(Cl)cc(CC(=O)NC2C(=O)N3C2SC(C)(C)C... int=4 res=4 vina=-6.8 t=4643s
  [250/500] CCOC(=O)C1N2C(=O)C(NC(=O)Cc3cc(CCN)cc(C(... int=11 res=10 vina=-4.1 t=5250s
  [275/500] CC(C)c1cc(O)cc(CC(=O)NC2C(=O)N3C2SC(C)(C... int=9 res=8 vina=-7.4 t=5852s
  [300/500] CCOC(=O)C1N2C(=O)C(NC(=O)Cc3cc(C(=O)O)cc... int=9 res=9 vina=-4.4 t=6455s
  [325/500] CCOC(=O)C1N2C(=O)C(NC(=O)Cc3cc(CCN)cc(C(... int=13 res=12 vina=-3.8 t=7075s
  [350/500] CCOC(=O)C1N2C(=O)C(NC(=O)Cc3cc(CCC(=O)O)... int=9 res=9 vina=-4.1 t=7709s
  [375/500] CCOC(=O)C1N2C(=O)C(NC(=O)C(NC(=O)OCc3ccc... int=13 res=13 vina=-4.1 t=8346s
  [400/500] CCOC(=O)C1N2C(=O)C(NC(=O)Cc3cc(CCCO)cc(C... int=12 res=12 vina=-4.4 t=8975s
  [425/500] CCOC(=O)C1N2C(=O)C(NC(=O)Cc3cc(CCN)cc(CC... int=11 res=11 vina=-3.1 t=9583s
  [450/500] CCOC(=O)C1N2C(=O)C(NC(=O)Cc3cc(CC(=O)NO)... int=13 res=11 vina=-5.2 t=10232s
  [475/500] CCOC(=O)C1N2C(=O)C(NC(=O)C(NC(=O)OCc3ccc... int=10 res=10 vina=-5.2 t=10873s
  [500/500] CCOC(=O)C1N2C(=O)C(NC(=O)Cc3cc(CCC(=O)O)... int=9 res=9 vina=-4.1 t=11511s

Results → paper/experiments/results_v3/1ERE/imgep_naive_seed5/results.json
Total: 11511s (23.0s/iter)
