============================================================
  Method: curiosity
  Target: 1EVE
  Seed: 6
  Iterations: 500
  Output: paper/experiments/results_v3/1EVE/curiosity_seed6
============================================================
Target: 1EVE (AChE, Hydrolase)
Pocket residues: 76
Behavior dim: 229
  [1/500] CC1(C)SC2C(NC(=O)Cc3ccccc3)C(=O)N2C1C(=O... int=9 res=9 vina=-10.3 t=21s
  [2/500] CC(C)Cc1ccc(C(C)C(=O)O)cc1... int=5 res=5 vina=-8.7 t=32s
  [3/500] CC(=O)Oc1ccccc1C(=O)O... int=5 res=5 vina=-7.3 t=57s
  [4/500] CC(=O)Nc1ccc(O)cc1... int=3 res=3 vina=-6.7 t=84s
  [5/500] OC(=O)c1ccccc1O... int=4 res=4 vina=-6.9 t=109s
  [25/500] CC(=O)Oc1cc(C=O)ccc1C(=O)O... int=7 res=7 vina=-7.6 t=619s
  [50/500] COC(=O)c1cccc(F)c1... int=3 res=3 vina=-6.5 t=1266s
  [75/500] CCOC(=O)C1N2C(=O)C(NC(=O)Cc3ccc(NC(C)=O)... int=9 res=9 vina=-10.0 t=1946s
  [100/500] COC(=O)c1cc(Cl)c(O)cc1OC... int=2 res=2 vina=-6.7 t=2372s
  [125/500] CC(N)Cc1ccc(O)c(O)c1... int=5 res=5 vina=-7.3 t=2758s
  [150/500] CCOC(=O)C1N2C(=O)C(NC(=O)Cc3ccc(CO)cc3)C... int=8 res=8 vina=-10.0 t=3161s
  [175/500] CCOC(=O)C1N2C(=O)C(NC(=O)Cc3ccc(C(C)N)cc... int=13 res=12 vina=-10.4 t=3568s
  [200/500] NC(CCC(=O)O)C(=O)O... int=0 res=0 vina=-5.4 t=3954s
  [225/500] CCOC(=O)c1ccc(C(C)=O)cc1... int=4 res=4 vina=-7.4 t=4345s
  [250/500] CC(C(=O)O)c1ccc(C=Cc2ccc(O)c(O)c2)cc1... int=6 res=6 vina=-10.2 t=4717s
  [275/500] COc1cc(CC(C)N)ccc1O... int=3 res=3 vina=-7.1 t=5092s
  [300/500] CC(N)c1ccc(OCC(=O)NC2C(=O)N3C2SC(C)(C)C3... int=7 res=7 vina=-10.3 t=5481s
  [325/500] ON=Cc1ccccc1... int=4 res=4 vina=-6.4 t=5847s
  [350/500] CC(C)Cc1ccc(OCC(=O)NC2C(=O)N3C2SC(C)(C)C... int=7 res=7 vina=-10.7 t=6205s
  [375/500] CCCC(=O)c1ccc(OCC(=O)NC2C(=O)N3C2SC(C)(C... int=6 res=6 vina=-10.4 t=6595s
  [400/500] CC1(C)SC2C(NC(=O)Cc3cc(CCCO)cc(C(=O)O)c3... int=9 res=9 vina=-11.2 t=6987s
  [425/500] CC1(C)SC2C(NC(=O)Cc3ccc(Br)cc3)C(=O)N2C1... int=8 res=8 vina=-10.6 t=7357s
  [450/500] CC(=O)Oc1cc(C(=O)O)ccc1C(=O)O... int=5 res=5 vina=-7.9 t=7692s
  [475/500] CC(C)CC(N)C(=O)O... int=0 res=0 vina=-5.7 t=8021s
  [500/500] CC(=O)N1CCN(c2ccc(C(C)N)cc2)CC1... int=8 res=8 vina=-8.4 t=8364s

Results → paper/experiments/results_v3/1EVE/curiosity_seed6/results.json
Total: 8364s (16.7s/iter)
