============================================================
  Method: random
  Target: 1EVE
  Seed: 7
  Iterations: 500
  Output: paper/experiments/results_v3/1EVE/random_seed7
============================================================
Target: 1EVE (AChE, Hydrolase)
Pocket residues: 76
Behavior dim: 229
  [1/500] CC1(C)SC2C(NC(=O)Cc3ccccc3)C(=O)N2C1C(=O... int=9 res=9 vina=-10.3 t=12s
  [2/500] CC(C)Cc1ccc(C(C)C(=O)O)cc1... int=5 res=5 vina=-8.7 t=24s
  [3/500] CC(=O)Oc1ccccc1C(=O)O... int=5 res=5 vina=-7.3 t=35s
  [4/500] CC(=O)Nc1ccc(O)cc1... int=3 res=3 vina=-6.7 t=44s
  [5/500] OC(=O)c1ccccc1O... int=4 res=4 vina=-6.9 t=57s
  [25/500] Cn1c(=O)c2c(ncn2C)n(C)c1=O... int=4 res=4 vina=-6.8 t=313s
  [50/500] CC(=O)Oc1cc(N)ccc1C(=O)O... int=6 res=6 vina=-7.4 t=627s
  [75/500] CC1(C)SC2C(NC(=O)Cc3ccccc3)C(=O)N2C1C(=O... int=9 res=9 vina=-10.3 t=941s
  [100/500] NC(=O)c1ccc(C(N)=O)cc1... int=2 res=2 vina=-7.2 t=1255s
  [125/500] COc1ccc(CC(=O)NO)cc1... int=4 res=4 vina=-7.3 t=1569s
  [150/500] CC(C)(O)c1ccccc1... int=4 res=4 vina=-6.8 t=1903s
  [175/500] NC(=O)Cc1ccc(NC(N)=S)cc1... int=6 res=6 vina=-7.5 t=2241s
  [200/500] CC(=O)Oc1ccc(C(C)(C)O)cc1... int=5 res=5 vina=-7.8 t=2573s
  [225/500] COC(=O)c1ccc(CC(=O)NC2C(=O)N3C2SC(C)(C)C... int=6 res=6 vina=-10.7 t=2906s
  [250/500] CC(C)(O)c1ccc(CO)cc1... int=5 res=5 vina=-7.5 t=3240s
  [275/500] CC1(C)SC2C(NC(=O)Cc3ccc(NC=O)cc3)C(=O)N2... int=10 res=10 vina=-10.3 t=3580s
  [300/500] CC(=O)c1ccc(CC(=O)NC2C(=O)N3C2SC(C)(C)C3... int=7 res=7 vina=-10.8 t=3922s
  [325/500] CCOC(=O)C1N2C(=O)C(NC(=O)Cc3ccc(OC)cc3)C... int=6 res=6 vina=-9.8 t=4261s
  [350/500] CCOC(=O)c1ccc(CC(C)N)cc1O... int=5 res=5 vina=-7.7 t=4598s
  [375/500] CC(C)Cc1ccc(O)cc1... int=3 res=3 vina=-7.3 t=4927s
  [400/500] COc1ccc(N(C)C)cc1... int=0 res=0 vina=-5.9 t=5297s
  [425/500] COc1ccc(C(C)(C)O)cc1... int=4 res=4 vina=-7.2 t=5620s
  [450/500] COc1ccc2cc(C(C)C)ccc2c1... int=3 res=3 vina=-8.5 t=5954s
  [475/500] CC(=O)Oc1ccc(CC(=O)NC2C(=O)N3C2SC(C)(C)C... int=8 res=8 vina=-10.3 t=6257s
  [500/500] CC1(C)SC2C(NC(=O)Cc3ccc(Br)cc3)C(=O)N2C1... int=8 res=8 vina=-10.6 t=6587s

Results → paper/experiments/results_v3/1EVE/random_seed7/results.json
Total: 6587s (13.2s/iter)
