============================================================
  Method: imgep
  Target: 1ERE
  Seed: 7
  Iterations: 500
  Output: paper/experiments/results_v3/1ERE/imgep_seed7
============================================================
Target: 1ERE (Estrogen Receptor α, Nuclear receptor)
Pocket residues: 71
Behavior dim: 214
  [1/500] CC1(C)SC2C(NC(=O)Cc3ccccc3)C(=O)N2C1C(=O... int=5 res=5 vina=-6.8 t=13s
  [2/500] CC(C)Cc1ccc(C(C)C(=O)O)cc1... int=6 res=6 vina=-7.4 t=24s
  [3/500] CC(=O)Oc1ccccc1C(=O)O... int=5 res=5 vina=-6.8 t=37s
  [4/500] CC(=O)Nc1ccc(O)cc1... int=5 res=5 vina=-6.1 t=47s
  [5/500] OC(=O)c1ccccc1O... int=5 res=5 vina=-6.2 t=57s
  [25/500] CN(C)c1ccccc1... int=5 res=5 vina=-5.1 t=320s
  [50/500] CC1(C)SC2C(NC(=O)COc3ccc(Cl)cc3)C(=O)N2C... int=6 res=5 vina=-7.6 t=655s
  [75/500] CC(C)Cc1ccc(C(=O)Nc2ccc(N)cc2)cc1... int=6 res=6 vina=-1.6 t=1016s
  [100/500] CC1(C)SC2C(NC(=O)Cc3ccc(N)cc3)C(=O)N2C1C... int=6 res=6 vina=-8.7 t=1345s
  [125/500] CC(=O)Nc1ccc(C(=O)NCC(=O)O)cc1... int=4 res=3 vina=-6.7 t=1685s
  [150/500] COC(=O)c1cc(F)ccc1OC... int=4 res=4 vina=-5.8 t=2046s
  [175/500] COc1ccc(CC(=O)NC2C(=O)N3C2SC(C)(C)C3C(=O... int=6 res=6 vina=-4.0 t=2407s
  [200/500] Oc1cc(F)cc(F)c1... int=7 res=7 vina=-5.5 t=2761s
  [225/500] COC(=O)c1ccc(C(=O)NCC(=O)O)cc1... int=2 res=2 vina=-7.2 t=3107s
  [250/500] CN(C)c1ccc(N2CCOCC2)cc1... int=3 res=3 vina=-6.4 t=3434s
  [275/500] CC(C)(O)c1ccc(C(=O)Nc2ccc(O)cc2)cc1... int=8 res=7 vina=-1.5 t=3799s
  [300/500] CC(C)c1ccc(O)c(O)c1... int=5 res=4 vina=-6.5 t=4136s
  [325/500] CC(=O)Oc1ccc(N)cc1... int=5 res=5 vina=-5.8 t=4499s
  [350/500] CCCC(=O)Oc1cc(OC)ccc1C(=O)OC... int=4 res=4 vina=-6.9 t=4844s
  [375/500] N=C(N)c1ccc(I)cc1... int=3 res=2 vina=-5.9 t=5186s
  [400/500] COC(=O)c1ccc(S(N)(=O)=O)cc1... int=6 res=6 vina=-6.8 t=5556s
  [425/500] CC(=O)c1ccc(C(=O)c2cccc(N)c2)cc1... int=9 res=9 vina=-7.8 t=5945s
  [450/500] CC(N)c1ccc(CC(=O)NC2C(=O)N3C2SC(C)(C)C3C... int=8 res=8 vina=-3.3 t=6328s
  [475/500] CC(C)Cc1ccc(CC(C)C)cc1... int=6 res=6 vina=-6.6 t=6689s
  [500/500] CC(C)Cc1ccc(CCC(=O)O)cc1... int=8 res=8 vina=-7.3 t=7049s

Results → paper/experiments/results_v3/1ERE/imgep_seed7/results.json
Total: 7049s (14.1s/iter)
