============================================================
  Method: curiosity
  Target: 4DFR
  Seed: 8
  Iterations: 500
  Output: paper/experiments/results_v3/4DFR/curiosity_seed8
============================================================
Target: 4DFR (DHFR, Oxidoreductase)
Pocket residues: 55
Behavior dim: 166
  [1/500] CC1(C)SC2C(NC(=O)Cc3ccccc3)C(=O)N2C1C(=O... int=6 res=6 vina=-8.0 t=16s
  [2/500] CC(C)Cc1ccc(C(C)C(=O)O)cc1... int=6 res=5 vina=-7.4 t=31s
  [3/500] CC(=O)Oc1ccccc1C(=O)O... int=6 res=5 vina=-5.6 t=42s
  [4/500] CC(=O)Nc1ccc(O)cc1... int=2 res=2 vina=-5.7 t=56s
  [5/500] OC(=O)c1ccccc1O... int=4 res=4 vina=-5.8 t=63s
  [25/500] NCCCC(N)C(=O)O... int=5 res=4 vina=-4.8 t=308s
  [50/500] COc1cc(CCC(=O)O)ccc1O... int=4 res=4 vina=-6.2 t=633s
  [75/500] CCOC(=O)C(C)c1ccc(OCC(=O)NC2C(=O)N3C2SC(... int=8 res=8 vina=-9.0 t=978s
  [100/500] CC(=O)Oc1ccccc1C(=O)O... int=6 res=5 vina=-5.6 t=1351s
  [125/500] CC(=O)Oc1ccc(CC(=O)NC2C(=O)N3C2SC(C)(C)C... int=7 res=7 vina=-8.4 t=1729s
  [150/500] O=C(O)C=Cc1ccc(O)cc1... int=5 res=4 vina=-6.0 t=2106s
  [175/500] CCOC(=O)c1c(O)cc(F)cc1O... int=6 res=6 vina=-6.3 t=2510s
  [200/500] CC(=O)Nc1ccc(OCC(=O)NC2C(=O)N3C2SC(C)(C)... int=6 res=5 vina=-8.9 t=2925s
  [225/500] CC1(C)SC2C(NC(=O)COc3ccc(N4CCOCC4)cc3)C(... int=4 res=4 vina=-8.3 t=3345s
  [250/500] CC(O)c1cccc(-c2ccc(CC(=O)NO)cc2)c1... int=8 res=7 vina=-8.7 t=3737s
  [275/500] CC1(C)SC2C(NC(=O)COc3ccc(C=Cc4ccccc4)cc3... int=8 res=8 vina=-10.4 t=4142s
  [300/500] COc1cc(C(C)(C)O)ccc1O... int=2 res=2 vina=-6.3 t=4540s
  [325/500] CC(=O)CCCC(=O)c1ccc(C(C)(C)O)cc1... int=7 res=7 vina=-7.4 t=5102s
  [350/500] CC(=O)Oc1ccc(-c2ccc(O)c(Cl)c2)cc1O... int=9 res=9 vina=-6.9 t=5745s
  [375/500] O=C(O)CCCOC(=O)c1ccccc1... int=7 res=6 vina=-6.3 t=6350s
  [400/500] CC(C)(O)c1ccc(OCC(=O)NC2C(=O)N3C2SC(C)(C... int=7 res=7 vina=-9.0 t=6967s
  [425/500] O=C(O)CNC(=O)c1ccc(CC(=O)NO)cc1... int=7 res=6 vina=-7.6 t=7561s
  [450/500] CC(C)(O)c1ccc(OCC(=O)NC2CCCCC2)cc1... int=9 res=9 vina=-7.8 t=8061s
  [475/500] CC(C)Cc1ccc(OCC(=O)NC2C(=O)N3C2SC(C)(C)C... int=7 res=7 vina=-9.5 t=8546s
  [500/500] COc1cc(CCN)cc(OC)c1OC... int=5 res=5 vina=-5.4 t=9045s

Results → paper/experiments/results_v3/4DFR/curiosity_seed8/results.json
Total: 9045s (18.1s/iter)
