============================================================
  Method: imgep
  Target: 4DFR
  Seed: 8
  Iterations: 500
  Output: paper/experiments/results_v3/4DFR/imgep_seed8
============================================================
Target: 4DFR (DHFR, Oxidoreductase)
Pocket residues: 55
Behavior dim: 166
  [1/500] CC1(C)SC2C(NC(=O)Cc3ccccc3)C(=O)N2C1C(=O... int=6 res=6 vina=-8.0 t=15s
  [2/500] CC(C)Cc1ccc(C(C)C(=O)O)cc1... int=6 res=5 vina=-7.4 t=25s
  [3/500] CC(=O)Oc1ccccc1C(=O)O... int=6 res=5 vina=-5.6 t=36s
  [4/500] CC(=O)Nc1ccc(O)cc1... int=2 res=2 vina=-5.7 t=46s
  [5/500] OC(=O)c1ccccc1O... int=4 res=4 vina=-5.8 t=57s
  [25/500] CCOC(=O)c1ccccc1OC(C)=O... int=5 res=5 vina=-6.3 t=349s
  [50/500] CC1(C)SC2C(NC(=O)COc3ccc(C(=N)N)cc3)C(=O... int=3 res=2 vina=-8.2 t=707s
  [75/500] O=C(O)c1cc(F)ccc1O... int=3 res=3 vina=-6.1 t=1047s
  [100/500] O=C(O)c1cc(O)ccc1O... int=2 res=2 vina=-6.0 t=1394s
  [125/500] CC1(C)SC2C(NC(=O)Cc3ccc(C(=N)N)cc3)C(=O)... int=7 res=7 vina=-9.2 t=1743s
  [150/500] CC(=O)Oc1ccc(CC(C)C)cc1... int=5 res=5 vina=-6.4 t=2108s
  [175/500] CCOC(=O)C1N2C(=O)C(NC(=O)Cc3ccc(C(C)=O)c... int=5 res=5 vina=-8.1 t=2455s
  [200/500] CC(O)c1ccc(O)c(Cl)c1... int=3 res=2 vina=-5.5 t=2814s
  [225/500] COC(=O)c1ccc(C(C)C(=O)O)cc1... int=5 res=5 vina=-6.5 t=3150s
  [250/500] CC1(C)SC2C(NC(=O)Cc3ccc(CCCO)cc3)C(=O)N2... int=9 res=7 vina=-9.3 t=3528s
  [275/500] CC(=O)Oc1ccc(-c2ccc(N)cc2)cc1... int=8 res=8 vina=-7.4 t=3876s
  [300/500] CC(C)CC(N)C(=O)O... int=0 res=0 vina=-4.7 t=4246s
  [325/500] CC(=O)Oc1ccc(CC(C)C)cc1... int=5 res=5 vina=-6.4 t=4625s
  [350/500] COc1ccc(OCC(=O)NC2C(=O)N3C2SC(C)(C)C3C(=... int=6 res=6 vina=-8.5 t=4986s
  [375/500] CC1(C)SC2C(NC(=O)Cc3cccc(C=O)c3)C(=O)N2C... int=8 res=8 vina=-8.3 t=5344s
  [400/500] ON=Cc1ccc(Cl)cc1... int=2 res=2 vina=-5.7 t=5690s
  [425/500] CC(C)(O)c1ccc(OCC(=O)NC2C(=O)N3C2SC(C)(C... int=7 res=7 vina=-9.0 t=6056s
  [450/500] CC(C)(O)c1ccc(CC(=O)NC2C(=O)N3C2SC(C)(C)... int=8 res=8 vina=-8.5 t=6400s
  [475/500] CC(=O)c1cccc(CC(C)C)c1... int=7 res=7 vina=-6.4 t=6743s
  [500/500] CCOC(=O)C1N2C(=O)C(NC(=O)COc3ccc(C(=N)N)... int=9 res=8 vina=-8.6 t=7110s

Results → paper/experiments/results_v3/4DFR/imgep_seed8/results.json
Total: 7110s (14.2s/iter)
