============================================================
  Method: ga
  Target: 4MNE
  Seed: 4
  Iterations: 500
  Output: paper/experiments/results_v3/4MNE/ga_seed4
============================================================
Target: 4MNE (BRAF, Kinase)
Pocket residues: 68
Behavior dim: 205
  [1/500] CC1(C)SC2C(NC(=O)Cc3ccccc3)C(=O)N2C1C(=O... int=5 res=5 vina=-7.8 t=11s
  [2/500] CC(C)Cc1ccc(C(C)C(=O)O)cc1... int=8 res=8 vina=-7.8 t=22s
  [3/500] CC(=O)Oc1ccccc1C(=O)O... int=4 res=4 vina=-6.1 t=32s
  [4/500] CC(=O)Nc1ccc(O)cc1... int=8 res=6 vina=-6.2 t=41s
  [5/500] OC(=O)c1ccccc1O... int=8 res=6 vina=-6.2 t=51s
  [25/500] CN(C)c1ccc(C(C)(C)O)cc1... int=4 res=4 vina=-6.9 t=320s
  [50/500] CC1(C)SC2C(NC(=O)Cc3ccc(Cl)cc3)C(=O)N2C1... int=5 res=4 vina=-8.0 t=690s
  [75/500] CCOC(=O)C1N2C(=O)C(NC(=O)Cc3ccc(CC(C)C)c... int=6 res=5 vina=-8.2 t=1037s
  [100/500] CC(=O)Nc1ccc(CC(=O)NC2C(=O)N3C2SC(C)(C)C... int=8 res=7 vina=-8.8 t=1358s
  [125/500] CCOC(=O)C1N2C(=O)C(NC(=O)Cc3ccc(CC(C)C)c... int=6 res=5 vina=-8.2 t=1658s
  [150/500] CC1(C)SC2C(NC(=O)Cc3ccc(C(N)=O)cc3)C(=O)... int=6 res=6 vina=-8.2 t=1981s
  [175/500] CC1(C)SC2C(NC(=O)COc3ccc(C=Cc4ccccc4)cc3... int=11 res=10 vina=-9.6 t=2290s
  [200/500] CC(N)c1ccc(CC(=O)NC2C(=O)N3C2SC(C)(C)C3C... int=8 res=8 vina=-8.1 t=2582s
  [225/500] CC(=O)c1ccc(CC(=O)NC2C(=O)N3C2SC(C)(C)C3... int=6 res=4 vina=-7.4 t=2876s
  [250/500] CN(C)c1ccc(OCC(=O)NC2C(=O)N3C2SC(C)(C)C3... int=6 res=6 vina=-7.6 t=3147s
  [275/500] CC(=O)Oc1ccc(CC(=O)NC2C(=O)N3C2SC(C)(C)C... int=8 res=6 vina=-8.4 t=3406s
  [300/500] CC(=O)Oc1ccc(CC(=O)NC2C(=O)N3C2SC(C)(C)C... int=8 res=6 vina=-8.4 t=3712s
  [325/500] CC(=O)Nc1ccc(CC(=O)NC2C(=O)N3C2SC(C)(C)C... int=8 res=7 vina=-8.8 t=4025s
  [350/500] CC1(C)SC2C(NC(=O)Cc3ccc(OCc4ccccc4)cc3)C... int=9 res=9 vina=-9.9 t=4301s
  [375/500] CC(C)Cc1ccc(OCC(=O)NC2C(=O)N3C2SC(C)(C)C... int=7 res=7 vina=-8.6 t=4605s
  [400/500] CC(=O)Nc1ccc(COc2ccc(CC(=O)NC3C(=O)N4C3S... int=8 res=7 vina=-9.8 t=4901s
  [425/500] CC1(C)SC2C(NC(=O)Cc3ccc(NC(=O)c4ccccc4)c... int=11 res=9 vina=-9.5 t=5212s
  [450/500] CCOC(=O)C1N2C(=O)C(NC(=O)Cc3ccc(CC(=O)NO... int=8 res=8 vina=-8.6 t=5519s
  [475/500] CCOC(=O)C1N2C(=O)C(NC(=O)Cc3ccc(C(C)N)cc... int=6 res=6 vina=-8.0 t=5812s
  [500/500] CC(=O)CCC(=O)c1ccc(CC(=O)NC2C(=O)N3C2SC(... int=8 res=7 vina=-9.0 t=6067s

Results → paper/experiments/results_v3/4MNE/ga_seed4/results.json
Total: 6067s (12.1s/iter)
