============================================================
  Method: bo
  Target: 3EML
  Seed: 9
  Iterations: 500
  Output: paper/experiments/results_v3/3EML/bo_seed9
============================================================
Target: 3EML (EGFR, Kinase)
Pocket residues: 65
Behavior dim: 196
  [1/500] CC1(C)SC2C(NC(=O)Cc3ccccc3)C(=O)N2C1C(=O... int=5 res=5 vina=-8.5 t=16s
  [2/500] CC(C)Cc1ccc(C(C)C(=O)O)cc1... int=6 res=6 vina=-7.7 t=31s
  [3/500] CC(=O)Oc1ccccc1C(=O)O... int=8 res=8 vina=-6.3 t=42s
  [4/500] CC(=O)Nc1ccc(O)cc1... int=5 res=5 vina=-6.1 t=53s
  [5/500] OC(=O)c1ccccc1O... int=4 res=4 vina=-5.9 t=68s
  [25/500] CCOC(=O)c1ccc(C(=O)O)cc1O... int=4 res=4 vina=-7.0 t=349s
  [50/500] Fc1ccc(N2CCOCC2)cc1... int=2 res=2 vina=-6.4 t=718s
  [75/500] COc1cc(CCN)cc(OC)c1OC... int=4 res=4 vina=-6.1 t=1073s
  [100/500] NCCCC(=O)c1ccc(F)cc1... int=5 res=5 vina=-6.7 t=1416s
  [125/500] CCCNCCN1CCOCC1... int=2 res=2 vina=-4.8 t=1760s
  [150/500] NCCCC(=O)c1ccc(F)cc1... int=5 res=5 vina=-6.7 t=2098s
  [175/500] COc1cc(CCN)cc(OC)c1OC... int=4 res=4 vina=-6.1 t=2432s
  [200/500] c1cncc(N2CCOCC2)c1... int=1 res=1 vina=-5.8 t=2762s
  [225/500] CNCCCNCCN1CCOCC1... int=3 res=3 vina=-5.0 t=3085s
  [250/500] NCCc1cc(O)cc(-c2ccc(Br)cc2)c1... int=7 res=6 vina=-8.4 t=3426s
  [275/500] O=C(O)c1cccc(Cl)c1... int=2 res=2 vina=-5.9 t=3747s
  [300/500] Clc1cccc(N2CCOCC2)c1... int=1 res=1 vina=-6.7 t=4085s
  [325/500] c1cncc(N2CCOCC2)c1... int=1 res=1 vina=-5.8 t=4423s
  [350/500] OCC1OC(O)C(O)C(O)C1O... int=3 res=3 vina=-5.7 t=4744s
  [375/500] O=C(O)CC(O)(CC(=O)O)C(=O)O... int=4 res=4 vina=-5.5 t=5158s
  [400/500] O=C(O)CC(O)(CC(=O)O)C(=O)O... int=4 res=4 vina=-5.5 t=5609s
  [425/500] O=C(O)C=Cc1ccc(O)c(O)c1... int=6 res=6 vina=-7.1 t=6077s
  [450/500] OCC1OC(O)C(O)C(O)C1O... int=3 res=3 vina=-5.7 t=6582s
  [475/500] O=C(O)C=Cc1ccc(O)c(O)c1... int=6 res=6 vina=-7.1 t=7115s
  [500/500] O=C(O)C=Cc1ccc(O)c(O)c1... int=6 res=6 vina=-7.1 t=7662s

Results → paper/experiments/results_v3/3EML/bo_seed9/results.json
Total: 7662s (15.3s/iter)
