============================================================
  Method: ga
  Target: 1EVE
  Seed: 6
  Iterations: 500
  Output: paper/experiments/results_v3/1EVE/ga_seed6
============================================================
Target: 1EVE (AChE, Hydrolase)
Pocket residues: 76
Behavior dim: 229
  [1/500] CC1(C)SC2C(NC(=O)Cc3ccccc3)C(=O)N2C1C(=O... int=9 res=9 vina=-10.3 t=12s
  [2/500] CC(C)Cc1ccc(C(C)C(=O)O)cc1... int=5 res=5 vina=-8.7 t=22s
  [3/500] CC(=O)Oc1ccccc1C(=O)O... int=5 res=5 vina=-7.3 t=31s
  [4/500] CC(=O)Nc1ccc(O)cc1... int=3 res=3 vina=-6.7 t=39s
  [5/500] OC(=O)c1ccccc1O... int=4 res=4 vina=-6.9 t=48s
  [25/500] CC1(C)SC2C(NC(=O)Cc3cc(O)cc(CCN)c3)C(=O)... int=6 res=6 vina=-10.9 t=325s
  [50/500] CCOC(=O)C1N2C(=O)C(NC(=O)Cc3cccc(C=CC(=O... int=7 res=7 vina=-10.4 t=692s
  [75/500] CC1(C)SC2C(NC(=O)COc3ccc(C(=N)N)cc3)C(=O... int=10 res=10 vina=-11.0 t=1093s
  [100/500] CC1(C)SC2C(NC(=O)Cc3cc(O)cc(C(=O)O)c3)C(... int=9 res=9 vina=-11.3 t=1509s
  [125/500] CCOC(=O)c1cc(CC(=O)NC2C(=O)N3C2SC(C)(C)C... int=8 res=7 vina=-10.3 t=1936s
  [150/500] CC(=O)c1ccc(-c2cc(Cl)cc(CC(=O)NC3C(=O)N4... int=10 res=10 vina=-11.7 t=2399s
  [175/500] CCOC(=O)C1N2C(=O)C(NC(=O)Cc3cccc(-c4ccc(... int=6 res=5 vina=-10.5 t=2872s
  [200/500] CC1(C)SC2C(NC(=O)Cc3cc(O)cc(CCc4cccc(N)c... int=7 res=6 vina=-12.8 t=3365s
  [225/500] COC(=O)c1cc(CC(=O)NC2C(=O)N3C2SC(C)(C)C3... int=8 res=8 vina=-10.6 t=3859s
  [250/500] CC1(C)SC2C(NC(=O)Cc3cc(O)cc(-c4ccc(CC(N)... int=10 res=10 vina=-12.2 t=4361s
  [275/500] CC1(C)SC2C(NC(=O)Cc3cc(O)cc(CCNC(=O)c4cc... int=10 res=10 vina=-12.5 t=4858s
  [300/500] CCOC(=O)C1N2C(=O)C(NC(=O)Cc3cccc(-c4ccc(... int=8 res=8 vina=-11.5 t=5366s
  [325/500] COc1ccc(-c2cccc(CC(=O)NC3C(=O)N4C3SC(C)(... int=8 res=7 vina=-11.7 t=5853s
  [350/500] CC1(C)SC2C(NC(=O)Cc3cccc(-c4ccc(Cl)c(Cl)... int=5 res=5 vina=-12.8 t=6352s
  [375/500] CC1(C)SC2C(NC(=O)Cc3cc(O)cc(-c4ccc(CC(N)... int=10 res=10 vina=-12.2 t=6849s
  [400/500] CC1(C)SC2C(NC(=O)Cc3cc(O)cc(-c4ccc(O)c(O... int=5 res=5 vina=-12.7 t=7352s
  [425/500] CCOC(=O)C1N2C(=O)C(NC(=O)Cc3cc(O)cc(-c4c... int=7 res=7 vina=-10.9 t=7848s
  [450/500] CC1(C)SC2C(NC(=O)Cc3cccc(-c4ccc(C(=N)N)c... int=11 res=10 vina=-12.5 t=8341s
  [475/500] CC1(C)SC2C(NC(=O)Cc3cc(C(N)=O)cc(C(=O)O)... int=8 res=8 vina=-11.2 t=8852s
  [500/500] CCOC(=O)c1ccc(-c2cccc(CC(=O)NC3C(=O)N4C3... int=8 res=8 vina=-11.8 t=9384s

Results → paper/experiments/results_v3/1EVE/ga_seed6/results.json
Total: 9384s (18.8s/iter)
