============================================================
  Method: curiosity
  Target: 4MNE
  Seed: 7
  Iterations: 500
  Output: paper/experiments/results_v3/4MNE/curiosity_seed7
============================================================
Target: 4MNE (BRAF, Kinase)
Pocket residues: 68
Behavior dim: 205
  [1/500] CC1(C)SC2C(NC(=O)Cc3ccccc3)C(=O)N2C1C(=O... int=5 res=5 vina=-7.8 t=14s
  [2/500] CC(C)Cc1ccc(C(C)C(=O)O)cc1... int=8 res=8 vina=-7.8 t=23s
  [3/500] CC(=O)Oc1ccccc1C(=O)O... int=4 res=4 vina=-6.1 t=36s
  [4/500] CC(=O)Nc1ccc(O)cc1... int=8 res=6 vina=-6.2 t=48s
  [5/500] OC(=O)c1ccccc1O... int=8 res=6 vina=-6.2 t=59s
  [25/500] CCOC(=O)C1N2C(=O)C(NC(=O)Cc3ccc(OC(C)=O)... int=6 res=6 vina=-8.2 t=341s
  [50/500] CC(N)c1ccc(C(C)(C)O)cc1... int=6 res=6 vina=-7.4 t=702s
  [75/500] CC(=O)Nc1cc(Cl)cc(C(=O)CCl)c1... int=7 res=7 vina=-6.7 t=1062s
  [100/500] NC(CCC(=O)c1ccc(CCCO)cc1)C(=O)O... int=9 res=7 vina=-8.2 t=1461s
  [125/500] CC(=O)Oc1cc(C=CC(=O)O)ccc1O... int=7 res=5 vina=-7.4 t=1851s
  [150/500] CCOC(=O)c1cc(NC=O)cc(OC(C)=O)c1OC(C)=O... int=10 res=8 vina=-7.1 t=2242s
  [175/500] CC(=O)N1CCN(c2ccc(C(C)C(=O)O)cc2)CC1... int=6 res=6 vina=-7.5 t=2627s
  [200/500] NC(Cc1ccc(O)cc1)C(=O)O... int=0 res=0 vina=-6.6 t=3033s
  [225/500] CC(=O)Oc1cc(C(C)C)ccc1O... int=10 res=8 vina=-6.7 t=3450s
  [250/500] CN(C)c1ccc(CC(=O)NC2C(=O)N3C2SC(C)(C)C3C... int=4 res=4 vina=-7.8 t=3877s
  [275/500] CC(C)(O)c1ccc(Cl)cc1... int=6 res=5 vina=-6.6 t=4332s
  [300/500] CCOC(=O)C1N2C(=O)C(NC(=O)Cc3cc(CC(N)C(=O... int=13 res=12 vina=-9.1 t=4794s
  [325/500] NC(Cc1ccc(CC(=O)NO)cc1)C(=O)O... int=5 res=5 vina=-7.9 t=5192s
  [350/500] CCOC(=O)C1N2C(=O)C(NC(=O)COc3ccc(C(=N)N)... int=5 res=5 vina=-7.6 t=5608s
  [375/500] COc1ccc(COC(=O)NC2C(=O)N3C2SC(C)(C)C3C(=... int=6 res=6 vina=-8.0 t=5997s
  [400/500] CCOC(=O)c1cc(NC=O)cc(OC)c1OC(C)=O... int=5 res=5 vina=-6.3 t=6361s
  [425/500] CC(C(=O)O)c1ccc(CC(=O)NC2C(=O)N3C2SC(C)(... int=6 res=6 vina=-8.8 t=6785s
  [450/500] CC(=O)Oc1ccccc1C(=O)O... int=4 res=4 vina=-6.1 t=7159s
  [475/500] CC1(C)SC2C(NC(=O)Cc3ccc(O)c(Cl)c3)C(=O)N... int=10 res=8 vina=-8.1 t=7550s
  [500/500] COc1cc(C(=O)O)ccc1O... int=5 res=5 vina=-6.5 t=7907s

Results → paper/experiments/results_v3/4MNE/curiosity_seed7/results.json
Total: 7907s (15.8s/iter)
