============================================================
  Method: curiosity
  Target: 4MNE
  Seed: 4
  Iterations: 500
  Output: paper/experiments/results_v3/4MNE/curiosity_seed4
============================================================
Target: 4MNE (BRAF, Kinase)
Pocket residues: 68
Behavior dim: 205
  [1/500] CC1(C)SC2C(NC(=O)Cc3ccccc3)C(=O)N2C1C(=O... int=5 res=5 vina=-7.8 t=16s
  [2/500] CC(C)Cc1ccc(C(C)C(=O)O)cc1... int=8 res=8 vina=-7.8 t=28s
  [3/500] CC(=O)Oc1ccccc1C(=O)O... int=4 res=4 vina=-6.1 t=41s
  [4/500] CC(=O)Nc1ccc(O)cc1... int=8 res=6 vina=-6.2 t=55s
  [5/500] OC(=O)c1ccccc1O... int=8 res=6 vina=-6.2 t=70s
  [25/500] CC(=O)Oc1ccc(C(C)C(=O)O)cc1... int=7 res=7 vina=-7.3 t=382s
  [50/500] COc1ccc(O)cc1... int=3 res=3 vina=-5.5 t=734s
  [75/500] CC1(C)SC2C(NC(=O)Cc3ccc(O)c(O)c3)C(=O)N2... int=5 res=4 vina=-8.0 t=1125s
  [100/500] CCOC(=O)c1ccc(C(=O)O)cc1OC(C)=O... int=10 res=8 vina=-7.3 t=1522s
  [125/500] COc1ccc(OC)cc1... int=2 res=2 vina=-5.3 t=1901s
  [150/500] CC1(C)SC2C(NC(=O)Cc3cccc(C=CC(=O)O)c3)C(... int=10 res=9 vina=-9.3 t=2300s
  [175/500] O=C(O)CCc1ccc(CO)cc1... int=8 res=7 vina=-7.0 t=2686s
  [200/500] CCOC(=O)C1N2C(=O)C(NC(=O)Cc3cccc(-c4cccc... int=8 res=7 vina=-9.1 t=3135s
  [225/500] CCOC(=O)C1N2C(=O)C(NC(=O)Cc3cc(O)cc(Cl)c... int=9 res=8 vina=-8.0 t=3546s
  [250/500] CCOC(=O)c1ccc(C(C)O)cc1OC(=O)CCCN... int=10 res=9 vina=-7.2 t=3990s
  [275/500] CCOC(=O)c1ccc(C(C)C)cc1OC(=O)CCCN... int=9 res=8 vina=-7.2 t=4424s
  [300/500] COC(=O)c1ccc(C=CC(=O)O)cc1OC(C)=O... int=5 res=5 vina=-6.8 t=4837s
  [325/500] CC(=O)c1ccc(-c2cc(O)cc(CC(=O)NC3C(=O)N4C... int=8 res=7 vina=-10.2 t=5284s
  [350/500] COc1cc(CC(=O)NC2C(=O)N3C2SC(C)(C)C3C(=O)... int=13 res=11 vina=-10.6 t=5742s
  [375/500] COc1cc(O)cc(CC(=O)NC2C(=O)N3C2SC(C)(C)C3... int=5 res=5 vina=-7.7 t=6149s
  [400/500] CC(C)(O)c1cc(CCC(=O)O)cc(CC(=O)NC2C(=O)N... int=8 res=8 vina=-8.6 t=6569s
  [425/500] COc1ccc(C(=O)CCCCCC(=O)NC2C(=O)N3C2SC(C)... int=8 res=8 vina=-7.6 t=6991s
  [450/500] CC(=O)Oc1ccc(C(=O)CCCCCC(=O)NC2C(=O)N3C2... int=11 res=10 vina=-8.7 t=7393s
  [475/500] CC(C)c1cccc(CC(=O)NC2C(=O)N3C2SC(C)(C)C3... int=10 res=9 vina=-8.3 t=7789s
  [500/500] Oc1ccc2ccccc2c1... int=5 res=5 vina=-6.9 t=8180s

Results → paper/experiments/results_v3/4MNE/curiosity_seed4/results.json
Total: 8180s (16.4s/iter)
