============================================================
  Method: random
  Target: 4MNE
  Seed: 3
  Iterations: 500
  Output: paper/experiments/results_v3/4MNE/random_seed3
============================================================
Target: 4MNE (BRAF, Kinase)
Pocket residues: 68
Behavior dim: 205
  [1/500] CC1(C)SC2C(NC(=O)Cc3ccccc3)C(=O)N2C1C(=O... int=5 res=5 vina=-7.8 t=14s
  [2/500] CC(C)Cc1ccc(C(C)C(=O)O)cc1... int=8 res=8 vina=-7.8 t=25s
  [3/500] CC(=O)Oc1ccccc1C(=O)O... int=4 res=4 vina=-6.1 t=40s
  [4/500] CC(=O)Nc1ccc(O)cc1... int=8 res=6 vina=-6.2 t=54s
  [5/500] OC(=O)c1ccccc1O... int=8 res=6 vina=-6.2 t=67s
  [25/500] CCOC(=O)C1N2C(=O)C(NC(=O)Cc3ccccc3)C2SC1... int=4 res=4 vina=-7.4 t=354s
  [50/500] CCCC(=O)Oc1cc(Cl)ccc1C(=O)O... int=8 res=6 vina=-6.9 t=726s
  [75/500] NC(Cc1ccccc1)C(=O)O... int=0 res=0 vina=-6.7 t=1102s
  [100/500] CC1=NC(c2ccc(CC(N)C(=O)O)cc2)C(=O)N1... int=10 res=9 vina=-8.5 t=1487s
  [125/500] NC(=O)c1ccc(NC=O)cc1... int=5 res=5 vina=-6.7 t=1870s
  [150/500] CC(C)Cc1ccc(C(C)N)cc1... int=7 res=7 vina=-7.3 t=2277s
  [175/500] CC(=O)c1ccc(C=NO)cc1... int=3 res=3 vina=-6.6 t=2670s
  [200/500] CC(=O)Nc1ccc(N)cc1... int=9 res=7 vina=-6.2 t=3064s
  [225/500] CC(N)c1ccc(NC(N)=S)cc1... int=5 res=5 vina=-7.4 t=3469s
  [250/500] CC(C(=O)O)c1ccc(O)cc1... int=6 res=6 vina=-6.9 t=3850s
  [275/500] CC(C(=O)O)c1ccc(OC(=O)CCCN)cc1... int=8 res=8 vina=-7.8 t=4234s
  [300/500] Oc1ccc(N2CCOCC2)cc1O... int=7 res=7 vina=-6.7 t=4616s
  [325/500] CC(C(=O)O)c1ccc(NC=O)cc1... int=6 res=6 vina=-7.3 t=5015s
  [350/500] CC(C)Cc1ccc(N(C)C)cc1... int=6 res=6 vina=-6.9 t=5405s
  [375/500] NC(=S)Nc1ccc(CC(N)C(=O)O)cc1... int=6 res=6 vina=-7.2 t=5787s
  [400/500] O=C(Nc1ccccc1)c1ccc(O)cc1... int=7 res=7 vina=-8.0 t=6165s
  [425/500] CC(C)(O)c1ccc(CC(N)=O)cc1... int=7 res=6 vina=-7.3 t=6546s
  [450/500] CC(=O)Oc1cc(C(C)O)ccc1C(=O)O... int=5 res=4 vina=-6.9 t=6974s
  [475/500] CC(=O)Nc1ccc(Oc2ccc(N)cc2)cc1... int=11 res=10 vina=-8.8 t=7404s
  [500/500] NC(Cc1ccccc1)C(=O)O... int=0 res=0 vina=-6.7 t=7864s

Results → paper/experiments/results_v3/4MNE/random_seed3/results.json
Total: 7864s (15.7s/iter)
