============================================================
  Method: imgep_naive
  Target: 1EVE
  Seed: 9
  Iterations: 500
  Output: paper/experiments/results_v3/1EVE/imgep_naive_seed9
============================================================
Target: 1EVE (AChE, Hydrolase)
Pocket residues: 76
Behavior dim: 229
  [1/500] CC1(C)SC2C(NC(=O)Cc3ccccc3)C(=O)N2C1C(=O... int=9 res=9 vina=-10.3 t=11s
  [2/500] CC(C)Cc1ccc(C(C)C(=O)O)cc1... int=5 res=5 vina=-8.7 t=21s
  [3/500] CC(=O)Oc1ccccc1C(=O)O... int=5 res=5 vina=-7.3 t=33s
  [4/500] CC(=O)Nc1ccc(O)cc1... int=3 res=3 vina=-6.7 t=48s
  [5/500] OC(=O)c1ccccc1O... int=4 res=4 vina=-6.9 t=56s
  [25/500] CC1(C)SC2C(NC(=O)Cc3ccc(F)cc3)C(=O)N2C1C... int=8 res=8 vina=-10.5 t=390s
  [50/500] CC(=O)Nc1ccc(CC(=O)NC2C(=O)N3C2SC(C)(C)C... int=7 res=7 vina=-11.0 t=807s
  [75/500] CCOC(=O)C1N2C(=O)C(NC(=O)Cc3ccc(N4CCOCC4... int=9 res=9 vina=-10.5 t=1254s
  [100/500] CCOC(=O)C1N2C(=O)C(NC(=O)Cc3ccc(CCCO)cc3... int=8 res=8 vina=-10.1 t=1713s
  [125/500] CC(C(=O)O)c1ccc(CC(=O)NC2C(=O)N3C2SC(C)(... int=11 res=10 vina=-11.1 t=2182s
  [150/500] CCOC(=O)C1N2C(=O)C(NC(=O)Cc3ccc(COc4cccc... int=12 res=11 vina=-10.8 t=2694s
  [175/500] CCOC(=O)C1N2C(=O)C(NC(=O)COc3ccc(CCc4ccc... int=8 res=7 vina=-10.7 t=3222s
  [200/500] CC(C(=O)O)c1ccc(CC(=O)NC2C(=O)N3C2SC(C)(... int=11 res=10 vina=-11.1 t=3696s
  [225/500] CCOC(=O)C1N2C(=O)C(NC(=O)COc3ccc(COc4ccc... int=3 res=3 vina=-10.1 t=4199s
  [250/500] CCOC(=O)c1cc(F)ccc1O... int=4 res=4 vina=-6.9 t=4717s
  [275/500] CC1(C)SC2C(NC(=O)Cc3ccc(NC(N)=S)cc3)C(=O... int=9 res=9 vina=-10.5 t=5240s
  [300/500] CCOC(=O)C1N2C(=O)C(NC(=O)COc3ccc(C(C)C(=... int=11 res=10 vina=-10.4 t=5738s
  [325/500] CCOC(=O)C1N2C(=O)C(NC(=O)Cc3ccc(CCC(=O)O... int=12 res=12 vina=-10.8 t=6257s
  [350/500] CC1(C)SC2C(NC(=O)Cc3ccc(S(=O)(=O)O)cc3)C... int=6 res=6 vina=-10.5 t=6726s
  [375/500] CC1(C)SC2C(NC(=O)Cc3ccc(C=Cc4ccccc4)cc3)... int=5 res=5 vina=-12.1 t=7209s
  [400/500] CC1(C)SC2C(NC(=O)Cc3ccc(C(=O)NCCN4CCOCC4... int=8 res=8 vina=-11.2 t=7699s
  [425/500] CC1(C)SC2C(NC(=O)Cc3ccc(Br)cc3)C(=O)N2C1... int=8 res=8 vina=-10.6 t=8195s
  [450/500] CCOC(=O)C1N2C(=O)C(NC(=O)COc3ccc(CC(C)C)... int=7 res=7 vina=-9.9 t=8977s
  [475/500] CC1(C)SC2C(NC(=O)Cc3ccc(NC(=O)c4ccccc4)c... int=11 res=11 vina=-11.4 t=9689s
  [500/500] CC1(C)SC2C(NC(=O)COc3ccc(CCC(=O)O)cc3)C(... int=9 res=9 vina=-10.7 t=10387s

Results → paper/experiments/results_v3/1EVE/imgep_naive_seed9/results.json
Total: 10387s (20.8s/iter)
