============================================================
  Method: random
  Target: 3PJC
  Seed: 5
  Iterations: 500
  Output: paper/experiments/results_v3/3PJC/random_seed5
============================================================
Target: 3PJC (CDK2, Kinase)
Pocket residues: 60
Behavior dim: 181
  [1/500] CC1(C)SC2C(NC(=O)Cc3ccccc3)C(=O)N2C1C(=O... int=5 res=5 vina=-8.6 t=12s
  [2/500] CC(C)Cc1ccc(C(C)C(=O)O)cc1... int=8 res=8 vina=-7.7 t=25s
  [3/500] CC(=O)Oc1ccccc1C(=O)O... int=7 res=7 vina=-6.7 t=38s
  [4/500] CC(=O)Nc1ccc(O)cc1... int=9 res=9 vina=-6.2 t=49s
  [5/500] OC(=O)c1ccccc1O... int=6 res=6 vina=-6.1 t=60s
  [25/500] O=C(O)c1ccc(Cl)cc1O... int=6 res=6 vina=-6.5 t=334s
  [50/500] CCOC(=O)C(N)CC(C)C... int=8 res=6 vina=-5.4 t=716s
  [75/500] O=C(O)C=Cc1ccc(O)c(O)c1... int=7 res=5 vina=-7.0 t=1110s
  [100/500] CC(CS)C(=O)N1CCCC1C(=O)O... int=7 res=6 vina=-6.4 t=1536s
  [125/500] CC(C(=O)O)c1ccc(C(C)C(=O)O)cc1... int=9 res=8 vina=-8.1 t=1950s
  [150/500] CCOC(=O)c1cc(O)c(O)cc1OC... int=7 res=6 vina=-6.6 t=2338s
  [175/500] COc1cc(-c2ccccc2)ccc1O... int=4 res=4 vina=-8.1 t=2718s
  [200/500] O=C(O)c1cccc(OC(F)(F)F)c1... int=5 res=5 vina=-7.2 t=3103s
  [225/500] CC(=O)c1ccc(CC(NC(=O)OC(C)(C)C)C(=O)O)cc... int=7 res=6 vina=-8.3 t=3474s
  [250/500] CCOC(=O)C1N2C(=O)C(NC(=O)Cc3ccc(N)cc3)C2... int=5 res=4 vina=-8.4 t=3850s
  [275/500] CCOC(=O)C1N2C(=O)C(NC(=O)Cc3cc(Cl)c(OC)c... int=9 res=9 vina=-8.2 t=4211s
  [300/500] CCOC(=O)C1N2C(=O)C(NC(=O)Cc3ccc(O)c(OC)c... int=9 res=9 vina=-9.3 t=4584s
  [325/500] COc1cc(C=O)ccc1O... int=8 res=7 vina=-6.3 t=4922s
  [350/500] CC(=O)Oc1ccc(NC=O)cc1... int=9 res=9 vina=-6.2 t=5260s
  [375/500] CCOC(=O)C1N2C(=O)C(NC(=O)Cc3cc(O)c(C(=O)... int=7 res=7 vina=-9.3 t=5612s
  [400/500] NC(=O)c1ccc(CC(=O)NO)cc1... int=8 res=6 vina=-7.8 t=5965s
  [425/500] CC(=O)Oc1cc(O)ccc1C(=O)O... int=7 res=7 vina=-6.9 t=6321s
  [450/500] CC(=O)Oc1cc(Cl)c(Cl)cc1C(=O)O... int=7 res=6 vina=-7.2 t=6715s
  [475/500] CCOC(=O)c1ccc(OC)cc1OC... int=5 res=4 vina=-6.1 t=7089s
  [500/500] CC(=O)Oc1ccc(Cl)cc1C(=O)O... int=7 res=6 vina=-7.0 t=7535s

Results → paper/experiments/results_v3/3PJC/random_seed5/results.json
Total: 7535s (15.1s/iter)
