============================================================
  Method: ga
  Target: 4MNE
  Seed: 0
  Iterations: 500
  Output: paper/experiments/results_v3/4MNE/ga_seed0
============================================================
Target: 4MNE (BRAF, Kinase)
Pocket residues: 68
Behavior dim: 205
  [1/500] CC1(C)SC2C(NC(=O)Cc3ccccc3)C(=O)N2C1C(=O... int=5 res=5 vina=-7.8 t=12s
  [2/500] CC(C)Cc1ccc(C(C)C(=O)O)cc1... int=8 res=8 vina=-7.8 t=25s
  [3/500] CC(=O)Oc1ccccc1C(=O)O... int=4 res=4 vina=-6.1 t=36s
  [4/500] CC(=O)Nc1ccc(O)cc1... int=8 res=6 vina=-6.2 t=48s
  [5/500] OC(=O)c1ccccc1O... int=8 res=6 vina=-6.2 t=58s
  [25/500] CC(C)(O)c1ccc(CC(=O)NC2C(=O)N3C2SC(C)(C)... int=7 res=7 vina=-8.8 t=313s
  [50/500] CC1(C)SC2C(NC(=O)Cc3ccc(CC(N)=O)cc3)C(=O... int=7 res=7 vina=-8.4 t=673s
  [75/500] CC1(C)SC2C(NC(=O)Cc3ccc(F)cc3)C(=O)N2C1C... int=6 res=5 vina=-8.3 t=1041s
  [100/500] CC1(C)SC2C(NC(=O)Cc3ccc(Br)cc3)C(=O)N2C1... int=5 res=5 vina=-7.9 t=1419s
  [125/500] CC1(C)SC2C(NC(=O)COc3ccc(N4CCOCC4)cc3)C(... int=8 res=6 vina=-8.5 t=1775s
  [150/500] CC1(C)SC2C(NC(=O)Cc3cccc(C(=O)O)c3)C(=O)... int=6 res=6 vina=-8.5 t=2112s
  [175/500] CN(C)c1ccc(CC(=O)NC2C(=O)N3C2SC(C)(C)C3C... int=4 res=4 vina=-7.8 t=2435s
  [200/500] CC1(C)SC2C(NC(=O)Cc3ccc(C=NO)cc3)C(=O)N2... int=7 res=7 vina=-8.6 t=2748s
  [225/500] CC(=O)Oc1ccc(OCC(=O)NC2C(=O)N3C2SC(C)(C)... int=7 res=7 vina=-8.8 t=3046s
  [250/500] CC1(C)SC2C(NC(=O)COc3ccc(C(=O)O)cc3)C(=O... int=5 res=5 vina=-9.0 t=3349s
  [275/500] CC(C(=O)O)c1ccc(CC(=O)NC2C(=O)N3C2SC(C)(... int=6 res=6 vina=-8.8 t=3648s
  [300/500] CCOC(=O)C1N2C(=O)C(NC(=O)Cc3ccc(C(=O)Nc4... int=10 res=9 vina=-9.1 t=3918s
  [325/500] CCOC(=O)C1N2C(=O)C(NC(=O)Cc3ccc(C(=O)CCC... int=6 res=6 vina=-8.1 t=4202s
  [350/500] CC1(C)SC2C(NC(=O)Cc3ccc(C(=O)NCC(=O)O)cc... int=3 res=3 vina=-8.3 t=4482s
  [375/500] CC(C)(O)c1ccc(OCC(=O)NC2C(=O)N3C2SC(C)(C... int=7 res=7 vina=-9.4 t=4770s
  [400/500] CCOC(=O)C1N2C(=O)C(NC(=O)Cc3ccc(CC(=O)NO... int=8 res=8 vina=-8.6 t=5055s
  [425/500] CC1(C)SC2C(NC(=O)Cc3ccc(C(=O)NCC(=O)O)cc... int=3 res=3 vina=-8.3 t=5372s
  [450/500] CC1(C)SC2C(NC(=O)Cc3ccc(C(=N)N)cc3)C(=O)... int=6 res=6 vina=-7.5 t=5668s
  [475/500] CCOC(=O)C1N2C(=O)C(NC(=O)Cc3ccc(C(C)N)cc... int=6 res=6 vina=-8.0 t=5973s
  [500/500] CC1(C)SC2C(NC(=O)COc3ccc(Cl)cc3)C(=O)N2C... int=4 res=4 vina=-8.4 t=6259s

Results → paper/experiments/results_v3/4MNE/ga_seed0/results.json
Total: 6259s (12.5s/iter)
