============================================================
  Method: random
  Target: 1EVE
  Seed: 5
  Iterations: 500
  Output: paper/experiments/results_v3/1EVE/random_seed5
============================================================
Target: 1EVE (AChE, Hydrolase)
Pocket residues: 76
Behavior dim: 229
  [1/500] CC1(C)SC2C(NC(=O)Cc3ccccc3)C(=O)N2C1C(=O... int=9 res=9 vina=-10.3 t=13s
  [2/500] CC(C)Cc1ccc(C(C)C(=O)O)cc1... int=5 res=5 vina=-8.7 t=23s
  [3/500] CC(=O)Oc1ccccc1C(=O)O... int=5 res=5 vina=-7.3 t=35s
  [4/500] CC(=O)Nc1ccc(O)cc1... int=3 res=3 vina=-6.7 t=46s
  [5/500] OC(=O)c1ccccc1O... int=4 res=4 vina=-6.9 t=58s
  [25/500] CCOC(=O)c1ccccc1O... int=5 res=5 vina=-6.9 t=306s
  [50/500] CCOC(=O)C(C)CC(=O)O... int=9 res=9 vina=-5.6 t=647s
  [75/500] COC(=O)c1cc(NC=O)ccc1O... int=4 res=4 vina=-7.4 t=988s
  [100/500] CCOC(=O)c1ccccc1N... int=5 res=4 vina=-6.9 t=1321s
  [125/500] CC(C)CC(N)C(=O)O... int=0 res=0 vina=-5.7 t=1684s
  [150/500] CCOC(=O)c1ccc(C(=O)O)cc1N... int=6 res=6 vina=-7.7 t=2050s
  [175/500] CC1(C)SC2C(NC(=O)COc3ccc(S(N)(=O)=O)c([S... int=9 res=9 vina=-10.7 t=2423s
  [200/500] CC1(C)SC2C(NC(=O)COc3ccc(OC(F)(F)F)cc3)C... int=7 res=7 vina=-10.1 t=2805s
  [225/500] CCOC(=O)c1cc2cccc(OCC)c2oc1=O... int=4 res=4 vina=-8.4 t=3179s
  [250/500] CC1=NC(c2ccc(-c3ccc(NC=O)cc3)cc2)C(=O)N1... int=5 res=5 vina=-10.6 t=3542s
  [275/500] CCOC(=O)C1N2C(=O)C(NC(=O)Cc3cc(OC)cc(OC)... int=6 res=6 vina=-9.4 t=3900s
  [300/500] CC(C)c1ccc(O)c(O)c1... int=5 res=5 vina=-7.5 t=4266s
  [325/500] CCOC(=O)C1N2C(=O)C(NC(=O)Cc3cc(O)cc(C(N)... int=10 res=9 vina=-10.9 t=4650s
  [350/500] CCOC(=O)C1N2C(=O)C(NC(=O)Cc3ccc(Cl)c(Cl)... int=8 res=8 vina=-9.8 t=5016s
  [375/500] CC(=O)Oc1ccc(F)cc1C(=O)O... int=7 res=7 vina=-7.4 t=5384s
  [400/500] CCOC(=O)C1N2C(=O)C(NC(=O)Cc3ccc(O)c(Cl)c... int=10 res=10 vina=-10.1 t=5749s
  [425/500] CCOC(=O)C1N2C(=O)C(NC(=O)Cc3cccc(C(C)C)c... int=5 res=5 vina=-10.6 t=6123s
  [450/500] CCOC(=O)C(N)C(C)CC... int=7 res=7 vina=-5.7 t=6467s
  [475/500] CC(CCCN)C(N)C(=O)O... int=6 res=6 vina=-5.8 t=6802s
  [500/500] COc1ccc2c(CC(N)C(=O)O)c[nH]c2c1... int=7 res=7 vina=-8.3 t=7168s

Results → paper/experiments/results_v3/1EVE/random_seed5/results.json
Total: 7168s (14.3s/iter)
