============================================================
  Method: random
  Target: 1EVE
  Seed: 1
  Iterations: 500
  Output: paper/experiments/results_v3/1EVE/random_seed1
============================================================
Target: 1EVE (AChE, Hydrolase)
Pocket residues: 76
Behavior dim: 229
  [1/500] CC1(C)SC2C(NC(=O)Cc3ccccc3)C(=O)N2C1C(=O... int=9 res=9 vina=-10.3 t=11s
  [2/500] CC(C)Cc1ccc(C(C)C(=O)O)cc1... int=5 res=5 vina=-8.7 t=23s
  [3/500] CC(=O)Oc1ccccc1C(=O)O... int=5 res=5 vina=-7.3 t=33s
  [4/500] CC(=O)Nc1ccc(O)cc1... int=3 res=3 vina=-6.7 t=43s
  [5/500] OC(=O)c1ccccc1O... int=4 res=4 vina=-6.9 t=53s
  [25/500] CC1(C)SC2C(NC(=O)Cc3ccc(Cl)cc3)C(=O)N2C1... int=8 res=8 vina=-10.6 t=310s
  [50/500] CCCC(=O)Oc1ccccc1C(=O)OC... int=6 res=6 vina=-7.5 t=653s
  [75/500] COc1ccc(-c2ccc(Br)cc2)cc1Cl... int=3 res=3 vina=-8.6 t=1022s
  [100/500] CCCC(=O)Oc1ccc(O)cc1C(=O)O... int=8 res=8 vina=-8.1 t=1377s
  [125/500] CN(C)c1ccc(OCC(=O)NC2C(=O)N3C2SC(C)(C)C3... int=6 res=6 vina=-10.2 t=1765s
  [150/500] CC(=O)c1ccc(OCC(=O)NC2C(=O)N3C2SC(C)(C)C... int=9 res=9 vina=-10.1 t=2137s
  [175/500] CC1(C)SC2C(NC(=O)Cc3ccc(I)cc3)C(=O)N2C1C... int=8 res=8 vina=-10.3 t=2539s
  [200/500] CC(O)c1ccc(O)c(Cl)c1... int=3 res=3 vina=-6.9 t=2930s
  [225/500] CCOC(=O)C1N2C(=O)C(NC(=O)Cc3ccc(C(=N)N)c... int=9 res=9 vina=-10.7 t=3305s
  [250/500] CCOC(=O)C1N2C(=O)C(NC(=O)Cc3ccc(F)cc3)C2... int=7 res=7 vina=-9.8 t=3675s
  [275/500] CCOC(=O)c1ccc(CC(=O)NC2C(=O)N3C2SC(C)(C)... int=10 res=10 vina=-10.3 t=4075s
  [300/500] CCOC(=O)C1N2C(=O)C(NC(=O)Cc3ccc(CC(N)=O)... int=9 res=9 vina=-10.3 t=4466s
  [325/500] CC(C(=O)O)c1ccc(OCC(=O)NC2C(=O)N3C2SC(C)... int=6 res=6 vina=-10.6 t=4893s
  [350/500] NC(CC(=O)NO)C(=O)O... int=5 res=5 vina=-6.0 t=5295s
  [375/500] CCOC(=O)C1N2C(=O)C(NC(=O)Cc3ccc(N)cc3)C2... int=9 res=9 vina=-9.6 t=5725s
  [400/500] CCOC(=O)C1N2C(=O)C(NC(=O)COc3ccc(NC(C)=O... int=10 res=10 vina=-9.2 t=6146s
  [425/500] CC(C(=O)O)c1ccc(CC(N)C(=O)O)cc1... int=7 res=7 vina=-8.9 t=6560s
  [450/500] CCOC(=O)C1N2C(=O)C(NC(=O)Cc3ccc(NC=O)cc3... int=8 res=8 vina=-9.2 t=6933s
  [475/500] CC(=O)Oc1ccc(OCC(=O)NC2C(=O)N3C2SC(C)(C)... int=11 res=11 vina=-10.0 t=7319s
  [500/500] CCOC(=O)C(N)CC(=O)NO... int=9 res=9 vina=-6.2 t=7724s

Results → paper/experiments/results_v3/1EVE/random_seed1/results.json
Total: 7724s (15.4s/iter)
