============================================================
  Method: imgep_naive
  Target: 4DFR
  Seed: 0
  Iterations: 500
  Output: paper/experiments/results_v3/4DFR/imgep_naive_seed0
============================================================
Target: 4DFR (DHFR, Oxidoreductase)
Pocket residues: 55
Behavior dim: 166
  [1/500] CC1(C)SC2C(NC(=O)Cc3ccccc3)C(=O)N2C1C(=O... int=6 res=6 vina=-8.0 t=14s
  [2/500] CC(C)Cc1ccc(C(C)C(=O)O)cc1... int=6 res=5 vina=-7.4 t=23s
  [3/500] CC(=O)Oc1ccccc1C(=O)O... int=6 res=5 vina=-5.6 t=37s
  [4/500] CC(=O)Nc1ccc(O)cc1... int=2 res=2 vina=-5.7 t=49s
  [5/500] OC(=O)c1ccccc1O... int=4 res=4 vina=-5.8 t=61s
  [25/500] CC(=O)Oc1ccc(CC(=O)NC2C(=O)N3C2SC(C)(C)C... int=7 res=7 vina=-8.4 t=355s
  [50/500] COc1ccc(CC(=O)NC2C(=O)N3C2SC(C)(C)C3C(=O... int=8 res=8 vina=-8.0 t=763s
  [75/500] CC(C(=O)O)c1ccc(OCC(=O)NC2C(=O)N3C2SC(C)... int=7 res=6 vina=-8.5 t=1202s
  [100/500] CC1(C)SC2C(NC(=O)Cc3ccc(C=Cc4ccccc4)cc3)... int=6 res=6 vina=-9.3 t=1698s
  [125/500] CC(N)Cc1ccc(CC(=O)NC2C(=O)N3C2SC(C)(C)C3... int=7 res=7 vina=-9.3 t=2214s
  [150/500] CCCCc1ccc(CC(=O)NC2C(=O)N3C2SC(C)(C)C3C(... int=7 res=7 vina=-9.5 t=2713s
  [175/500] CC1(C)SC2C(NC(=O)Cc3ccc(CCCCO)cc3)C(=O)N... int=9 res=9 vina=-9.0 t=3230s
  [200/500] CC(C(=O)O)c1ccc(CC(=O)NC2C(=O)N3C2SC(C)(... int=8 res=7 vina=-8.6 t=3738s
  [225/500] CC1(C)SC2C(NC(=O)Cc3ccc(NC(=O)c4cccc(O)c... int=8 res=6 vina=-9.5 t=4276s
  [250/500] CCOC(=O)C1N2C(=O)C(NC(=O)Cc3ccc(CCCCN)cc... int=8 res=8 vina=-7.8 t=4776s
  [275/500] CC1(C)SC2C(NC(=O)Cc3ccc(C(=O)c4cccc(Cl)c... int=8 res=6 vina=-10.6 t=5280s
  [300/500] CC1(C)SC2C(NC(=O)CCCCCC(=O)NCc3cccc(C(=O... int=7 res=6 vina=-8.9 t=5788s
  [325/500] CCOC(=O)C(N)Cc1ccc(OCC(=O)NC2C(=O)N3C2SC... int=7 res=6 vina=-8.1 t=6296s
  [350/500] CC1(C)SC2C(NC(=O)Cc3ccc(C(=O)NCCN4CCOCC4... int=5 res=5 vina=-9.6 t=6815s
  [375/500] CC1(C)SC2C(NC(=O)Cc3ccc(C(=O)NCCc4ccccc4... int=8 res=7 vina=-9.1 t=7348s
  [400/500] CC1(C)SC2C(NC(=O)Cc3ccc(CCNC(=O)c4ccccc4... int=10 res=10 vina=-10.5 t=7865s
  [425/500] CC1(C)SC2C(NC(=O)Cc3ccc(NC(=O)c4cccc(O)c... int=8 res=6 vina=-9.5 t=8361s
  [450/500] CC(O)c1cccc(-c2ccc(CC(=O)NC3C(=O)N4C3SC(... int=5 res=5 vina=-9.5 t=8871s
  [475/500] CC(O)c1cccc(-c2ccc(CC(=O)NC3C(=O)N4C3SC(... int=5 res=5 vina=-9.5 t=9387s
  [500/500] CC(C)NCC(O)COc1ccc(OCC(=O)NC2C(=O)N3C2SC... int=10 res=10 vina=-9.0 t=9899s

Results → paper/experiments/results_v3/4DFR/imgep_naive_seed0/results.json
Total: 9899s (19.8s/iter)
