============================================================
  Method: bo
  Target: 3PJC
  Seed: 5
  Iterations: 500
  Output: paper/experiments/results_v3/3PJC/bo_seed5
============================================================
Target: 3PJC (CDK2, Kinase)
Pocket residues: 60
Behavior dim: 181
  [1/500] CC1(C)SC2C(NC(=O)Cc3ccccc3)C(=O)N2C1C(=O... int=5 res=5 vina=-8.6 t=14s
  [2/500] CC(C)Cc1ccc(C(C)C(=O)O)cc1... int=8 res=8 vina=-7.7 t=26s
  [3/500] CC(=O)Oc1ccccc1C(=O)O... int=7 res=7 vina=-6.7 t=42s
  [4/500] CC(=O)Nc1ccc(O)cc1... int=9 res=9 vina=-6.2 t=59s
  [5/500] OC(=O)c1ccccc1O... int=6 res=6 vina=-6.1 t=74s
  [25/500] CC(=O)c1ccc(O)c(C(=O)O)c1... int=5 res=5 vina=-7.2 t=425s
  [50/500] CC(C)Cc1ccc(C(C)C(=O)O)cc1... int=8 res=8 vina=-7.7 t=840s
  [75/500] CC(CS)C(=O)N1CCCC1C(=O)O... int=7 res=6 vina=-6.4 t=1252s
  [100/500] O=C(O)CC(O)(CC(=O)O)C(=O)O... int=7 res=6 vina=-6.0 t=1670s
  [125/500] COc1ccc(C=CC(=O)O)cc1Cl... int=6 res=6 vina=-7.3 t=2089s
  [150/500] O=C(O)CNC(=O)c1ccccc1... int=7 res=5 vina=-7.4 t=2523s
  [175/500] O=C(O)CNC(=O)c1ccccc1... int=7 res=5 vina=-7.4 t=2946s
  [200/500] O=C(O)c1cccc(OC(F)(F)F)c1... int=5 res=5 vina=-7.2 t=3385s
  [225/500] O=C(O)CC(O)(CC(=O)O)C(=O)O... int=7 res=6 vina=-6.0 t=3840s
  [250/500] CC(C)Cc1ccc(C(C)C(=O)O)cc1... int=8 res=8 vina=-7.7 t=4291s
  [275/500] COc1cc(C=CC(=O)O)ccc1O... int=4 res=4 vina=-7.1 t=4727s
  [300/500] O=C(O)c1cc(Cl)cc(Cl)c1... int=5 res=5 vina=-6.5 t=5160s
  [325/500] O=C(O)CN1C(=O)c2ccccc2C1=O... int=5 res=5 vina=-7.2 t=5596s
  [350/500] CC(CS)C(=O)N1CCCC1C(=O)O... int=7 res=6 vina=-6.4 t=6046s
  [375/500] NC(Cc1ccc(O)cc1)C(=O)O... int=0 res=0 vina=-6.8 t=6466s
  [400/500] NC(Cc1c[nH]c2ccccc12)C(=O)O... int=0 res=0 vina=-7.7 t=6905s
  [425/500] O=C(O)c1cc(Cl)cc(Cl)c1... int=5 res=5 vina=-6.5 t=7351s
  [450/500] NC(Cc1cnc[nH]1)C(=O)O... int=0 res=0 vina=-5.7 t=7816s
  [475/500] NC(Cc1ccc(O)cc1)C(=O)O... int=0 res=0 vina=-6.8 t=8290s
  [500/500] COc1cc(C=CC(=O)O)ccc1O... int=4 res=4 vina=-7.1 t=8769s

Results → paper/experiments/results_v3/3PJC/bo_seed5/results.json
Total: 8769s (17.5s/iter)
