============================================================
  Method: random
  Target: 1ERE
  Seed: 6
  Iterations: 500
  Output: paper/experiments/results_v3/1ERE/random_seed6
============================================================
Target: 1ERE (Estrogen Receptor α, Nuclear receptor)
Pocket residues: 71
Behavior dim: 214
  [1/500] CC1(C)SC2C(NC(=O)Cc3ccccc3)C(=O)N2C1C(=O... int=5 res=5 vina=-6.8 t=16s
  [2/500] CC(C)Cc1ccc(C(C)C(=O)O)cc1... int=6 res=6 vina=-7.4 t=28s
  [3/500] CC(=O)Oc1ccccc1C(=O)O... int=5 res=5 vina=-6.8 t=39s
  [4/500] CC(=O)Nc1ccc(O)cc1... int=5 res=5 vina=-6.1 t=50s
  [5/500] OC(=O)c1ccccc1O... int=5 res=5 vina=-6.2 t=59s
  [25/500] CC1(C)SC2C(NC(=O)Cc3ccc(F)cc3)C(=O)N2C1C... int=4 res=4 vina=-5.5 t=336s
  [50/500] CCOC(=O)c1c(O)cc(C=O)cc1OC(C)=O... int=7 res=7 vina=-7.1 t=683s
  [75/500] CC(=O)Oc1cc(F)ccc1C(=O)O... int=5 res=5 vina=-7.1 t=1056s
  [100/500] CC1(C)SC2C(NC(=O)Cc3cccc(F)c3)C(=O)N2C1C... int=3 res=3 vina=-8.5 t=1486s
  [125/500] CC(C(=O)O)c1ccc(CC(=O)NC2C(=O)N3C2SC(C)(... int=7 res=6 vina=-2.5 t=1895s
  [150/500] CC1(C)SC2C(NC(=O)Cc3ccc(N)cc3)C(=O)N2C1C... int=6 res=6 vina=-8.7 t=2289s
  [175/500] CC(=O)Oc1ccc(OCC(=O)NC2C(=O)N3C2SC(C)(C)... int=8 res=7 vina=-6.9 t=2692s
  [200/500] CC(=O)Oc1ccc(C=O)cc1C(=O)O... int=7 res=7 vina=-6.7 t=3105s
  [225/500] CC(C)(O)c1ccc(OCC(=O)NC2C(=O)N3C2SC(C)(C... int=7 res=7 vina=-7.1 t=3512s
  [250/500] CCOC(=O)C1N2C(=O)C(NC(=O)Cc3ccc(N)cc3)C2... int=8 res=8 vina=-5.8 t=3935s
  [275/500] CCCC(=O)Oc1ccccc1C(=O)O... int=7 res=7 vina=-7.1 t=4346s
  [300/500] CC(N)Cc1ccc(CCC(=O)O)cc1... int=9 res=8 vina=-7.4 t=4725s
  [325/500] CC1(C)SC2C(NC(=O)Cc3cc(O)cc(F)c3)C(=O)N2... int=8 res=8 vina=-9.1 t=5167s
  [350/500] CCOC(=O)C1N2C(=O)C(NC(=O)Cc3ccc(C(=O)OC)... int=7 res=7 vina=-4.2 t=5559s
  [375/500] CCOC(=O)C1N2C(=O)C(NC(=O)COc3ccc(C(=N)N)... int=6 res=6 vina=-7.2 t=5947s
  [400/500] CC1(C)SC2C(NC(=O)COc3ccc(Br)cc3)C(=O)N2C... int=2 res=2 vina=-7.2 t=6344s
  [425/500] COC(=O)c1ccc(OCC(=O)NC2C(=O)N3C2SC(C)(C)... int=5 res=5 vina=-6.5 t=6774s
  [450/500] COc1ccc(C(C)N)cc1... int=5 res=5 vina=-5.8 t=7187s
  [475/500] COc1ccc(CC(=O)NC2C(=O)N3C2SC(C)(C)C3C(=O... int=6 res=6 vina=-4.0 t=7570s
  [500/500] CC(=O)CCC(=O)Oc1cc(C(C)=O)ccc1C(=O)O... int=9 res=9 vina=-7.7 t=7992s

Results → paper/experiments/results_v3/1ERE/random_seed6/results.json
Total: 7992s (16.0s/iter)
