============================================================
  Method: ga
  Target: 1ERE
  Seed: 3
  Iterations: 500
  Output: paper/experiments/results_v3/1ERE/ga_seed3
============================================================
Target: 1ERE (Estrogen Receptor α, Nuclear receptor)
Pocket residues: 71
Behavior dim: 214
  [1/500] CC1(C)SC2C(NC(=O)Cc3ccccc3)C(=O)N2C1C(=O... int=5 res=5 vina=-6.8 t=14s
  [2/500] CC(C)Cc1ccc(C(C)C(=O)O)cc1... int=6 res=6 vina=-7.4 t=25s
  [3/500] CC(=O)Oc1ccccc1C(=O)O... int=5 res=5 vina=-6.8 t=35s
  [4/500] CC(=O)Nc1ccc(O)cc1... int=5 res=5 vina=-6.1 t=47s
  [5/500] OC(=O)c1ccccc1O... int=5 res=5 vina=-6.2 t=60s
  [25/500] CC1=NC(c2ccc(CC(C)C)cc2)C(=O)N1... int=9 res=9 vina=-7.7 t=307s
  [50/500] CCOC(=O)C1N2C(=O)C(NC(=O)Cc3cccc(F)c3)C2... int=6 res=6 vina=-7.6 t=630s
  [75/500] CC1=NC(c2ccc(CC(=O)NO)cc2)C(=O)N1... int=6 res=6 vina=-8.4 t=938s
  [100/500] CC1=NC(c2ccc(C(=O)CCl)cc2)C(=O)N1... int=7 res=7 vina=-7.6 t=1250s
  [125/500] COc1cc(O)cc2oc(N3CCOCC3)cc(=O)c12... int=3 res=3 vina=-6.8 t=1555s
  [150/500] CC1=NC(c2ccc(CC(C)N)cc2)C(=O)N1... int=8 res=8 vina=-8.1 t=1870s
  [175/500] CC(=O)Oc1ccc(CC(=O)NO)cc1... int=9 res=9 vina=-7.5 t=2183s
  [200/500] CC1=NC(c2ccc(N(C)C)cc2)C(=O)N1... int=8 res=8 vina=-7.1 t=2499s
  [225/500] CC(C(=O)O)c1ccc(C(C)(C)O)cc1... int=6 res=6 vina=-7.6 t=2836s
  [250/500] CC1=NC(c2ccc(F)cc2)C(=O)N1... int=4 res=4 vina=-7.1 t=3185s
  [275/500] CCOc1cc(O)c2c(=O)cc(N3CCOCC3)oc2c1... int=7 res=7 vina=-5.7 t=3530s
  [300/500] CC(=O)CCC(=O)c1ccc(N2CCN(C(C)=O)CC2)cc1... int=5 res=5 vina=-4.6 t=3876s
  [325/500] CC(=O)Nc1ccc(C2N=C(C)NC2=O)cc1... int=8 res=7 vina=-6.7 t=4245s
  [350/500] CC(=O)c1ccc(C2N=C(C)NC2=O)cc1... int=8 res=8 vina=-7.8 t=4598s
  [375/500] COc1cc(O)c2c(=O)cc(N3CCOCC3)oc2c1... int=4 res=4 vina=-6.6 t=4965s
  [400/500] CCOc1cc(O)c2c(=O)cc(N3CCOCC3)oc2c1... int=7 res=7 vina=-5.7 t=5327s
  [425/500] CC1=NC(c2ccc(C(C)(C)O)cc2)C(=O)N1... int=9 res=8 vina=-7.7 t=5711s
  [450/500] CC(C)c1cccc(-c2ccc(C(C)N)cc2)c1... int=9 res=9 vina=-7.8 t=6094s
  [475/500] CCOC(=O)c1cc2cc(OCC)cc(OC)c2oc1=O... int=5 res=5 vina=-7.1 t=6476s
  [500/500] O=C(Nc1ccc(S(=O)(=O)O)cc1)c1ccccc1... int=6 res=6 vina=-4.2 t=6855s

Results → paper/experiments/results_v3/1ERE/ga_seed3/results.json
Total: 6855s (13.7s/iter)
