============================================================
  Method: ga
  Target: 3PJC
  Seed: 4
  Iterations: 500
  Output: paper/experiments/results_v3/3PJC/ga_seed4
============================================================
Target: 3PJC (CDK2, Kinase)
Pocket residues: 60
Behavior dim: 181
  [1/500] CC1(C)SC2C(NC(=O)Cc3ccccc3)C(=O)N2C1C(=O... int=5 res=5 vina=-8.6 t=15s
  [2/500] CC(C)Cc1ccc(C(C)C(=O)O)cc1... int=8 res=8 vina=-7.7 t=26s
  [3/500] CC(=O)Oc1ccccc1C(=O)O... int=7 res=7 vina=-6.7 t=40s
  [4/500] CC(=O)Nc1ccc(O)cc1... int=9 res=9 vina=-6.2 t=52s
  [5/500] OC(=O)c1ccccc1O... int=6 res=6 vina=-6.1 t=66s
  [25/500] CCOC(=O)C1N2C(=O)C(NC(=O)Cc3ccc(O)c(C(=O... int=6 res=6 vina=-8.0 t=414s
  [50/500] CC1(C)SC2C(NC(=O)Cc3ccc(O)c(C(=O)O)c3)C(... int=10 res=10 vina=-9.9 t=830s
  [75/500] COc1ccc(NC(C)=O)cc1... int=3 res=3 vina=-5.8 t=1241s
  [100/500] COc1cc(CC(=O)NC2C(=O)N3C2SC(C)(C)C3C(=O)... int=10 res=9 vina=-9.7 t=1671s
  [125/500] CCOC(=O)C1N2C(=O)C(NC(=O)COc3ccc(CO)cc3)... int=4 res=4 vina=-5.9 t=2134s
  [150/500] CC1(C)SC2C(NC(=O)Cc3cc(O)cc(Cl)c3)C(=O)N... int=8 res=8 vina=-9.5 t=2595s
  [175/500] CC1(C)SC2C(NC(=O)COc3ccc(C(=N)N)cc3)C(=O... int=7 res=7 vina=-9.2 t=3060s
  [200/500] COC(=O)c1cc(CC(=O)NC2C(=O)N3C2SC(C)(C)C3... int=5 res=5 vina=-9.0 t=3559s
  [225/500] CCOC(=O)c1cc(CC(=O)NC2C(=O)N3C2SC(C)(C)C... int=6 res=6 vina=-8.6 t=4040s
  [250/500] CC1=NC(c2ccc(OCC(=O)NC3C(=O)N4C3SC(C)(C)... int=10 res=10 vina=-9.7 t=4536s
  [275/500] CCOC(=O)c1cc(CC(=O)NC2C(=O)N3C2SC(C)(C)C... int=4 res=3 vina=-9.0 t=5042s
  [300/500] CC1(C)SC2C(NC(=O)Cc3cccc(C(=O)O)c3)C(=O)... int=10 res=9 vina=-10.2 t=5544s
  [325/500] CCOC(=O)C1N2C(=O)C(NC(=O)Cc3cc(OC)cc(-c4... int=7 res=7 vina=-9.4 t=6047s
  [350/500] COc1ccc(CC(=O)NC2C(=O)N3C2SC(C)(C)C3C(=O... int=8 res=8 vina=-9.2 t=6581s
  [375/500] CC(C)(O)c1cc(Cl)cc(CC(=O)NC2C(=O)N3C2SC(... int=7 res=7 vina=-9.8 t=7098s
  [400/500] CCOC(=O)C1N2C(=O)C(NC(=O)Cc3cc(O)cc(C(C)... int=9 res=8 vina=-8.9 t=7617s
  [425/500] CC1(C)SC2C(NC(=O)Cc3cc(O)cc(C(=O)O)c3)C(... int=10 res=9 vina=-10.1 t=8114s
  [450/500] CCOC(=O)c1cc(CC(=O)NC2C(=O)N3C2SC(C)(C)C... int=6 res=6 vina=-8.6 t=8691s
  [475/500] CC1(C)SC2C(NC(=O)Cc3cc(CC(N)=O)cc(C(N)=O... int=6 res=6 vina=-9.9 t=9294s
  [500/500] CCOC(=O)C1N2C(=O)C(NC(=O)Cc3ccc(NC(=O)c4... int=8 res=7 vina=-9.7 t=9876s

Results → paper/experiments/results_v3/3PJC/ga_seed4/results.json
Total: 9876s (19.8s/iter)
