============================================================
  Method: imgep
  Target: 4MNE
  Seed: 9
  Iterations: 500
  Output: paper/experiments/results_v3/4MNE/imgep_seed9
============================================================
Target: 4MNE (BRAF, Kinase)
Pocket residues: 68
Behavior dim: 205
  [1/500] CC1(C)SC2C(NC(=O)Cc3ccccc3)C(=O)N2C1C(=O... int=5 res=5 vina=-7.8 t=16s
  [2/500] CC(C)Cc1ccc(C(C)C(=O)O)cc1... int=8 res=8 vina=-7.8 t=31s
  [3/500] CC(=O)Oc1ccccc1C(=O)O... int=4 res=4 vina=-6.1 t=47s
  [4/500] CC(=O)Nc1ccc(O)cc1... int=8 res=6 vina=-6.2 t=63s
  [5/500] OC(=O)c1ccccc1O... int=8 res=6 vina=-6.2 t=81s
  [25/500] CCOC(=O)C1N2C(=O)C(NC(=O)Cc3ccc(OC(C)=O)... int=6 res=6 vina=-8.2 t=424s
  [50/500] CCOC(=O)C1N2C(=O)C(NC(=O)Cc3ccc(C(C)(C)O... int=5 res=4 vina=-7.9 t=878s
  [75/500] CCOC(=O)C(C)c1ccc(CC(=O)NC2C(=O)N3C2SC(C... int=11 res=11 vina=-8.0 t=1308s
  [100/500] CC(=O)Nc1ccccc1... int=7 res=6 vina=-6.0 t=1703s
  [125/500] COc1cccc(C(=O)O)c1... int=4 res=4 vina=-6.0 t=2136s
  [150/500] CCOC(=O)C1N2C(=O)C(NC(=O)Cc3ccc(C(C)N)cc... int=6 res=6 vina=-8.0 t=2561s
  [175/500] CCOC(=O)C(C)c1ccc(C(=O)OC)cc1... int=4 res=4 vina=-6.9 t=2974s
  [200/500] CN(C)c1ccc(C(=O)NCC(=O)O)cc1... int=5 res=5 vina=-7.6 t=3400s
  [225/500] CN(C)c1ccc(OCC(=O)NC2C(=O)N3C2SC(C)(C)C3... int=6 res=6 vina=-7.6 t=3812s
  [250/500] CCCCCC(=O)Oc1ccc(CC(=O)NC2C(=O)N3C2SC(C)... int=0 res=0 vina=0.0 t=4273s
  [275/500] CCOC(=O)C(C)c1ccc(C(C)(C)O)cc1... int=6 res=6 vina=-7.3 t=4700s
  [300/500] COC(=O)c1ccc(C(=N)N)cc1... int=4 res=4 vina=-6.9 t=5106s
  [325/500] CC(=O)Oc1ccc(-c2nn[nH]n2)cc1O... int=10 res=9 vina=-7.5 t=5590s
  [350/500] CCOC(=O)C(C)c1ccc(C(C)N)cc1... int=6 res=6 vina=-7.4 t=6030s
  [375/500] COc1ccc(CC(C)N)cc1O... int=8 res=7 vina=-6.4 t=6455s
  [400/500] CCOC(=O)C1N2C(=O)C(NC(=O)Cc3ccc(OC(=O)CC... int=9 res=8 vina=-8.6 t=6900s
  [425/500] CCOC(=O)c1cc(C(C)O)ccc1OC... int=6 res=6 vina=-7.0 t=7323s
  [450/500] NC(=O)c1ccc(C=NO)cc1... int=5 res=5 vina=-6.6 t=7701s
  [475/500] CCOC(=O)C1N2C(=O)C(NC(=O)Cc3ccc(OC(=O)CC... int=13 res=12 vina=-8.4 t=8136s
  [500/500] CC1=NC(c2ccc(C(C)C)cc2)C(=O)N1... int=6 res=6 vina=-8.7 t=8537s

Results → paper/experiments/results_v3/4MNE/imgep_seed9/results.json
Total: 8537s (17.1s/iter)
