============================================================
  Method: curiosity
  Target: 1EVE
  Seed: 3
  Iterations: 500
  Output: paper/experiments/results_v3/1EVE/curiosity_seed3
============================================================
Target: 1EVE (AChE, Hydrolase)
Pocket residues: 76
Behavior dim: 229
  [1/500] CC1(C)SC2C(NC(=O)Cc3ccccc3)C(=O)N2C1C(=O... int=9 res=9 vina=-10.3 t=16s
  [2/500] CC(C)Cc1ccc(C(C)C(=O)O)cc1... int=5 res=5 vina=-8.7 t=27s
  [3/500] CC(=O)Oc1ccccc1C(=O)O... int=5 res=5 vina=-7.3 t=39s
  [4/500] CC(=O)Nc1ccc(O)cc1... int=3 res=3 vina=-6.7 t=50s
  [5/500] OC(=O)c1ccccc1O... int=4 res=4 vina=-6.9 t=65s
  [25/500] CC(=O)Nc1ccc(N(C)C)cc1... int=2 res=2 vina=-6.6 t=448s
  [50/500] CCCC(=O)Oc1cc(C(N)=O)cc(O)c1C(=O)O... int=8 res=8 vina=-9.0 t=1076s
  [75/500] COC(=O)c1c(O)cc(C(N)=O)cc1OC(C)=O... int=6 res=6 vina=-8.4 t=1735s
  [100/500] CC1(C)SC2C(NC(=O)Cc3ccc(Cl)cc3)C(=O)N2C1... int=8 res=8 vina=-10.6 t=2416s
  [125/500] CC(=O)Nc1ccccc1... int=4 res=4 vina=-6.5 t=2835s
  [150/500] CC(=O)CCC(=O)Oc1ccc(C(C)C)cc1C(=O)O... int=7 res=7 vina=-9.1 t=3234s
  [175/500] CCOC(=O)C1N2C(=O)C(NC(=O)Cc3cccc(C=O)c3)... int=11 res=10 vina=-10.0 t=3648s
  [200/500] COC(=O)c1ccc(C=O)cc1O... int=2 res=2 vina=-7.0 t=4052s
  [225/500] COC(=O)c1ccc(C(=O)CCl)cc1O... int=3 res=3 vina=-7.6 t=4446s
  [250/500] NC(CCCC(=O)Oc1ccc(Cl)cc1C(=O)O)C(=O)O... int=7 res=7 vina=-9.1 t=4858s
  [275/500] CCCCC(=O)OCC(COC(=O)CCC)OC(=O)CCCO... int=9 res=8 vina=-7.4 t=5261s
  [300/500] CCOC(=O)C1N2C(=O)C(NC(=O)Cc3cc(Cl)cc(C=O... int=6 res=6 vina=-10.3 t=5642s
  [325/500] CC(=O)Oc1cc(C=CC(=O)O)cc(O)c1C(=O)O... int=10 res=10 vina=-9.0 t=6012s
  [350/500] CC(=O)Oc1cc(CC(N)C(=O)O)cc(O)c1C(=O)O... int=9 res=9 vina=-9.3 t=6413s
  [375/500] COc1cc(Cl)cc(C(=O)O)c1OC(=O)CCCNC(=N)N... int=4 res=4 vina=-8.6 t=6795s
  [400/500] COc1ccc(NC(C)=O)cc1... int=3 res=3 vina=-6.6 t=7180s
  [425/500] CC(=O)Oc1cc(C=CC(=O)O)ccc1C(=O)O... int=8 res=8 vina=-8.5 t=7540s
  [450/500] COc1ccc(CNC(=O)CCC(N)=O)cc1OC... int=5 res=5 vina=-7.8 t=7888s
  [475/500] COC(=O)c1ccc(-c2ccc(N)cc2)cc1OC(C)=O... int=4 res=4 vina=-9.0 t=8230s
  [500/500] CCCC(=O)Oc1cc(C(=O)OC)ccc1C(=O)O... int=8 res=8 vina=-8.1 t=8566s

Results → paper/experiments/results_v3/1EVE/curiosity_seed3/results.json
Total: 8566s (17.1s/iter)
