============================================================
  Method: curiosity
  Target: 4DFR
  Seed: 4
  Iterations: 500
  Output: paper/experiments/results_v3/4DFR/curiosity_seed4
============================================================
Target: 4DFR (DHFR, Oxidoreductase)
Pocket residues: 55
Behavior dim: 166
  [1/500] CC1(C)SC2C(NC(=O)Cc3ccccc3)C(=O)N2C1C(=O... int=6 res=6 vina=-8.0 t=13s
  [2/500] CC(C)Cc1ccc(C(C)C(=O)O)cc1... int=6 res=5 vina=-7.4 t=25s
  [3/500] CC(=O)Oc1ccccc1C(=O)O... int=6 res=5 vina=-5.6 t=38s
  [4/500] CC(=O)Nc1ccc(O)cc1... int=2 res=2 vina=-5.7 t=51s
  [5/500] OC(=O)c1ccccc1O... int=4 res=4 vina=-5.8 t=61s
  [25/500] CC(=O)c1ccc(NC(N)=S)cc1... int=4 res=4 vina=-5.9 t=325s
  [50/500] COC(=O)c1cc(Cl)ccc1O... int=5 res=4 vina=-5.8 t=686s
  [75/500] CCOC(=O)C1N2C(=O)C(NC(=O)Cc3ccc(O)c(O)c3... int=6 res=5 vina=-8.2 t=1067s
  [100/500] CC(C)C(N)C(=O)O... int=0 res=0 vina=-4.6 t=1437s
  [125/500] CCOC(=O)c1cc(CC(=O)NC2C(=O)N3C2SC(C)(C)C... int=9 res=8 vina=-8.6 t=1887s
  [150/500] CC(C)(O)c1ccc(NC(N)=S)cc1... int=6 res=5 vina=-6.3 t=2331s
  [175/500] CC(N)Cc1cccc(CC(=O)NC2C(=O)N3C2SC(C)(C)C... int=7 res=7 vina=-8.7 t=2762s
  [200/500] CC1(C)SC2C(NC(=O)Cc3cc(O)cc(C(N)=O)c3)C(... int=7 res=6 vina=-9.1 t=3196s
  [225/500] COC(=O)c1cc(C(C)O)ccc1O... int=7 res=7 vina=-6.3 t=3669s
  [250/500] CCOC(=O)C1N2C(=O)C(NC(=O)C(N)c3cc(O)c(OC... int=5 res=5 vina=-8.0 t=4145s
  [275/500] CCC(C)C(NC(=O)OC(C)(C)C)C(=O)NC1C(=O)N2C... int=7 res=6 vina=-7.8 t=4596s
  [300/500] NC(CO)C(=O)O... int=0 res=0 vina=-4.4 t=5065s
  [325/500] CC1(C)SC2C(NC(=O)Cc3cccc(N)c3)C(=O)N2C1C... int=5 res=5 vina=-8.4 t=5661s
  [350/500] CCOC(=O)C1N2C(=O)C(NC(=O)COc3ccc(C(=N)N)... int=9 res=8 vina=-8.6 t=6351s
  [375/500] CCOc1c(O)cc(C(N)C(=O)NC2C(=O)N3C2SC(C)(C... int=8 res=8 vina=-9.2 t=7056s
  [400/500] CC(N)c1ccc(C(C)N)cc1... int=5 res=5 vina=-6.2 t=7704s
  [425/500] NCCCOC(=O)c1ccccc1... int=8 res=8 vina=-6.1 t=8353s
  [450/500] NS(=O)(=O)c1ccc(S(N)(=O)=O)cc1... int=2 res=2 vina=-6.6 t=8886s
  [475/500] CC1(C)SC2C(NC(=O)COc3ccc(C(=N)N)cc3)C(=O... int=3 res=2 vina=-8.2 t=9422s
  [500/500] CC(=O)Oc1cc(Cl)ccc1C(=O)O... int=4 res=4 vina=-6.4 t=9923s

Results → paper/experiments/results_v3/4DFR/curiosity_seed4/results.json
Total: 9923s (19.8s/iter)
