============================================================
  Method: imgep_naive
  Target: 3EML
  Seed: 1
  Iterations: 500
  Output: paper/experiments/results_v3/3EML/imgep_naive_seed1
============================================================
Target: 3EML (EGFR, Kinase)
Pocket residues: 65
Behavior dim: 196
  [1/500] CC1(C)SC2C(NC(=O)Cc3ccccc3)C(=O)N2C1C(=O... int=5 res=5 vina=-8.5 t=14s
  [2/500] CC(C)Cc1ccc(C(C)C(=O)O)cc1... int=6 res=6 vina=-7.7 t=29s
  [3/500] CC(=O)Oc1ccccc1C(=O)O... int=8 res=8 vina=-6.3 t=45s
  [4/500] CC(=O)Nc1ccc(O)cc1... int=5 res=5 vina=-6.1 t=61s
  [5/500] OC(=O)c1ccccc1O... int=4 res=4 vina=-5.9 t=75s
  [25/500] CCOC(=O)c1ccccc1O... int=3 res=3 vina=-5.9 t=381s
  [50/500] CCOC(=O)c1c(OC)cc(F)cc1OC... int=3 res=3 vina=-6.0 t=764s
  [75/500] CC(C)c1ccc(CC(N)C(=O)O)cc1... int=5 res=5 vina=-7.9 t=1162s
  [100/500] CCOC(=O)C(N)Cc1ccc(Oc2ccc(N)cc2)cc1... int=9 res=7 vina=-8.7 t=1565s
  [125/500] CC(C)NCC(O)COc1ccc(C(=O)NCCCC(N)C(=O)O)c... int=9 res=8 vina=-8.1 t=1974s
  [150/500] CC(O)c1cc(O)cc(-c2ccc(C(=O)NCCc3ccc(O)cc... int=8 res=8 vina=-10.4 t=2437s
  [175/500] N=C(N)c1ccc(CCNC(=O)c2ccc(N=Nc3ccc(F)cc3... int=11 res=10 vina=-9.8 t=2894s
  [200/500] CCOC(=O)C(N)Cc1ccc(OCc2ccc(N)cc2)cc1... int=9 res=7 vina=-8.4 t=3337s
  [225/500] CC(=O)CCC(=O)c1ccc(C(=O)NCCc2ccc(N)cc2)c... int=9 res=9 vina=-9.0 t=3786s
  [250/500] NC(=O)Cc1ccc(-c2nnc(-c3ccc(C(=O)NCC(=O)O... int=10 res=9 vina=-9.4 t=4235s
  [275/500] NC(=O)Cc1ccc(C(=O)NCCc2ccc(C(=O)NCC(=O)O... int=9 res=8 vina=-9.4 t=4674s
  [300/500] COc1cc(CCNC(=O)c2ccc(C(O)c3ccccc3)cc2)cc... int=11 res=10 vina=-9.9 t=5135s
  [325/500] CC(C)NCC(O)COc1ccc(C(=O)OCCCc2ccc(C(=N)N... int=14 res=10 vina=-9.1 t=5633s
  [350/500] N=C(N)c1ccc(C(=O)NCCc2ccc(NC(=O)c3cccc(C... int=14 res=12 vina=-9.7 t=6126s
  [375/500] N=C(N)c1ccc(C(=O)NCCc2ccc(CCNC(=O)c3cccc... int=8 res=8 vina=-10.3 t=6625s
  [400/500] CC(C)Cc1ccc(CCCOC(=O)c2ccc(OCC(O)CNC(C)C... int=10 res=9 vina=-8.9 t=7099s
  [425/500] CC(O)c1cccc(-c2ccc(CCNC(=O)c3ccc(C(=N)N)... int=8 res=7 vina=-10.6 t=7591s
  [450/500] N=C(N)c1ccc(C(=O)NCCc2ccc(Oc3ccc(N4CCOCC... int=12 res=10 vina=-10.3 t=8079s
  [475/500] CC(C)NCC(O)COc1ccc(C(=O)NCCc2ccc(C(=N)N)... int=11 res=8 vina=-8.9 t=8579s
  [500/500] N=C(N)c1ccc(CCNC(=O)c2ccc(NC(=O)c3cc(Cl)... int=7 res=7 vina=-10.3 t=9107s

Results → paper/experiments/results_v3/3EML/imgep_naive_seed1/results.json
Total: 9107s (18.2s/iter)
