============================================================
  Method: curiosity
  Target: 4DFR
  Seed: 3
  Iterations: 500
  Output: paper/experiments/results_v3/4DFR/curiosity_seed3
============================================================
Target: 4DFR (DHFR, Oxidoreductase)
Pocket residues: 55
Behavior dim: 166
  [1/500] CC1(C)SC2C(NC(=O)Cc3ccccc3)C(=O)N2C1C(=O... int=6 res=6 vina=-8.0 t=15s
  [2/500] CC(C)Cc1ccc(C(C)C(=O)O)cc1... int=6 res=5 vina=-7.4 t=30s
  [3/500] CC(=O)Oc1ccccc1C(=O)O... int=6 res=5 vina=-5.6 t=44s
  [4/500] CC(=O)Nc1ccc(O)cc1... int=2 res=2 vina=-5.7 t=57s
  [5/500] OC(=O)c1ccccc1O... int=4 res=4 vina=-5.8 t=70s
  [25/500] CC(C)(O)c1ccc(CC(N)=O)cc1... int=6 res=6 vina=-6.6 t=322s
  [50/500] COc1cccc2cc(C(=O)O)c(=O)oc12... int=4 res=4 vina=-7.3 t=643s
  [75/500] O=C(O)c1cc(F)ccc1O... int=3 res=3 vina=-6.1 t=970s
  [100/500] Clc1cccc(N2CCOCC2)c1... int=1 res=1 vina=-5.7 t=1296s
  [125/500] COC(=O)c1cc2cccc(OC)c2oc1=O... int=4 res=4 vina=-7.3 t=1629s
  [150/500] CC(=O)c1ccc(CC(N)=O)cc1... int=6 res=6 vina=-6.1 t=1956s
  [175/500] O=C(Cc1ccc(C=Cc2ccc([N+](=O)[O-])cc2)cc1... int=5 res=5 vina=-7.8 t=2291s
  [200/500] CC(C)(O)c1ccc(CCN)cc1... int=7 res=6 vina=-6.5 t=2651s
  [225/500] COc1ccc(C(=O)Nc2ccc(N)cc2)cc1... int=3 res=3 vina=-7.2 t=2991s
  [250/500] O=C(O)CCc1ccc(C=NO)cc1... int=6 res=5 vina=-6.6 t=3352s
  [275/500] CC(=O)Nc1ccc(Oc2ccc(S(=O)(=O)O)cc2)cc1... int=6 res=5 vina=-7.8 t=3708s
  [300/500] CC1(C)SC2C(NC(=O)Cc3cccc(C=O)c3)C(=O)N2C... int=8 res=8 vina=-8.3 t=4072s
  [325/500] N=C(N)c1ccc(C=Cc2ccc(O)cc2)cc1... int=3 res=3 vina=-8.0 t=4430s
  [350/500] CC(C(=O)O)c1ccc(CCCO)cc1... int=7 res=6 vina=-6.9 t=4785s
  [375/500] CC(C)NCC(O)COc1ccc(COc2ccc(C(=O)O)cc2)cc... int=7 res=6 vina=-7.8 t=5118s
  [400/500] COc1cc(C=CC(=O)O)ccc1C... int=4 res=3 vina=-5.7 t=5597s
  [425/500] c1ccc(OCc2ccc(N3CCOCC3)cc2)cc1... int=5 res=5 vina=-7.6 t=6222s
  [450/500] COc1ccc(C(C)C(=O)O)cc1... int=4 res=4 vina=-6.4 t=6789s
  [475/500] CC(=O)CCC(=O)c1ccc(CCCO)cc1... int=4 res=3 vina=-6.6 t=7342s
  [500/500] CCOC(=O)c1cc(-c2cc(O)cc(OC)c2)cc(OC)c1OC... int=7 res=7 vina=-7.9 t=7867s

Results → paper/experiments/results_v3/4DFR/curiosity_seed3/results.json
Total: 7867s (15.7s/iter)
