============================================================
  Method: imgep
  Target: 3PJC
  Seed: 3
  Iterations: 500
  Output: paper/experiments/results_v3/3PJC/imgep_seed3
============================================================
Target: 3PJC (CDK2, Kinase)
Pocket residues: 60
Behavior dim: 181
  [1/500] CC1(C)SC2C(NC(=O)Cc3ccccc3)C(=O)N2C1C(=O... int=5 res=5 vina=-8.6 t=17s
  [2/500] CC(C)Cc1ccc(C(C)C(=O)O)cc1... int=8 res=8 vina=-7.7 t=32s
  [3/500] CC(=O)Oc1ccccc1C(=O)O... int=7 res=7 vina=-6.7 t=45s
  [4/500] CC(=O)Nc1ccc(O)cc1... int=9 res=9 vina=-6.2 t=59s
  [5/500] OC(=O)c1ccccc1O... int=6 res=6 vina=-6.1 t=77s
  [25/500] CC(=O)Oc1ccc(N)cc1C(=O)O... int=8 res=7 vina=-6.8 t=428s
  [50/500] CCOC(=O)c1cc(C(=O)O)ccc1OC(C)=O... int=8 res=8 vina=-7.4 t=885s
  [75/500] CC(N)Cc1ccc(O)c(O)c1... int=9 res=9 vina=-7.0 t=1331s
  [100/500] CC(=O)Oc1cc(C(N)=O)ccc1C(=O)O... int=8 res=8 vina=-7.3 t=1784s
  [125/500] CC(=O)Oc1cc(C(C)=O)ccc1C(=O)O... int=8 res=8 vina=-7.5 t=2223s
  [150/500] CC(N)c1ccc(OCC(=O)NC2C(=O)N3C2SC(C)(C)C3... int=10 res=10 vina=-9.0 t=2674s
  [175/500] CC(C)Cc1ccc(CCC(=O)O)cc1... int=9 res=9 vina=-7.5 t=3136s
  [200/500] CC(C)c1ccc(O)c(O)c1... int=7 res=6 vina=-7.1 t=3588s
  [225/500] CC(=O)Nc1ccc(OCC(=O)NC2C(=O)N3C2SC(C)(C)... int=7 res=7 vina=-9.0 t=4052s
  [250/500] CCOC(=O)C1N2C(=O)C(NC(=O)Cc3ccc(S(N)(=O)... int=10 res=10 vina=-8.8 t=4546s
  [275/500] CC(=O)Oc1cc(C(C)C)ccc1C(=O)O... int=8 res=8 vina=-7.7 t=5016s
  [300/500] COC(=O)c1cc(NC(N)=S)cc(OC)c1OC(C)=O... int=5 res=4 vina=-6.9 t=5488s
  [325/500] CC(C)C(NC(=O)OC(C)(C)C)C(=O)NC1C(=O)N2C1... int=3 res=3 vina=-7.7 t=5970s
  [350/500] NC(CCCNC(=O)c1ccc(F)cc1)C(=O)O... int=8 res=6 vina=-8.3 t=6428s
  [375/500] CC(=O)c1ccc(C(=O)O)c(N)c1... int=7 res=6 vina=-7.0 t=6887s
  [400/500] CC(C)NC(CCc1ccccc1)C(=O)OCCO... int=9 res=9 vina=-7.6 t=7337s
  [425/500] COc1ccc(-c2ccc(O)c(O)c2)cc1... int=4 res=4 vina=-8.3 t=7810s
  [450/500] CC(=O)Oc1cc(C(=O)O)ccc1C(=O)O... int=8 res=8 vina=-7.3 t=8254s
  [475/500] CCOC(=O)C1N2C(=O)C(NC(=O)Cc3cc(Cl)cc(C(C... int=9 res=8 vina=-9.1 t=8688s
  [500/500] CN(C)c1ccc(CC(=O)NC2C(=O)N3C2SC(C)(C)C3C... int=7 res=7 vina=-9.2 t=9138s

Results → paper/experiments/results_v3/3PJC/imgep_seed3/results.json
Total: 9138s (18.3s/iter)
