============================================================
  Method: curiosity
  Target: 3PJC
  Seed: 3
  Iterations: 500
  Output: paper/experiments/results_v3/3PJC/curiosity_seed3
============================================================
Target: 3PJC (CDK2, Kinase)
Pocket residues: 60
Behavior dim: 181
  [1/500] CC1(C)SC2C(NC(=O)Cc3ccccc3)C(=O)N2C1C(=O... int=5 res=5 vina=-8.6 t=18s
  [2/500] CC(C)Cc1ccc(C(C)C(=O)O)cc1... int=8 res=8 vina=-7.7 t=35s
  [3/500] CC(=O)Oc1ccccc1C(=O)O... int=7 res=7 vina=-6.7 t=56s
  [4/500] CC(=O)Nc1ccc(O)cc1... int=9 res=9 vina=-6.2 t=72s
  [5/500] OC(=O)c1ccccc1O... int=6 res=6 vina=-6.1 t=90s
  [25/500] O=Cc1ccc(O)c(C(=O)O)c1... int=6 res=6 vina=-6.6 t=404s
  [50/500] CC1(C)SC2C(NC(=O)Cc3cc(Cl)cc(C(=O)O)c3)C... int=9 res=9 vina=-9.9 t=834s
  [75/500] CC(N)Cc1cccc(CC(=O)NC2C(=O)N3C2SC(C)(C)C... int=7 res=6 vina=-9.3 t=1285s
  [100/500] CC1(C)SC2C(NC(=O)Cc3cccc(Cl)c3)C(=O)N2C1... int=5 res=5 vina=-9.1 t=1726s
  [125/500] CC(C)c1ccc(OC(=O)CCCN)c(C(=O)O)c1... int=10 res=10 vina=-7.8 t=2177s
  [150/500] COC(=O)c1cc(C(C)O)ccc1OC(C)=O... int=4 res=4 vina=-7.3 t=2629s
  [175/500] CCOC(=O)C1N2C(=O)C(NC(=O)Cc3cc(Cl)cc(C(=... int=6 res=6 vina=-9.2 t=3074s
  [200/500] COC(=O)c1cccc(CC(=O)NC2C(=O)N3C2SC(C)(C)... int=10 res=10 vina=-9.4 t=3518s
  [225/500] CC1(C)SC2C(NC(=O)Cc3cc(O)cc(Cl)c3)C(=O)N... int=8 res=8 vina=-9.5 t=3978s
  [250/500] CC(=O)c1ccc(N)cc1... int=5 res=4 vina=-5.8 t=4454s
  [275/500] CCOC(=O)C1N2C(=O)C(NC(=O)Cc3cc(OC)cc(C(=... int=6 res=6 vina=-9.0 t=4902s
  [300/500] CC1(C)SC2C(NC(=O)Cc3cc(O)cc(O)c3)C(=O)N2... int=11 res=11 vina=-10.0 t=5365s
  [325/500] CCOC(=O)C1N2C(=O)C(NC(=O)Cc3cc(Cl)cc(Cl)... int=8 res=8 vina=-7.9 t=5844s
  [350/500] CC(C)(O)c1cc(CCN)cc(CC(=O)NC2C(=O)N3C2SC... int=10 res=10 vina=-10.2 t=6315s
  [375/500] COC(=O)c1cc(CC(N)C(=O)O)ccc1OC(C)=O... int=6 res=6 vina=-7.9 t=6759s
  [400/500] CCOC(=O)c1cc(Cl)cc(CC(=O)NC2C(=O)N3C2SC(... int=10 res=9 vina=-8.8 t=7210s
  [425/500] CCOC(=O)c1cc(CC(=O)NC2C(=O)N3C2SC(C)(C)C... int=7 res=7 vina=-8.7 t=7677s
  [450/500] CC1(C)SC2C(NC(=O)Cc3cc(Cl)cc(Cl)c3)C(=O)... int=6 res=5 vina=-9.0 t=8118s
  [475/500] CCOC(=O)C1N2C(=O)C(NC(=O)Cc3cc(C=O)cc(CC... int=10 res=10 vina=-8.6 t=8536s
  [500/500] NC(=O)Cc1ccc(C(=O)CCl)cc1... int=7 res=5 vina=-6.8 t=8968s

Results → paper/experiments/results_v3/3PJC/curiosity_seed3/results.json
Total: 8968s (17.9s/iter)
