============================================================
  Method: imgep_naive
  Target: 4DFR
  Seed: 2
  Iterations: 500
  Output: paper/experiments/results_v3/4DFR/imgep_naive_seed2
============================================================
Target: 4DFR (DHFR, Oxidoreductase)
Pocket residues: 55
Behavior dim: 166
  [1/500] CC1(C)SC2C(NC(=O)Cc3ccccc3)C(=O)N2C1C(=O... int=6 res=6 vina=-8.0 t=13s
  [2/500] CC(C)Cc1ccc(C(C)C(=O)O)cc1... int=6 res=5 vina=-7.4 t=28s
  [3/500] CC(=O)Oc1ccccc1C(=O)O... int=6 res=5 vina=-5.6 t=41s
  [4/500] CC(=O)Nc1ccc(O)cc1... int=2 res=2 vina=-5.7 t=53s
  [5/500] OC(=O)c1ccccc1O... int=4 res=4 vina=-5.8 t=65s
  [25/500] CC1(C)SC2C(NC(=O)Cc3ccccc3)C(=O)N2C1C(=O... int=6 res=6 vina=-8.0 t=405s
  [50/500] CC(C(=O)O)c1ccc(C=Cc2ccccc2)cc1... int=8 res=7 vina=-7.8 t=888s
  [75/500] CC(C(=O)O)c1ccc(C=Cc2ccc(CO)cc2)cc1... int=7 res=7 vina=-8.1 t=1346s
  [100/500] CCOC(=O)C1N2C(=O)C(NC(=O)Cc3cc(O)c(C(=O)... int=6 res=6 vina=-8.4 t=1847s
  [125/500] COc1ccc(CC(=O)NC2C(=O)N3C2SC(C)(C)C3C(=O... int=8 res=8 vina=-8.0 t=2283s
  [150/500] CCOc1c(OC)cc(C(N)C(=O)NC2C(=O)N3C2SC(C)(... int=8 res=7 vina=-7.9 t=2790s
  [175/500] CCOC(=O)C(C)c1ccc(C=Cc2cc(O)cc(O)c2)cc1... int=8 res=7 vina=-7.8 t=3247s
  [200/500] CCOC(=O)C1N2C(=O)C(NC(=O)Cc3ccc(C(=O)O)c... int=5 res=5 vina=-8.3 t=3749s
  [225/500] CC(=O)c1ccc(OCC(=O)NC2C(=O)N3C2SC(C)(C)C... int=5 res=4 vina=-8.4 t=4285s
  [250/500] CCOC(=O)c1c(O)cc(CC(=O)NC2C(=O)N3C2SC(C)... int=3 res=3 vina=-8.5 t=4768s
  [275/500] CC(=O)c1ccc(C=Cc2ccc(O)c(O)c2)cc1... int=6 res=6 vina=-7.8 t=5257s
  [300/500] CCOC(=O)C1N2C(=O)C(NC(=O)Cc3ccc(O)c(OC(C... int=5 res=5 vina=-8.4 t=5761s
  [325/500] CCOC(=O)C1N2C(=O)C(NC(=O)C(N)c3cc(OC)c(O... int=3 res=3 vina=-6.9 t=6233s
  [350/500] COc1cc(CC(=O)NC2C(=O)N3C2SC(C)(C)C3C(=O)... int=8 res=8 vina=-8.4 t=6716s
  [375/500] NS(=O)(=O)c1ccc(C=Cc2cc(O)cc(O)c2)cc1... int=7 res=7 vina=-8.3 t=7204s
  [400/500] CCOC(=O)c1ccc(CC(=O)NC2C(=O)N3C2SC(C)(C)... int=7 res=7 vina=-7.8 t=7652s
  [425/500] COc1cc(O)cc(C=Cc2ccc(S(N)(=O)=O)c([S-])c... int=6 res=5 vina=-8.1 t=8109s
  [450/500] CCOC(=O)c1c(O)cc(CC(=O)NC2C(=O)N3C2SC(C)... int=8 res=8 vina=-8.3 t=8629s
  [475/500] COc1ccc(C=Cc2ccc(O)c(O)c2)cc1... int=7 res=6 vina=-7.2 t=9127s
  [500/500] COc1cc(C(N)C(=O)NC2C(=O)N3C2SC(C)(C)C3C(... int=3 res=3 vina=-7.6 t=9648s

Results → paper/experiments/results_v3/4DFR/imgep_naive_seed2/results.json
Total: 9648s (19.3s/iter)
