============================================================
  Method: random
  Target: 3EML
  Seed: 4
  Iterations: 500
  Output: paper/experiments/results_v3/3EML/random_seed4
============================================================
Target: 3EML (EGFR, Kinase)
Pocket residues: 65
Behavior dim: 196
  [1/500] CC1(C)SC2C(NC(=O)Cc3ccccc3)C(=O)N2C1C(=O... int=5 res=5 vina=-8.5 t=15s
  [2/500] CC(C)Cc1ccc(C(C)C(=O)O)cc1... int=6 res=6 vina=-7.7 t=29s
  [3/500] CC(=O)Oc1ccccc1C(=O)O... int=8 res=8 vina=-6.3 t=42s
  [4/500] CC(=O)Nc1ccc(O)cc1... int=5 res=5 vina=-6.1 t=58s
  [5/500] OC(=O)c1ccccc1O... int=4 res=4 vina=-5.9 t=70s
  [25/500] CCCC(=O)Oc1cc(C(=O)O)ccc1C(=O)O... int=6 res=6 vina=-7.4 t=352s
  [50/500] COc1cc(C=O)ccc1O... int=2 res=2 vina=-5.3 t=710s
  [75/500] CC(=O)Oc1cc(C(=O)O)ccc1C(=O)O... int=8 res=8 vina=-7.1 t=1091s
  [100/500] CC(=O)Oc1ccc(C(C)N)cc1... int=6 res=6 vina=-6.7 t=1480s
  [125/500] CCCCC(=O)Oc1cc(F)cc(O)c1C(=O)O... int=7 res=7 vina=-7.7 t=1870s
  [150/500] COc1ccc(C=CC(=O)O)cc1OC... int=2 res=2 vina=-6.8 t=2272s
  [175/500] COC(=O)c1ccc(F)cc1OC... int=3 res=3 vina=-5.8 t=2664s
  [200/500] CC(=O)c1ccc(CC(=O)NC2C(=O)N3C2SC(C)(C)C3... int=7 res=7 vina=-9.4 t=3072s
  [225/500] CC(=O)Oc1ccc(CC(C)C)cc1... int=4 res=4 vina=-6.9 t=3475s
  [250/500] CCOC(=O)C(N)CC(N)=O... int=4 res=4 vina=-4.8 t=3868s
  [275/500] CCOC(=O)c1ccc(C(=O)CCl)cc1OC(=O)CCCO... int=6 res=6 vina=-7.7 t=4261s
  [300/500] CC(C)C(NC(=O)OC(C)(C)C)C(=O)NC1C(=O)N2C1... int=2 res=2 vina=-8.0 t=4656s
  [325/500] CC1(C)SC2C(NC(=O)Cc3cc(O)cc(Cl)c3)C(=O)N... int=5 res=5 vina=-8.6 t=5050s
  [350/500] CC(=O)Oc1ccccc1C(=O)O... int=8 res=8 vina=-6.3 t=5445s
  [375/500] CCCC(=O)Oc1cc(F)cc(OC)c1C(=O)O... int=4 res=4 vina=-6.8 t=5852s
  [400/500] CCOC(=O)C1N2C(=O)C(NC(=O)Cc3ccc(Br)cc3)C... int=6 res=6 vina=-8.9 t=6275s
  [425/500] CCCCC(=O)Oc1cc(F)ccc1C(=O)O... int=5 res=5 vina=-7.1 t=6667s
  [450/500] CC1(C)SC2C(NC(=O)Cc3ccc(O)c(O)c3)C(=O)N2... int=6 res=6 vina=-9.7 t=7072s
  [475/500] Brc1ccc(N2CCOCC2)cc1... int=2 res=2 vina=-6.5 t=7455s
  [500/500] COC(=O)c1ccc(C(C)C(=O)O)cc1OC(C)=O... int=4 res=4 vina=-7.6 t=7849s

Results → paper/experiments/results_v3/3EML/random_seed4/results.json
Total: 7849s (15.7s/iter)
