============================================================
  Method: random
  Target: 4DFR
  Seed: 4
  Iterations: 500
  Output: paper/experiments/results_v3/4DFR/random_seed4
============================================================
Target: 4DFR (DHFR, Oxidoreductase)
Pocket residues: 55
Behavior dim: 166
  [1/500] CC1(C)SC2C(NC(=O)Cc3ccccc3)C(=O)N2C1C(=O... int=6 res=6 vina=-8.0 t=13s
  [2/500] CC(C)Cc1ccc(C(C)C(=O)O)cc1... int=6 res=5 vina=-7.4 t=22s
  [3/500] CC(=O)Oc1ccccc1C(=O)O... int=6 res=5 vina=-5.6 t=36s
  [4/500] CC(=O)Nc1ccc(O)cc1... int=2 res=2 vina=-5.7 t=46s
  [5/500] OC(=O)c1ccccc1O... int=4 res=4 vina=-5.8 t=59s
  [25/500] CC(=O)Oc1ccc(C=CC(=O)O)cc1C(=O)O... int=6 res=6 vina=-7.1 t=310s
  [50/500] COc1cc(C=CC(=O)O)ccc1O... int=4 res=4 vina=-6.4 t=629s
  [75/500] CCCC(=O)Oc1ccc(C(C)C)cc1C(=O)OC... int=4 res=4 vina=-7.0 t=998s
  [100/500] CC(=O)c1ccc(C(C)N)cc1... int=4 res=4 vina=-6.0 t=1367s
  [125/500] COC(=O)c1cc(C(C)N)cc(OC)c1OC(C)=O... int=3 res=2 vina=-6.4 t=1710s
  [150/500] COc1cc(C(C)C)ccc1O... int=6 res=5 vina=-5.8 t=2082s
  [175/500] CCCC(=O)Oc1ccc(F)cc1C(=O)OCC... int=6 res=6 vina=-6.6 t=2462s
  [200/500] CCOC(=O)C(C)c1ccc(C(C)C(=O)OCC)cc1... int=5 res=5 vina=-6.7 t=2817s
  [225/500] CC1(C)SC2C(NC(=O)Cc3ccc(O)c(C(=O)O)c3)C(... int=6 res=5 vina=-9.1 t=3165s
  [250/500] CC1(C)SC2C(NC(=O)COc3ccc(C(=N)N)cc3)C(=O... int=3 res=2 vina=-8.2 t=3538s
  [275/500] CCCC(=O)Oc1c(OC)cc(O)cc1C(=O)OCC... int=6 res=5 vina=-6.4 t=3914s
  [300/500] COC(=O)c1cccc(C(=O)c2ccc(N(C)C)cc2)c1... int=3 res=2 vina=-7.3 t=4268s
  [325/500] CC1(C)SC2C(NC(=O)Cc3cc(O)cc(Cl)c3)C(=O)N... int=6 res=6 vina=-8.8 t=4623s
  [350/500] COc1cc(N)cc(CC(=O)NC2C(=O)N3C2SC(C)(C)C3... int=9 res=7 vina=-8.2 t=4985s
  [375/500] CCOC(=O)C1CCCN1C(=O)C(C)CS... int=5 res=5 vina=-5.8 t=5359s
  [400/500] O=C(O)CCC(=O)Oc1ccc(F)cc1C(=O)O... int=8 res=7 vina=-7.2 t=5717s
  [425/500] CCOC(=O)C(C)c1ccc(C=Cc2ccccc2)cc1... int=6 res=6 vina=-7.2 t=6075s
  [450/500] CCOC(=O)c1cc(F)cc(OC)c1OC(C)=O... int=4 res=4 vina=-6.2 t=6440s
  [475/500] O=C(O)CCCc1ccc(O)cc1... int=7 res=7 vina=-6.6 t=6800s
  [500/500] CCCC(=O)Oc1c(OC)cc(C=CC(=O)O)cc1C(=O)OC... int=4 res=4 vina=-7.2 t=7176s

Results → paper/experiments/results_v3/4DFR/random_seed4/results.json
Total: 7176s (14.4s/iter)
