============================================================
  Method: imgep_naive
  Target: 1EVE
  Seed: 5
  Iterations: 500
  Output: paper/experiments/results_v3/1EVE/imgep_naive_seed5
============================================================
Target: 1EVE (AChE, Hydrolase)
Pocket residues: 76
Behavior dim: 229
  [1/500] CC1(C)SC2C(NC(=O)Cc3ccccc3)C(=O)N2C1C(=O... int=9 res=9 vina=-10.3 t=14s
  [2/500] CC(C)Cc1ccc(C(C)C(=O)O)cc1... int=5 res=5 vina=-8.7 t=23s
  [3/500] CC(=O)Oc1ccccc1C(=O)O... int=5 res=5 vina=-7.3 t=38s
  [4/500] CC(=O)Nc1ccc(O)cc1... int=3 res=3 vina=-6.7 t=50s
  [5/500] OC(=O)c1ccccc1O... int=4 res=4 vina=-6.9 t=63s
  [25/500] CCOC(=O)C1N2C(=O)C(NC(=O)Cc3ccc(CCCO)cc3... int=8 res=8 vina=-10.1 t=409s
  [50/500] CCOC(=O)C(C)c1ccc(CC(=O)NC2C(=O)N3C2SC(C... int=7 res=7 vina=-10.9 t=831s
  [75/500] CCOC(=O)C1N2C(=O)C(NC(=O)Cc3ccc(C(C)(C)O... int=7 res=7 vina=-10.6 t=1285s
  [100/500] CC1(C)SC2C(NC(=O)Cc3ccc(C(N)=O)cc3)C(=O)... int=8 res=8 vina=-10.7 t=1747s
  [125/500] CCOC(=O)C(C)c1ccc(CC(=O)NC2C(=O)N3C2SC(C... int=7 res=7 vina=-10.9 t=2217s
  [150/500] CC1(C)SC2C(NC(=O)Cc3ccc(C(=N)N)cc3)C(=O)... int=12 res=11 vina=-11.4 t=2690s
  [175/500] CCOC(=O)C1N2C(=O)C(NC(=O)COc3ccc(C4N=C(C... int=13 res=12 vina=-10.6 t=3178s
  [200/500] CCOC(=O)C1N2C(=O)C(NC(=O)COc3ccc(C(=O)CC... int=5 res=5 vina=-9.7 t=3663s
  [225/500] CCOC(=O)C1N2C(=O)C(NC(=O)COc3ccc(C(=O)OC... int=8 res=8 vina=-9.4 t=4136s
  [250/500] CC(=O)Nc1ccc(CC(=O)NC2C(=O)N3C2SC(C)(C)C... int=7 res=7 vina=-11.0 t=4623s
  [275/500] CC1(C)SC2C(NC(=O)Cc3ccc(NC=O)cc3)C(=O)N2... int=10 res=10 vina=-10.3 t=5102s
  [300/500] CCOC(=O)C1N2C(=O)C(NC(=O)COc3ccc(N4CCOCC... int=3 res=3 vina=-9.7 t=5589s
  [325/500] CCOC(=O)C1N2C(=O)C(NC(=O)COc3ccc(CC(N)C(... int=10 res=8 vina=-10.6 t=6108s
  [350/500] CC1(C)SC2C(NC(=O)Cc3ccc(C=CC(=O)O)cc3)C(... int=7 res=7 vina=-11.8 t=6609s
  [375/500] CCOC(=O)C1N2C(=O)C(NC(=O)Cc3ccc(NC(N)=S)... int=7 res=7 vina=-9.9 t=7086s
  [400/500] CCOC(=O)C1N2C(=O)C(NC(=O)Cc3ccc(C(=O)OC)... int=13 res=12 vina=-10.4 t=7565s
  [425/500] CCOC(=O)C1N2C(=O)C(NC(=O)Cc3ccc(NC(C)=O)... int=9 res=9 vina=-10.0 t=8041s
  [450/500] CC1(C)SC2C(NC(=O)Cc3ccc(CC(=O)NO)cc3)C(=... int=9 res=9 vina=-11.5 t=8540s
  [475/500] CCOC(=O)C1N2C(=O)C(NC(=O)COc3ccc(C(N)=O)... int=5 res=5 vina=-9.9 t=9051s
  [500/500] CCOC(=O)C1N2C(=O)C(NC(=O)Cc3ccc(NC(=O)c4... int=8 res=7 vina=-11.1 t=9795s

Results → paper/experiments/results_v3/1EVE/imgep_naive_seed5/results.json
Total: 9795s (19.6s/iter)
