============================================================
  Method: curiosity
  Target: 3PJC
  Seed: 1
  Iterations: 500
  Output: paper/experiments/results_v3/3PJC/curiosity_seed1
============================================================
Target: 3PJC (CDK2, Kinase)
Pocket residues: 60
Behavior dim: 181
  [1/500] CC1(C)SC2C(NC(=O)Cc3ccccc3)C(=O)N2C1C(=O... int=5 res=5 vina=-8.6 t=19s
  [2/500] CC(C)Cc1ccc(C(C)C(=O)O)cc1... int=8 res=8 vina=-7.7 t=34s
  [3/500] CC(=O)Oc1ccccc1C(=O)O... int=7 res=7 vina=-6.7 t=51s
  [4/500] CC(=O)Nc1ccc(O)cc1... int=9 res=9 vina=-6.2 t=70s
  [5/500] OC(=O)c1ccccc1O... int=6 res=6 vina=-6.1 t=84s
  [25/500] CC(=O)Oc1ccc(NC=O)cc1... int=9 res=9 vina=-6.2 t=426s
  [50/500] CC(=O)Oc1cc(N)ccc1C(=O)O... int=7 res=7 vina=-7.0 t=879s
  [75/500] CC(=O)CCC(=O)c1ccc(OC(C)=O)cc1... int=5 res=5 vina=-7.2 t=1322s
  [100/500] CCOC(=O)C1N2C(=O)C(NC(=O)Cc3cc(OC)cc(C(=... int=6 res=6 vina=-9.0 t=1782s
  [125/500] CC(=O)NCCc1cc(O)cc(CC(=O)NC2C(=O)N3C2SC(... int=10 res=9 vina=-9.6 t=2274s
  [150/500] CCCC(=O)Oc1ccc(C=O)cc1C(=O)O... int=8 res=6 vina=-7.4 t=2749s
  [175/500] CC1(C)SC2C(NC(=O)Cc3cc(O)cc(O)c3)C(=O)N2... int=11 res=11 vina=-10.0 t=3236s
  [200/500] O=C(O)CC(O)(CC(=O)O)C(=O)O... int=7 res=6 vina=-6.0 t=3698s
  [225/500] CC(CS)C(=O)N1CCCC1C(=O)OCCO... int=10 res=10 vina=-6.8 t=4162s
  [250/500] CC1(C)SC2C(NC(=O)Cc3ccc(N4CCOCC4)cc3)C(=... int=11 res=10 vina=-9.9 t=4636s
  [275/500] CCOC(=O)C1N2C(=O)C(NC(=O)C(NC(=O)Cc3cccc... int=10 res=10 vina=-9.0 t=5139s
  [300/500] CC(=O)Oc1ccc(CCC(=O)O)cc1... int=9 res=7 vina=-7.0 t=5633s
  [325/500] CCOC(=O)C1N2C(=O)C(NC(=O)Cc3cc(O)cc(C(C)... int=12 res=10 vina=-8.7 t=6115s
  [350/500] CC(=O)CCC(=O)c1ccc(-c2cccc(C(C)O)c2)cc1... int=9 res=9 vina=-9.4 t=6602s
  [375/500] CC(N)Cc1ccc(O)c(O)c1... int=9 res=9 vina=-7.0 t=7080s
  [400/500] CC(C)C(NC(=O)OC(C)(C)C)C(=O)NC1C(=O)N2C1... int=3 res=3 vina=-7.7 t=7548s
  [425/500] COc1ccc(CC(N)C(=O)O)cc1... int=3 res=3 vina=-6.8 t=7993s
  [450/500] CC(=O)Oc1cc(CCN)cc(CC(=O)NC2C(=O)N3C2SC(... int=10 res=9 vina=-9.3 t=8454s
  [475/500] CC(=O)Oc1cc(O)cc(CC(=O)NC2C(=O)N3C2SC(C)... int=10 res=9 vina=-9.0 t=8850s
  [500/500] CC1(C)SC2C(NC(=O)Cc3cc(CCCO)cc(C(=O)O)c3... int=11 res=10 vina=-9.9 t=9281s

Results → paper/experiments/results_v3/3PJC/curiosity_seed1/results.json
Total: 9281s (18.6s/iter)
