============================================================
  Method: curiosity
  Target: 3V8D
  Seed: 3
  Iterations: 500
  Output: paper/experiments/results_v3/3V8D/curiosity_seed3
============================================================
Target: 3V8D (Thrombin, Serine protease)
Pocket residues: 95
Behavior dim: 286
  [1/500] CC1(C)SC2C(NC(=O)Cc3ccccc3)C(=O)N2C1C(=O... int=10 res=9 vina=-9.1 t=14s
  [2/500] CC(C)Cc1ccc(C(C)C(=O)O)cc1... int=5 res=5 vina=-6.8 t=28s
  [3/500] CC(=O)Oc1ccccc1C(=O)O... int=8 res=6 vina=-6.8 t=42s
  [4/500] CC(=O)Nc1ccc(O)cc1... int=7 res=5 vina=-6.1 t=53s
  [5/500] OC(=O)c1ccccc1O... int=4 res=4 vina=-6.0 t=65s
  [25/500] COc1ccc(N(C)C)cc1... int=5 res=5 vina=-5.1 t=328s
  [50/500] CC1(C)SC2C(NC(=O)Cc3ccc(Cl)cc3)C(=O)N2C1... int=9 res=9 vina=-8.2 t=681s
  [75/500] CC1(C)SC2C(NC(=O)Cc3ccc(C(=O)O)cc3)C(=O)... int=5 res=5 vina=-9.4 t=1046s
  [100/500] CC1(C)SC2C(NC(=O)COc3ccc(F)cc3)C(=O)N2C1... int=9 res=9 vina=-8.9 t=1418s
  [125/500] CC(N)c1ccc(CC(=O)NC2C(=O)N3C2SC(C)(C)C3C... int=7 res=6 vina=-9.0 t=1798s
  [150/500] CC1(C)SC2C(NC(=O)COc3ccc(NC(N)=S)cc3)C(=... int=7 res=7 vina=-8.4 t=2216s
  [175/500] CC(C)C(N)C(=O)O... int=0 res=0 vina=-4.9 t=2607s
  [200/500] NC(CC(=O)O)C(=O)O... int=0 res=0 vina=-5.0 t=3000s
  [225/500] COc1cc(C(=O)O)ccc1O... int=3 res=3 vina=-6.3 t=3365s
  [250/500] CC(C(=O)O)c1ccc(O)cc1... int=8 res=8 vina=-6.0 t=3745s
  [275/500] CC(=O)CCC(=O)c1ccc(S(N)(=O)=O)cc1... int=5 res=5 vina=-7.1 t=4131s
  [300/500] CC(C)(O)c1ccc(OCC(=O)NC2C(=O)N3C2SC(C)(C... int=8 res=8 vina=-8.6 t=4523s
  [325/500] CC(N)c1ccc(C(C)C(=O)O)cc1... int=7 res=7 vina=-6.0 t=4911s
  [350/500] CN(C)c1ccc(CC(=O)NC2C(=O)N3C2SC(C)(C)C3C... int=7 res=7 vina=-8.7 t=5280s
  [375/500] COc1ccc(C(=O)CCC(C)=O)cc1... int=7 res=6 vina=-6.4 t=5681s
  [400/500] COc1ccc(C=Cc2ccc(F)cc2)cc1... int=4 res=4 vina=-8.1 t=6075s
  [425/500] CCOC(=O)C1N2C(=O)C(NC(=O)COc3ccc(C(=N)N)... int=5 res=5 vina=-8.5 t=6453s
  [450/500] CC(=O)c1ccc(OCC(O)CNC(C)C)cc1... int=12 res=12 vina=-7.2 t=6842s
  [475/500] NC(=O)Cc1ccc(S(N)(=O)=O)c([S-])c1... int=3 res=3 vina=-6.3 t=7219s
  [500/500] CC1(C)SC2C(NC(=O)COc3ccc(OC(F)(F)F)cc3)C... int=5 res=5 vina=-8.8 t=7614s

Results → paper/experiments/results_v3/3V8D/curiosity_seed3/results.json
Total: 7614s (15.2s/iter)
