============================================================
  Method: ga
  Target: 3PJC
  Seed: 6
  Iterations: 500
  Output: paper/experiments/results_v3/3PJC/ga_seed6
============================================================
Target: 3PJC (CDK2, Kinase)
Pocket residues: 60
Behavior dim: 181
  [1/500] CC1(C)SC2C(NC(=O)Cc3ccccc3)C(=O)N2C1C(=O... int=5 res=5 vina=-8.6 t=14s
  [2/500] CC(C)Cc1ccc(C(C)C(=O)O)cc1... int=8 res=8 vina=-7.7 t=27s
  [3/500] CC(=O)Oc1ccccc1C(=O)O... int=7 res=7 vina=-6.7 t=39s
  [4/500] CC(=O)Nc1ccc(O)cc1... int=9 res=9 vina=-6.2 t=52s
  [5/500] OC(=O)c1ccccc1O... int=6 res=6 vina=-6.1 t=65s
  [25/500] CC1(C)SC2C(NC(=O)Cc3cc(O)cc(F)c3)C(=O)N2... int=9 res=9 vina=-9.5 t=382s
  [50/500] CCOC(=O)C1N2C(=O)C(NC(=O)Cc3ccc(C(=O)O)c... int=9 res=8 vina=-8.8 t=777s
  [75/500] CC1(C)SC2C(NC(=O)Cc3cc(O)cc(C(=O)O)c3)C(... int=10 res=9 vina=-10.1 t=1193s
  [100/500] CC1(C)SC2C(NC(=O)Cc3cccc(C=O)c3)C(=O)N2C... int=10 res=8 vina=-9.5 t=1646s
  [125/500] CC(=O)c1ccc(CC(=O)NC2C(=O)N3C2SC(C)(C)C3... int=9 res=8 vina=-9.5 t=2113s
  [150/500] CC1(C)SC2C(NC(=O)CCCCCC(=O)NCC(=O)O)C(=O... int=9 res=9 vina=-8.4 t=2610s
  [175/500] CCOC(=O)C1N2C(=O)C(NC(=O)Cc3ccc(C(C)N)cc... int=8 res=7 vina=-8.9 t=3124s
  [200/500] CC1(C)SC2C(NC(=O)Cc3ccc(NC(=O)c4ccccc4)c... int=8 res=8 vina=-10.8 t=3646s
  [225/500] CC1(C)SC2C(NC(=O)Cc3ccc(C=Cc4ccccc4)cc3)... int=13 res=12 vina=-10.8 t=4147s
  [250/500] CC(C(=O)O)c1ccc(CC(=O)NC2C(=O)N3C2SC(C)(... int=8 res=8 vina=-10.0 t=4661s
  [275/500] CC(C)Cc1ccc(C=Cc2ccc(CC(=O)NC3C(=O)N4C3S... int=5 res=5 vina=-9.9 t=5222s
  [300/500] CC(=O)Nc1ccc(CC(=O)NC2C(=O)N3C2SC(C)(C)C... int=10 res=9 vina=-8.8 t=5773s
  [325/500] CC1(C)SC2C(NC(=O)Cc3cc(O)cc(C(N)=O)c3)C(... int=7 res=7 vina=-9.6 t=6288s
  [350/500] CCOC(=O)C1N2C(=O)C(NC(=O)Cc3ccc(C(=O)OC)... int=10 res=9 vina=-8.2 t=6796s
  [375/500] CC(=O)Oc1ccc(C=Cc2ccc(CC(=O)NC3C(=O)N4C3... int=14 res=13 vina=-9.9 t=7334s
  [400/500] CC(=O)CCC(=O)c1ccc(CC(=O)NC2C(=O)N3C2SC(... int=7 res=7 vina=-9.6 t=7863s
  [425/500] CC1(C)SC2C(NC(=O)Cc3ccc(NC(=O)c4ccc(O)cc... int=12 res=12 vina=-10.0 t=8481s
  [450/500] CC(C)(O)c1cccc(-c2ccc(CC(=O)NC3C(=O)N4C3... int=9 res=9 vina=-10.2 t=9163s
  [475/500] CC1(C)SC2C(NC(=O)Cc3ccc(Br)cc3)C(=O)N2C1... int=8 res=7 vina=-8.9 t=9815s
  [500/500] CCOC(=O)C1N2C(=O)C(NC(=O)Cc3ccc(N4CCOCC4... int=8 res=8 vina=-8.8 t=10518s

Results → paper/experiments/results_v3/3PJC/ga_seed6/results.json
Total: 10518s (21.0s/iter)
