============================================================
  Method: imgep_naive
  Target: 3EML
  Seed: 4
  Iterations: 500
  Output: paper/experiments/results_v3/3EML/imgep_naive_seed4
============================================================
Target: 3EML (EGFR, Kinase)
Pocket residues: 65
Behavior dim: 196
  [1/500] CC1(C)SC2C(NC(=O)Cc3ccccc3)C(=O)N2C1C(=O... int=5 res=5 vina=-8.5 t=16s
  [2/500] CC(C)Cc1ccc(C(C)C(=O)O)cc1... int=6 res=6 vina=-7.7 t=31s
  [3/500] CC(=O)Oc1ccccc1C(=O)O... int=8 res=8 vina=-6.3 t=45s
  [4/500] CC(=O)Nc1ccc(O)cc1... int=5 res=5 vina=-6.1 t=58s
  [5/500] OC(=O)c1ccccc1O... int=4 res=4 vina=-5.9 t=71s
  [25/500] COC(=O)c1ccc(C=O)cc1OC(C)=O... int=3 res=3 vina=-6.7 t=381s
  [50/500] COC(=O)c1ccc(C(C)(C)O)cc1... int=6 res=6 vina=-6.9 t=760s
  [75/500] CC(C(=O)O)c1ccc(N(C)C)cc1... int=4 res=4 vina=-6.7 t=1143s
  [100/500] CC(O)c1cc(Cl)cc(-c2ccc(CC(N)C(=O)O)cc2)c... int=7 res=6 vina=-9.6 t=1536s
  [125/500] CC(=O)CCC(=O)c1ccc(-c2cccc(C(C)O)c2)cc1... int=8 res=8 vina=-9.3 t=1926s
  [150/500] COc1cc(-c2ccc(C(=O)NCC(=O)O)cc2)cc(C(C)(... int=7 res=7 vina=-9.4 t=2365s
  [175/500] CC(C)(O)c1cccc(-c2ccc(C(=O)NCC(=O)O)cc2)... int=7 res=7 vina=-9.5 t=2784s
  [200/500] CC(C)NCC(O)COc1ccc(C(=O)CCCC(=O)O)cc1... int=9 res=8 vina=-7.6 t=3247s
  [225/500] CC(=O)Nc1ccc(Oc2ccc(C(=O)CCCNC(=N)N)cc2)... int=8 res=7 vina=-8.7 t=3674s
  [250/500] CC1=NC(c2ccc(-c3cc(O)cc(C(C)(C)O)c3)cc2)... int=8 res=8 vina=-10.2 t=4127s
  [275/500] CC(C)(O)c1cc(O)cc(-c2ccc(C(=O)CCC(N)C(=O... int=8 res=7 vina=-9.9 t=4570s
  [300/500] CC(=O)CCC(=O)c1ccc(N=Nc2ccc(C(=O)O)cc2)c... int=6 res=6 vina=-9.3 t=5077s
  [325/500] CCOC(=O)C(N)CCCC(=O)c1ccc(-c2cc(Cl)cc(CC... int=14 res=12 vina=-9.8 t=5592s
  [350/500] CCOC(=O)C(N)CCCC(=O)c1ccc(-c2cc(Cl)cc(CO... int=9 res=8 vina=-9.4 t=6080s
  [375/500] CC(C)(O)c1cc(Cl)cc(-c2ccc(C(=O)NCCN3CCOC... int=5 res=5 vina=-9.6 t=6582s
  [400/500] NC(=O)c1ccc(C(=O)NCCc2ccc(C(=O)OCCCc3ccc... int=12 res=11 vina=-10.4 t=7130s
  [425/500] CC(=O)N1CCN(c2ccc(-c3cc(O)cc(C(C)(C)O)c3... int=7 res=7 vina=-10.4 t=7616s
  [450/500] O=C(NCCc1ccc(C=Cc2ccccc2)cc1)c1ccc(CCCO)... int=10 res=9 vina=-9.8 t=8120s
  [475/500] N=C(N)c1ccc(C(=O)NCCc2ccc(-c3cc(Cl)cc(CC... int=11 res=9 vina=-10.4 t=8639s
  [500/500] O=CNc1ccc(CCNC(=O)c2ccc(-c3cc(Cl)cc(CCCO... int=9 res=8 vina=-10.1 t=9157s

Results → paper/experiments/results_v3/3EML/imgep_naive_seed4/results.json
Total: 9157s (18.3s/iter)
