============================================================
  Method: imgep_naive
  Target: 3V8D
  Seed: 5
  Iterations: 500
  Output: paper/experiments/results_v3/3V8D/imgep_naive_seed5
============================================================
Target: 3V8D (Thrombin, Serine protease)
Pocket residues: 95
Behavior dim: 286
  [1/500] CC1(C)SC2C(NC(=O)Cc3ccccc3)C(=O)N2C1C(=O... int=10 res=9 vina=-9.1 t=24s
  [2/500] CC(C)Cc1ccc(C(C)C(=O)O)cc1... int=5 res=5 vina=-6.8 t=41s
  [3/500] CC(=O)Oc1ccccc1C(=O)O... int=8 res=6 vina=-6.8 t=58s
  [4/500] CC(=O)Nc1ccc(O)cc1... int=7 res=5 vina=-6.1 t=72s
  [5/500] OC(=O)c1ccccc1O... int=4 res=4 vina=-6.0 t=85s
  [25/500] CCOC(=O)C1N2C(=O)C(NC(=O)Cc3cccc(C=O)c3)... int=12 res=12 vina=-8.6 t=419s
  [50/500] CC1(C)SC2C(NC(=O)Cc3cccc(C=CC(=O)O)c3)C(... int=9 res=9 vina=-10.3 t=839s
  [75/500] CC(=O)c1ccc(CC(=O)NC2C(=O)N3C2SC(C)(C)C3... int=10 res=10 vina=-9.4 t=1276s
  [100/500] CC1(C)SC2C(NC(=O)Cc3cccc(CC(N)=O)c3)C(=O... int=10 res=10 vina=-9.0 t=1703s
  [125/500] CCOC(=O)C1N2C(=O)C(NC(=O)Cc3cccc(Cl)c3)C... int=11 res=11 vina=-8.4 t=2126s
  [150/500] CC1(C)SC2C(NC(=O)Cc3ccc(O)c(C(=O)O)c3)C(... int=11 res=9 vina=-9.6 t=2585s
  [175/500] COc1ccc(CC(=O)NC2C(=O)N3C2SC(C)(C)C3C(=O... int=8 res=8 vina=-8.4 t=3023s
  [200/500] CCOC(=O)C1N2C(=O)C(NC(=O)Cc3ccc(O)c(C(=O... int=9 res=8 vina=-8.7 t=3469s
  [225/500] COc1cc(CC(=O)NC2C(=O)N3C2SC(C)(C)C3C(=O)... int=6 res=6 vina=-8.9 t=3936s
  [250/500] CCOC(=O)C1N2C(=O)C(NC(=O)Cc3cccc(-c4nn[n... int=10 res=10 vina=-9.4 t=4367s
  [275/500] COc1cc(CC(=O)NC2C(=O)N3C2SC(C)(C)C3C(=O)... int=6 res=6 vina=-8.9 t=4793s
  [300/500] CC1(C)SC2C(NC(=O)Cc3ccc(Br)cc3)C(=O)N2C1... int=8 res=8 vina=-8.5 t=5212s
  [325/500] COc1ccc(CC(=O)NC2C(=O)N3C2SC(C)(C)C3C(=O... int=11 res=11 vina=-8.5 t=5641s
  [350/500] CC1(C)SC2C(NC(=O)Cc3cc(Cl)cc(NC=O)c3)C(=... int=5 res=4 vina=-9.0 t=6064s
  [375/500] CCOC(=O)C1N2C(=O)C(NC(=O)Cc3cccc(C(N)=O)... int=8 res=8 vina=-9.0 t=6483s
  [400/500] CC1(C)SC2C(NC(=O)Cc3ccc(O)c(Cl)c3)C(=O)N... int=7 res=7 vina=-8.8 t=6912s
  [425/500] COc1cc(CC(=O)NC2C(=O)N3C2SC(C)(C)C3C(=O)... int=6 res=6 vina=-8.9 t=7364s
  [450/500] CC1(C)SC2C(NC(=O)Cc3ccc(NC=O)cc3)C(=O)N2... int=7 res=7 vina=-8.9 t=7800s
  [475/500] CC1(C)SC2C(NC(=O)Cc3cc(O)cc(NC=O)c3)C(=O... int=6 res=6 vina=-9.3 t=8244s
  [500/500] CC1(C)SC2C(NC(=O)Cc3cccc(Cl)c3)C(=O)N2C1... int=8 res=8 vina=-8.7 t=8687s

Results → paper/experiments/results_v3/3V8D/imgep_naive_seed5/results.json
Total: 8687s (17.4s/iter)
