============================================================
  Method: imgep
  Target: 3PJC
  Seed: 8
  Iterations: 500
  Output: paper/experiments/results_v3/3PJC/imgep_seed8
============================================================
Target: 3PJC (CDK2, Kinase)
Pocket residues: 60
Behavior dim: 181
  [1/500] CC1(C)SC2C(NC(=O)Cc3ccccc3)C(=O)N2C1C(=O... int=5 res=5 vina=-8.6 t=17s
  [2/500] CC(C)Cc1ccc(C(C)C(=O)O)cc1... int=8 res=8 vina=-7.7 t=33s
  [3/500] CC(=O)Oc1ccccc1C(=O)O... int=7 res=7 vina=-6.7 t=53s
  [4/500] CC(=O)Nc1ccc(O)cc1... int=9 res=9 vina=-6.2 t=67s
  [5/500] OC(=O)c1ccccc1O... int=6 res=6 vina=-6.1 t=81s
  [25/500] CC(=O)Oc1ccc(O)cc1C(=O)O... int=9 res=6 vina=-6.8 t=446s
  [50/500] CC(=O)Oc1ccccc1C(=O)O... int=7 res=7 vina=-6.7 t=874s
  [75/500] COC(=O)c1ccc(F)cc1OC(C)=O... int=4 res=4 vina=-6.5 t=1317s
  [100/500] CCOC(=O)C1N2C(=O)C(NC(=O)Cc3ccc(O)c(Cl)c... int=5 res=5 vina=-9.1 t=1751s
  [125/500] COC(=O)c1ccc(C(C)O)cc1OC... int=5 res=5 vina=-6.7 t=2205s
  [150/500] COc1ccc(-c2nn[nH]n2)cc1O... int=5 res=5 vina=-6.4 t=2656s
  [175/500] COc1ccc(C(C)(C)O)cc1... int=3 res=2 vina=-6.2 t=3068s
  [200/500] CC(C)(O)c1ccc(CO)cc1... int=5 res=4 vina=-6.5 t=3496s
  [225/500] COc1cc(C=CC(=O)O)ccc1C(=O)O... int=2 res=2 vina=-7.5 t=3958s
  [250/500] Nc1ccc(CCC(=O)O)cc1... int=4 res=4 vina=-6.6 t=4406s
  [275/500] CC(=O)Nc1ccc(C(C)=O)cc1... int=7 res=6 vina=-6.5 t=4847s
  [300/500] COC(=O)c1cccc(Cl)c1... int=5 res=5 vina=-5.8 t=5300s
  [325/500] COC(=O)c1cc(Cl)c(O)cc1OC(C)=O... int=4 res=4 vina=-6.6 t=5748s
  [350/500] COc1ccc(C=CC(=O)O)cc1OC... int=2 res=2 vina=-6.9 t=6191s
  [375/500] COC(=O)c1c(O)cc(C(C)N)cc1OC(C)=O... int=5 res=5 vina=-7.3 t=6651s
  [400/500] CCOC(=O)C1N2C(=O)C(NC(=O)Cc3cc(O)cc(Cl)c... int=5 res=5 vina=-9.0 t=7099s
  [425/500] COC(=O)c1ccc(F)cc1OC... int=3 res=2 vina=-6.0 t=7563s
  [450/500] NC(Cc1ccc(O)cc1)C(=O)O... int=0 res=0 vina=-6.8 t=8018s
  [475/500] COC(=O)c1cc(OC)c(O)cc1OC(C)=O... int=5 res=5 vina=-6.5 t=8461s
  [500/500] ON=Cc1ccccc1... int=6 res=6 vina=-6.2 t=8903s

Results → paper/experiments/results_v3/3PJC/imgep_seed8/results.json
Total: 8903s (17.8s/iter)
