============================================================
  Method: curiosity
  Target: 4MNE
  Seed: 3
  Iterations: 500
  Output: paper/experiments/results_v3/4MNE/curiosity_seed3
============================================================
Target: 4MNE (BRAF, Kinase)
Pocket residues: 68
Behavior dim: 205
  [1/500] CC1(C)SC2C(NC(=O)Cc3ccccc3)C(=O)N2C1C(=O... int=5 res=5 vina=-7.8 t=16s
  [2/500] CC(C)Cc1ccc(C(C)C(=O)O)cc1... int=8 res=8 vina=-7.8 t=30s
  [3/500] CC(=O)Oc1ccccc1C(=O)O... int=4 res=4 vina=-6.1 t=44s
  [4/500] CC(=O)Nc1ccc(O)cc1... int=8 res=6 vina=-6.2 t=60s
  [5/500] OC(=O)c1ccccc1O... int=8 res=6 vina=-6.2 t=75s
  [25/500] CC(=O)Oc1ccc(CC(=O)NC2C(=O)N3C2SC(C)(C)C... int=8 res=6 vina=-8.4 t=391s
  [50/500] COC(=O)c1ccc(CC(=O)NC2C(=O)N3C2SC(C)(C)C... int=6 res=4 vina=-7.7 t=822s
  [75/500] CCOC(=O)c1cc(C(C)=O)ccc1OC(C)=O... int=7 res=6 vina=-6.4 t=1204s
  [100/500] NC(=O)c1ccc(OC(=O)CCCO)c(C(=O)O)c1... int=7 res=7 vina=-7.6 t=1604s
  [125/500] CC(=O)Oc1ccc(CC(=O)NC2C(=O)N3C2SC(C)(C)C... int=8 res=6 vina=-8.4 t=1996s
  [150/500] CCCC(=O)Oc1c(OC)cc(C(N)=O)cc1C(=O)OCC... int=9 res=8 vina=-6.2 t=2406s
  [175/500] CC1(C)SC2C(NC(=O)Cc3cccc(C(=O)CCl)c3)C(=... int=8 res=7 vina=-8.2 t=2819s
  [200/500] CC(=O)CCC(=O)c1ccc(CC(=O)NC2C(=O)N3C2SC(... int=8 res=7 vina=-9.0 t=3230s
  [225/500] CC1(C)SC2C(NC(=O)Cc3ccc(CC(=O)NO)cc3)C(=... int=8 res=8 vina=-9.0 t=3635s
  [250/500] CC(=O)Oc1ccc(CC(=O)NC2C(=O)N3C2SC(C)(C)C... int=8 res=6 vina=-8.4 t=4070s
  [275/500] CC1=NC(c2ccc(C(C)N)cc2)C(=O)N1... int=5 res=5 vina=-8.5 t=4469s
  [300/500] CC(=O)Oc1ccc(CC(=O)NC2C(=O)N3C2SC(C)(C)C... int=8 res=6 vina=-8.4 t=4891s
  [325/500] CC(N)c1ccc(CC(=O)NC2C(=O)N3C2SC(C)(C)C3C... int=8 res=8 vina=-8.1 t=5324s
  [350/500] CCOC(=O)C1N2C(=O)C(NC(=O)Cc3ccc(C=CC(=O)... int=4 res=4 vina=-8.1 t=5759s
  [375/500] CCCC(=O)Oc1c(OC)cc(C=O)cc1C(=O)OCC... int=8 res=7 vina=-6.1 t=6190s
  [400/500] CCOC(=O)C1N2C(=O)C(NC(=O)Cc3ccc(C(=O)OC)... int=5 res=5 vina=-7.8 t=6608s
  [425/500] CC1(C)SC2C(NC(=O)Cc3ccc(-c4cccc(O)c4)cc3... int=8 res=8 vina=-9.6 t=7014s
  [450/500] CC(=O)Nc1ccc(CC(=O)NC2C(=O)N3C2SC(C)(C)C... int=8 res=7 vina=-8.8 t=7415s
  [475/500] CC1(C)SC2C(NC(=O)Cc3cc(O)cc(C=O)c3)C(=O)... int=5 res=5 vina=-8.3 t=7817s
  [500/500] CC(=O)Oc1ccc(O)cc1... int=2 res=2 vina=-6.1 t=8197s

Results → paper/experiments/results_v3/4MNE/curiosity_seed3/results.json
Total: 8197s (16.4s/iter)
