============================================================
  Method: random
  Target: 4DFR
  Seed: 0
  Iterations: 500
  Output: paper/experiments/results_v3/4DFR/random_seed0
============================================================
Target: 4DFR (DHFR, Oxidoreductase)
Pocket residues: 55
Behavior dim: 166
  [1/500] CC1(C)SC2C(NC(=O)Cc3ccccc3)C(=O)N2C1C(=O... int=6 res=6 vina=-8.0 t=8s
  [2/500] CC(C)Cc1ccc(C(C)C(=O)O)cc1... int=6 res=5 vina=-7.4 t=19s
  [3/500] CC(=O)Oc1ccccc1C(=O)O... int=6 res=5 vina=-5.6 t=25s
  [4/500] CC(=O)Nc1ccc(O)cc1... int=2 res=2 vina=-5.7 t=35s
  [5/500] OC(=O)c1ccccc1O... int=4 res=4 vina=-5.8 t=45s
  [25/500] CC(=O)Nc1ccc(O)c(OC(C)=O)c1... int=3 res=2 vina=-6.5 t=231s
  [50/500] CN(C)c1ccccc1... int=3 res=3 vina=-4.7 t=491s
  [75/500] CC(C(=O)O)c1ccc(O)cc1... int=6 res=6 vina=-6.1 t=741s
  [100/500] CCOC(=O)C(C)c1ccc(C(=O)O)cc1... int=6 res=6 vina=-6.5 t=1002s
  [125/500] CC(=O)Oc1cc(Cl)ccc1C... int=3 res=3 vina=-5.4 t=1289s
  [150/500] CCOC(=O)c1ccc(O)c(Cl)c1... int=3 res=3 vina=-5.6 t=1584s
  [175/500] CC(=O)Oc1ccccc1C(=O)O... int=6 res=5 vina=-5.6 t=1898s
  [200/500] COC(=O)c1cc(O)ccc1N... int=5 res=4 vina=-5.6 t=2233s
  [225/500] CC(=O)Oc1ccc(O)cc1... int=2 res=2 vina=-5.3 t=2548s
  [250/500] CCOC(=O)c1cc(Cl)ccc1OC(C)=O... int=5 res=5 vina=-6.5 t=2885s
  [275/500] CCCC(=O)Oc1ccc(Cl)cc1C(=O)OCC... int=6 res=6 vina=-6.7 t=3201s
  [300/500] CCOC(=O)c1cc(C(C)N)ccc1OC(C)=O... int=5 res=5 vina=-6.8 t=3535s
  [325/500] O=Cc1ccc(O)c(O)c1... int=3 res=3 vina=-5.4 t=3860s
  [350/500] CC(=O)Oc1cc(F)ccc1C(=O)O... int=4 res=4 vina=-6.3 t=4176s
  [375/500] COc1cc(C=O)ccc1O... int=2 res=2 vina=-5.3 t=4510s
  [400/500] CCC(C)C(N)C(=O)O... int=0 res=0 vina=-4.8 t=4822s
  [425/500] CC(=O)Oc1ccc(N)cc1C(=O)O... int=2 res=2 vina=-6.3 t=5133s
  [450/500] COc1ccc(CC(N)C(=O)O)cc1OC... int=4 res=3 vina=-6.4 t=5445s
  [475/500] NCCCC(=O)Oc1cc(Cl)ccc1C(=O)O... int=4 res=4 vina=-6.6 t=5773s
  [500/500] CCOC(=O)c1cc(Cl)c(Cl)cc1OC... int=3 res=3 vina=-5.8 t=6097s

Results → paper/experiments/results_v3/4DFR/random_seed0/results.json
Total: 6097s (12.2s/iter)
