============================================================
  Method: ga
  Target: 3PJC
  Seed: 9
  Iterations: 500
  Output: paper/experiments/results_v3/3PJC/ga_seed9
============================================================
Target: 3PJC (CDK2, Kinase)
Pocket residues: 60
Behavior dim: 181
  [1/500] CC1(C)SC2C(NC(=O)Cc3ccccc3)C(=O)N2C1C(=O... int=5 res=5 vina=-8.6 t=15s
  [2/500] CC(C)Cc1ccc(C(C)C(=O)O)cc1... int=8 res=8 vina=-7.7 t=29s
  [3/500] CC(=O)Oc1ccccc1C(=O)O... int=7 res=7 vina=-6.7 t=40s
  [4/500] CC(=O)Nc1ccc(O)cc1... int=9 res=9 vina=-6.2 t=54s
  [5/500] OC(=O)c1ccccc1O... int=6 res=6 vina=-6.1 t=64s
  [25/500] CC(=O)Oc1ccc(CC(=O)NC2C(=O)N3C2SC(C)(C)C... int=8 res=8 vina=-10.0 t=392s
  [50/500] CCOC(=O)C(C)c1ccc(CC(=O)NC2C(=O)N3C2SC(C... int=12 res=12 vina=-10.0 t=844s
  [75/500] CC1(C)SC2C(NC(=O)Cc3ccc(C(=N)N)cc3)C(=O)... int=9 res=8 vina=-9.6 t=1304s
  [100/500] CC1(C)SC2C(NC(=O)COc3ccc(Br)cc3)C(=O)N2C... int=6 res=5 vina=-8.9 t=1783s
  [125/500] CCOC(=O)C1N2C(=O)C(NC(=O)Cc3ccc(C(=O)CCC... int=12 res=12 vina=-9.4 t=2273s
  [150/500] CC1(C)SC2C(NC(=O)Cc3ccc(NC(N)=S)cc3)C(=O... int=8 res=8 vina=-8.8 t=2768s
  [175/500] COc1ccc(CC(=O)NC2C(=O)N3C2SC(C)(C)C3C(=O... int=7 res=7 vina=-8.7 t=3244s
  [200/500] CC(N)Cc1cccc(-c2ccc(OCC(=O)NC3C(=O)N4C3S... int=15 res=13 vina=-10.2 t=3764s
  [225/500] CC(C)C(NC(=O)OC(C)(C)C)C(=O)NC1C(=O)N2C1... int=3 res=3 vina=-7.7 t=4263s
  [250/500] CC(N)c1cccc(-c2ccc(CC(=O)NC3C(=O)N4C3SC(... int=11 res=10 vina=-10.6 t=4774s
  [275/500] CC1=NC(c2ccc(CC(=O)NC3C(=O)N4C3SC(C)(C)C... int=9 res=9 vina=-9.5 t=5257s
  [300/500] CCOC(=O)C1N2C(=O)C(NC(=O)Cc3ccc(C(=O)O)c... int=5 res=5 vina=-8.6 t=5765s
  [325/500] CCOC(=O)C1N2C(=O)C(NC(=O)Cc3ccc(OC(C)=O)... int=11 res=10 vina=-8.6 t=6302s
  [350/500] CCOC(=O)C1N2C(=O)C(NC(=O)Cc3ccc(N4CCOCC4... int=8 res=8 vina=-8.8 t=6832s
  [375/500] CC1=NC(c2ccc(CC(=O)NC3C(=O)N4C3SC(C)(C)C... int=9 res=9 vina=-9.5 t=7375s
  [400/500] CCOC(=O)C1N2C(=O)C(NC(=O)COc3ccc(C(O)c4c... int=8 res=7 vina=-8.8 t=8019s
  [425/500] CC1(C)SC2C(NC(=O)Cc3ccc(C(=O)Nc4ccccc4)c... int=12 res=11 vina=-10.9 t=8620s
  [450/500] CC(N)c1cccc(-c2ccc(OCC(=O)NC3C(=O)N4C3SC... int=9 res=8 vina=-10.2 t=9261s
  [475/500] CC(=O)c1ccc(CC(=O)NC2C(=O)N3C2SC(C)(C)C3... int=9 res=8 vina=-9.5 t=9938s
  [500/500] CC1(C)SC2C(NC(=O)Cc3ccc(CCCOC(=O)c4ccccc... int=12 res=11 vina=-10.4 t=10591s

Results → paper/experiments/results_v3/3PJC/ga_seed9/results.json
Total: 10591s (21.2s/iter)
