============================================================
  Method: random
  Target: 3PJC
  Seed: 3
  Iterations: 500
  Output: paper/experiments/results_v3/3PJC/random_seed3
============================================================
Target: 3PJC (CDK2, Kinase)
Pocket residues: 60
Behavior dim: 181
  [1/500] CC1(C)SC2C(NC(=O)Cc3ccccc3)C(=O)N2C1C(=O... int=5 res=5 vina=-8.6 t=12s
  [2/500] CC(C)Cc1ccc(C(C)C(=O)O)cc1... int=8 res=8 vina=-7.7 t=23s
  [3/500] CC(=O)Oc1ccccc1C(=O)O... int=7 res=7 vina=-6.7 t=35s
  [4/500] CC(=O)Nc1ccc(O)cc1... int=9 res=9 vina=-6.2 t=45s
  [5/500] OC(=O)c1ccccc1O... int=6 res=6 vina=-6.1 t=55s
  [25/500] CC1(C)SC2C(NC(=O)Cc3ccc(O)cc3)C(=O)N2C1C... int=7 res=7 vina=-9.2 t=308s
  [50/500] CCOC(=O)c1ccc(N)cc1OC(C)=O... int=8 res=7 vina=-6.8 t=682s
  [75/500] CCCC(=O)Oc1cc(O)cc(O)c1C(=O)OCC... int=8 res=6 vina=-7.3 t=1072s
  [100/500] CC(N)c1ccc(C(C)N)cc1... int=5 res=5 vina=-6.7 t=1469s
  [125/500] CC(N)Cc1ccc(O)c(O)c1... int=9 res=9 vina=-7.0 t=1850s
  [150/500] ON=Cc1ccccc1... int=6 res=6 vina=-6.2 t=2204s
  [175/500] CC(=O)Nc1cccc(N)c1... int=5 res=4 vina=-6.1 t=2550s
  [200/500] CN(C)c1ccc(Br)cc1... int=3 res=3 vina=-5.3 t=2918s
  [225/500] CC(=O)Oc1ccc(F)cc1C(=O)O... int=6 res=6 vina=-7.0 t=3280s
  [250/500] CC(N)c1ccc(Br)cc1... int=6 res=5 vina=-6.0 t=3624s
  [275/500] CC(=O)CCC(=O)c1ccc(O)cc1... int=5 res=5 vina=-7.1 t=3971s
  [300/500] COc1ccc(-c2ccc(O)c(OC)c2)cc1... int=3 res=3 vina=-8.1 t=4310s
  [325/500] NCCCC(=O)Oc1cc(F)ccc1C(=O)O... int=10 res=8 vina=-7.6 t=4645s
  [350/500] COC(=O)c1cc(O)c(C(=O)O)c(OC(C)=O)c1... int=8 res=8 vina=-6.9 t=4980s
  [375/500] CC(C(=O)O)c1ccc(Cl)cc1... int=7 res=7 vina=-6.7 t=5358s
  [400/500] CC(=O)c1ccc(N)cc1... int=5 res=4 vina=-5.8 t=5711s
  [425/500] COc1cc(C(C)C)ccc1O... int=7 res=6 vina=-7.1 t=6039s
  [450/500] CCCC(=O)Oc1cc(F)ccc1C(=O)OC... int=5 res=4 vina=-7.0 t=6388s
  [475/500] COc1cccc2cc(C(=O)O)c(=O)oc12... int=4 res=4 vina=-7.9 t=6754s
  [500/500] CC(=O)c1ccc(Cl)cc1... int=4 res=3 vina=-6.0 t=7098s

Results → paper/experiments/results_v3/3PJC/random_seed3/results.json
Total: 7098s (14.2s/iter)
