============================================================
  Method: ga
  Target: 3V8D
  Seed: 9
  Iterations: 500
  Output: paper/experiments/results_v3/3V8D/ga_seed9
============================================================
Target: 3V8D (Thrombin, Serine protease)
Pocket residues: 95
Behavior dim: 286
  [1/500] CC1(C)SC2C(NC(=O)Cc3ccccc3)C(=O)N2C1C(=O... int=10 res=9 vina=-9.1 t=14s
  [2/500] CC(C)Cc1ccc(C(C)C(=O)O)cc1... int=5 res=5 vina=-6.8 t=27s
  [3/500] CC(=O)Oc1ccccc1C(=O)O... int=8 res=6 vina=-6.8 t=38s
  [4/500] CC(=O)Nc1ccc(O)cc1... int=7 res=5 vina=-6.1 t=49s
  [5/500] OC(=O)c1ccccc1O... int=4 res=4 vina=-6.0 t=58s
  [25/500] CC1(C)SC2C(NC(=O)Cc3cc(Cl)cc(CC(N)=O)c3)... int=8 res=7 vina=-9.6 t=349s
  [50/500] CCOC(=O)c1cccc(CC(=O)NC2C(=O)N3C2SC(C)(C... int=6 res=6 vina=-8.8 t=720s
  [75/500] CCOC(=O)C1N2C(=O)C(NC(=O)Cc3cccc(C(N)=O)... int=8 res=8 vina=-9.0 t=1099s
  [100/500] CCOC(=O)C1N2C(=O)C(NC(=O)Cc3cccc(C(N)=O)... int=8 res=8 vina=-9.0 t=1471s
  [125/500] CC(C)Cc1cc(CC(=O)NC2C(=O)N3C2SC(C)(C)C3C... int=8 res=7 vina=-8.0 t=1848s
  [150/500] CCOC(=O)C1N2C(=O)C(NC(=O)Cc3cccc(N)c3)C2... int=9 res=8 vina=-8.6 t=2208s
  [175/500] CC1(C)SC2C(NC(=O)Cc3cccc(OC(F)(F)F)c3)C(... int=10 res=9 vina=-10.1 t=2576s
  [200/500] CC1(C)SC2C(NC(=O)Cc3cccc(-c4cc(Cl)cc(Cl)... int=8 res=8 vina=-10.2 t=2960s
  [225/500] CC1(C)SC2C(NC(=O)Cc3cc(Cl)cc(-c4nn[nH]n4... int=6 res=6 vina=-9.8 t=3357s
  [250/500] CC1(C)SC2C(NC(=O)Cc3cccc(Cl)c3)C(=O)N2C1... int=8 res=8 vina=-8.7 t=3738s
  [275/500] CCOC(=O)c1cccc(CC(=O)NC2C(=O)N3C2SC(C)(C... int=6 res=6 vina=-8.8 t=4157s
  [300/500] CC1(C)SC2C(NC(=O)Cc3cccc(-c4cc(F)cc(C(=O... int=5 res=5 vina=-11.1 t=4580s
  [325/500] CC1(C)SC2C(NC(=O)Cc3cc(CC(N)C(=O)O)cc(C(... int=9 res=8 vina=-9.8 t=5038s
  [350/500] CC1(C)SC2C(NC(=O)Cc3cc(Cl)cc(C=CC(=O)O)c... int=7 res=7 vina=-9.3 t=5520s
  [375/500] CC1(C)SC2C(NC(=O)Cc3cccc(OC(F)(F)F)c3)C(... int=10 res=9 vina=-10.1 t=5999s
  [400/500] COc1cc(C=CC(=O)O)cc(CC(=O)NC2C(=O)N3C2SC... int=7 res=6 vina=-9.0 t=6483s
  [425/500] CC1(C)SC2C(NC(=O)Cc3cc(Cl)cc(C(=O)CCl)c3... int=6 res=6 vina=-9.0 t=6956s
  [450/500] CC1(C)SC2C(NC(=O)Cc3cc(O)cc(-c4cc(F)cc(C... int=8 res=8 vina=-11.1 t=7435s
  [475/500] CC1(C)SC2C(NC(=O)Cc3cc(Cl)cc(CCN)c3)C(=O... int=10 res=9 vina=-8.6 t=7929s
  [500/500] CC1(C)SC2C(NC(=O)Cc3ccc(O)c(OC(F)(F)F)c3... int=9 res=8 vina=-10.4 t=8441s

Results → paper/experiments/results_v3/3V8D/ga_seed9/results.json
Total: 8441s (16.9s/iter)
