============================================================
  Method: imgep
  Target: 3PJC
  Seed: 6
  Iterations: 500
  Output: paper/experiments/results_v3/3PJC/imgep_seed6
============================================================
Target: 3PJC (CDK2, Kinase)
Pocket residues: 60
Behavior dim: 181
  [1/500] CC1(C)SC2C(NC(=O)Cc3ccccc3)C(=O)N2C1C(=O... int=5 res=5 vina=-8.6 t=18s
  [2/500] CC(C)Cc1ccc(C(C)C(=O)O)cc1... int=8 res=8 vina=-7.7 t=36s
  [3/500] CC(=O)Oc1ccccc1C(=O)O... int=7 res=7 vina=-6.7 t=50s
  [4/500] CC(=O)Nc1ccc(O)cc1... int=9 res=9 vina=-6.2 t=65s
  [5/500] OC(=O)c1ccccc1O... int=6 res=6 vina=-6.1 t=83s
  [25/500] CC1(C)SC2C(NC(=O)COc3ccc(O)cc3)C(=O)N2C1... int=8 res=8 vina=-9.1 t=448s
  [50/500] CC(=O)Oc1cc(N)cc(O)c1C(=O)O... int=8 res=6 vina=-7.1 t=913s
  [75/500] O=S(=O)(O)c1ccc(CO)cc1... int=3 res=2 vina=-6.2 t=1387s
  [100/500] CCOC(=O)C1N2C(=O)C(NC(=O)Cc3ccc(NC(C)=O)... int=11 res=11 vina=-8.4 t=1848s
  [125/500] CC(C)(O)c1cccc(F)c1... int=1 res=1 vina=-6.3 t=2320s
  [150/500] CC(C(=O)O)c1ccc(C(=O)NCC(=O)O)cc1... int=7 res=5 vina=-8.2 t=2778s
  [175/500] CC(=O)Nc1ccc(CC(=O)NC2C(=O)N3C2SC(C)(C)C... int=10 res=9 vina=-8.8 t=3229s
  [200/500] CC(=O)Nc1ccc(O)cc1... int=9 res=9 vina=-6.2 t=3688s
  [225/500] CC1(C)SC2C(NC(=O)COc3ccc(N4CCOCC4)cc3)C(... int=8 res=8 vina=-9.2 t=4176s
  [250/500] COc1ccc(CC(=O)NC2C(=O)N3C2SC(C)(C)C3C(=O... int=7 res=7 vina=-8.7 t=4709s
  [275/500] CC1(C)SC2C(NC(=O)Cc3ccc(S(=O)(=O)O)cc3)C... int=11 res=10 vina=-9.3 t=5179s
  [300/500] COc1cc(N)cc(C(=O)O)c1OC(=O)CCCO... int=10 res=8 vina=-7.5 t=5665s
  [325/500] Oc1ccc(Cl)cc1Cl... int=5 res=5 vina=-5.6 t=6110s
  [350/500] CN(C)c1ccc(C(C)(C)O)cc1... int=1 res=1 vina=-6.4 t=6587s
  [375/500] CC(C)NCC(O)COc1ccc(C=CC(=O)O)cc1... int=7 res=7 vina=-7.7 t=7059s
  [400/500] CC(O)c1ccc2cc(O)ccc2c1... int=6 res=5 vina=-8.0 t=7528s
  [425/500] CCOC(=O)C1N2C(=O)C(NC(=O)Cc3ccc(N(C)C)cc... int=9 res=8 vina=-8.3 t=8003s
  [450/500] COC(=O)c1ccc(O)cc1OC(C)=O... int=8 res=6 vina=-6.6 t=8454s
  [475/500] O=C(CCl)c1ccccc1... int=3 res=2 vina=-5.7 t=8881s
  [500/500] CC1(C)SC2C(NC(=O)Cc3ccc(NC=O)cc3)C(=O)N2... int=8 res=8 vina=-9.1 t=9320s

Results → paper/experiments/results_v3/3PJC/imgep_seed6/results.json
Total: 9320s (18.6s/iter)
