============================================================
  Method: imgep
  Target: 3V8D
  Seed: 2
  Iterations: 500
  Output: paper/experiments/results_v3/3V8D/imgep_seed2
============================================================
Target: 3V8D (Thrombin, Serine protease)
Pocket residues: 95
Behavior dim: 286
  [1/500] CC1(C)SC2C(NC(=O)Cc3ccccc3)C(=O)N2C1C(=O... int=10 res=9 vina=-9.1 t=14s
  [2/500] CC(C)Cc1ccc(C(C)C(=O)O)cc1... int=5 res=5 vina=-6.8 t=26s
  [3/500] CC(=O)Oc1ccccc1C(=O)O... int=8 res=6 vina=-6.8 t=37s
  [4/500] CC(=O)Nc1ccc(O)cc1... int=7 res=5 vina=-6.1 t=51s
  [5/500] OC(=O)c1ccccc1O... int=4 res=4 vina=-6.0 t=62s
  [25/500] O=C(O)C=Cc1ccc(O)c(O)c1... int=5 res=5 vina=-6.3 t=375s
  [50/500] CC(C)Cc1ccc(-c2cccc(C(C)O)c2)cc1... int=6 res=6 vina=-8.7 t=767s
  [75/500] CCOC(=O)C1N2C(=O)C(NC(=O)Cc3cc(O)cc(Cl)c... int=9 res=8 vina=-8.7 t=1167s
  [100/500] CC(C)c1cccc(CC(=O)NC2C(=O)N3C2SC(C)(C)C3... int=6 res=6 vina=-9.1 t=1604s
  [125/500] CCOC(=O)C1N2C(=O)C(NC(=O)Cc3ccc(N(C)C)cc... int=7 res=6 vina=-8.2 t=2009s
  [150/500] COc1ccc(OC(F)(F)F)cc1OC... int=1 res=1 vina=-6.0 t=2400s
  [175/500] CCOC(=O)C1N2C(=O)C(NC(=O)COc3ccc(CC(C)C)... int=8 res=7 vina=-8.5 t=2797s
  [200/500] NC(=O)Cc1ccc(C(=O)c2cccc(Cl)c2)cc1... int=6 res=6 vina=-7.7 t=3209s
  [225/500] CCOC(=O)C1N2C(=O)C(NC(=O)Cc3ccc(NC(N)=S)... int=5 res=5 vina=-8.7 t=3625s
  [250/500] CC(=O)Oc1ccc(C=O)cc1C(=O)O... int=4 res=3 vina=-6.2 t=4054s
  [275/500] CCOC(=O)C1N2C(=O)C(NC(=O)COc3ccc(OC(C)=O... int=11 res=11 vina=-8.1 t=4460s
  [300/500] CCOC(=O)C1N2C(=O)C(NC(=O)Cc3ccc(C(=O)O)c... int=8 res=7 vina=-8.4 t=4905s
  [325/500] CC(C)Cc1ccc(OCC(=O)NC2C(=O)N3C2SC(C)(C)C... int=5 res=5 vina=-8.7 t=5323s
  [350/500] CCOC(=O)C1N2C(=O)C(NC(=O)Cc3ccc(CC(N)=O)... int=9 res=9 vina=-8.8 t=5738s
  [375/500] CC(C)(O)c1ccccc1... int=5 res=5 vina=-5.6 t=6165s
  [400/500] CC1(C)SC2C(NC(=O)C(N)c3ccc(Br)cc3)C(=O)N... int=6 res=6 vina=-8.7 t=6581s
  [425/500] COc1cc(Nc2ncccn2)ccc1O... int=5 res=4 vina=-7.3 t=7010s
  [450/500] CC(C)Cc1ccc(CC(=O)NC2C(=O)N3C2SC(C)(C)C3... int=10 res=10 vina=-8.9 t=7442s
  [475/500] CC(C)Cc1ccc(C(=O)c2cc(Cl)ccc2O)cc1... int=6 res=6 vina=-8.0 t=7867s
  [500/500] CC(C)NCC(O)COc1ccc(I)cc1... int=9 res=8 vina=-6.7 t=8286s

Results → paper/experiments/results_v3/3V8D/imgep_seed2/results.json
Total: 8286s (16.6s/iter)
