============================================================
  Method: ga
  Target: 4DFR
  Seed: 1
  Iterations: 500
  Output: paper/experiments/results_v3/4DFR/ga_seed1
============================================================
Target: 4DFR (DHFR, Oxidoreductase)
Pocket residues: 55
Behavior dim: 166
  [1/500] CC1(C)SC2C(NC(=O)Cc3ccccc3)C(=O)N2C1C(=O... int=6 res=6 vina=-8.0 t=17s
  [2/500] CC(C)Cc1ccc(C(C)C(=O)O)cc1... int=6 res=5 vina=-7.4 t=31s
  [3/500] CC(=O)Oc1ccccc1C(=O)O... int=6 res=5 vina=-5.6 t=46s
  [4/500] CC(=O)Nc1ccc(O)cc1... int=2 res=2 vina=-5.7 t=63s
  [5/500] OC(=O)c1ccccc1O... int=4 res=4 vina=-5.8 t=79s
  [25/500] CC(C)c1cc(O)cc(CC(=O)NC2C(=O)N3C2SC(C)(C... int=9 res=7 vina=-8.7 t=455s
  [50/500] CC1(C)SC2C(NC(=O)Cc3cccc(CCC(=O)O)c3)C(=... int=4 res=4 vina=-9.0 t=994s
  [75/500] CC(C)c1cc(O)cc(CC(=O)NC2C(=O)N3C2SC(C)(C... int=9 res=7 vina=-8.7 t=1540s
  [100/500] CCN(CC)C(=O)c1cc(CC(=O)NC2C(=O)N3C2SC(C)... int=8 res=8 vina=-9.1 t=2006s
  [125/500] CC1(C)SC2C(NC(=O)Cc3cc(CCN)cc(C(N)=O)c3)... int=7 res=7 vina=-9.0 t=2428s
  [150/500] CC(N)Cc1cc(CC(=O)NC2C(=O)N3C2SC(C)(C)C3C... int=10 res=10 vina=-8.3 t=2976s
  [175/500] CCOC(=O)C1N2C(=O)C(NC(=O)Cc3cc(CC(=O)NO)... int=6 res=6 vina=-9.4 t=3522s
  [200/500] CC1(C)SC2C(NC(=O)Cc3cc(O)cc(CCN)c3)C(=O)... int=6 res=6 vina=-8.7 t=4074s
  [225/500] CC1(C)SC2C(NC(=O)Cc3cc(O)cc(CCN)c3)C(=O)... int=6 res=6 vina=-8.7 t=4659s
  [250/500] CC1(C)SC2C(NC(=O)Cc3cccc(C=O)c3)C(=O)N2C... int=8 res=8 vina=-8.3 t=5220s
  [275/500] CC(C)(O)c1cc(O)cc(CC(=O)NC2C(=O)N3C2SC(C... int=4 res=4 vina=-9.1 t=5741s
  [300/500] CC(C)(O)c1cc(CC(=O)NC2C(=O)N3C2SC(C)(C)C... int=8 res=7 vina=-9.5 t=6300s
  [325/500] CC(C)(O)c1cc(COc2ccccc2)cc(CC(=O)NC2C(=O... int=8 res=8 vina=-9.6 t=6815s
  [350/500] CC1(C)SC2C(NC(=O)Cc3cc(CCN4CCCC4)cc(C(=O... int=7 res=6 vina=-9.3 t=7374s
  [375/500] CC(C)(O)c1cc(COc2ccccc2)cc(CC(=O)NC2C(=O... int=8 res=8 vina=-9.6 t=7927s
  [400/500] CCOC(=O)C1N2C(=O)C(NC(=O)Cc3cc(CC(C)N)cc... int=6 res=6 vina=-8.3 t=8484s
  [425/500] CC(C)(O)c1cc(CCC(=O)O)cc(CC(=O)NC2C(=O)N... int=7 res=6 vina=-9.2 t=9050s
  [450/500] CCN(CC)C(=O)c1cc(CC(=O)NC2C(=O)N3C2SC(C)... int=8 res=8 vina=-9.1 t=9622s
  [475/500] CC(C)(O)c1cc(CC(=O)NC2C(=O)N3C2SC(C)(C)C... int=7 res=6 vina=-9.7 t=10257s
  [500/500] CC1(C)SC2C(NC(=O)Cc3cc(O)cc(COc4cccc(N)c... int=6 res=6 vina=-9.1 t=10820s

Results → paper/experiments/results_v3/4DFR/ga_seed1/results.json
Total: 10820s (21.6s/iter)
