============================================================
  Method: ga
  Target: 3PJC
  Seed: 8
  Iterations: 500
  Output: paper/experiments/results_v3/3PJC/ga_seed8
============================================================
Target: 3PJC (CDK2, Kinase)
Pocket residues: 60
Behavior dim: 181
  [1/500] CC1(C)SC2C(NC(=O)Cc3ccccc3)C(=O)N2C1C(=O... int=5 res=5 vina=-8.6 t=14s
  [2/500] CC(C)Cc1ccc(C(C)C(=O)O)cc1... int=8 res=8 vina=-7.7 t=26s
  [3/500] CC(=O)Oc1ccccc1C(=O)O... int=7 res=7 vina=-6.7 t=41s
  [4/500] CC(=O)Nc1ccc(O)cc1... int=9 res=9 vina=-6.2 t=51s
  [5/500] OC(=O)c1ccccc1O... int=6 res=6 vina=-6.1 t=64s
  [25/500] CCOC(=O)C1N2C(=O)C(NC(=O)Cc3ccc(OC(C)=O)... int=11 res=10 vina=-8.6 t=380s
  [50/500] CC1(C)SC2C(NC(=O)Cc3ccc(C(=O)CCl)cc3)C(=... int=7 res=6 vina=-9.0 t=804s
  [75/500] CCN(CC)C(=O)c1ccc(CC(=O)NC2C(=O)N3C2SC(C... int=7 res=7 vina=-9.3 t=1259s
  [100/500] CC1(C)SC2C(NC(=O)COc3ccc(C(=N)N)cc3)C(=O... int=7 res=7 vina=-9.2 t=1723s
  [125/500] CCOC(=O)C1N2C(=O)C(NC(=O)Cc3ccc(N4CCOCC4... int=8 res=8 vina=-8.8 t=2209s
  [150/500] COC(=O)c1ccc(CC(=O)NC2C(=O)N3C2SC(C)(C)C... int=9 res=8 vina=-9.5 t=2698s
  [175/500] CC1(C)SC2C(NC(=O)Cc3ccc(OC(=O)CCCN)cc3)C... int=13 res=12 vina=-8.7 t=3190s
  [200/500] COC(=O)c1ccc(CC(=O)NC2C(=O)N3C2SC(C)(C)C... int=9 res=8 vina=-9.5 t=3682s
  [225/500] CC1(C)SC2C(NC(=O)Cc3ccc(OC(=O)CCCO)cc3)C... int=12 res=11 vina=-9.0 t=4185s
  [250/500] CCOC(=O)C1N2C(=O)C(NC(=O)Cc3ccc(N4CCOCC4... int=8 res=8 vina=-8.8 t=4687s
  [275/500] CC(=O)Nc1ccc(OCC(=O)NC2C(=O)N3C2SC(C)(C)... int=7 res=7 vina=-9.0 t=5203s
  [300/500] CC1(C)SC2C(NC(=O)Cc3ccc(CC(N)C(=O)O)cc3)... int=12 res=11 vina=-10.0 t=5737s
  [325/500] CN(C)c1ccc(CC(=O)NC2C(=O)N3C2SC(C)(C)C3C... int=7 res=7 vina=-9.2 t=6225s
  [350/500] CC(C)Cc1ccc(OCC(=O)NC2C(=O)N3C2SC(C)(C)C... int=9 res=8 vina=-9.4 t=6769s
  [375/500] CCOC(=O)C1N2C(=O)C(NC(=O)Cc3ccc(C=Cc4ccc... int=13 res=12 vina=-10.5 t=7306s
  [400/500] CC(=O)Oc1ccc(CC(=O)NC2C(=O)N3C2SC(C)(C)C... int=8 res=8 vina=-10.0 t=7850s
  [425/500] CC1(C)SC2C(NC(=O)Cc3ccc(C=Cc4cc(O)cc(O)c... int=6 res=5 vina=-11.3 t=8472s
  [450/500] CCOC(=O)C1N2C(=O)C(NC(=O)Cc3ccc(OC(C)=O)... int=11 res=10 vina=-8.6 t=9097s
  [475/500] CCOC(=O)C1N2C(=O)C(NC(=O)COc3ccc(C(=O)CC... int=9 res=9 vina=-8.4 t=9746s
  [500/500] CC1(C)SC2C(NC(=O)Cc3ccc(NC(=O)c4ccc(C(=N... int=10 res=9 vina=-10.3 t=10342s

Results → paper/experiments/results_v3/3PJC/ga_seed8/results.json
Total: 10342s (20.7s/iter)
