============================================================
  Method: imgep
  Target: 4MNE
  Seed: 6
  Iterations: 500
  Output: paper/experiments/results_v3/4MNE/imgep_seed6
============================================================
Target: 4MNE (BRAF, Kinase)
Pocket residues: 68
Behavior dim: 205
  [1/500] CC1(C)SC2C(NC(=O)Cc3ccccc3)C(=O)N2C1C(=O... int=5 res=5 vina=-7.8 t=16s
  [2/500] CC(C)Cc1ccc(C(C)C(=O)O)cc1... int=8 res=8 vina=-7.8 t=35s
  [3/500] CC(=O)Oc1ccccc1C(=O)O... int=4 res=4 vina=-6.1 t=55s
  [4/500] CC(=O)Nc1ccc(O)cc1... int=8 res=6 vina=-6.2 t=72s
  [5/500] OC(=O)c1ccccc1O... int=8 res=6 vina=-6.2 t=89s
  [25/500] CC1(C)SC2C(NC(=O)Cc3ccc(C(=O)O)cc3)C(=O)... int=6 res=6 vina=-8.0 t=490s
  [50/500] CCOC(=O)C1N2C(=O)C(NC(=O)COc3ccc(C(N)=O)... int=5 res=5 vina=-8.8 t=972s
  [75/500] CC(=O)Oc1cc(Cl)ccc1C(=O)O... int=3 res=3 vina=-6.3 t=1416s
  [100/500] CN(C)c1ccc(CC(=O)NC2C(=O)N3C2SC(C)(C)C3C... int=4 res=4 vina=-7.8 t=1843s
  [125/500] CC(C)c1ccc(O)c(O)c1... int=7 res=6 vina=-6.8 t=2272s
  [150/500] CC(=O)CCC(=O)c1ccc(CC(=O)NC2C(=O)N3C2SC(... int=8 res=7 vina=-9.0 t=2721s
  [175/500] NC(Cc1ccc(F)cc1)C(=O)O... int=6 res=5 vina=-6.8 t=3166s
  [200/500] CC1(C)SC2C(NC(=O)Cc3ccc(CCN)cc3)C(=O)N2C... int=9 res=8 vina=-7.5 t=3585s
  [225/500] CC1(C)SC2C(NC(=O)Cc3ccc(Cl)cc3)C(=O)N2C1... int=5 res=4 vina=-8.0 t=4008s
  [250/500] COc1ccc2ccc(O)cc2c1... int=5 res=5 vina=-7.1 t=4465s
  [275/500] CCOC(=O)C1N2C(=O)C(NC(=O)Cc3ccccc3)C2SC1... int=4 res=4 vina=-7.4 t=4895s
  [300/500] COC(=O)c1ccc(O)c(O)c1... int=6 res=5 vina=-6.2 t=5309s
  [325/500] CC(=O)Nc1ccc(CC(=O)NC2C(=O)N3C2SC(C)(C)C... int=8 res=7 vina=-8.8 t=5752s
  [350/500] CCOC(=O)C1N2C(=O)C(NC(=O)Cc3ccc(CC(C)N)c... int=9 res=8 vina=-7.6 t=6215s
  [375/500] NC(=O)CC(N)C(=O)O... int=0 res=0 vina=-5.2 t=6672s
  [400/500] COC(=O)c1cc(O)cc(CC(=O)NC2C(=O)N3C2SC(C)... int=8 res=8 vina=-8.5 t=7149s
  [425/500] CC(C(=O)O)c1ccc(CC(=O)NC2C(=O)N3C2SC(C)(... int=6 res=6 vina=-8.8 t=7612s
  [450/500] CCC(C)C(N)C(=O)O... int=0 res=0 vina=-5.1 t=7997s
  [475/500] CC(O)c1cccc(N)c1... int=4 res=4 vina=-6.4 t=8402s
  [500/500] COc1ccc(N(C)C)cc1... int=2 res=2 vina=-5.7 t=8819s

Results → paper/experiments/results_v3/4MNE/imgep_seed6/results.json
Total: 8819s (17.6s/iter)
