============================================================
  Method: random
  Target: 1ERE
  Seed: 5
  Iterations: 500
  Output: paper/experiments/results_v3/1ERE/random_seed5
============================================================
Target: 1ERE (Estrogen Receptor α, Nuclear receptor)
Pocket residues: 71
Behavior dim: 214
  [1/500] CC1(C)SC2C(NC(=O)Cc3ccccc3)C(=O)N2C1C(=O... int=5 res=5 vina=-6.8 t=21s
  [2/500] CC(C)Cc1ccc(C(C)C(=O)O)cc1... int=6 res=6 vina=-7.4 t=30s
  [3/500] CC(=O)Oc1ccccc1C(=O)O... int=5 res=5 vina=-6.8 t=39s
  [4/500] CC(=O)Nc1ccc(O)cc1... int=5 res=5 vina=-6.1 t=50s
  [5/500] OC(=O)c1ccccc1O... int=5 res=5 vina=-6.2 t=58s
  [25/500] O=C(O)c1ccc(Cl)cc1O... int=4 res=4 vina=-6.4 t=281s
  [50/500] COc1ccc(CC(C)N)cc1O... int=6 res=6 vina=-6.5 t=579s
  [75/500] CCOC(=O)C1N2C(=O)C(NC(=O)Cc3cccc(Cl)c3)C... int=6 res=6 vina=-4.7 t=924s
  [100/500] CC(=O)CCC(=O)c1ccc(O)cc1... int=6 res=6 vina=-7.1 t=1288s
  [125/500] CC(C)c1ccc(O)c(O)c1... int=5 res=4 vina=-6.5 t=1655s
  [150/500] CCOC(=O)c1cc(O)c(O)cc1OC(C)=O... int=7 res=7 vina=-7.1 t=2009s
  [175/500] CC(C)c1ccc(O)c(O)c1... int=5 res=4 vina=-6.5 t=2335s
  [200/500] CC(=O)Nc1ccc(-c2cccc(C(C)O)c2)cc1... int=6 res=5 vina=-6.4 t=2674s
  [225/500] CC(=O)Oc1cc(F)ccc1C(=O)O... int=5 res=5 vina=-7.1 t=3019s
  [250/500] NC(=O)CC(N)C(=O)O... int=0 res=0 vina=-5.2 t=3379s
  [275/500] O=C(O)c1cccc(OC(F)(F)F)c1... int=3 res=3 vina=-7.0 t=3736s
  [300/500] CCOC(=O)c1cc(O)cc(OC)c1OC(C)=O... int=5 res=5 vina=-7.0 t=4086s
  [325/500] CCOC(=O)c1cc(O)cc(OC)c1OC(C)=O... int=5 res=5 vina=-7.0 t=4407s
  [350/500] CCOC(=O)c1cc(OC)c(O)cc1O... int=7 res=7 vina=-6.3 t=4745s
  [375/500] CCOC(=O)C1N2C(=O)C(NC(=O)COc3ccc(C(=N)N)... int=6 res=6 vina=-7.2 t=5113s
  [400/500] CC(=O)Oc1cc(Cl)ccc1C(=O)O... int=4 res=4 vina=-6.7 t=5490s
  [425/500] CC(CS)C(=O)N1CCCC1C(=O)O... int=5 res=5 vina=-6.5 t=5867s
  [450/500] CC(C)(C)OC(=O)NC1C(=O)N2C1SC(C)(C)C2C(=O... int=7 res=7 vina=-6.8 t=6206s
  [475/500] CCOC(=O)c1cc(OC)c(O)cc1OC... int=3 res=3 vina=-6.3 t=6548s
  [500/500] COc1ccc2cc(Cl)c(O)nc2c1... int=3 res=2 vina=-6.8 t=6934s

Results → paper/experiments/results_v3/1ERE/random_seed5/results.json
Total: 6934s (13.9s/iter)
