============================================================
  Method: curiosity
  Target: 1EVE
  Seed: 5
  Iterations: 500
  Output: paper/experiments/results_v3/1EVE/curiosity_seed5
============================================================
Target: 1EVE (AChE, Hydrolase)
Pocket residues: 76
Behavior dim: 229
  [1/500] CC1(C)SC2C(NC(=O)Cc3ccccc3)C(=O)N2C1C(=O... int=9 res=9 vina=-10.3 t=29s
  [2/500] CC(C)Cc1ccc(C(C)C(=O)O)cc1... int=5 res=5 vina=-8.7 t=52s
  [3/500] CC(=O)Oc1ccccc1C(=O)O... int=5 res=5 vina=-7.3 t=76s
  [4/500] CC(=O)Nc1ccc(O)cc1... int=3 res=3 vina=-6.7 t=101s
  [5/500] OC(=O)c1ccccc1O... int=4 res=4 vina=-6.9 t=129s
  [25/500] COC(=O)c1ccc(C(C)O)cc1OC(C)=O... int=4 res=4 vina=-7.8 t=649s
  [50/500] CCOC(=O)C1N2C(=O)C(NC(=O)Cc3ccc(N(C)C)cc... int=10 res=10 vina=-9.6 t=1332s
  [75/500] CC(=O)c1ccc(CC(=O)NC2C(=O)N3C2SC(C)(C)C3... int=7 res=7 vina=-10.8 t=2030s
  [100/500] CC1(C)SC2C(NC(=O)Cc3ccc(I)cc3)C(=O)N2C1C... int=8 res=8 vina=-10.3 t=2509s
  [125/500] CC1(C)SC2C(NC(=O)Cc3ccccc3)C(=O)N2C1C(=O... int=9 res=9 vina=-10.3 t=2912s
  [150/500] CCOC(=O)C1N2C(=O)C(NC(=O)Cc3ccc(C=CC(=O)... int=6 res=6 vina=-9.9 t=3323s
  [175/500] CC(C)(O)c1ccc(CC(=O)NC2C(=O)N3C2SC(C)(C)... int=11 res=11 vina=-10.9 t=3741s
  [200/500] CCOC(=O)C1N2C(=O)C(NC(=O)COc3ccc(C(C)=O)... int=8 res=8 vina=-10.2 t=4148s
  [225/500] CCOC(=O)C1N2C(=O)C(NC(=O)Cc3cccc(NC=O)c3... int=5 res=5 vina=-10.0 t=4552s
  [250/500] Fc1ccc(N2CCOCC2)cc1... int=0 res=0 vina=-7.2 t=4983s
  [275/500] CC(C)(O)c1ccc(CC(N)C(=O)O)cc1... int=6 res=6 vina=-8.7 t=5418s
  [300/500] CCOC(=O)C1N2C(=O)C(NC(=O)Cc3ccc(C(=O)OC)... int=13 res=12 vina=-10.4 t=5827s
  [325/500] CCOC(=O)c1ccc(C(C)C)cc1OC(C)=O... int=7 res=7 vina=-8.5 t=6199s
  [350/500] CCOC(=O)c1ccc(C=O)cc1OC(C)=O... int=3 res=3 vina=-7.4 t=6590s
  [375/500] CC(C(=O)O)c1ccc(CC(=O)NC2C(=O)N3C2SC(C)(... int=11 res=10 vina=-11.1 t=6989s
  [400/500] CCCC(=O)Oc1cc(C(C)N)ccc1C(=O)OCC... int=9 res=8 vina=-8.5 t=7357s
  [425/500] CCOC(=O)c1ccccc1OC... int=4 res=4 vina=-6.8 t=7730s
  [450/500] CCOC(=O)C1N2C(=O)C(NC(=O)Cc3ccc(Cl)cc3)C... int=7 res=6 vina=-9.9 t=8124s
  [475/500] COc1cc(CNC(=O)CCCC(=O)O)ccc1O... int=7 res=7 vina=-8.6 t=8521s
  [500/500] O=C(O)Cc1c[nH]c2ccccc12... int=3 res=3 vina=-7.7 t=8855s

Results → paper/experiments/results_v3/1EVE/curiosity_seed5/results.json
Total: 8855s (17.7s/iter)
