============================================================
  Method: random
  Target: 1ERE
  Seed: 0
  Iterations: 500
  Output: paper/experiments/results_v3/1ERE/random_seed0
============================================================
Target: 1ERE (Estrogen Receptor α, Nuclear receptor)
Pocket residues: 71
Behavior dim: 214
  [1/500] CC1(C)SC2C(NC(=O)Cc3ccccc3)C(=O)N2C1C(=O... int=5 res=5 vina=-6.8 t=11s
  [2/500] CC(C)Cc1ccc(C(C)C(=O)O)cc1... int=6 res=6 vina=-7.4 t=20s
  [3/500] CC(=O)Oc1ccccc1C(=O)O... int=5 res=5 vina=-6.8 t=28s
  [4/500] CC(=O)Nc1ccc(O)cc1... int=5 res=5 vina=-6.1 t=36s
  [5/500] OC(=O)c1ccccc1O... int=5 res=5 vina=-6.2 t=44s
  [25/500] CC(=O)Nc1ccc(C(C)N)cc1... int=6 res=5 vina=-6.4 t=223s
  [50/500] COc1cccc2cc(C(=O)O)c(=O)oc12... int=2 res=2 vina=-7.8 t=457s
  [75/500] CC(=O)Oc1ccc(N)cc1C(=O)O... int=6 res=6 vina=-6.7 t=690s
  [100/500] CCOC(=O)C(C)c1ccc(NC(C)=O)cc1... int=8 res=8 vina=-7.2 t=913s
  [125/500] CCCCC(=O)Oc1ccc(Cl)cc1C(=O)OCC... int=7 res=7 vina=-7.5 t=1146s
  [150/500] CC(=O)Oc1cc(F)cc(O)c1C(=O)O... int=7 res=7 vina=-7.1 t=1373s
  [175/500] CC1(C)SC2C(NC(=O)Cc3cccc(N)c3)C(=O)N2C1C... int=5 res=5 vina=-9.1 t=1644s
  [200/500] CC(C)C(N)C(=O)O... int=0 res=0 vina=-5.0 t=1929s
  [225/500] CC(=O)Oc1cc(O)cc(O)c1C(=O)O... int=3 res=3 vina=-6.5 t=2210s
  [250/500] CC(=O)Oc1ccccc1C(=O)O... int=5 res=5 vina=-6.8 t=2510s
  [275/500] CC(=O)Oc1ccc(N)cc1C(=O)O... int=6 res=6 vina=-6.7 t=2795s
  [300/500] COC(=O)c1ccc(CC(C)N)cc1OC... int=6 res=6 vina=-6.9 t=3100s
  [325/500] CCOC(=O)c1cc(Cl)c(Cl)cc1OC... int=5 res=5 vina=-6.4 t=3412s
  [350/500] CC(=O)Oc1ccc(N)cc1C(=O)O... int=6 res=6 vina=-6.7 t=3731s
  [375/500] CC(=O)Oc1cc(Cl)c(Cl)cc1C(=O)O... int=4 res=3 vina=-6.9 t=4046s
  [400/500] CCOC(=O)C1N2C(=O)C(NC(=O)Cc3cc(Cl)cc(Cl)... int=8 res=8 vina=-5.2 t=4374s
  [425/500] Oc1ccc(-c2cccc(Cl)c2)cc1O... int=6 res=6 vina=-8.8 t=4699s
  [450/500] CC(=O)Oc1ccc(C(=O)CCl)cc1C(=O)O... int=5 res=5 vina=-7.1 t=5037s
  [475/500] CC(=O)Oc1cc(O)ccc1C(=O)O... int=5 res=5 vina=-6.9 t=5390s
  [500/500] COc1ccc(-c2ccc(O)c(O)c2)cc1... int=7 res=7 vina=-7.8 t=5733s

Results → paper/experiments/results_v3/1ERE/random_seed0/results.json
Total: 5733s (11.5s/iter)
