============================================================
  Method: random
  Target: 3EML
  Seed: 3
  Iterations: 500
  Output: paper/experiments/results_v3/3EML/random_seed3
============================================================
Target: 3EML (EGFR, Kinase)
Pocket residues: 65
Behavior dim: 196
  [1/500] CC1(C)SC2C(NC(=O)Cc3ccccc3)C(=O)N2C1C(=O... int=5 res=5 vina=-8.5 t=12s
  [2/500] CC(C)Cc1ccc(C(C)C(=O)O)cc1... int=6 res=6 vina=-7.7 t=25s
  [3/500] CC(=O)Oc1ccccc1C(=O)O... int=8 res=8 vina=-6.3 t=40s
  [4/500] CC(=O)Nc1ccc(O)cc1... int=5 res=5 vina=-6.1 t=51s
  [5/500] OC(=O)c1ccccc1O... int=4 res=4 vina=-5.9 t=63s
  [25/500] CC1(C)SC2C(NC(=O)Cc3ccc(O)cc3)C(=O)N2C1C... int=5 res=5 vina=-8.9 t=338s
  [50/500] COC(=O)c1c(O)cc(N)cc1OC(C)=O... int=5 res=5 vina=-6.6 t=696s
  [75/500] CC(N)c1ccc(NC(N)=S)cc1... int=4 res=4 vina=-6.6 t=1070s
  [100/500] COc1ccc(CC(N)C(=O)O)cc1... int=6 res=5 vina=-6.9 t=1442s
  [125/500] CCOC(=O)c1c(O)cc(F)cc1OC(C)=O... int=7 res=7 vina=-6.7 t=1793s
  [150/500] COc1cc(Cl)cc(C(=O)O)c1OC(C)=O... int=4 res=4 vina=-6.6 t=2165s
  [175/500] CC(C)(O)c1ccc(C(=N)N)cc1... int=5 res=5 vina=-7.2 t=2539s
  [200/500] COc1cc(CCN)cc(OC)c1OC... int=4 res=4 vina=-6.1 t=2923s
  [225/500] CC(C(=O)O)c1ccc(OCC(=O)NC2C(=O)N3C2SC(C)... int=7 res=7 vina=-9.4 t=3318s
  [250/500] CCOC(=O)c1cc(N)cc(OC)c1OC(C)=O... int=2 res=2 vina=-6.5 t=3707s
  [275/500] CCOC(=O)C1N2C(=O)C(NC(=O)Cc3ccc(C(C)O)cc... int=9 res=9 vina=-8.5 t=4111s
  [300/500] CCOC(=O)c1c(O)cc(F)cc1OC(C)=O... int=7 res=7 vina=-6.7 t=4511s
  [325/500] COC(=O)c1ccc(C(=O)O)c(O)c1... int=3 res=3 vina=-6.7 t=4891s
  [350/500] OCC1OC(O)C(O)C(O)C1O... int=3 res=3 vina=-5.7 t=5300s
  [375/500] CCOC(=O)C1N2C(=O)C(NC(=O)Cc3ccc(CCC(=O)O... int=8 res=7 vina=-8.8 t=5719s
  [400/500] CN(C)c1ccc(CC(=O)NC2C(=O)N3C2SC(C)(C)C3C... int=6 res=5 vina=-9.0 t=6120s
  [425/500] CCOC(=O)C1N2C(=O)C(NC(=O)Cc3ccccc3)C2SC1... int=6 res=5 vina=-8.6 t=6507s
  [450/500] CC(=O)Oc1cc(Cl)cc(O)c1C(=O)O... int=7 res=7 vina=-7.0 t=6881s
  [475/500] COc1ccc(C=CC(=O)O)cc1... int=1 res=1 vina=-6.8 t=7275s
  [500/500] CC(C)CC(N)C(=O)O... int=0 res=0 vina=-4.9 t=7653s

Results → paper/experiments/results_v3/3EML/random_seed3/results.json
Total: 7653s (15.3s/iter)
