============================================================
  Method: imgep
  Target: 4DFR
  Seed: 9
  Iterations: 500
  Output: paper/experiments/results_v3/4DFR/imgep_seed9
============================================================
Target: 4DFR (DHFR, Oxidoreductase)
Pocket residues: 55
Behavior dim: 166
  [1/500] CC1(C)SC2C(NC(=O)Cc3ccccc3)C(=O)N2C1C(=O... int=6 res=6 vina=-8.0 t=14s
  [2/500] CC(C)Cc1ccc(C(C)C(=O)O)cc1... int=6 res=5 vina=-7.4 t=28s
  [3/500] CC(=O)Oc1ccccc1C(=O)O... int=6 res=5 vina=-5.6 t=41s
  [4/500] CC(=O)Nc1ccc(O)cc1... int=2 res=2 vina=-5.7 t=53s
  [5/500] OC(=O)c1ccccc1O... int=4 res=4 vina=-5.8 t=67s
  [25/500] CC1(C)SC2C(NC(=O)Cc3ccc(Br)cc3)C(=O)N2C1... int=7 res=7 vina=-8.0 t=367s
  [50/500] CC1(C)SC2C(NC(=O)Cc3cc(Cl)cc(NC=O)c3)C(=... int=4 res=4 vina=-8.3 t=744s
  [75/500] CCOC(=O)c1ccc(CCCO)cc1... int=5 res=5 vina=-6.3 t=1119s
  [100/500] CC1(C)SC2C(NC(=O)Cc3ccc(NC=O)cc3)C(=O)N2... int=5 res=5 vina=-8.0 t=1520s
  [125/500] CC1(C)SC2C(NC(=O)Cc3ccc(NC=O)cc3)C(=O)N2... int=5 res=5 vina=-8.0 t=1922s
  [150/500] N=C(N)c1ccc(N2CCOCC2)cc1... int=3 res=3 vina=-6.5 t=2295s
  [175/500] CC1(C)SC2C(NC(=O)Cc3ccccc3)C(=O)N2C1C(=O... int=6 res=6 vina=-8.0 t=2711s
  [200/500] CC(=O)c1ccc(O)cc1... int=4 res=4 vina=-5.3 t=3148s
  [225/500] CC(=O)Oc1ccc(C=CC(=O)O)cc1... int=5 res=5 vina=-6.3 t=3527s
  [250/500] CC1(C)SC2C(NC(=O)Cc3ccc(F)cc3)C(=O)N2C1C... int=4 res=4 vina=-8.5 t=3958s
  [275/500] COC(=O)c1cccc(CC(=O)NC2C(=O)N3C2SC(C)(C)... int=6 res=6 vina=-8.3 t=4353s
  [300/500] CC(C)Cc1ccc(N(C)C)cc1... int=4 res=4 vina=-6.1 t=4747s
  [325/500] CCCC(=O)Oc1ccc(OCC(=O)NC2C(=O)N3C2SC(C)(... int=7 res=7 vina=-8.3 t=5145s
  [350/500] CCOC(=O)C1N2C(=O)C(NC(=O)Cc3ccc(CC(C)C)c... int=7 res=7 vina=-8.3 t=5566s
  [375/500] NC(Cc1ccc(C=CC(=O)O)cc1)C(=O)O... int=5 res=4 vina=-7.2 t=5940s
  [400/500] CC1(C)SC2C(NC(=O)Cc3ccc(OC(F)(F)F)cc3)C(... int=2 res=2 vina=-8.9 t=6345s
  [425/500] CC(C(=O)O)c1ccc(OCC(=O)NC2C(=O)N3C2SC(C)... int=7 res=6 vina=-8.5 t=6768s
  [450/500] CCCC(=O)Oc1ccccc1C(=O)O... int=5 res=5 vina=-6.0 t=7194s
  [475/500] CC1(C)SC2C(NC(=O)Cc3ccc(C(=N)N)cc3)C(=O)... int=7 res=7 vina=-9.2 t=7588s
  [500/500] CC(=O)c1ccc(OCC(=O)NC2C(=O)N3C2SC(C)(C)C... int=5 res=4 vina=-8.4 t=8008s

Results → paper/experiments/results_v3/4DFR/imgep_seed9/results.json
Total: 8008s (16.0s/iter)
