============================================================
  Method: imgep_naive
  Target: 1EVE
  Seed: 2
  Iterations: 500
  Output: paper/experiments/results_v3/1EVE/imgep_naive_seed2
============================================================
Target: 1EVE (AChE, Hydrolase)
Pocket residues: 76
Behavior dim: 229
  [1/500] CC1(C)SC2C(NC(=O)Cc3ccccc3)C(=O)N2C1C(=O... int=9 res=9 vina=-10.3 t=15s
  [2/500] CC(C)Cc1ccc(C(C)C(=O)O)cc1... int=5 res=5 vina=-8.7 t=28s
  [3/500] CC(=O)Oc1ccccc1C(=O)O... int=5 res=5 vina=-7.3 t=44s
  [4/500] CC(=O)Nc1ccc(O)cc1... int=3 res=3 vina=-6.7 t=54s
  [5/500] OC(=O)c1ccccc1O... int=4 res=4 vina=-6.9 t=69s
  [25/500] CC1(C)SC2C(NC(=O)COc3ccc(C(=O)O)cc3)C(=O... int=9 res=9 vina=-10.3 t=377s
  [50/500] CC(C)C(NC(=O)OC(C)(C)C)C(=O)NC1C(=O)N2C1... int=2 res=2 vina=-9.9 t=840s
  [75/500] CCOC(=O)C1N2C(=O)C(NC(=O)COc3ccc(C(=O)OC... int=8 res=8 vina=-9.4 t=1270s
  [100/500] CC1(C)SC2C(NC(=O)Cc3ccc(F)cc3)C(=O)N2C1C... int=8 res=8 vina=-10.5 t=1725s
  [125/500] CC(=O)Oc1ccc(OCC(=O)NC2C(=O)N3C2SC(C)(C)... int=11 res=11 vina=-10.0 t=2214s
  [150/500] CCOC(=O)C1N2C(=O)C(NC(=O)COc3ccc(C(=O)NC... int=11 res=11 vina=-10.2 t=2688s
  [175/500] CC1(C)SC2C(NC(=O)Cc3ccc(C(=O)O)cc3)C(=O)... int=9 res=8 vina=-10.8 t=3164s
  [200/500] CC1(C)SC2C(NC(=O)COc3ccc(CC(N)C(=O)O)cc3... int=9 res=9 vina=-10.8 t=3654s
  [225/500] CCOC(=O)C1N2C(=O)C(NC(=O)COc3ccc(C(N)=O)... int=5 res=5 vina=-9.9 t=4138s
  [250/500] CCOC(=O)C1N2C(=O)C(NC(=O)COc3ccc(C=CC(=O... int=5 res=5 vina=-9.9 t=4629s
  [275/500] CCOC(=O)C1N2C(=O)C(NC(=O)COc3ccc(C(C)C(=... int=11 res=10 vina=-10.4 t=5108s
  [300/500] CCOC(=O)C1N2C(=O)C(NC(=O)COc3ccc(CCC(=O)... int=9 res=9 vina=-9.5 t=5590s
  [325/500] CC(N)c1ccc(OCC(=O)NC2C(=O)N3C2SC(C)(C)C3... int=7 res=7 vina=-10.3 t=6074s
  [350/500] CCOC(=O)C1N2C(=O)C(NC(=O)COc3ccc(CC(N)C(... int=10 res=8 vina=-10.6 t=6595s
  [375/500] CC1(C)SC2C(NC(=O)COc3ccc(CCNC(=O)c4ccccc... int=7 res=7 vina=-11.6 t=7126s
  [400/500] CCOC(=O)C1N2C(=O)C(NC(=O)COc3ccc(C(N)=O)... int=5 res=5 vina=-9.9 t=7627s
  [425/500] CCOC(=O)C1N2C(=O)C(NC(=O)Cc3ccc(C(C)N)cc... int=13 res=12 vina=-10.4 t=8120s
  [450/500] COc1cc(C=CC(=O)O)ccc1O... int=5 res=5 vina=-7.9 t=8614s
  [475/500] CCOC(=O)C1N2C(=O)C(NC(=O)Cc3cc(N)cc(O)c3... int=10 res=8 vina=-10.4 t=9110s
  [500/500] CC1(C)SC2C(NC(=O)COc3ccc(C=Cc4ccccc4)cc3... int=7 res=7 vina=-11.2 t=9604s

Results → paper/experiments/results_v3/1EVE/imgep_naive_seed2/results.json
Total: 9604s (19.2s/iter)
