============================================================
  Method: imgep_naive
  Target: 3EML
  Seed: 6
  Iterations: 500
  Output: paper/experiments/results_v3/3EML/imgep_naive_seed6
============================================================
Target: 3EML (EGFR, Kinase)
Pocket residues: 65
Behavior dim: 196
  [1/500] CC1(C)SC2C(NC(=O)Cc3ccccc3)C(=O)N2C1C(=O... int=5 res=5 vina=-8.5 t=19s
  [2/500] CC(C)Cc1ccc(C(C)C(=O)O)cc1... int=6 res=6 vina=-7.7 t=34s
  [3/500] CC(=O)Oc1ccccc1C(=O)O... int=8 res=8 vina=-6.3 t=45s
  [4/500] CC(=O)Nc1ccc(O)cc1... int=5 res=5 vina=-6.1 t=59s
  [5/500] OC(=O)c1ccccc1O... int=4 res=4 vina=-5.9 t=74s
  [25/500] CCOC(=O)c1cc(O)ccc1OC(C)=O... int=6 res=6 vina=-6.6 t=372s
  [50/500] COc1ccc(OC)cc1... int=6 res=5 vina=-4.8 t=747s
  [75/500] CCOC(=O)c1cc(C=O)ccc1OC(C)=O... int=6 res=6 vina=-6.7 t=1113s
  [100/500] CCCC(=O)Oc1cc(F)ccc1C(=O)OCC... int=4 res=4 vina=-6.9 t=1486s
  [125/500] CCOC(=O)c1ccc(C(=O)O)cc1OC(C)=O... int=4 res=4 vina=-7.4 t=1854s
  [150/500] COC(=O)c1cc(N)ccc1OC(C)=O... int=6 res=6 vina=-6.3 t=2225s
  [175/500] CCOC(=O)c1ccc(NC(C)=O)cc1N... int=6 res=6 vina=-7.0 t=2597s
  [200/500] CCCC(=O)Oc1cc(Cl)c(O)cc1C(=O)OC... int=5 res=5 vina=-6.9 t=2964s
  [225/500] CCCC(=O)Oc1cc(Cl)ccc1C(=O)OCC... int=5 res=5 vina=-7.1 t=3368s
  [250/500] CCOC(=O)c1cc(C(C)C(=O)O)cc(OC)c1OC(=O)CC... int=12 res=11 vina=-8.5 t=3782s
  [275/500] CCOC(=O)c1cc(CC(C)N)cc(OC)c1OC(=O)CCC(N)... int=8 res=7 vina=-7.8 t=4304s
  [300/500] CCCC(=O)Oc1cc(C(=O)N(CC)CC)cc(C(=O)OCC)c... int=5 res=5 vina=-8.0 t=4913s
  [325/500] CCOC(=O)c1cc(C(=O)c2ccccc2)cc(OC(C)=O)c1... int=9 res=8 vina=-8.9 t=5628s
  [350/500] CCOC(=O)c1cc(CC(C)N)ccc1OC(=O)CCC(N)C(=O... int=8 res=6 vina=-7.9 t=6332s
  [375/500] CCN(CC)C(=O)c1cc(OC)c(OC(=O)CCc2ccccc2)c... int=5 res=5 vina=-8.9 t=7091s
  [400/500] CCN(CC)C(=O)c1cc(OC)c(OC(=O)CCC(=O)O)c(O... int=9 res=7 vina=-8.1 t=7907s
  [425/500] CCN(CC)C(=O)c1cc(OC)c(OC(=O)CCC(N)C(=O)O... int=9 res=9 vina=-8.4 t=8680s
  [450/500] CCOC(=O)c1cc(C(=O)NCC(=O)O)cc(OC(C)=O)c1... int=7 res=6 vina=-8.5 t=9491s
  [475/500] CCOC(=O)c1cc(C(=O)N(CC)CC)cc(OC(=O)CCCO)... int=9 res=7 vina=-7.9 t=10359s
  [500/500] CCN(CC)C(=O)c1cc(OC(=O)CC(N)C(=O)O)c(OC(... int=12 res=12 vina=-8.8 t=11186s

Results → paper/experiments/results_v3/3EML/imgep_naive_seed6/results.json
Total: 11186s (22.4s/iter)
