============================================================
  Method: ga
  Target: 1ERE
  Seed: 7
  Iterations: 500
  Output: paper/experiments/results_v3/1ERE/ga_seed7
============================================================
Target: 1ERE (Estrogen Receptor α, Nuclear receptor)
Pocket residues: 71
Behavior dim: 214
  [1/500] CC1(C)SC2C(NC(=O)Cc3ccccc3)C(=O)N2C1C(=O... int=5 res=5 vina=-6.8 t=13s
  [2/500] CC(C)Cc1ccc(C(C)C(=O)O)cc1... int=6 res=6 vina=-7.4 t=25s
  [3/500] CC(=O)Oc1ccccc1C(=O)O... int=5 res=5 vina=-6.8 t=37s
  [4/500] CC(=O)Nc1ccc(O)cc1... int=5 res=5 vina=-6.1 t=49s
  [5/500] OC(=O)c1ccccc1O... int=5 res=5 vina=-6.2 t=58s
  [25/500] COc1cc(CNC(=O)CCC(C)=O)ccc1O... int=7 res=7 vina=-7.8 t=310s
  [50/500] O=C(Cc1ccc(NC(=O)c2ccccc2)cc1)NO... int=9 res=8 vina=-4.9 t=625s
  [75/500] NCCc1ccc(N2CCOCC2)cc1... int=6 res=5 vina=-7.0 t=950s
  [100/500] O=C(Cc1ccc(-c2ccc(I)cc2)cc1)NO... int=5 res=5 vina=-4.5 t=1287s
  [125/500] O=C(Cc1ccc(CO)cc1)NO... int=7 res=7 vina=-7.2 t=1629s
  [150/500] COc1ccc(CCc2ccc(C(C)O)cc2)cc1O... int=7 res=7 vina=-7.8 t=1985s
  [175/500] CC(C(=O)O)c1ccc(CC(=O)NO)cc1... int=7 res=7 vina=-7.9 t=2362s
  [200/500] CC1=NC(c2ccc(CO)cc2)C(=O)N1... int=6 res=6 vina=-7.3 t=2736s
  [225/500] Nc1cccc(CCc2ccc(O)c(O)c2)c1... int=8 res=7 vina=-8.8 t=3111s
  [250/500] CCOC(=O)c1cc(O)cc(CCc2ccc(OC)c(O)c2)c1... int=7 res=7 vina=-8.4 t=3491s
  [275/500] O=C(Cc1ccc(-c2ccc(I)cc2)cc1)NO... int=5 res=5 vina=-4.5 t=3875s
  [300/500] O=C(O)c1cccc(CCc2ccc(Cl)c(Cl)c2)c1... int=5 res=5 vina=-9.0 t=4257s
  [325/500] COC(=O)c1cc(CCc2ccc(O)c(O)c2)ccc1O... int=5 res=5 vina=-9.3 t=4649s
  [350/500] CC(O)c1cc(Cl)cc(CCc2cccc(C(C)(C)O)c2)c1... int=8 res=8 vina=-9.3 t=5040s
  [375/500] Nc1cc(O)cc(CCCOC(=O)c2ccccc2)c1... int=10 res=10 vina=-8.9 t=5427s
  [400/500] CC(C)Cc1ccc(COc2ccccc2)cc1... int=9 res=9 vina=-8.1 t=5824s
  [425/500] COC(=O)c1cccc(CCCOC(=O)c2ccc(OC)cc2)c1... int=7 res=7 vina=-8.5 t=6225s
  [450/500] O=C(NCCc1ccc(O)c(O)c1)c1ccccc1... int=8 res=8 vina=-8.9 t=6610s
  [475/500] CC(O)c1cc(O)cc(CCc2cc(O)cc(Cl)c2)c1... int=7 res=7 vina=-9.4 t=7008s
  [500/500] CC(C(=O)O)c1cc(Cl)cc(CCc2ccc(C(=O)O)c(O)... int=5 res=5 vina=-9.0 t=7391s

Results → paper/experiments/results_v3/1ERE/ga_seed7/results.json
Total: 7391s (14.8s/iter)
