============================================================
  Method: ga
  Target: 1EVE
  Seed: 7
  Iterations: 500
  Output: paper/experiments/results_v3/1EVE/ga_seed7
============================================================
Target: 1EVE (AChE, Hydrolase)
Pocket residues: 76
Behavior dim: 229
  [1/500] CC1(C)SC2C(NC(=O)Cc3ccccc3)C(=O)N2C1C(=O... int=9 res=9 vina=-10.3 t=12s
  [2/500] CC(C)Cc1ccc(C(C)C(=O)O)cc1... int=5 res=5 vina=-8.7 t=23s
  [3/500] CC(=O)Oc1ccccc1C(=O)O... int=5 res=5 vina=-7.3 t=36s
  [4/500] CC(=O)Nc1ccc(O)cc1... int=3 res=3 vina=-6.7 t=45s
  [5/500] OC(=O)c1ccccc1O... int=4 res=4 vina=-6.9 t=57s
  [25/500] CC(C)(O)c1ccc(CC(=O)NC2C(=O)N3C2SC(C)(C)... int=11 res=11 vina=-10.9 t=331s
  [50/500] CC1(C)SC2C(NC(=O)Cc3cc(Cl)cc(C(=O)CCl)c3... int=9 res=9 vina=-11.1 t=699s
  [75/500] CC(C)Cc1ccc(CC(=O)NC2C(=O)N3C2SC(C)(C)C3... int=8 res=8 vina=-10.8 t=1090s
  [100/500] CCOC(=O)c1cc(CC(=O)NC2C(=O)N3C2SC(C)(C)C... int=4 res=4 vina=-10.4 t=1509s
  [125/500] CC(=O)c1cc(CC(=O)NC2C(=O)N3C2SC(C)(C)C3C... int=8 res=8 vina=-11.5 t=1958s
  [150/500] CCOC(=O)C1N2C(=O)C(NC(=O)Cc3cc(CCN)cc(C(... int=7 res=7 vina=-10.8 t=2402s
  [175/500] COc1ccc(-c2cccc(CC(=O)NC3C(=O)N4C3SC(C)(... int=10 res=10 vina=-12.3 t=2875s
  [200/500] CC1(C)SC2C(NC(=O)Cc3cc(Cl)cc(C(=O)O)c3)C... int=6 res=6 vina=-11.0 t=3314s
  [225/500] CC1(C)SC2C(NC(=O)CCCCCCC(=O)NCc3ccc(O)c(... int=12 res=12 vina=-11.3 t=3773s
  [250/500] COc1ccc(-c2cc(O)cc(CC(=O)NC3C(=O)N4C3SC(... int=11 res=11 vina=-12.7 t=4240s
  [275/500] CC1(C)SC2C(NC(=O)Cc3cccc(-c4ccccc4)c3)C(... int=7 res=7 vina=-12.3 t=4720s
  [300/500] CC1(C)SC2C(NC(=O)Cc3cc(C=CC(=O)O)cc(CCCO... int=9 res=9 vina=-10.9 t=5203s
  [325/500] CC1(C)SC2C(NC(=O)Cc3cc(Cl)cc(C(=O)CCl)c3... int=9 res=9 vina=-11.1 t=5695s
  [350/500] COc1cc(C=CC(=O)O)cc(CC(=O)NC2C(=O)N3C2SC... int=9 res=9 vina=-10.9 t=6228s
  [375/500] CC1(C)SC2C(NC(=O)Cc3cc(C(N)=O)cc(-c4ccc(... int=9 res=9 vina=-12.9 t=6717s
  [400/500] CC(N)Cc1ccc(CC(=O)NC2C(=O)N3C2SC(C)(C)C3... int=8 res=8 vina=-10.9 t=7212s
  [425/500] CC(=O)c1ccc(-c2cccc(CC(=O)NC3C(=O)N4C3SC... int=7 res=7 vina=-12.6 t=7697s
  [450/500] CC1(C)SC2C(NC(=O)Cc3cc(O)cc(-c4ccc(O)c(O... int=5 res=5 vina=-12.7 t=8194s
  [475/500] COc1cc(-c2cccc(CC(=O)NC3C(=O)N4C3SC(C)(C... int=9 res=9 vina=-12.2 t=8724s
  [500/500] CCOC(=O)C1N2C(=O)C(NC(=O)Cc3cc(O)cc(C(C)... int=11 res=10 vina=-10.7 t=9238s

Results → paper/experiments/results_v3/1EVE/ga_seed7/results.json
Total: 9238s (18.5s/iter)
