============================================================
  Method: curiosity
  Target: 3EML
  Seed: 2
  Iterations: 500
  Output: paper/experiments/results_v3/3EML/curiosity_seed2
============================================================
Target: 3EML (EGFR, Kinase)
Pocket residues: 65
Behavior dim: 196
  [1/500] CC1(C)SC2C(NC(=O)Cc3ccccc3)C(=O)N2C1C(=O... int=5 res=5 vina=-8.5 t=14s
  [2/500] CC(C)Cc1ccc(C(C)C(=O)O)cc1... int=6 res=6 vina=-7.7 t=28s
  [3/500] CC(=O)Oc1ccccc1C(=O)O... int=8 res=8 vina=-6.3 t=42s
  [4/500] CC(=O)Nc1ccc(O)cc1... int=5 res=5 vina=-6.1 t=55s
  [5/500] OC(=O)c1ccccc1O... int=4 res=4 vina=-5.9 t=70s
  [25/500] CC(=O)Oc1cc(C(C)C)ccc1C(=O)O... int=4 res=4 vina=-7.3 t=340s
  [50/500] CC(=O)N1CCN(c2ccc(CC(C)C)cc2)CC1... int=3 res=3 vina=-7.8 t=673s
  [75/500] O=C(Cc1ccc(O)cc1)NO... int=5 res=5 vina=-6.6 t=1031s
  [100/500] ON=Cc1ccc(Br)cc1... int=2 res=2 vina=-5.9 t=1385s
  [125/500] CCCC(=O)c1ccc(O)cc1... int=6 res=6 vina=-6.5 t=1743s
  [150/500] COc1cc(CNC(=O)CCC(C)=O)ccc1O... int=4 res=4 vina=-7.1 t=2111s
  [175/500] CCOC(=O)C(N)Cc1ccc(S(=O)(=O)O)c([S-])c1... int=7 res=5 vina=-7.1 t=2471s
  [200/500] CC(C)NCC(O)COc1ccc(C(=O)c2cc(N)ccc2N)cc1... int=11 res=11 vina=-8.9 t=2846s
  [225/500] CC(C(=O)O)c1ccc(S(=O)(=O)O)cc1... int=6 res=5 vina=-7.4 t=3210s
  [250/500] CC1(C)SC2C(NC(=O)Cc3ccc(C(=O)O)cc3)C(=O)... int=10 res=7 vina=-7.4 t=3574s
  [275/500] O=C(O)CCCC(=O)c1ccc(S(=O)(=O)O)c([S-])c1... int=6 res=5 vina=-7.5 t=3966s
  [300/500] N=C(N)c1ccc(C=NO)cc1... int=6 res=6 vina=-6.5 t=4335s
  [325/500] CC1(C)SC2C(NC(=O)COc3ccc(NC(N)=S)cc3)C(=... int=10 res=8 vina=-8.8 t=4712s
  [350/500] CC(C)NCC(O)COc1ccc(C(=O)c2cc(F)ccc2N)cc1... int=7 res=7 vina=-8.9 t=5125s
  [375/500] O=S(=O)(O)c1ccc(CCc2ccccc2)cc1[S-]... int=8 res=6 vina=-8.4 t=5517s
  [400/500] CC(=O)c1ccc(OCC(=O)NC2C(=O)N3C2SC(C)(C)C... int=6 res=6 vina=-8.8 t=5909s
  [425/500] O=C(NCCc1ccc(N2CCOCC2)cc1)c1ccccc1... int=5 res=5 vina=-9.1 t=6295s
  [450/500] Oc1ccc(N2CCOCC2)cc1... int=3 res=3 vina=-6.6 t=6679s
  [475/500] CCOC(=O)c1ccc(N)cc1OC... int=6 res=6 vina=-6.2 t=7055s
  [500/500] CN(C)c1ccc(OCC(=O)NC2C(=O)N3C2SC(C)(C)C3... int=10 res=8 vina=-8.4 t=7436s

Results → paper/experiments/results_v3/3EML/curiosity_seed2/results.json
Total: 7436s (14.9s/iter)
