============================================================
  Method: curiosity
  Target: 1ERE
  Seed: 3
  Iterations: 500
  Output: paper/experiments/results_v3/1ERE/curiosity_seed3
============================================================
Target: 1ERE (Estrogen Receptor α, Nuclear receptor)
Pocket residues: 71
Behavior dim: 214
  [1/500] CC1(C)SC2C(NC(=O)Cc3ccccc3)C(=O)N2C1C(=O... int=5 res=5 vina=-6.8 t=13s
  [2/500] CC(C)Cc1ccc(C(C)C(=O)O)cc1... int=6 res=6 vina=-7.4 t=25s
  [3/500] CC(=O)Oc1ccccc1C(=O)O... int=5 res=5 vina=-6.8 t=36s
  [4/500] CC(=O)Nc1ccc(O)cc1... int=5 res=5 vina=-6.1 t=45s
  [5/500] OC(=O)c1ccccc1O... int=5 res=5 vina=-6.2 t=57s
  [25/500] O=C(O)c1ccc(O)c(OC(F)(F)F)c1... int=2 res=2 vina=-7.3 t=302s
  [50/500] CCOC(=O)c1ccc(CC(C)C)cc1... int=7 res=7 vina=-7.1 t=616s
  [75/500] NC(=O)Cc1ccc(C(N)=O)cc1... int=7 res=6 vina=-6.8 t=941s
  [100/500] CC(N)c1ccc(CC(=O)NO)cc1... int=9 res=8 vina=-7.7 t=1268s
  [125/500] CC(=O)Nc1ccc(CC(=O)NO)cc1... int=5 res=5 vina=-7.3 t=1600s
  [150/500] NC(CCC(=O)Oc1cc(O)cc(O)c1C(=O)O)C(=O)O... int=5 res=5 vina=-8.0 t=1953s
  [175/500] CC(C)Cc1ccc(C(C)N)cc1... int=8 res=8 vina=-6.8 t=2293s
  [200/500] NC(=S)Nc1ccc(CO)cc1... int=5 res=5 vina=-6.1 t=2651s
  [225/500] NC(=S)Nc1ccc(CCCO)cc1... int=7 res=6 vina=-6.6 t=2998s
  [250/500] CC1=NC(c2ccc(C(C)(C)O)cc2)C(=O)N1... int=9 res=8 vina=-7.7 t=3360s
  [275/500] NC(=O)c1ccc(NC(N)=S)cc1... int=7 res=7 vina=-6.4 t=3726s
  [300/500] CCOC(=O)c1ccc(C(=O)CCl)cc1OC(=O)CCC(N)C(... int=6 res=6 vina=-7.6 t=4101s
  [325/500] COc1cc(C=CC(=O)O)ccc1O... int=6 res=5 vina=-6.8 t=4468s
  [350/500] COc1cc(C=O)ccc1O... int=2 res=2 vina=-5.6 t=4837s
  [375/500] CC(C)(O)c1ccccc1... int=5 res=5 vina=-6.2 t=5190s
  [400/500] COC(=O)c1ccc(NC(N)=S)cc1... int=7 res=7 vina=-6.5 t=5581s
  [425/500] COc1cc(-c2cc(O)cc(C(C)O)c2)ccc1O... int=6 res=6 vina=-8.6 t=5939s
  [450/500] CC(=O)CCC(=O)c1ccc(O)cc1... int=6 res=6 vina=-7.1 t=6278s
  [475/500] CC(=O)Nc1ccc(-c2cccc(C(C)O)c2)cc1... int=6 res=5 vina=-6.4 t=6618s
  [500/500] CCOC(=O)c1c(O)cc(C(=O)O)cc1OC(=O)CCC(N)C... int=6 res=6 vina=-8.2 t=6964s

Results → paper/experiments/results_v3/1ERE/curiosity_seed3/results.json
Total: 6964s (13.9s/iter)
