============================================================
  Method: imgep
  Target: 1EVE
  Seed: 8
  Iterations: 500
  Output: paper/experiments/results_v3/1EVE/imgep_seed8
============================================================
Target: 1EVE (AChE, Hydrolase)
Pocket residues: 76
Behavior dim: 229
  [1/500] CC1(C)SC2C(NC(=O)Cc3ccccc3)C(=O)N2C1C(=O... int=9 res=9 vina=-10.3 t=17s
  [2/500] CC(C)Cc1ccc(C(C)C(=O)O)cc1... int=5 res=5 vina=-8.7 t=31s
  [3/500] CC(=O)Oc1ccccc1C(=O)O... int=5 res=5 vina=-7.3 t=42s
  [4/500] CC(=O)Nc1ccc(O)cc1... int=3 res=3 vina=-6.7 t=55s
  [5/500] OC(=O)c1ccccc1O... int=4 res=4 vina=-6.9 t=68s
  [25/500] CC(=O)Oc1cc(F)ccc1C(=O)O... int=6 res=6 vina=-7.7 t=368s
  [50/500] CCOC(=O)C1N2C(=O)C(NC(=O)Cc3ccc(Cl)c(Cl)... int=8 res=8 vina=-9.8 t=748s
  [75/500] CC(=O)Nc1ccc(OCC(=O)NC2C(=O)N3C2SC(C)(C)... int=10 res=10 vina=-10.1 t=1119s
  [100/500] COc1cc(-c2ccccc2)ccc1O... int=4 res=4 vina=-8.7 t=1507s
  [125/500] COc1cc(-c2nn[nH]n2)ccc1O... int=6 res=5 vina=-7.7 t=1903s
  [150/500] CC(=O)CCC(=O)c1ccc(O)cc1... int=4 res=4 vina=-7.7 t=2297s
  [175/500] CCOC(=O)C1N2C(=O)C(NC(=O)Cc3ccccc3)C2SC1... int=5 res=5 vina=-9.5 t=2679s
  [200/500] COc1cc(CC(=O)NO)cc(OC)c1OC... int=5 res=5 vina=-7.7 t=3066s
  [225/500] NC(=O)c1cc(Cl)cc(C(=O)O)c1... int=1 res=1 vina=-7.5 t=3472s
  [250/500] CCOC(=O)C1N2C(=O)C(NC(=O)Cc3ccc(O)c(C(=O... int=5 res=5 vina=-10.3 t=3875s
  [275/500] COc1cc(C(C)C)ccc1C(=O)O... int=6 res=6 vina=-7.9 t=4268s
  [300/500] COc1cc(CC(C)N)ccc1O... int=3 res=3 vina=-7.1 t=4659s
  [325/500] NS(=O)(=O)c1cc(Cl)c(Cl)cc1[S-]... int=3 res=3 vina=-7.4 t=5050s
  [350/500] COc1cc(CO)cc(OC)c1OC... int=4 res=3 vina=-6.2 t=5449s
  [375/500] CCOC(=O)C1N2C(=O)C(NC(=O)Cc3cc(F)cc(C(=O... int=8 res=8 vina=-10.9 t=5832s
  [400/500] CCOC(=O)c1cc2cccc(OC)c2oc1=O... int=2 res=2 vina=-8.4 t=6237s
  [425/500] CC(C)Cc1ccc(OCC(=O)NC2C(=O)N3C2SC(C)(C)C... int=7 res=7 vina=-10.7 t=6600s
  [450/500] CC(=O)c1cc(Cl)cc(CC(=O)NC2C(=O)N3C2SC(C)... int=6 res=6 vina=-11.0 t=7066s
  [475/500] CC1(C)SC2C(NC(=O)Cc3ccc(N)cc3)C(=O)N2C1C... int=10 res=9 vina=-8.7 t=7733s
  [500/500] CC1(C)SC2C(NC(=O)Cc3ccc(C(=N)N)cc3)C(=O)... int=12 res=11 vina=-11.4 t=8407s

Results → paper/experiments/results_v3/1EVE/imgep_seed8/results.json
Total: 8407s (16.8s/iter)
