============================================================
  Method: random
  Target: 1ERE
  Seed: 9
  Iterations: 500
  Output: paper/experiments/results_v3/1ERE/random_seed9
============================================================
Target: 1ERE (Estrogen Receptor α, Nuclear receptor)
Pocket residues: 71
Behavior dim: 214
  [1/500] CC1(C)SC2C(NC(=O)Cc3ccccc3)C(=O)N2C1C(=O... int=5 res=5 vina=-6.8 t=14s
  [2/500] CC(C)Cc1ccc(C(C)C(=O)O)cc1... int=6 res=6 vina=-7.4 t=26s
  [3/500] CC(=O)Oc1ccccc1C(=O)O... int=5 res=5 vina=-6.8 t=39s
  [4/500] CC(=O)Nc1ccc(O)cc1... int=5 res=5 vina=-6.1 t=50s
  [5/500] OC(=O)c1ccccc1O... int=5 res=5 vina=-6.2 t=62s
  [25/500] CC(C)C(NC(=O)Cc1ccccc1)C(=O)NC1C(=O)N2C1... int=6 res=6 vina=-6.9 t=333s
  [50/500] CC1(C)SC2C(NC(=O)Cc3cc(O)cc(Cl)c3)C(=O)N... int=7 res=6 vina=-8.5 t=719s
  [75/500] CCOC(=O)C1N2C(=O)C(NC(=O)COc3ccc(N(C)C)c... int=6 res=6 vina=-6.3 t=1119s
  [100/500] CC(=O)Nc1ccc(N(C)C)cc1... int=4 res=4 vina=-5.8 t=1495s
  [125/500] CC1(C)SC2C(NC(=O)COc3ccc(Cl)cc3)C(=O)N2C... int=6 res=5 vina=-7.6 t=1912s
  [150/500] CC(CS)C(=O)N1CCCC1C(=O)O... int=5 res=5 vina=-6.5 t=2343s
  [175/500] CC(C)Cc1ccc(C(C)C(=O)O)cc1... int=6 res=6 vina=-7.4 t=2754s
  [200/500] CC(=O)Nc1ccc(I)cc1... int=3 res=3 vina=-5.6 t=3166s
  [225/500] COc1ccc(CC(=O)NC2C(=O)N3C2SC(C)(C)C3C(=O... int=6 res=6 vina=-4.0 t=3582s
  [250/500] CC(C)Cc1ccc(C(C)(C)O)cc1... int=7 res=6 vina=-7.3 t=3982s
  [275/500] CC1(C)SC2C(NC(=O)Cc3ccc(Cl)cc3)C(=O)N2C1... int=5 res=5 vina=-4.8 t=4396s
  [300/500] CN(C)c1ccc(OCC(=O)NC2C(=O)N3C2SC(C)(C)C3... int=8 res=8 vina=-4.9 t=4806s
  [325/500] CCOC(=O)C1N2C(=O)C(NC(=O)Cc3ccc(NC(C)=O)... int=7 res=6 vina=-3.0 t=5243s
  [350/500] CCCC(=O)Oc1ccc(CC(C)C)cc1... int=6 res=6 vina=-7.2 t=5670s
  [375/500] CCOC(=O)C1N2C(=O)C(NC(=O)Cc3cc(Cl)cc(NC(... int=9 res=8 vina=1.0 t=6079s
  [400/500] CCOC(=O)C1N2C(=O)C(NC(=O)COc3ccc(NC(C)=O... int=4 res=4 vina=-5.7 t=6482s
  [425/500] CC(=O)Nc1ccc(C(C)=O)cc1... int=7 res=7 vina=-6.4 t=6900s
  [450/500] CC(=O)c1ccc(OCC(=O)NC2C(=O)N3C2SC(C)(C)C... int=8 res=8 vina=-7.6 t=7307s
  [475/500] CC1(C)SC2C(NC(=O)Cc3ccc(S(N)(=O)=O)cc3)C... int=6 res=5 vina=-2.0 t=7733s
  [500/500] CC(N)c1ccccc1... int=6 res=6 vina=-6.0 t=8139s

Results → paper/experiments/results_v3/1ERE/random_seed9/results.json
Total: 8139s (16.3s/iter)
