============================================================
  Method: curiosity
  Target: 3V8D
  Seed: 0
  Iterations: 500
  Output: paper/experiments/results_v3/3V8D/curiosity_seed0
============================================================
Target: 3V8D (Thrombin, Serine protease)
Pocket residues: 95
Behavior dim: 286
  [1/500] CC1(C)SC2C(NC(=O)Cc3ccccc3)C(=O)N2C1C(=O... int=10 res=9 vina=-9.1 t=14s
  [2/500] CC(C)Cc1ccc(C(C)C(=O)O)cc1... int=5 res=5 vina=-6.8 t=27s
  [3/500] CC(=O)Oc1ccccc1C(=O)O... int=8 res=6 vina=-6.8 t=38s
  [4/500] CC(=O)Nc1ccc(O)cc1... int=7 res=5 vina=-6.1 t=49s
  [5/500] OC(=O)c1ccccc1O... int=4 res=4 vina=-6.0 t=59s
  [25/500] O=C(CCCO)Oc1ccccc1C(=O)O... int=9 res=6 vina=-7.2 t=317s
  [50/500] COc1ccc(OCC(=O)NC2C(=O)N3C2SC(C)(C)C3C(=... int=9 res=9 vina=-8.5 t=687s
  [75/500] CC(=O)Nc1ccc(OCC(=O)NC2C(=O)N3C2SC(C)(C)... int=9 res=8 vina=-8.8 t=1055s
  [100/500] COC(=O)c1cc(N)ccc1O... int=6 res=5 vina=-6.3 t=1443s
  [125/500] COc1ccc2nc(O)c(Cl)cc2c1... int=4 res=4 vina=-6.7 t=1816s
  [150/500] COc1cc(O)cc2cc(C(=O)O)c(=O)oc12... int=4 res=3 vina=-6.8 t=2220s
  [175/500] CCOC(=O)C1N2C(=O)C(NC(=O)COc3ccc(CC(C)C)... int=8 res=7 vina=-8.5 t=2631s
  [200/500] CC(N)Cc1cc(Cl)cc(CC(=O)NC2C(=O)N3C2SC(C)... int=8 res=8 vina=-9.4 t=3040s
  [225/500] CC1(C)SC2C(NC(=O)Cc3ccc(O)c(Cl)c3)C(=O)N... int=7 res=7 vina=-8.8 t=3444s
  [250/500] CCOC(=O)C1N2C(=O)C(NC(=O)Cc3ccc(C(C)N)cc... int=9 res=8 vina=-8.7 t=3883s
  [275/500] CC(=O)c1ccc(CC(=O)NC2C(=O)N3C2SC(C)(C)C3... int=10 res=10 vina=-9.4 t=4294s
  [300/500] CC(=O)Oc1ccc(NC(=O)c2ccc(I)cc2)cc1... int=5 res=5 vina=-7.8 t=4685s
  [325/500] Nc1ccc(N2CCOCC2)cc1... int=3 res=3 vina=-5.8 t=5092s
  [350/500] CCCC(=O)Oc1cc(CCC(=O)O)ccc1C(=O)OC... int=9 res=9 vina=-6.6 t=5491s
  [375/500] COc1cc(CC(=O)NC2C(=O)N3C2SC(C)(C)C3C(=O)... int=8 res=8 vina=-8.7 t=5939s
  [400/500] CC(=O)c1ccc(OCC(=O)NC2C(=O)N3C2SC(C)(C)C... int=6 res=6 vina=-9.0 t=6336s
  [425/500] CC1(C)SC2C(NC(=O)Cc3cc(Cl)cc(CCC(=O)O)c3... int=10 res=10 vina=-9.5 t=6760s
  [450/500] CC1=NC(c2ccc(OCC(=O)NC3C(=O)N4C3SC(C)(C)... int=11 res=9 vina=-9.8 t=7201s
  [475/500] CCOC(=O)c1c(O)cc(C(=O)O)cc1OC(C)=O... int=5 res=5 vina=-6.3 t=7605s
  [500/500] CC(C(=O)O)c1ccc(OCC(=O)NC2C(=O)N3C2SC(C)... int=9 res=9 vina=-8.7 t=8013s

Results → paper/experiments/results_v3/3V8D/curiosity_seed0/results.json
Total: 8013s (16.0s/iter)
