============================================================
  Method: random
  Target: 1ERE
  Seed: 7
  Iterations: 500
  Output: paper/experiments/results_v3/1ERE/random_seed7
============================================================
Target: 1ERE (Estrogen Receptor α, Nuclear receptor)
Pocket residues: 71
Behavior dim: 214
  [1/500] CC1(C)SC2C(NC(=O)Cc3ccccc3)C(=O)N2C1C(=O... int=5 res=5 vina=-6.8 t=13s
  [2/500] CC(C)Cc1ccc(C(C)C(=O)O)cc1... int=6 res=6 vina=-7.4 t=24s
  [3/500] CC(=O)Oc1ccccc1C(=O)O... int=5 res=5 vina=-6.8 t=33s
  [4/500] CC(=O)Nc1ccc(O)cc1... int=5 res=5 vina=-6.1 t=47s
  [5/500] OC(=O)c1ccccc1O... int=5 res=5 vina=-6.2 t=57s
  [25/500] COC(=O)c1cc(OC)c(OC(C)=O)c(C(=O)O)c1... int=5 res=5 vina=-7.4 t=299s
  [50/500] CC(=O)Oc1cc(N)ccc1C(=O)O... int=5 res=5 vina=-6.8 t=608s
  [75/500] CCOC(=O)C1N2C(=O)C(NC(=O)C(NC(=O)OC(C)(C... int=9 res=9 vina=-1.3 t=943s
  [100/500] CC(CC(=O)O)C(=O)O... int=4 res=4 vina=-5.5 t=1265s
  [125/500] CC(=O)c1ccc(C(C)(C)O)cc1... int=8 res=8 vina=-7.0 t=1613s
  [150/500] O=C(O)C=Cc1ccc(O)c(O)c1... int=5 res=5 vina=-7.0 t=1951s
  [175/500] CCOC(=O)c1cc(Cl)c(O)cc1O... int=7 res=7 vina=-6.4 t=2270s
  [200/500] CCOC(=O)c1ccccc1O... int=7 res=7 vina=-6.2 t=2681s
  [225/500] O=C(O)C=Cc1ccc(O)c(O)c1... int=5 res=5 vina=-7.0 t=3051s
  [250/500] CC(C)(O)c1ccc(C(C)(C)O)cc1... int=6 res=6 vina=-6.9 t=3430s
  [275/500] CCOC(=O)C(N)CCC(=O)O... int=6 res=6 vina=-5.4 t=3776s
  [300/500] CCOC(=O)c1cc(C(=O)OC)ccc1OC(C)=O... int=11 res=11 vina=-7.1 t=4181s
  [325/500] CCOC(=O)C1N2C(=O)C(NC(=O)Cc3ccc(C(C)C(=O... int=10 res=10 vina=-3.4 t=4556s
  [350/500] O=C(O)c1ccc(F)cc1O... int=5 res=5 vina=-6.4 t=4946s
  [375/500] NC(=O)Cc1ccc(CCCO)cc1... int=7 res=7 vina=-6.9 t=5326s
  [400/500] N=C(N)c1ccc(CC(N)C(=O)O)cc1... int=5 res=4 vina=-7.3 t=5658s
  [425/500] COC(=O)c1cc(N)ccc1O... int=4 res=4 vina=-6.2 t=6009s
  [450/500] CC(C)NCC(O)COc1ccc(C(C)N)cc1... int=9 res=8 vina=-7.3 t=6376s
  [475/500] CC(C)(O)c1ccc(C=Cc2ccc(Cl)cc2)cc1... int=6 res=6 vina=1.2 t=6694s
  [500/500] CC(N)c1ccc(C=CC(=O)O)cc1... int=9 res=9 vina=-7.8 t=7016s

Results → paper/experiments/results_v3/1ERE/random_seed7/results.json
Total: 7016s (14.0s/iter)
