============================================================
  Method: imgep_naive
  Target: 3PJC
  Seed: 7
  Iterations: 500
  Output: paper/experiments/results_v3/3PJC/imgep_naive_seed7
============================================================
Target: 3PJC (CDK2, Kinase)
Pocket residues: 60
Behavior dim: 181
  [1/500] CC1(C)SC2C(NC(=O)Cc3ccccc3)C(=O)N2C1C(=O... int=5 res=5 vina=-8.6 t=20s
  [2/500] CC(C)Cc1ccc(C(C)C(=O)O)cc1... int=8 res=8 vina=-7.7 t=38s
  [3/500] CC(=O)Oc1ccccc1C(=O)O... int=7 res=7 vina=-6.7 t=58s
  [4/500] CC(=O)Nc1ccc(O)cc1... int=9 res=9 vina=-6.2 t=78s
  [5/500] OC(=O)c1ccccc1O... int=6 res=6 vina=-6.1 t=98s
  [25/500] CC(=O)Nc1ccc(C(C)C(=O)O)cc1... int=7 res=7 vina=-7.5 t=424s
  [50/500] CCOC(=O)c1ccc(C=O)cc1OC(=O)CCCO... int=6 res=6 vina=-7.4 t=857s
  [75/500] CCOC(=O)c1cc(O)cc(OC)c1OC(=O)CCC(C)=O... int=9 res=8 vina=-7.7 t=1308s
  [100/500] COC(=O)c1cc(NC=O)ccc1OC(=O)CCCO... int=5 res=5 vina=-7.4 t=1790s
  [125/500] CC(O)c1ccc(C(=O)O)c(OC(=O)CCCNC(=N)N)c1... int=12 res=11 vina=-8.1 t=2275s
  [150/500] CCOC(=O)c1cc(Cl)c(O)cc1OC(=O)CCCO... int=8 res=7 vina=-7.5 t=2742s
  [175/500] CCCC(=O)Oc1cc(CCN)cc(C(=O)OCC)c1OC(=O)CC... int=14 res=13 vina=-8.2 t=3255s
  [200/500] CCOC(=O)c1ccc(C(=O)O)c(OC(=O)CCCNC(=N)N)... int=12 res=12 vina=-8.2 t=3831s
  [225/500] CCOC(=O)c1cc(O)cc(OC(=O)CCC(=O)O)c1OC(=O... int=13 res=10 vina=-8.8 t=4415s
  [250/500] CCCCC(=O)Oc1cc(C(=O)O)cc(C(=O)OCC)c1OC(=... int=13 res=12 vina=-8.6 t=5113s
  [275/500] CCCC(=O)Oc1cc(OC)cc(C(=O)OCC)c1OC(=O)CCC... int=10 res=9 vina=-8.0 t=5799s
  [300/500] CCCCC(=O)Oc1cc(OC)cc(C(=O)OCC)c1OC(=O)CC... int=9 res=8 vina=-7.8 t=6536s
  [325/500] CCOC(=O)c1cc(O)cc(OC(=O)CCCCN)c1OC(=O)CC... int=15 res=14 vina=-8.0 t=7259s
  [350/500] CCCCC(=O)OCC(COC(=O)CCCCO)OC(=O)CCCCN... int=13 res=13 vina=-6.9 t=7991s
  [375/500] CCCC(=O)Oc1cc(CCCO)cc(C(=O)OCC)c1OC(=O)C... int=14 res=11 vina=-8.1 t=8752s
  [400/500] COc1cc(C(=O)O)c(OC(=O)CCCNC(=N)N)cc1O... int=9 res=9 vina=-7.6 t=9449s
  [425/500] CCCC(=O)Oc1cc(C(=O)O)cc(C(=O)OCC)c1OC(=O... int=13 res=11 vina=-8.1 t=10163s
  [450/500] CCCC(=O)Oc1cc(C(=O)O)cc(C(=O)OCC)c1OC(=O... int=13 res=11 vina=-8.1 t=10913s
  [475/500] CCOC(=O)c1cc(CCC(=O)O)cc(OC(=O)CCCN)c1OC... int=15 res=13 vina=-8.7 t=11643s
  [500/500] CCOC(=O)c1cc(C(=O)O)cc(OC(=O)CCCC(=O)O)c... int=14 res=11 vina=-8.6 t=12377s

Results → paper/experiments/results_v3/3PJC/imgep_naive_seed7/results.json
Total: 12377s (24.8s/iter)
