============================================================
  Method: curiosity
  Target: 3PJC
  Seed: 4
  Iterations: 500
  Output: paper/experiments/results_v3/3PJC/curiosity_seed4
============================================================
Target: 3PJC (CDK2, Kinase)
Pocket residues: 60
Behavior dim: 181
  [1/500] CC1(C)SC2C(NC(=O)Cc3ccccc3)C(=O)N2C1C(=O... int=5 res=5 vina=-8.6 t=15s
  [2/500] CC(C)Cc1ccc(C(C)C(=O)O)cc1... int=8 res=8 vina=-7.7 t=32s
  [3/500] CC(=O)Oc1ccccc1C(=O)O... int=7 res=7 vina=-6.7 t=49s
  [4/500] CC(=O)Nc1ccc(O)cc1... int=9 res=9 vina=-6.2 t=65s
  [5/500] OC(=O)c1ccccc1O... int=6 res=6 vina=-6.1 t=79s
  [25/500] CC1(C)SC2C(NC(=O)Cc3cccc(CC(N)C(=O)O)c3)... int=9 res=9 vina=-9.7 t=435s
  [50/500] CC1(C)SC2C(NC(=O)Cc3ccc(CC(N)=O)cc3)C(=O... int=7 res=7 vina=-9.0 t=873s
  [75/500] CCOC(=O)C1N2C(=O)C(NC(=O)Cc3cccc(CCC(=O)... int=10 res=10 vina=-9.0 t=1365s
  [100/500] CC(C)CC(N)C(=O)O... int=0 res=0 vina=-5.3 t=1810s
  [125/500] CC1(C)SC2C(NC(=O)Cc3cc(O)cc(CC(N)C(=O)O)... int=12 res=10 vina=-9.5 t=2281s
  [150/500] CC(C)Cc1ccc(NC=O)cc1... int=6 res=5 vina=-6.6 t=2758s
  [175/500] COC(=O)c1cc2cccc(OC)c2oc1=O... int=5 res=4 vina=-7.4 t=3246s
  [200/500] CCOC(=O)c1ccc(CC(=O)NC2C(=O)N3C2SC(C)(C)... int=7 res=7 vina=-8.5 t=3720s
  [225/500] CCOC(=O)C1N2C(=O)C(NC(=O)COc3ccc(C(N)=O)... int=8 res=8 vina=-9.1 t=4210s
  [250/500] CC(N)Cc1cc(CC(=O)NC2C(=O)N3C2SC(C)(C)C3C... int=13 res=11 vina=-10.3 t=4718s
  [275/500] CC(=O)Nc1ccc(C(N)=O)cc1... int=5 res=5 vina=-7.0 t=5202s
  [300/500] CCOC(=O)C1N2C(=O)C(NC(=O)Cc3cc(Cl)cc(CO)... int=8 res=8 vina=-8.3 t=5670s
  [325/500] CCOC(=O)C1N2C(=O)C(NC(=O)Cc3cc(O)cc(CC(=... int=14 res=12 vina=-9.7 t=6133s
  [350/500] CC(C(=O)O)c1ccc(CC(N)=O)cc1... int=9 res=9 vina=-7.5 t=6607s
  [375/500] COc1cc(CC(=O)NC2C(=O)N3C2SC(C)(C)C3C(=O)... int=9 res=9 vina=-9.1 t=7085s
  [400/500] COc1cc(CC(=O)NC2C(=O)N3C2SC(C)(C)C3C(=O)... int=9 res=7 vina=-9.2 t=7554s
  [425/500] CCCC(=O)Oc1cc(O)c(OC)cc1C(=O)OCC... int=9 res=7 vina=-7.4 t=8013s
  [450/500] CCOC(=O)C1N2C(=O)C(NC(=O)Cc3cccc(-c4ccc(... int=12 res=11 vina=-10.6 t=8453s
  [475/500] COC(=O)c1cc(CC(=O)NC2C(=O)N3C2SC(C)(C)C3... int=5 res=5 vina=-9.0 t=8879s
  [500/500] CCOC(=O)C1N2C(=O)C(NC(=O)Cc3cccc(CCN)c3)... int=13 res=13 vina=-8.5 t=9307s

Results → paper/experiments/results_v3/3PJC/curiosity_seed4/results.json
Total: 9307s (18.6s/iter)
