============================================================
  Method: random
  Target: 1ERE
  Seed: 2
  Iterations: 500
  Output: paper/experiments/results_v3/1ERE/random_seed2
============================================================
Target: 1ERE (Estrogen Receptor α, Nuclear receptor)
Pocket residues: 71
Behavior dim: 214
  [1/500] CC1(C)SC2C(NC(=O)Cc3ccccc3)C(=O)N2C1C(=O... int=5 res=5 vina=-6.8 t=11s
  [2/500] CC(C)Cc1ccc(C(C)C(=O)O)cc1... int=6 res=6 vina=-7.4 t=19s
  [3/500] CC(=O)Oc1ccccc1C(=O)O... int=5 res=5 vina=-6.8 t=28s
  [4/500] CC(=O)Nc1ccc(O)cc1... int=5 res=5 vina=-6.1 t=38s
  [5/500] OC(=O)c1ccccc1O... int=5 res=5 vina=-6.2 t=44s
  [25/500] CCC(C)C(N)C(=O)O... int=0 res=0 vina=-5.2 t=305s
  [50/500] CC(N)Cc1cc(Cl)cc(CC(=O)NC2C(=O)N3C2SC(C)... int=5 res=5 vina=-3.7 t=652s
  [75/500] CC(N)c1ccc(CC(=O)NC2C(=O)N3C2SC(C)(C)C3C... int=8 res=8 vina=-3.3 t=978s
  [100/500] COc1ccc(CC(=O)NC2C(=O)N3C2SC(C)(C)C3C(=O... int=6 res=6 vina=-4.0 t=1331s
  [125/500] CC(C)Cc1cc(Cl)cc(CC(=O)NC2C(=O)N3C2SC(C)... int=9 res=8 vina=-7.5 t=1720s
  [150/500] CCOC(=O)c1cc(C=O)ccc1N... int=5 res=5 vina=-6.1 t=2087s
  [175/500] CC(C)Cc1cc(Cl)cc(CC(=O)NC2C(=O)N3C2SC(C)... int=9 res=8 vina=-7.5 t=2459s
  [200/500] CC(C)C(NC(=O)Cc1ccccc1)C(=O)NC1C(=O)N2C1... int=6 res=6 vina=-6.9 t=2880s
  [225/500] CC(=O)Oc1cc(O)c(Cl)cc1C(=O)O... int=6 res=5 vina=-6.8 t=3269s
  [250/500] CC(N)Cc1cc(Cl)cc(CC(=O)NC2C(=O)N3C2SC(C)... int=5 res=5 vina=-3.7 t=3670s
  [275/500] COc1ccc(CC(=O)NC2C(=O)N3C2SC(C)(C)C3C(=O... int=6 res=6 vina=-4.0 t=4068s
  [300/500] CC(C)C(N)C(=O)O... int=0 res=0 vina=-5.0 t=4476s
  [325/500] CC(C)(O)c1ccccc1... int=5 res=5 vina=-6.2 t=4896s
  [350/500] CC1(C)SC2C(NC(=O)COc3ccc(C(=N)N)cc3)C(=O... int=8 res=8 vina=-7.5 t=5305s
  [375/500] COc1ccc(CC(=O)NC2C(=O)N3C2SC(C)(C)C3C(=O... int=6 res=6 vina=-4.0 t=5677s
  [400/500] N=C(N)NCCCN... int=5 res=4 vina=-4.6 t=6048s
  [425/500] CC1(C)SC2C(NC(=O)Cc3ccc(Cl)cc3)C(=O)N2C1... int=5 res=5 vina=-4.8 t=6426s
  [450/500] CC(N)c1ccc(CC(=O)NC2C(=O)N3C2SC(C)(C)C3C... int=8 res=8 vina=-3.3 t=6802s
  [475/500] CC1(C)SC2C(NC(=O)Cc3cc(Cl)cc(CC(N)=O)c3)... int=7 res=7 vina=-8.2 t=7213s
  [500/500] CC1(C)SC2C(NC(=O)Cc3ccc(N4CCOCC4)cc3)C(=... int=8 res=8 vina=-1.4 t=7608s

Results → paper/experiments/results_v3/1ERE/random_seed2/results.json
Total: 7608s (15.2s/iter)
