============================================================
  Method: ga
  Target: 1EVE
  Seed: 8
  Iterations: 500
  Output: paper/experiments/results_v3/1EVE/ga_seed8
============================================================
Target: 1EVE (AChE, Hydrolase)
Pocket residues: 76
Behavior dim: 229
  [1/500] CC1(C)SC2C(NC(=O)Cc3ccccc3)C(=O)N2C1C(=O... int=9 res=9 vina=-10.3 t=12s
  [2/500] CC(C)Cc1ccc(C(C)C(=O)O)cc1... int=5 res=5 vina=-8.7 t=21s
  [3/500] CC(=O)Oc1ccccc1C(=O)O... int=5 res=5 vina=-7.3 t=31s
  [4/500] CC(=O)Nc1ccc(O)cc1... int=3 res=3 vina=-6.7 t=39s
  [5/500] OC(=O)c1ccccc1O... int=4 res=4 vina=-6.9 t=49s
  [25/500] COC(=O)c1cccc(CC(=O)NC2C(=O)N3C2SC(C)(C)... int=9 res=9 vina=-10.8 t=321s
  [50/500] CC1(C)SC2C(NC(=O)Cc3ccc(C(=O)CCl)cc3)C(=... int=9 res=9 vina=-10.9 t=698s
  [75/500] CCOC(=O)C1N2C(=O)C(NC(=O)Cc3ccc(C(C)(C)O... int=7 res=7 vina=-10.6 t=1080s
  [100/500] CC1(C)SC2C(NC(=O)Cc3ccc(CC(N)C(=O)O)cc3)... int=9 res=9 vina=-11.1 t=1485s
  [125/500] CC(C)(O)c1ccc(CC(=O)NC2C(=O)N3C2SC(C)(C)... int=11 res=11 vina=-10.9 t=1917s
  [150/500] CC(=O)c1ccc(CC(=O)NC2C(=O)N3C2SC(C)(C)C3... int=7 res=7 vina=-10.8 t=2353s
  [175/500] CCOC(=O)C1N2C(=O)C(NC(=O)Cc3ccc(N4CCOCC4... int=9 res=9 vina=-10.5 t=2783s
  [200/500] CC(=O)c1ccc(CC(=O)NC2C(=O)N3C2SC(C)(C)C3... int=7 res=7 vina=-10.8 t=3220s
  [225/500] CC(C)Cc1ccc(CC(=O)NC2C(=O)N3C2SC(C)(C)C3... int=8 res=8 vina=-10.8 t=3665s
  [250/500] CCOC(=O)C1N2C(=O)C(NC(=O)Cc3ccc(N4CCOCC4... int=9 res=9 vina=-10.5 t=4106s
  [275/500] CC1(C)SC2C(NC(=O)Cc3ccc(C(=O)CCC(N)=O)cc... int=11 res=11 vina=-10.3 t=4565s
  [300/500] CC1(C)SC2C(NC(=O)Cc3cccc(O)c3)C(=O)N2C1C... int=9 res=9 vina=-10.6 t=5000s
  [325/500] CCOC(=O)C1N2C(=O)C(NC(=O)Cc3ccc(C(C)N)cc... int=13 res=12 vina=-10.4 t=5445s
  [350/500] CC1(C)SC2C(NC(=O)COc3ccc(S(N)(=O)=O)cc3)... int=9 res=9 vina=-10.6 t=5874s
  [375/500] CC1(C)SC2C(NC(=O)Cc3ccc(C=CC(=O)O)cc3)C(... int=7 res=7 vina=-11.8 t=6331s
  [400/500] CC(=O)Nc1ccc(CC(=O)NC2C(=O)N3C2SC(C)(C)C... int=7 res=7 vina=-11.0 t=6792s
  [425/500] CC1(C)SC2C(NC(=O)Cc3ccc(NC(N)=S)cc3)C(=O... int=9 res=9 vina=-10.5 t=7238s
  [450/500] CC(=O)Nc1ccc(OCC(=O)NC2C(=O)N3C2SC(C)(C)... int=10 res=10 vina=-10.1 t=7716s
  [475/500] CC1(C)SC2C(NC(=O)COc3ccc(C(=N)N)cc3)C(=O... int=10 res=10 vina=-11.0 t=8181s
  [500/500] CC(C)Cc1ccc(OCC(=O)NC2C(=O)N3C2SC(C)(C)C... int=7 res=7 vina=-10.7 t=8646s

Results → paper/experiments/results_v3/1EVE/ga_seed8/results.json
Total: 8646s (17.3s/iter)
