============================================================
  Method: ga
  Target: 1EVE
  Seed: 4
  Iterations: 500
  Output: paper/experiments/results_v3/1EVE/ga_seed4
============================================================
Target: 1EVE (AChE, Hydrolase)
Pocket residues: 76
Behavior dim: 229
  [1/500] CC1(C)SC2C(NC(=O)Cc3ccccc3)C(=O)N2C1C(=O... int=9 res=9 vina=-10.3 t=13s
  [2/500] CC(C)Cc1ccc(C(C)C(=O)O)cc1... int=5 res=5 vina=-8.7 t=25s
  [3/500] CC(=O)Oc1ccccc1C(=O)O... int=5 res=5 vina=-7.3 t=36s
  [4/500] CC(=O)Nc1ccc(O)cc1... int=3 res=3 vina=-6.7 t=44s
  [5/500] OC(=O)c1ccccc1O... int=4 res=4 vina=-6.9 t=54s
  [25/500] CCOC(=O)C1N2C(=O)C(NC(=O)Cc3ccc(OC)c(C(N... int=8 res=7 vina=-10.1 t=334s
  [50/500] CC1(C)SC2C(NC(=O)COc3ccc(C(=N)N)cc3)C(=O... int=10 res=10 vina=-11.0 t=719s
  [75/500] CC1(C)SC2C(NC(=O)Cc3cc(O)cc(Cl)c3)C(=O)N... int=6 res=6 vina=-10.6 t=1095s
  [100/500] CC(=O)Oc1ccc(CC(=O)NC2C(=O)N3C2SC(C)(C)C... int=11 res=10 vina=-10.7 t=1492s
  [125/500] CCOC(=O)C1N2C(=O)C(NC(=O)Cc3cc(Cl)cc(C(C... int=6 res=6 vina=-10.3 t=1904s
  [150/500] CC(C)(O)c1ccc(CC(=O)NC2C(=O)N3C2SC(C)(C)... int=11 res=11 vina=-10.9 t=2370s
  [175/500] COc1ccc(Cl)cc1Oc1cccc(CC(=O)NC2C(=O)N3C2... int=8 res=8 vina=-11.6 t=2811s
  [200/500] COC(=O)c1cc(CC(=O)NC2C(=O)N3C2SC(C)(C)C3... int=6 res=6 vina=-10.8 t=3296s
  [225/500] CCOC(=O)C1N2C(=O)C(NC(=O)Cc3ccc(C(C)C(=O... int=10 res=10 vina=-10.7 t=3772s
  [250/500] CC(C)(O)c1cc(O)cc(CC(=O)NC2C(=O)N3C2SC(C... int=6 res=5 vina=-10.7 t=4264s
  [275/500] COC(=O)c1cc(CC(=O)NC2C(=O)N3C2SC(C)(C)C3... int=4 res=4 vina=-10.6 t=4725s
  [300/500] CC1(C)SC2C(NC(=O)Cc3ccc(O)c(O)c3)C(=O)N2... int=6 res=6 vina=-10.4 t=5178s
  [325/500] CCOC(=O)C1N2C(=O)C(NC(=O)Cc3cc(Cl)cc(C(C... int=6 res=6 vina=-10.7 t=5661s
  [350/500] COc1cc(CC(=O)NC2C(=O)N3C2SC(C)(C)C3C(=O)... int=6 res=6 vina=-10.4 t=6127s
  [375/500] Cc1ccc(Cl)cc1Oc1cccc(CC(=O)NC2C(=O)N3C2S... int=6 res=6 vina=-12.7 t=6609s
  [400/500] CCOC(=O)C1N2C(=O)C(NC(=O)Cc3cc(C(=O)OC)c... int=9 res=9 vina=-10.9 t=7082s
  [425/500] CC1(C)SC2C(NC(=O)Cc3cc(CC(N)=O)cc(C(=O)O... int=12 res=11 vina=-11.6 t=7569s
  [450/500] CC1(C)SC2C(NC(=O)Cc3cc(CCN)cc(C(=O)c4ccc... int=10 res=9 vina=-12.2 t=8098s
  [475/500] CC1(C)SC2C(NC(=O)Cc3ccc(N4CCOCC4)cc3)C(=... int=9 res=9 vina=-10.7 t=8574s
  [500/500] CC(N)c1cc(Cl)cc(CC(=O)NC2C(=O)N3C2SC(C)(... int=11 res=11 vina=-11.2 t=9065s

Results → paper/experiments/results_v3/1EVE/ga_seed4/results.json
Total: 9065s (18.1s/iter)
