============================================================
  Method: imgep
  Target: 3V8D
  Seed: 5
  Iterations: 500
  Output: paper/experiments/results_v3/3V8D/imgep_seed5
============================================================
Target: 3V8D (Thrombin, Serine protease)
Pocket residues: 95
Behavior dim: 286
  [1/500] CC1(C)SC2C(NC(=O)Cc3ccccc3)C(=O)N2C1C(=O... int=10 res=9 vina=-9.1 t=13s
  [2/500] CC(C)Cc1ccc(C(C)C(=O)O)cc1... int=5 res=5 vina=-6.8 t=27s
  [3/500] CC(=O)Oc1ccccc1C(=O)O... int=8 res=6 vina=-6.8 t=37s
  [4/500] CC(=O)Nc1ccc(O)cc1... int=7 res=5 vina=-6.1 t=50s
  [5/500] OC(=O)c1ccccc1O... int=4 res=4 vina=-6.0 t=64s
  [25/500] COc1ccccc1C(=O)O... int=10 res=8 vina=-6.1 t=321s
  [50/500] CC(=O)Nc1ccc(Br)cc1... int=6 res=6 vina=-5.8 t=642s
  [75/500] CC(C)(O)c1ccc(I)cc1... int=8 res=7 vina=-5.4 t=974s
  [100/500] CC1(C)SC2C(NC(=O)Cc3cc(O)cc(CCC(=O)O)c3)... int=8 res=8 vina=-9.8 t=1330s
  [125/500] CC1(C)SC2C(NC(=O)COc3ccc(O)cc3)C(=O)N2C1... int=8 res=6 vina=-9.1 t=1717s
  [150/500] COc1cc(O)cc(O)c1C(=O)O... int=3 res=3 vina=-6.1 t=2112s
  [175/500] CC(C)Cc1cc(O)cc(CC(=O)NC2C(=O)N3C2SC(C)(... int=8 res=8 vina=-9.2 t=2479s
  [200/500] COc1cc(CCC(=O)O)cc(CC(=O)NC2C(=O)N3C2SC(... int=9 res=9 vina=-8.9 t=2865s
  [225/500] NC(CO)C(=O)O... int=0 res=0 vina=-4.3 t=3255s
  [250/500] COc1cc(CCC(C)=O)cc(CC(=O)NC2C(=O)N3C2SC(... int=8 res=6 vina=-8.7 t=3700s
  [275/500] CCOC(=O)c1c(O)cc(Cl)cc1OC... int=3 res=3 vina=-5.7 t=4094s
  [300/500] COc1cc(C(N)=O)ccc1O... int=5 res=5 vina=-6.2 t=4506s
  [325/500] CCOC(=O)c1cc(C(C)O)ccc1O... int=9 res=7 vina=-6.8 t=4937s
  [350/500] NC(Cc1cnc[nH]1)C(=O)O... int=0 res=0 vina=-5.5 t=5333s
  [375/500] CC1(C)SC2C(NC(=O)COc3ccc(C(=N)N)cc3)C(=O... int=8 res=8 vina=-8.7 t=5726s
  [400/500] CCC(C)C(N)C(=O)O... int=0 res=0 vina=-4.9 t=6129s
  [425/500] COc1cc(C(=O)O)ccc1C(=O)O... int=4 res=4 vina=-6.6 t=6528s
  [450/500] CC(=O)Oc1ccc(N)cc1C(=O)O... int=6 res=6 vina=-6.4 t=6929s
  [475/500] COC(=O)c1c(OC)cc(C(C)(C)O)cc1OC... int=2 res=2 vina=-5.9 t=7306s
  [500/500] CC(C)Cc1ccc(I)cc1... int=3 res=3 vina=-5.7 t=7713s

Results → paper/experiments/results_v3/3V8D/imgep_seed5/results.json
Total: 7713s (15.4s/iter)
