============================================================
  Method: curiosity
  Target: 3EML
  Seed: 0
  Iterations: 500
  Output: paper/experiments/results_v3/3EML/curiosity_seed0
============================================================
Target: 3EML (EGFR, Kinase)
Pocket residues: 65
Behavior dim: 196
  [1/500] CC1(C)SC2C(NC(=O)Cc3ccccc3)C(=O)N2C1C(=O... int=5 res=5 vina=-8.5 t=14s
  [2/500] CC(C)Cc1ccc(C(C)C(=O)O)cc1... int=6 res=6 vina=-7.7 t=25s
  [3/500] CC(=O)Oc1ccccc1C(=O)O... int=8 res=8 vina=-6.3 t=40s
  [4/500] CC(=O)Nc1ccc(O)cc1... int=5 res=5 vina=-6.1 t=51s
  [5/500] OC(=O)c1ccccc1O... int=4 res=4 vina=-5.9 t=64s
  [25/500] CC(N)c1ccc(C(C)C(=O)O)cc1... int=5 res=5 vina=-7.3 t=343s
  [50/500] CC(=O)c1ccc(CC(=O)NC2C(=O)N3C2SC(C)(C)C3... int=7 res=7 vina=-9.4 t=684s
  [75/500] CCOC(=O)C1N2C(=O)C(NC(=O)Cc3ccc(C(C)(C)O... int=9 res=7 vina=-9.1 t=1022s
  [100/500] CC(=O)c1ccc(N2CCOCC2)cc1... int=4 res=4 vina=-7.3 t=1391s
  [125/500] CCOC(=O)C1N2C(=O)C(NC(=O)Cc3ccc(CC(=O)NO... int=7 res=7 vina=-9.2 t=1779s
  [150/500] CCOC(=O)c1ccc(CC(C)C)cc1O... int=6 res=5 vina=-7.1 t=2143s
  [175/500] CC(=O)c1ccc(C(C)C(=O)O)cc1... int=6 res=6 vina=-7.3 t=2546s
  [200/500] COc1cc(CNC(=O)CCCCN)ccc1O... int=5 res=5 vina=-6.9 t=2921s
  [225/500] CCOC(=O)C1N2C(=O)C(NC(=O)Cc3ccc(C(=O)OC)... int=7 res=7 vina=-9.2 t=3324s
  [250/500] CC(C)c1ccc(O)c(O)c1... int=5 res=5 vina=-6.9 t=3743s
  [275/500] CCOC(=O)c1ccc(F)cc1O... int=4 res=4 vina=-6.3 t=4153s
  [300/500] CC(=O)c1ccc(CCC(=O)O)cc1... int=3 res=3 vina=-7.4 t=4545s
  [325/500] CCOC(=O)C(C)c1ccc(CC(=O)NC2C(=O)N3C2SC(C... int=10 res=9 vina=-9.2 t=4954s
  [350/500] CCOC(=O)C1N2C(=O)C(NC(=O)Cc3ccc(N4CCOCC4... int=4 res=4 vina=-9.2 t=5345s
  [375/500] COc1cc(C=CC(=O)O)ccc1O... int=3 res=3 vina=-6.8 t=5736s
  [400/500] CC1(C)SC2C(NC(=O)Cc3ccc(C(=O)NCC(=O)O)cc... int=6 res=6 vina=-9.4 t=6136s
  [425/500] CC(N)Cc1ccc(O)c(O)c1... int=4 res=4 vina=-6.8 t=6549s
  [450/500] OCC1OC(O)C(O)C(O)C1O... int=3 res=3 vina=-5.7 t=6931s
  [475/500] COC(=O)c1ccc(CC(=O)NC2C(=O)N3C2SC(C)(C)C... int=9 res=6 vina=-9.1 t=7333s
  [500/500] CCOC(=O)c1ccc(CC(N)C(=O)O)cc1... int=7 res=7 vina=-7.6 t=7701s

Results → paper/experiments/results_v3/3EML/curiosity_seed0/results.json
Total: 7701s (15.4s/iter)
