============================================================
  Method: imgep
  Target: 4DFR
  Seed: 2
  Iterations: 500
  Output: paper/experiments/results_v3/4DFR/imgep_seed2
============================================================
Target: 4DFR (DHFR, Oxidoreductase)
Pocket residues: 55
Behavior dim: 166
  [1/500] CC1(C)SC2C(NC(=O)Cc3ccccc3)C(=O)N2C1C(=O... int=6 res=6 vina=-8.0 t=13s
  [2/500] CC(C)Cc1ccc(C(C)C(=O)O)cc1... int=6 res=5 vina=-7.4 t=28s
  [3/500] CC(=O)Oc1ccccc1C(=O)O... int=6 res=5 vina=-5.6 t=42s
  [4/500] CC(=O)Nc1ccc(O)cc1... int=2 res=2 vina=-5.7 t=52s
  [5/500] OC(=O)c1ccccc1O... int=4 res=4 vina=-5.8 t=64s
  [25/500] CC(N)c1ccc(C(C)N)cc1... int=5 res=5 vina=-6.2 t=338s
  [50/500] NC(CCC(=O)O)C(=O)O... int=0 res=0 vina=-5.0 t=682s
  [75/500] CC(=O)Oc1ccc(CC(=O)NC2C(=O)N3C2SC(C)(C)C... int=7 res=7 vina=-8.4 t=1047s
  [100/500] CC(N)c1ccc2ccccc2c1... int=6 res=6 vina=-6.7 t=1425s
  [125/500] COc1cc(C(C)(C)O)ccc1O... int=2 res=2 vina=-6.3 t=1818s
  [150/500] CCOC(=O)C1N2C(=O)C(NC(=O)Cc3ccc(C(=O)NCC... int=4 res=4 vina=-8.4 t=2194s
  [175/500] COc1cc(C=CC(=O)O)ccc1O... int=4 res=4 vina=-6.4 t=2533s
  [200/500] CC(=O)Oc1ccc(CC(=O)NC2C(=O)N3C2SC(C)(C)C... int=7 res=7 vina=-8.4 t=2917s
  [225/500] CC(N)Cc1ccc(CC(N)C(=O)O)cc1... int=6 res=6 vina=-6.9 t=3276s
  [250/500] CCOC(=O)C1N2C(=O)C(NC(=O)Cc3ccc(NC(N)=S)... int=7 res=6 vina=-7.9 t=3669s
  [275/500] CC(N)c1ccc2ccc(O)cc2c1... int=5 res=5 vina=-7.2 t=4028s
  [300/500] Nc1ccc(C=NO)cc1... int=2 res=2 vina=-5.4 t=4382s
  [325/500] CCOC(=O)C1N2C(=O)C(NC(=O)Cc3ccc(C(C)(C)O... int=5 res=5 vina=-8.9 t=4776s
  [350/500] CCOC(=O)C1N2C(=O)C(NC(=O)Cc3ccc(CCCO)cc3... int=6 res=6 vina=-8.0 t=5125s
  [375/500] O=[N+]([O-])c1ccc(C=NO)cc1... int=2 res=2 vina=-5.6 t=5473s
  [400/500] O=S(=O)(O)c1ccc(C=NO)cc1... int=5 res=5 vina=-6.4 t=5825s
  [425/500] CC(=O)Nc1ccc(CC(=O)NC2C(=O)N3C2SC(C)(C)C... int=8 res=8 vina=-8.3 t=6179s
  [450/500] CCOC(=O)C1N2C(=O)C(NC(=O)Cc3ccc(CCC(=O)O... int=7 res=6 vina=-8.7 t=6575s
  [475/500] CCOC(=O)c1cc(C(=O)O)ccc1OC(C)=O... int=5 res=5 vina=-6.7 t=6954s
  [500/500] CCOC(=O)C1N2C(=O)C(NC(=O)Cc3ccc(C(C)(C)O... int=5 res=5 vina=-8.9 t=7307s

Results → paper/experiments/results_v3/4DFR/imgep_seed2/results.json
Total: 7307s (14.6s/iter)
