============================================================
  Method: ga
  Target: 4MNE
  Seed: 3
  Iterations: 500
  Output: paper/experiments/results_v3/4MNE/ga_seed3
============================================================
Target: 4MNE (BRAF, Kinase)
Pocket residues: 68
Behavior dim: 205
  [1/500] CC1(C)SC2C(NC(=O)Cc3ccccc3)C(=O)N2C1C(=O... int=5 res=5 vina=-7.8 t=13s
  [2/500] CC(C)Cc1ccc(C(C)C(=O)O)cc1... int=8 res=8 vina=-7.8 t=24s
  [3/500] CC(=O)Oc1ccccc1C(=O)O... int=4 res=4 vina=-6.1 t=34s
  [4/500] CC(=O)Nc1ccc(O)cc1... int=8 res=6 vina=-6.2 t=46s
  [5/500] OC(=O)c1ccccc1O... int=8 res=6 vina=-6.2 t=56s
  [25/500] CCOC(=O)C1N2C(=O)C(NC(=O)Cc3cccc(OC(F)(F... int=7 res=6 vina=-8.4 t=345s
  [50/500] CC1(C)SC2C(NC(=O)Cc3cccc(C=CC(=O)O)c3)C(... int=10 res=9 vina=-9.3 t=736s
  [75/500] CC1(C)SC2C(NC(=O)Cc3cccc(-c4nn[nH]n4)c3)... int=10 res=9 vina=-9.1 t=1133s
  [100/500] CCOC(=O)C1N2C(=O)C(NC(=O)Cc3cccc(OC(F)(F... int=7 res=6 vina=-8.4 t=1495s
  [125/500] CC1(C)SC2C(NC(=O)Cc3cc(O)cc(Cl)c3)C(=O)N... int=3 res=3 vina=-8.4 t=1832s
  [150/500] CC1(C)SC2C(NC(=O)Cc3cc(C=CC(=O)O)cc(CC(=... int=10 res=8 vina=-9.5 t=2179s
  [175/500] CCOC(=O)C1N2C(=O)C(NC(=O)Cc3cccc(OC(F)(F... int=7 res=6 vina=-8.4 t=2526s
  [200/500] CCOC(=O)C1N2C(=O)C(NC(=O)Cc3cc(O)cc(-c4c... int=7 res=7 vina=-10.0 t=2858s
  [225/500] CCOC(=O)C1N2C(=O)C(NC(=O)Cc3cccc(CC(C)C)... int=9 res=9 vina=-8.7 t=3189s
  [250/500] CC(C(=O)O)c1cccc(CC(=O)NC2C(=O)N3C2SC(C)... int=8 res=8 vina=-9.0 t=3470s
  [275/500] CC1(C)SC2C(NC(=O)Cc3cc(C=CC(=O)O)cc(CC(=... int=11 res=10 vina=-9.6 t=3781s
  [300/500] CC1(C)SC2C(NC(=O)Cc3cccc(-c4ccc(CCC(=O)O... int=9 res=8 vina=-10.4 t=4090s
  [325/500] CC(C)Cc1ccc(-c2cc(O)cc(CC(=O)NC3C(=O)N4C... int=8 res=8 vina=-10.2 t=4412s
  [350/500] CCOC(=O)C1N2C(=O)C(NC(=O)COc3ccc(C(=N)N)... int=5 res=5 vina=-7.6 t=4752s
  [375/500] CC1(C)SC2C(NC(=O)Cc3cccc(-c4cc(O)cc(O)c4... int=12 res=11 vina=-10.5 t=5061s
  [400/500] CC1(C)SC2C(NC(=O)Cc3cc(Cl)cc(-c4nn[nH]n4... int=8 res=7 vina=-9.2 t=5400s
  [425/500] CC1(C)SC2C(NC(=O)Cc3cccc(-c4ccc(CC(N)C(=... int=11 res=10 vina=-9.7 t=5727s
  [450/500] CC1(C)SC2C(NC(=O)Cc3cccc(-c4ccc(CC(=O)NO... int=10 res=9 vina=-9.8 t=6025s
  [475/500] CC1(C)SC2C(NC(=O)Cc3cccc(OC(F)(F)F)c3)C(... int=3 res=3 vina=-9.2 t=6318s
  [500/500] CC(C)Cc1ccc(-c2cc(O)cc(CC(=O)NC3C(=O)N4C... int=8 res=8 vina=-10.2 t=6584s

Results → paper/experiments/results_v3/4MNE/ga_seed3/results.json
Total: 6584s (13.2s/iter)
