============================================================
  Method: ga
  Target: 1ERE
  Seed: 1
  Iterations: 500
  Output: paper/experiments/results_v3/1ERE/ga_seed1
============================================================
Target: 1ERE (Estrogen Receptor α, Nuclear receptor)
Pocket residues: 71
Behavior dim: 214
  [1/500] CC1(C)SC2C(NC(=O)Cc3ccccc3)C(=O)N2C1C(=O... int=5 res=5 vina=-6.8 t=14s
  [2/500] CC(C)Cc1ccc(C(C)C(=O)O)cc1... int=6 res=6 vina=-7.4 t=26s
  [3/500] CC(=O)Oc1ccccc1C(=O)O... int=5 res=5 vina=-6.8 t=37s
  [4/500] CC(=O)Nc1ccc(O)cc1... int=5 res=5 vina=-6.1 t=52s
  [5/500] OC(=O)c1ccccc1O... int=5 res=5 vina=-6.2 t=63s
  [25/500] CC(C(=O)O)c1ccc(C=Cc2ccccc2)cc1... int=7 res=6 vina=-2.9 t=310s
  [50/500] CC(C)NCC(O)COc1ccc(C(C)C(=O)O)cc1... int=9 res=9 vina=-7.8 t=619s
  [75/500] CC(C)NCC(O)COc1ccc(C(C)N)cc1... int=9 res=8 vina=-7.3 t=942s
  [100/500] CC(=O)N1CCN(c2ccc(CC(C)N)cc2)CC1... int=7 res=6 vina=-3.3 t=1254s
  [125/500] COC(=O)c1ccc(C2N=C(C)NC2=O)cc1... int=6 res=6 vina=-7.3 t=1561s
  [150/500] CC1=NC(c2ccc(C(=O)NCC(=O)O)cc2)C(=O)N1... int=9 res=9 vina=-6.6 t=1865s
  [175/500] CC(=O)CCC(=O)c1ccc(C2N=C(C)NC2=O)cc1... int=8 res=8 vina=-8.3 t=2181s
  [200/500] CC1=NC(c2ccc(N3CCOCC3)cc2)C(=O)N1... int=7 res=6 vina=-6.6 t=2487s
  [225/500] CC1=NC(c2ccc(C(C)N)cc2)C(=O)N1... int=6 res=5 vina=-7.8 t=2795s
  [250/500] CC(=O)Nc1ccc(C(C)N)cc1... int=6 res=5 vina=-6.4 t=3120s
  [275/500] COC(=O)c1ccc(CC(=O)NO)cc1... int=7 res=6 vina=-7.6 t=3443s
  [300/500] CC(C(=O)O)c1ccc(C=Cc2ccccc2)cc1... int=7 res=6 vina=-2.9 t=3782s
  [325/500] COC(=O)c1ccc(C(C)C(=O)O)cc1... int=5 res=5 vina=-7.4 t=4121s
  [350/500] COC(=O)c1ccc(CC(N)C(=O)O)cc1... int=7 res=7 vina=-7.3 t=4466s
  [375/500] CC(=O)CCC(=O)c1ccc(OCC(O)CNC(C)C)cc1... int=9 res=9 vina=-7.8 t=4828s
  [400/500] CC(=O)Nc1ccc(-c2cccc(C(C)O)c2)cc1... int=6 res=5 vina=-6.4 t=5199s
  [425/500] COC(=O)c1ccc(CC(=O)NO)cc1... int=7 res=6 vina=-7.6 t=5579s
  [450/500] NC(CCCC(=O)c1ccc(N2CCOCC2)cc1)C(=O)O... int=4 res=4 vina=-7.5 t=5963s
  [475/500] CCOC(=O)C(C)c1ccc(OCc2cccc(N)c2)cc1... int=7 res=7 vina=-8.3 t=6344s
  [500/500] CC1=NC(c2ccc(C(=O)CCC(N)C(=O)O)cc2)C(=O)... int=10 res=9 vina=-8.0 t=6719s

Results → paper/experiments/results_v3/1ERE/ga_seed1/results.json
Total: 6719s (13.4s/iter)
