============================================================
  Method: imgep
  Target: 4DFR
  Seed: 5
  Iterations: 500
  Output: paper/experiments/results_v3/4DFR/imgep_seed5
============================================================
Target: 4DFR (DHFR, Oxidoreductase)
Pocket residues: 55
Behavior dim: 166
  [1/500] CC1(C)SC2C(NC(=O)Cc3ccccc3)C(=O)N2C1C(=O... int=6 res=6 vina=-8.0 t=13s
  [2/500] CC(C)Cc1ccc(C(C)C(=O)O)cc1... int=6 res=5 vina=-7.4 t=25s
  [3/500] CC(=O)Oc1ccccc1C(=O)O... int=6 res=5 vina=-5.6 t=36s
  [4/500] CC(=O)Nc1ccc(O)cc1... int=2 res=2 vina=-5.7 t=49s
  [5/500] OC(=O)c1ccccc1O... int=4 res=4 vina=-5.8 t=57s
  [25/500] CCOC(=O)C(N)Cc1ccc(NC(C)=O)cc1... int=7 res=6 vina=-6.6 t=339s
  [50/500] CCCCC(=O)Oc1ccc(C(C)N)cc1... int=5 res=5 vina=-6.5 t=717s
  [75/500] NC(=O)Cc1ccc(N2CCOCC2)cc1... int=3 res=3 vina=-6.4 t=1086s
  [100/500] CC(=O)Nc1ccc(C2N=C(C)NC2=O)cc1... int=6 res=5 vina=-6.9 t=1465s
  [125/500] CC(C(=O)O)c1ccc(C(C)C(=O)O)cc1... int=4 res=4 vina=-7.0 t=1851s
  [150/500] COC(=O)c1ccc(NC(N)=S)cc1... int=2 res=2 vina=-5.8 t=2253s
  [175/500] CN(C)c1ccc(F)cc1... int=3 res=3 vina=-4.9 t=2646s
  [200/500] CC1(C)SC2C(NC(=O)Cc3cc(C=O)cc(CCN)c3)C(=... int=4 res=4 vina=-8.5 t=3069s
  [225/500] CCOC(=O)C1N2C(=O)C(NC(=O)COc3ccc(C(=N)N)... int=9 res=8 vina=-8.6 t=3444s
  [250/500] NC(=O)c1ccc(Br)cc1... int=4 res=4 vina=-5.9 t=3827s
  [275/500] CC(=O)CCC(=O)c1ccc(C(=O)O)cc1... int=6 res=6 vina=-6.7 t=4233s
  [300/500] CCOC(=O)C1N2C(=O)C(NC(=O)Cc3cc(F)cc(OC)c... int=4 res=4 vina=-8.3 t=4635s
  [325/500] CC(=O)Nc1ccc(Br)cc1... int=4 res=4 vina=-5.2 t=5022s
  [350/500] CCCC(=O)Oc1ccc(NC(N)=S)cc1... int=5 res=4 vina=-6.2 t=5405s
  [375/500] COC(=O)c1ccc(CC(N)=O)cc1... int=4 res=4 vina=-6.1 t=5796s
  [400/500] CC(=O)Nc1ccc(S(N)(=O)=O)cc1... int=6 res=6 vina=-6.3 t=6223s
  [425/500] CC(=O)c1ccc(C(=N)N)cc1... int=3 res=3 vina=-6.1 t=6615s
  [450/500] CCOC(=O)C1N2C(=O)C(NC(=O)Cc3ccc(OC)cc3)C... int=5 res=5 vina=-8.4 t=6957s
  [475/500] COC(=O)c1cccc(CC(=O)NC2C(=O)N3C2SC(C)(C)... int=6 res=6 vina=-8.3 t=7379s
  [500/500] CCOC(=O)C1N2C(=O)C(NC(=O)Cc3cc(O)cc(OC)c... int=7 res=6 vina=-8.1 t=7794s

Results → paper/experiments/results_v3/4DFR/imgep_seed5/results.json
Total: 7794s (15.6s/iter)
