============================================================
  Method: imgep_naive
  Target: 4DFR
  Seed: 5
  Iterations: 500
  Output: paper/experiments/results_v3/4DFR/imgep_naive_seed5
============================================================
Target: 4DFR (DHFR, Oxidoreductase)
Pocket residues: 55
Behavior dim: 166
  [1/500] CC1(C)SC2C(NC(=O)Cc3ccccc3)C(=O)N2C1C(=O... int=6 res=6 vina=-8.0 t=14s
  [2/500] CC(C)Cc1ccc(C(C)C(=O)O)cc1... int=6 res=5 vina=-7.4 t=28s
  [3/500] CC(=O)Oc1ccccc1C(=O)O... int=6 res=5 vina=-5.6 t=36s
  [4/500] CC(=O)Nc1ccc(O)cc1... int=2 res=2 vina=-5.7 t=45s
  [5/500] OC(=O)c1ccccc1O... int=4 res=4 vina=-5.8 t=56s
  [25/500] CC1(C)SC2C(NC(=O)Cc3cc(O)cc(O)c3)C(=O)N2... int=7 res=7 vina=-8.6 t=348s
  [50/500] CC(=O)Oc1ccc(F)cc1C(=O)O... int=5 res=5 vina=-6.3 t=761s
  [75/500] CCOC(=O)C1N2C(=O)C(NC(=O)Cc3cc(Cl)cc(Cl)... int=4 res=4 vina=-8.0 t=1187s
  [100/500] COC(=O)c1cc(CC(=O)NC2C(=O)N3C2SC(C)(C)C3... int=4 res=4 vina=-8.5 t=1693s
  [125/500] CC1(C)SC2C(NC(=O)Cc3cc(C=O)cc(CCN)c3)C(=... int=4 res=4 vina=-8.5 t=2164s
  [150/500] CC(C)C(NC(=O)OC(C)(C)C)C(=O)NC1C(=O)N2C1... int=2 res=2 vina=-8.2 t=2660s
  [175/500] COC(=O)c1cc(CC(=O)NC2C(=O)N3C2SC(C)(C)C3... int=4 res=4 vina=-8.5 t=3144s
  [200/500] CC(=O)c1cc(CC(=O)NC2C(=O)N3C2SC(C)(C)C3C... int=7 res=6 vina=-9.2 t=3642s
  [225/500] CCOC(=O)C1N2C(=O)C(NC(=O)Cc3cc(C(C)=O)cc... int=8 res=8 vina=-8.9 t=4129s
  [250/500] COc1cc(Cl)cc(CC(=O)NC2C(=O)N3C2SC(C)(C)C... int=6 res=6 vina=-8.6 t=4617s
  [275/500] CCOC(=O)C1N2C(=O)C(NC(=O)Cc3cc(CCN)cc(C(... int=8 res=8 vina=-8.6 t=5113s
  [300/500] CCOC(=O)C1N2C(=O)C(NC(=O)Cc3cc(Cl)cc(C(N... int=8 res=8 vina=-8.6 t=5600s
  [325/500] CC1(C)SC2C(NC(=O)Cc3cc(Cl)cc(C(=O)O)c3)C... int=8 res=7 vina=-8.9 t=6075s
  [350/500] CC1(C)SC2C(NC(=O)Cc3cc(CCN)cc(C(=O)CCl)c... int=8 res=7 vina=-8.6 t=6608s
  [375/500] CCOC(=O)C1N2C(=O)C(NC(=O)Cc3cc(Cl)cc(C(N... int=8 res=8 vina=-8.6 t=7104s
  [400/500] CCOC(=O)c1cc(Cl)cc(CC(=O)NC2C(=O)N3C2SC(... int=4 res=4 vina=-8.5 t=7604s
  [425/500] CCN(CC)C(=O)c1cc(CC(=O)NC2C(=O)N3C2SC(C)... int=7 res=6 vina=-9.0 t=8128s
  [450/500] CCOC(=O)C1N2C(=O)C(NC(=O)Cc3cc(CCN)cc(C(... int=8 res=8 vina=-8.8 t=8660s
  [475/500] CC1(C)SC2C(NC(=O)Cc3cc(CC(=O)O)cc(C(=O)O... int=7 res=6 vina=-9.4 t=9180s
  [500/500] CC1(C)SC2C(NC(=O)Cc3cc(CC(N)=O)cc(CC(N)=... int=9 res=8 vina=-8.9 t=9703s

Results → paper/experiments/results_v3/4DFR/imgep_naive_seed5/results.json
Total: 9703s (19.4s/iter)
