============================================================
  Method: imgep
  Target: 1ERE
  Seed: 1
  Iterations: 500
  Output: paper/experiments/results_v3/1ERE/imgep_seed1
============================================================
Target: 1ERE (Estrogen Receptor α, Nuclear receptor)
Pocket residues: 71
Behavior dim: 214
  [1/500] CC1(C)SC2C(NC(=O)Cc3ccccc3)C(=O)N2C1C(=O... int=5 res=5 vina=-6.8 t=14s
  [2/500] CC(C)Cc1ccc(C(C)C(=O)O)cc1... int=6 res=6 vina=-7.4 t=24s
  [3/500] CC(=O)Oc1ccccc1C(=O)O... int=5 res=5 vina=-6.8 t=36s
  [4/500] CC(=O)Nc1ccc(O)cc1... int=5 res=5 vina=-6.1 t=50s
  [5/500] OC(=O)c1ccccc1O... int=5 res=5 vina=-6.2 t=60s
  [25/500] CC1(C)SC2C(NC(=O)Cc3ccc(Cl)cc3)C(=O)N2C1... int=5 res=5 vina=-4.8 t=344s
  [50/500] COC(=O)c1ccc(Cl)cc1OC(C)=O... int=5 res=5 vina=-6.3 t=723s
  [75/500] COC(=O)c1ccc(NC(N)=S)cc1... int=7 res=7 vina=-6.5 t=1107s
  [100/500] COC(=O)c1ccc(OC(C)=O)cc1... int=7 res=7 vina=-6.6 t=1474s
  [125/500] CC(C)NCC(O)COc1ccc(CC(=O)NC2C(=O)N3C2SC(... int=11 res=10 vina=-4.7 t=1854s
  [150/500] CC(=O)N1CCN(c2ccc(CC(=O)NC3C(=O)N4C3SC(C... int=5 res=5 vina=1.7 t=2217s
  [175/500] CCOC(=O)C1N2C(=O)C(NC(=O)Cc3ccc(C(N)=O)c... int=6 res=5 vina=-5.9 t=2594s
  [200/500] CC1(C)SC2C(NC(=O)Cc3ccc(I)cc3)C(=O)N2C1C... int=6 res=5 vina=-2.2 t=2967s
  [225/500] CC(O)c1cccc(-c2ccc(CC(=O)NC3C(=O)N4C3SC(... int=11 res=11 vina=-4.5 t=3346s
  [250/500] O=C(O)C=Cc1ccc(Cl)c(Cl)c1... int=5 res=5 vina=-7.1 t=3714s
  [275/500] CN(C)c1ccc(OCC(=O)NC2C(=O)N3C2SC(C)(C)C3... int=8 res=8 vina=-4.9 t=4115s
  [300/500] CCOC(=O)C1N2C(=O)C(NC(=O)Cc3ccc(C(O)c4cc... int=11 res=11 vina=-4.0 t=4537s
  [325/500] CCOC(=O)C1N2C(=O)C(NC(=O)Cc3ccc(C(C)N)cc... int=8 res=8 vina=-3.6 t=4942s
  [350/500] CC(=O)Oc1ccc(CC(=O)NC2C(=O)N3C2SC(C)(C)C... int=7 res=7 vina=-2.9 t=5330s
  [375/500] CCOC(=O)C(C)c1ccc(C(=N)N)cc1... int=7 res=7 vina=-7.4 t=5724s
  [400/500] CCOC(=O)C1N2C(=O)C(NC(=O)COc3ccc(C(C)(C)... int=8 res=7 vina=-6.1 t=6110s
  [425/500] CC1(C)SC2C(NC(=O)Cc3ccc(CC(N)=O)cc3)C(=O... int=8 res=7 vina=-3.6 t=6477s
  [450/500] CCOC(=O)c1ccccc1OC(=O)CCCO... int=8 res=8 vina=-7.1 t=6871s
  [475/500] CC(=O)Oc1ccc(NC=O)cc1... int=6 res=6 vina=-6.7 t=7279s
  [500/500] COc1ccc(O)cc1C(=O)O... int=4 res=4 vina=-6.2 t=7672s

Results → paper/experiments/results_v3/1ERE/imgep_seed1/results.json
Total: 7672s (15.3s/iter)
