============================================================
  Method: random
  Target: 3V8D
  Seed: 6
  Iterations: 500
  Output: paper/experiments/results_v3/3V8D/random_seed6
============================================================
Target: 3V8D (Thrombin, Serine protease)
Pocket residues: 95
Behavior dim: 286
  [1/500] CC1(C)SC2C(NC(=O)Cc3ccccc3)C(=O)N2C1C(=O... int=10 res=9 vina=-9.1 t=24s
  [2/500] CC(C)Cc1ccc(C(C)C(=O)O)cc1... int=5 res=5 vina=-6.8 t=41s
  [3/500] CC(=O)Oc1ccccc1C(=O)O... int=8 res=6 vina=-6.8 t=58s
  [4/500] CC(=O)Nc1ccc(O)cc1... int=7 res=5 vina=-6.1 t=72s
  [5/500] OC(=O)c1ccccc1O... int=4 res=4 vina=-6.0 t=85s
  [25/500] CC1(C)SC2C(NC(=O)Cc3ccc(Br)cc3)C(=O)N2C1... int=8 res=8 vina=-8.5 t=389s
  [50/500] COc1cc(C(=O)CCC(C)=O)ccc1O... int=6 res=5 vina=-6.5 t=791s
  [75/500] CC(=O)Oc1ccc(Cl)cc1C(=O)O... int=2 res=2 vina=-6.2 t=1211s
  [100/500] CC1(C)SC2C(NC(=O)COc3ccc(Br)cc3)C(=O)N2C... int=5 res=5 vina=-8.6 t=1633s
  [125/500] CC(N)Cc1ccc(S(=O)(=O)O)cc1... int=5 res=5 vina=-6.5 t=2037s
  [150/500] CCOC(=O)C1N2C(=O)C(NC(=O)COc3ccc(NC(N)=S... int=5 res=5 vina=-8.1 t=2445s
  [175/500] CC(=O)CCC(=O)c1ccc(CC(C)C)cc1... int=8 res=8 vina=-7.1 t=2856s
  [200/500] CC1(C)SC2C(NC(=O)Cc3ccc(CC(=O)NO)cc3)C(=... int=9 res=9 vina=-9.4 t=3278s
  [225/500] CCOC(=O)C1N2C(=O)C(NC(=O)Cc3ccc(OC)cc3)C... int=7 res=7 vina=-8.3 t=3667s
  [250/500] CN(C)c1ccc(OCC(=O)NC2C(=O)N3C2SC(C)(C)C3... int=8 res=8 vina=-8.8 t=4057s
  [275/500] CCOC(=O)C1N2C(=O)C(NC(=O)Cc3cccc(C(C)(C)... int=13 res=9 vina=-9.5 t=4473s
  [300/500] CC(C(=O)O)c1ccc(CC(=O)NC2C(=O)N3C2SC(C)(... int=7 res=7 vina=-9.2 t=4879s
  [325/500] CC(=O)c1ccc(CC(=O)NC2C(=O)N3C2SC(C)(C)C3... int=10 res=10 vina=-9.4 t=5265s
  [350/500] CCCC(=O)Oc1ccc(C(=O)CCl)cc1C(=O)OCC... int=3 res=3 vina=-6.4 t=5675s
  [375/500] NCCCCC(=O)c1ccc(O)cc1... int=8 res=7 vina=-6.2 t=6077s
  [400/500] COc1ccc(C(=O)Nc2cccc(O)c2)cc1... int=8 res=7 vina=-8.1 t=6496s
  [425/500] CC(=O)CCC(=O)c1ccc(F)cc1... int=8 res=6 vina=-6.8 t=6904s
  [450/500] CCC(C)C(N)C(=O)O... int=0 res=0 vina=-4.9 t=7297s
  [475/500] CC(C)Cc1ccc(OCC(=O)NC2C(=O)N3C2SC(C)(C)C... int=5 res=5 vina=-8.7 t=7674s
  [500/500] CC1(C)SC2C(NC(=O)COc3ccc(Cl)cc3)C(=O)N2C... int=6 res=6 vina=-8.4 t=8054s

Results → paper/experiments/results_v3/3V8D/random_seed6/results.json
Total: 8054s (16.1s/iter)
