============================================================
  Method: curiosity
  Target: 3PJC
  Seed: 5
  Iterations: 500
  Output: paper/experiments/results_v3/3PJC/curiosity_seed5
============================================================
Target: 3PJC (CDK2, Kinase)
Pocket residues: 60
Behavior dim: 181
  [1/500] CC1(C)SC2C(NC(=O)Cc3ccccc3)C(=O)N2C1C(=O... int=5 res=5 vina=-8.6 t=17s
  [2/500] CC(C)Cc1ccc(C(C)C(=O)O)cc1... int=8 res=8 vina=-7.7 t=33s
  [3/500] CC(=O)Oc1ccccc1C(=O)O... int=7 res=7 vina=-6.7 t=49s
  [4/500] CC(=O)Nc1ccc(O)cc1... int=9 res=9 vina=-6.2 t=65s
  [5/500] OC(=O)c1ccccc1O... int=6 res=6 vina=-6.1 t=81s
  [25/500] CCOC(=O)c1cc(C(=O)OC)ccc1OC(C)=O... int=8 res=8 vina=-7.0 t=428s
  [50/500] CCOC(=O)C1N2C(=O)C(NC(=O)Cc3ccc(C(=O)O)c... int=9 res=8 vina=-8.8 t=868s
  [75/500] CC(=O)Nc1ccc(Br)cc1... int=4 res=3 vina=-5.9 t=1303s
  [100/500] CC1(C)SC2C(NC(=O)COc3ccc(C(=O)O)cc3)C(=O... int=7 res=7 vina=-9.8 t=1779s
  [125/500] CCOC(=O)c1ccc(CC(=O)NC2C(=O)N3C2SC(C)(C)... int=7 res=7 vina=-8.5 t=2252s
  [150/500] CC1(C)SC2C(NC(=O)Cc3ccc(C(=O)O)cc3)C(=O)... int=7 res=7 vina=-9.2 t=2696s
  [175/500] CCOC(=O)C1N2C(=O)C(NC(=O)Cc3ccc(C(=O)CCC... int=12 res=12 vina=-9.4 t=3145s
  [200/500] NCCc1ccc(OC(=O)CCCO)c(C(=O)O)c1... int=8 res=8 vina=-7.4 t=3590s
  [225/500] COC(=O)c1cccc(CC(=O)NC2C(=O)N3C2SC(C)(C)... int=10 res=10 vina=-9.4 t=4040s
  [250/500] CCOC(=O)c1cc(N)ccc1OC(C)=O... int=5 res=5 vina=-6.8 t=4488s
  [275/500] CC1(C)SC2C(NC(=O)Cc3ccc(F)cc3)C(=O)N2C1C... int=10 res=9 vina=-9.0 t=4949s
  [300/500] CCOC(=O)C1N2C(=O)C(NC(=O)Cc3ccc(C(=O)CCl... int=6 res=6 vina=-8.9 t=5413s
  [325/500] CC1(C)SC2C(NC(=O)COc3ccc(N4CCOCC4)cc3)C(... int=8 res=8 vina=-9.2 t=5865s
  [350/500] CC1(C)SC2C(NC(=O)COc3ccc(Br)cc3)C(=O)N2C... int=6 res=5 vina=-8.9 t=6299s
  [375/500] COc1cc(C(C)C)ccc1O... int=7 res=6 vina=-7.1 t=6754s
  [400/500] CCCC(=O)Oc1c(OC)cc(CCNC(C)C)cc1C(=O)OC... int=5 res=5 vina=-7.5 t=7194s
  [425/500] CC(=O)CCC(=O)Oc1cc(O)c(O)cc1C(=O)O... int=11 res=9 vina=-8.2 t=7601s
  [450/500] COc1cc(OC)c(OC(C)=O)c(C(=O)O)c1... int=8 res=8 vina=-6.9 t=7987s
  [475/500] NCCCC(=O)Oc1ccc(-c2ccc(Br)cc2)cc1C(=O)O... int=9 res=9 vina=-8.9 t=8374s
  [500/500] O=C(CCCO)Oc1ccc(Cl)cc1C(=O)O... int=9 res=8 vina=-7.7 t=8768s

Results → paper/experiments/results_v3/3PJC/curiosity_seed5/results.json
Total: 8768s (17.5s/iter)
