============================================================
  Method: curiosity
  Target: 3EML
  Seed: 6
  Iterations: 500
  Output: paper/experiments/results_v3/3EML/curiosity_seed6
============================================================
Target: 3EML (EGFR, Kinase)
Pocket residues: 65
Behavior dim: 196
  [1/500] CC1(C)SC2C(NC(=O)Cc3ccccc3)C(=O)N2C1C(=O... int=5 res=5 vina=-8.5 t=14s
  [2/500] CC(C)Cc1ccc(C(C)C(=O)O)cc1... int=6 res=6 vina=-7.7 t=26s
  [3/500] CC(=O)Oc1ccccc1C(=O)O... int=8 res=8 vina=-6.3 t=37s
  [4/500] CC(=O)Nc1ccc(O)cc1... int=5 res=5 vina=-6.1 t=51s
  [5/500] OC(=O)c1ccccc1O... int=4 res=4 vina=-5.9 t=62s
  [25/500] O=C(O)CC(O)(CC(=O)O)C(=O)O... int=4 res=4 vina=-5.5 t=337s
  [50/500] CC(C)(O)c1ccccc1... int=3 res=3 vina=-5.9 t=685s
  [75/500] COc1cc(C=O)ccc1O... int=2 res=2 vina=-5.3 t=1076s
  [100/500] COc1cc(CC(=O)NC2C(=O)N3C2SC(C)(C)C3C(=O)... int=10 res=10 vina=-9.5 t=1509s
  [125/500] COC(=O)c1cc(C=O)ccc1O... int=2 res=2 vina=-6.1 t=1960s
  [150/500] CC1(C)SC2C(NC(=O)Cc3cccc(C(=O)CCl)c3)C(=... int=5 res=5 vina=-9.1 t=2382s
  [175/500] CC1(C)SC2C(NC(=O)Cc3ccc(S(N)(=O)=O)cc3)C... int=6 res=5 vina=-9.2 t=2878s
  [200/500] CCOC(=O)C1N2C(=O)C(NC(=O)COc3ccc(OC(C)=O... int=5 res=5 vina=-8.5 t=3314s
  [225/500] CCOC(=O)C1N2C(=O)C(NC(=O)COc3ccc(C(C)=O)... int=9 res=7 vina=-8.3 t=3787s
  [250/500] CC(C)C(NC(=O)OC(C)(C)C)C(=O)NC1C(=O)N2C1... int=2 res=2 vina=-8.0 t=4257s
  [275/500] COc1cc(O)c(Cl)cc1O... int=2 res=2 vina=-5.2 t=4678s
  [300/500] CC(C(=O)O)c1ccc(CC(=O)NC2C(=O)N3C2SC(C)(... int=10 res=8 vina=-9.7 t=5082s
  [325/500] COc1cc(CC(=O)NC2C(=O)N3C2SC(C)(C)C3C(=O)... int=10 res=10 vina=-9.5 t=5502s
  [350/500] CCOC(=O)C1N2C(=O)C(NC(=O)C(NC(=O)OC(C)(C... int=8 res=7 vina=-8.0 t=5968s
  [375/500] O=C(NCCO)c1ccc(O)c(O)c1... int=5 res=5 vina=-6.9 t=6385s
  [400/500] COc1cc(CC(=O)NC2C(=O)N3C2SC(C)(C)C3C(=O)... int=8 res=7 vina=-9.6 t=6829s
  [425/500] CC(=O)Oc1cc(C(=O)O)ccc1O... int=4 res=4 vina=-6.5 t=7252s
  [450/500] COC(=O)c1ccc(O)cc1... int=4 res=4 vina=-5.8 t=7613s
  [475/500] COc1cc(Cl)cc(CC(=O)NC2C(=O)N3C2SC(C)(C)C... int=4 res=4 vina=-8.8 t=8002s
  [500/500] CCOC(=O)C1N2C(=O)C(NC(=O)Cc3ccc(C=Cc4ccc... int=8 res=8 vina=-9.8 t=8370s

Results → paper/experiments/results_v3/3EML/curiosity_seed6/results.json
Total: 8370s (16.7s/iter)
