============================================================
  Method: random
  Target: 1ERE
  Seed: 8
  Iterations: 500
  Output: paper/experiments/results_v3/1ERE/random_seed8
============================================================
Target: 1ERE (Estrogen Receptor α, Nuclear receptor)
Pocket residues: 71
Behavior dim: 214
  [1/500] CC1(C)SC2C(NC(=O)Cc3ccccc3)C(=O)N2C1C(=O... int=5 res=5 vina=-6.8 t=11s
  [2/500] CC(C)Cc1ccc(C(C)C(=O)O)cc1... int=6 res=6 vina=-7.4 t=23s
  [3/500] CC(=O)Oc1ccccc1C(=O)O... int=5 res=5 vina=-6.8 t=34s
  [4/500] CC(=O)Nc1ccc(O)cc1... int=5 res=5 vina=-6.1 t=45s
  [5/500] OC(=O)c1ccccc1O... int=5 res=5 vina=-6.2 t=54s
  [25/500] CC(=O)Oc1cc(C=O)ccc1C(=O)O... int=6 res=6 vina=-6.7 t=335s
  [50/500] CC(=O)c1cccc(CC(=O)NC2C(=O)N3C2SC(C)(C)C... int=8 res=8 vina=-5.2 t=702s
  [75/500] CC1(C)SC2C(NC(=O)Cc3cc(O)cc(CCN)c3)C(=O)... int=8 res=8 vina=-7.1 t=1071s
  [100/500] O=C(O)CC(O)(CC(=O)O)C(=O)O... int=4 res=4 vina=-5.7 t=1442s
  [125/500] O=C(O)C=Cc1ccc(O)c(O)c1... int=5 res=5 vina=-7.0 t=1825s
  [150/500] CC1(C)SC2C(NC(=O)Cc3cccc(C(=O)O)c3)C(=O)... int=7 res=7 vina=-6.6 t=2230s
  [175/500] CC(C)C(NC(=O)OC(C)(C)C)C(=O)NC1C(=O)N2C1... int=2 res=2 vina=-5.9 t=2651s
  [200/500] CCOC(=O)c1cc(O)c(O)cc1OC(C)=O... int=7 res=7 vina=-7.1 t=3032s
  [225/500] CC(=O)Oc1ccccc1C(=O)O... int=5 res=5 vina=-6.8 t=3434s
  [250/500] CCOC(=O)C1N2C(=O)C(NC(=O)Cc3ccc(N)c(C(=O... int=9 res=8 vina=-3.7 t=3859s
  [275/500] COC(=O)c1cc(O)cc(OC)c1OC(C)=O... int=4 res=4 vina=-7.1 t=4254s
  [300/500] CC(O)c1cc(O)c(C(=O)O)c(OC(=O)CC(N)C(=O)O... int=6 res=5 vina=-8.1 t=4659s
  [325/500] CCOC(=O)c1cc(OC)cc(OC)c1OC(C)=O... int=5 res=5 vina=-6.3 t=5053s
  [350/500] CC1(C)SC2C(NC(=O)Cc3cc(Cl)cc(Cl)c3)C(=O)... int=3 res=3 vina=-4.2 t=5459s
  [375/500] CCOC(=O)C1N2C(=O)C(NC(=O)Cc3cc(O)cc(CCCO... int=10 res=9 vina=-7.1 t=5876s
  [400/500] CCCC(=O)Oc1ccccc1C(=O)OCC... int=8 res=8 vina=-7.0 t=6279s
  [425/500] CC1(C)SC2C(NC(=O)Cc3ccc(N)c(C(=O)CCl)c3)... int=9 res=9 vina=-7.3 t=6656s
  [450/500] CC1(C)SC2C(NC(=O)Cc3ccc(C(=O)O)cc3)C(=O)... int=5 res=5 vina=-7.2 t=7020s
  [475/500] COc1cc(CCCO)cc(CC(=O)NC2C(=O)N3C2SC(C)(C... int=9 res=7 vina=-7.6 t=7426s
  [500/500] CCCC(=O)Oc1cc(Cl)ccc1O... int=6 res=5 vina=-6.7 t=7816s

Results → paper/experiments/results_v3/1ERE/random_seed8/results.json
Total: 7816s (15.6s/iter)
