============================================================
  Method: random
  Target: 1EVE
  Seed: 9
  Iterations: 500
  Output: paper/experiments/results_v3/1EVE/random_seed9
============================================================
Target: 1EVE (AChE, Hydrolase)
Pocket residues: 76
Behavior dim: 229
  [1/500] CC1(C)SC2C(NC(=O)Cc3ccccc3)C(=O)N2C1C(=O... int=9 res=9 vina=-10.3 t=13s
  [2/500] CC(C)Cc1ccc(C(C)C(=O)O)cc1... int=5 res=5 vina=-8.7 t=27s
  [3/500] CC(=O)Oc1ccccc1C(=O)O... int=5 res=5 vina=-7.3 t=39s
  [4/500] CC(=O)Nc1ccc(O)cc1... int=3 res=3 vina=-6.7 t=50s
  [5/500] OC(=O)c1ccccc1O... int=4 res=4 vina=-6.9 t=66s
  [25/500] CC1(C)SC2C(NC(=O)Cc3ccc(C=Cc4ccccc4)cc3)... int=5 res=5 vina=-12.1 t=353s
  [50/500] COc1ccc(CC(=O)NC2C(=O)N3C2SC(C)(C)C3C(=O... int=10 res=10 vina=-10.5 t=748s
  [75/500] CCOC(=O)C1N2C(=O)C(NC(=O)Cc3ccc(C(C)N)cc... int=13 res=12 vina=-10.4 t=1114s
  [100/500] N=C(N)c1ccc(Br)cc1... int=2 res=2 vina=-6.6 t=1499s
  [125/500] CC(=O)c1ccc(CC(=O)NC2C(=O)N3C2SC(C)(C)C3... int=7 res=7 vina=-10.8 t=1893s
  [150/500] CC1(C)SC2C(NC(=O)Cc3ccc(NC(N)=S)cc3)C(=O... int=9 res=9 vina=-10.5 t=2269s
  [175/500] CC(=O)Nc1ccc(CC(=O)NC2C(=O)N3C2SC(C)(C)C... int=7 res=7 vina=-11.0 t=2633s
  [200/500] CCOC(=O)C1N2C(=O)C(NC(=O)Cc3ccc(OC(C)=O)... int=4 res=4 vina=-10.0 t=3013s
  [225/500] CC1(C)SC2C(NC(=O)COc3ccc(I)cc3)C(=O)N2C1... int=7 res=7 vina=-10.1 t=3381s
  [250/500] CCOC(=O)c1ccccc1OC(C)=O... int=4 res=4 vina=-7.3 t=3766s
  [275/500] O=C(Cc1ccc(N=Nc2ccc(O)c(Cl)c2)cc1)NO... int=7 res=7 vina=-9.6 t=4165s
  [300/500] O=C(O)C=Cc1ccc(O)cc1... int=5 res=5 vina=-7.5 t=4526s
  [325/500] CC1(C)SC2C(NC(=O)Cc3ccc(C(=O)CCl)cc3)C(=... int=9 res=9 vina=-10.9 t=4891s
  [350/500] CCOC(=O)C(C)c1ccc(C=NO)cc1... int=6 res=6 vina=-8.1 t=5263s
  [375/500] CC(C)Cc1ccc(N(C)C)cc1... int=3 res=3 vina=-7.5 t=5652s
  [400/500] CC(=O)Nc1ccc(C=NO)cc1... int=5 res=5 vina=-7.2 t=6028s
  [425/500] NC(Cc1ccc(N=Nc2ccc(O)c(Cl)c2)cc1)C(=O)O... int=7 res=7 vina=-9.4 t=6428s
  [450/500] CC1(C)SC2C(NC(=O)Cc3cc(Cl)cc(C=CC(=O)O)c... int=10 res=10 vina=-11.9 t=6827s
  [475/500] COc1cc(C=CC(=O)O)ccc1O... int=5 res=5 vina=-7.9 t=7220s
  [500/500] CC1(C)SC2C(NC(=O)Cc3ccc(CCN)cc3)C(=O)N2C... int=8 res=8 vina=-10.7 t=7595s

Results → paper/experiments/results_v3/1EVE/random_seed9/results.json
Total: 7595s (15.2s/iter)
