============================================================
  Method: imgep_naive
  Target: 1EVE
  Seed: 8
  Iterations: 500
  Output: paper/experiments/results_v3/1EVE/imgep_naive_seed8
============================================================
Target: 1EVE (AChE, Hydrolase)
Pocket residues: 76
Behavior dim: 229
  [1/500] CC1(C)SC2C(NC(=O)Cc3ccccc3)C(=O)N2C1C(=O... int=9 res=9 vina=-10.3 t=14s
  [2/500] CC(C)Cc1ccc(C(C)C(=O)O)cc1... int=5 res=5 vina=-8.7 t=28s
  [3/500] CC(=O)Oc1ccccc1C(=O)O... int=5 res=5 vina=-7.3 t=40s
  [4/500] CC(=O)Nc1ccc(O)cc1... int=3 res=3 vina=-6.7 t=51s
  [5/500] OC(=O)c1ccccc1O... int=4 res=4 vina=-6.9 t=63s
  [25/500] CC(C)(O)c1ccc(CC(=O)NC2C(=O)N3C2SC(C)(C)... int=11 res=11 vina=-10.9 t=351s
  [50/500] CC1(C)SC2C(NC(=O)Cc3cc(O)cc(C=CC(=O)O)c3... int=7 res=7 vina=-11.2 t=738s
  [75/500] CC(N)Cc1cccc(CC(=O)NC2C(=O)N3C2SC(C)(C)C... int=7 res=7 vina=-11.0 t=1147s
  [100/500] CCOC(=O)C1N2C(=O)C(NC(=O)Cc3cc(O)cc(C(=O... int=5 res=5 vina=-10.3 t=1556s
  [125/500] CC1(C)SC2C(NC(=O)Cc3cc(O)cc(C=CC(=O)O)c3... int=7 res=7 vina=-11.2 t=2013s
  [150/500] CCOC(=O)C1N2C(=O)C(NC(=O)Cc3cccc(C=CC(=O... int=7 res=7 vina=-10.4 t=2465s
  [175/500] CC1(C)SC2C(NC(=O)Cc3cc(CCN)cc(-c4nn[nH]n... int=10 res=10 vina=-11.5 t=2967s
  [200/500] CC1(C)SC2C(NC(=O)Cc3cc(Cl)cc(-c4nn[nH]n4... int=10 res=10 vina=-11.9 t=3470s
  [225/500] CC1(C)SC2C(NC(=O)Cc3cc(CCN)cc(CCC(=O)O)c... int=9 res=8 vina=-11.4 t=3998s
  [250/500] CC1(C)SC2C(NC(=O)Cc3cc(C(=O)O)cc(-c4nn[n... int=12 res=11 vina=-12.1 t=4501s
  [275/500] CCN(CC)C(=O)c1cc(CCCO)cc(CC(=O)NC2C(=O)N... int=10 res=9 vina=-11.1 t=5039s
  [300/500] CCOC(=O)C1N2C(=O)C(NC(=O)Cc3cc(CCN)cc(C(... int=7 res=7 vina=-10.8 t=5578s
  [325/500] CC(=O)Oc1cc(F)ccc1C(=O)O... int=6 res=6 vina=-7.7 t=6081s
  [350/500] CNCCc1cc(CC(=O)NC2C(=O)N3C2SC(C)(C)C3C(=... int=6 res=6 vina=-10.6 t=6617s
  [375/500] CC(C)Cc1cc(CC(=O)O)cc(CC(=O)NC2C(=O)N3C2... int=8 res=8 vina=-11.8 t=7147s
  [400/500] CC(N)Cc1cc(CC(=O)NC2C(=O)N3C2SC(C)(C)C3C... int=11 res=11 vina=-11.6 t=7652s
  [425/500] CC(C(=O)O)c1cc(CC(=O)NO)cc(CC(=O)NC2C(=O... int=12 res=11 vina=-12.2 t=8176s
  [450/500] CCOC(=O)C1N2C(=O)C(NC(=O)Cc3cc(CC(C)N)cc... int=14 res=13 vina=-11.0 t=8876s
  [475/500] CC(=O)Oc1ccc(CC(=O)NC2C(=O)N3C2SC(C)(C)C... int=8 res=8 vina=-10.3 t=9639s
  [500/500] CC(N)Cc1cc(CCN)cc(CC(=O)NC2C(=O)N3C2SC(C... int=8 res=8 vina=-11.1 t=10394s

Results → paper/experiments/results_v3/1EVE/imgep_naive_seed8/results.json
Total: 10394s (20.8s/iter)
