============================================================
  Method: ga
  Target: 1ERE
  Seed: 9
  Iterations: 500
  Output: paper/experiments/results_v3/1ERE/ga_seed9
============================================================
Target: 1ERE (Estrogen Receptor α, Nuclear receptor)
Pocket residues: 71
Behavior dim: 214
  [1/500] CC1(C)SC2C(NC(=O)Cc3ccccc3)C(=O)N2C1C(=O... int=5 res=5 vina=-6.8 t=15s
  [2/500] CC(C)Cc1ccc(C(C)C(=O)O)cc1... int=6 res=6 vina=-7.4 t=26s
  [3/500] CC(=O)Oc1ccccc1C(=O)O... int=5 res=5 vina=-6.8 t=40s
  [4/500] CC(=O)Nc1ccc(O)cc1... int=5 res=5 vina=-6.1 t=54s
  [5/500] OC(=O)c1ccccc1O... int=5 res=5 vina=-6.2 t=65s
  [25/500] COc1ccc(-c2ccc(I)cc2)cc1... int=5 res=5 vina=-5.4 t=325s
  [50/500] COc1cc(C=CC(=O)O)ccc1O... int=6 res=5 vina=-6.8 t=645s
  [75/500] CC(=O)Oc1ccc(C(=O)Nc2ccccc2)cc1... int=5 res=5 vina=-5.0 t=984s
  [100/500] CC1=NC(c2ccc(N(C)C)cc2)C(=O)N1... int=8 res=8 vina=-7.1 t=1327s
  [125/500] COc1cc(CNC(=O)c2ccc(C(C)=O)cc2)ccc1O... int=10 res=8 vina=-7.0 t=1681s
  [150/500] CC(=O)CCC(=O)c1ccc(C2N=C(C)NC2=O)cc1... int=8 res=8 vina=-8.3 t=2054s
  [175/500] COC(=O)c1ccc(C=Cc2ccc(I)cc2)cc1... int=6 res=6 vina=1.7 t=2426s
  [200/500] CC(N)c1ccc(CC(=O)NO)cc1... int=9 res=8 vina=-7.7 t=2794s
  [225/500] CCOC(=O)c1ccc(C2N=C(C)NC2=O)cc1... int=9 res=9 vina=-8.0 t=3173s
  [250/500] CC(C)NCC(O)COc1ccc(C(=O)CCl)cc1... int=7 res=7 vina=-7.4 t=3558s
  [275/500] CCCCC(=O)Oc1ccc(C2N=C(C)NC2=O)cc1... int=4 res=4 vina=-8.0 t=3917s
  [300/500] CC(C)Cc1ccc(CC(C)C)cc1... int=6 res=6 vina=-6.6 t=4289s
  [325/500] CC(C)Cc1ccc(C(=O)NCC(=O)O)cc1... int=5 res=5 vina=-7.0 t=4677s
  [350/500] CC(=O)Nc1ccc(CC(=O)O)cc1... int=6 res=6 vina=-7.0 t=5051s
  [375/500] NCCCC(=O)Oc1ccc(N2CCOCC2)cc1... int=6 res=6 vina=-7.3 t=5436s
  [400/500] CC1=NC(c2ccc(C(=O)CCCN)cc2)C(=O)N1... int=7 res=7 vina=-7.8 t=5825s
  [425/500] CCCC(=O)Oc1ccc(S(N)(=O)=O)cc1... int=6 res=5 vina=-7.3 t=6195s
  [450/500] CC1=NC(c2ccc(C=CC(=O)O)cc2)C(=O)N1... int=9 res=9 vina=-7.4 t=6568s
  [475/500] CC(N)c1ccc(C(=O)NCCN2CCOCC2)cc1... int=3 res=3 vina=-7.6 t=6957s
  [500/500] CCCCC(=O)c1ccc(C2N=C(C)NC2=O)cc1... int=8 res=8 vina=-8.4 t=7335s

Results → paper/experiments/results_v3/1ERE/ga_seed9/results.json
Total: 7335s (14.7s/iter)
