============================================================
  Method: bo
  Target: 1ERE
  Seed: 4
  Iterations: 500
  Output: paper/experiments/results_v3/1ERE/bo_seed4
============================================================
Target: 1ERE (Estrogen Receptor α, Nuclear receptor)
Pocket residues: 71
Behavior dim: 214
  [1/500] CC1(C)SC2C(NC(=O)Cc3ccccc3)C(=O)N2C1C(=O... int=5 res=5 vina=-6.8 t=13s
  [2/500] CC(C)Cc1ccc(C(C)C(=O)O)cc1... int=6 res=6 vina=-7.4 t=28s
  [3/500] CC(=O)Oc1ccccc1C(=O)O... int=5 res=5 vina=-6.8 t=41s
  [4/500] CC(=O)Nc1ccc(O)cc1... int=5 res=5 vina=-6.1 t=56s
  [5/500] OC(=O)c1ccccc1O... int=5 res=5 vina=-6.2 t=66s
  [25/500] CCCC(=O)Oc1ccc(N)cc1C(=O)O... int=5 res=4 vina=-7.2 t=357s
  [50/500] CC(=O)Nc1ccc(OC(C)=O)cc1... int=7 res=7 vina=-6.7 t=706s
  [75/500] CC(N)c1ccc(C=NO)cc1... int=10 res=9 vina=-6.9 t=1074s
  [100/500] COc1ccc(F)cc1... int=2 res=2 vina=-5.0 t=1414s
  [125/500] NC(=O)c1ccc(F)cc1... int=4 res=4 vina=-6.0 t=1763s
  [150/500] CC(=O)c1ccc(F)cc1... int=4 res=4 vina=-5.8 t=2092s
  [175/500] COc1ccc(F)cc1... int=2 res=2 vina=-5.0 t=2425s
  [200/500] CC(=O)c1ccc(F)cc1... int=4 res=4 vina=-5.8 t=2767s
  [225/500] N=C(N)c1ccc(F)cc1... int=5 res=5 vina=-6.1 t=3112s
  [250/500] O=[N+]([O-])c1ccc(F)cc1... int=3 res=3 vina=-5.5 t=3432s
  [275/500] CC(=O)c1ccc(F)cc1... int=4 res=4 vina=-5.8 t=3755s
  [300/500] COc1ccc(F)cc1... int=2 res=2 vina=-5.0 t=4083s
  [325/500] N=C(N)c1ccc(F)cc1... int=5 res=5 vina=-6.1 t=4416s
  [350/500] NC(=O)c1ccc(N2CCOCC2)cc1... int=6 res=6 vina=-7.2 t=4780s
  [375/500] CN(C)c1ccc(OCC(=O)NC2CCCCC2)cc1... int=7 res=7 vina=-7.5 t=5159s
  [400/500] Fc1ccc(F)cc1... int=4 res=4 vina=-5.0 t=5569s
  [425/500] O=C(O)c1ccc(F)cc1... int=3 res=3 vina=-6.1 t=5982s
  [450/500] CC(N)c1ccc(F)cc1... int=4 res=4 vina=-6.0 t=6409s
  [475/500] Fc1ccc(Br)cc1... int=3 res=3 vina=-4.9 t=6875s
  [500/500] O=[N+]([O-])c1ccc(F)cc1... int=3 res=3 vina=-5.5 t=7363s

Results → paper/experiments/results_v3/1ERE/bo_seed4/results.json
Total: 7363s (14.7s/iter)
