============================================================
  Method: imgep_naive
  Target: 3EML
  Seed: 9
  Iterations: 500
  Output: paper/experiments/results_v3/3EML/imgep_naive_seed9
============================================================
Target: 3EML (EGFR, Kinase)
Pocket residues: 65
Behavior dim: 196
  [1/500] CC1(C)SC2C(NC(=O)Cc3ccccc3)C(=O)N2C1C(=O... int=5 res=5 vina=-8.5 t=12s
  [2/500] CC(C)Cc1ccc(C(C)C(=O)O)cc1... int=6 res=6 vina=-7.7 t=27s
  [3/500] CC(=O)Oc1ccccc1C(=O)O... int=8 res=8 vina=-6.3 t=43s
  [4/500] CC(=O)Nc1ccc(O)cc1... int=5 res=5 vina=-6.1 t=57s
  [5/500] OC(=O)c1ccccc1O... int=4 res=4 vina=-5.9 t=73s
  [25/500] CC(=O)Nc1ccc(CC(=O)NO)cc1... int=7 res=7 vina=-7.5 t=368s
  [50/500] CC(=O)CCC(=O)c1ccc(C(C)(C)O)cc1... int=8 res=7 vina=-7.9 t=726s
  [75/500] C(=Cc1ccc(N2CCOCC2)cc1)c1ccccc1... int=6 res=6 vina=-8.6 t=1099s
  [100/500] COc1cc(C(C)(C)O)ccc1O... int=4 res=4 vina=-6.6 t=1480s
  [125/500] CC(C)(O)c1ccc(S(=O)(=O)O)cc1... int=4 res=4 vina=-7.0 t=1860s
  [150/500] CC(=O)c1ccc(C=Cc2cccc(N)c2)cc1... int=6 res=6 vina=-8.7 t=2236s
  [175/500] CC(=O)CCC(=O)c1ccc(C=Cc2cccc(O)c2)cc1... int=10 res=9 vina=-9.0 t=2606s
  [200/500] CC(C(=O)O)c1ccc(C=Cc2cccc(Cl)c2)cc1... int=7 res=7 vina=-9.0 t=2974s
  [225/500] CC(=O)Oc1cc(C(=O)O)ccc1C(=O)O... int=8 res=8 vina=-7.1 t=3336s
  [250/500] CC(O)c1ccc(C=Cc2ccccc2)cc1... int=6 res=6 vina=-8.5 t=3716s
  [275/500] NC(Cc1ccc(CCC(=O)O)cc1)C(=O)O... int=7 res=7 vina=-7.8 t=4076s
  [300/500] O=S(=O)(O)c1ccc(C=Cc2ccccc2)cc1... int=9 res=7 vina=-8.7 t=4429s
  [325/500] CN(C)c1ccc(C=Cc2ccc(S(=O)(=O)O)cc2)cc1... int=6 res=5 vina=-8.2 t=4795s
  [350/500] NC(Cc1ccc(CCC(=O)O)cc1)C(=O)O... int=7 res=7 vina=-7.8 t=5170s
  [375/500] CC(C(=O)O)c1ccc(C=Cc2ccccc2)cc1... int=10 res=8 vina=-8.7 t=5547s
  [400/500] O=C(O)CNC(=O)c1ccc(C=Cc2cccc(O)c2)cc1... int=7 res=7 vina=-9.6 t=5917s
  [425/500] N=C(N)c1ccc(S(=O)(=O)c2ccc(CC(N)C(=O)O)c... int=11 res=10 vina=-9.2 t=6287s
  [450/500] N=C(N)c1ccc(S(=O)(=O)c2ccc(CCN)cc2)cc1... int=6 res=6 vina=-8.5 t=6678s
  [475/500] COC(=O)c1cc(O)cc(C=Cc2ccc(CC(N)C(=O)O)cc... int=10 res=9 vina=-9.3 t=7061s
  [500/500] CCOC(=O)C(N)Cc1ccc(C=Cc2cc(O)cc(C(=O)OC)... int=9 res=8 vina=-8.7 t=7453s

Results → paper/experiments/results_v3/3EML/imgep_naive_seed9/results.json
Total: 7453s (14.9s/iter)
