============================================================
  Method: ga
  Target: 3PJC
  Seed: 7
  Iterations: 500
  Output: paper/experiments/results_v3/3PJC/ga_seed7
============================================================
Target: 3PJC (CDK2, Kinase)
Pocket residues: 60
Behavior dim: 181
  [1/500] CC1(C)SC2C(NC(=O)Cc3ccccc3)C(=O)N2C1C(=O... int=5 res=5 vina=-8.6 t=13s
  [2/500] CC(C)Cc1ccc(C(C)C(=O)O)cc1... int=8 res=8 vina=-7.7 t=27s
  [3/500] CC(=O)Oc1ccccc1C(=O)O... int=7 res=7 vina=-6.7 t=40s
  [4/500] CC(=O)Nc1ccc(O)cc1... int=9 res=9 vina=-6.2 t=52s
  [5/500] OC(=O)c1ccccc1O... int=6 res=6 vina=-6.1 t=66s
  [25/500] CCOC(=O)C1N2C(=O)C(NC(=O)Cc3ccc(OC)cc3)C... int=5 res=5 vina=-8.4 t=370s
  [50/500] CC(=O)c1ccc(CC(=O)NC2C(=O)N3C2SC(C)(C)C3... int=9 res=8 vina=-9.5 t=770s
  [75/500] COc1ccc(CC(=O)NC2C(=O)N3C2SC(C)(C)C3C(=O... int=7 res=7 vina=-8.7 t=1197s
  [100/500] COC(=O)c1ccc(CC(=O)NC2C(=O)N3C2SC(C)(C)C... int=9 res=8 vina=-9.5 t=1665s
  [125/500] CCOC(=O)C1N2C(=O)C(NC(=O)Cc3ccc(OC(C)=O)... int=11 res=10 vina=-8.6 t=2132s
  [150/500] CC1(C)SC2C(NC(=O)COc3ccc(CC(=O)NO)cc3)C(... int=10 res=9 vina=-9.8 t=2643s
  [175/500] CC(=O)CCC(=O)c1ccc(CC(=O)NC2C(=O)N3C2SC(... int=7 res=7 vina=-9.6 t=3134s
  [200/500] CC1(C)SC2C(NC(=O)COc3ccc(C(=N)N)cc3)C(=O... int=7 res=7 vina=-9.2 t=3613s
  [225/500] CC(=O)Nc1ccc(Oc2ccc(CC(=O)NC3C(=O)N4C3SC... int=8 res=8 vina=-8.9 t=4132s
  [250/500] CC1(C)SC2C(NC(=O)Cc3ccc(NC(=O)c4cccc(Cl)... int=9 res=9 vina=-10.8 t=4654s
  [275/500] CC1(C)SC2C(NC(=O)Cc3ccc(CC(N)C(=O)O)cc3)... int=12 res=11 vina=-10.0 t=5179s
  [300/500] CC1(C)SC2C(NC(=O)COc3ccc(CC(=O)NO)cc3)C(... int=10 res=9 vina=-9.8 t=5705s
  [325/500] CCOC(=O)C(N)Cc1ccc(CC(=O)NC2C(=O)N3C2SC(... int=11 res=10 vina=-9.8 t=6205s
  [350/500] CC(O)c1cccc(-c2ccc(CC(=O)NC3C(=O)N4C3SC(... int=13 res=12 vina=-10.8 t=6705s
  [375/500] CCN(CC)C(=O)c1ccc(CC(=O)NC2C(=O)N3C2SC(C... int=7 res=7 vina=-9.3 t=7247s
  [400/500] CC1(C)SC2C(NC(=O)Cc3ccc(-c4cccc(N)c4)cc3... int=6 res=5 vina=-10.0 t=7766s
  [425/500] CC1(C)SC2C(NC(=O)Cc3ccc(C=Cc4ccccc4)cc3)... int=13 res=12 vina=-10.8 t=8390s
  [450/500] CC1(C)SC2C(NC(=O)Cc3ccc(C(=O)NCc4ccccc4)... int=9 res=9 vina=-10.4 t=9026s
  [475/500] CC(O)c1cccc(-c2ccc(CC(=O)NC3C(=O)N4C3SC(... int=13 res=12 vina=-10.8 t=9689s
  [500/500] CC1(C)SC2C(NC(=O)Cc3ccc(-c4ccc(N)c(C(=O)... int=9 res=8 vina=-11.2 t=10335s

Results → paper/experiments/results_v3/3PJC/ga_seed7/results.json
Total: 10335s (20.7s/iter)
