============================================================
  Method: curiosity
  Target: 3EML
  Seed: 9
  Iterations: 500
  Output: paper/experiments/results_v3/3EML/curiosity_seed9
============================================================
Target: 3EML (EGFR, Kinase)
Pocket residues: 65
Behavior dim: 196
  [1/500] CC1(C)SC2C(NC(=O)Cc3ccccc3)C(=O)N2C1C(=O... int=5 res=5 vina=-8.5 t=13s
  [2/500] CC(C)Cc1ccc(C(C)C(=O)O)cc1... int=6 res=6 vina=-7.7 t=26s
  [3/500] CC(=O)Oc1ccccc1C(=O)O... int=8 res=8 vina=-6.3 t=36s
  [4/500] CC(=O)Nc1ccc(O)cc1... int=5 res=5 vina=-6.1 t=47s
  [5/500] OC(=O)c1ccccc1O... int=4 res=4 vina=-5.9 t=58s
  [25/500] CC(=O)Oc1ccc(C=O)cc1C(=O)O... int=4 res=4 vina=-6.5 t=323s
  [50/500] CC(=O)NCC(=O)O... int=4 res=4 vina=-4.2 t=662s
  [75/500] O=C(O)c1cccc(Cl)c1... int=2 res=2 vina=-5.9 t=1026s
  [100/500] CC(O)c1cc(Cl)cc(-c2ccc(I)cc2)c1... int=5 res=5 vina=-8.7 t=1381s
  [125/500] CC(=O)c1ccc(C(C)C(=O)O)cc1... int=6 res=6 vina=-7.3 t=1756s
  [150/500] COC(=O)c1ccc(OCC(O)CNC(C)C)cc1... int=7 res=7 vina=-7.0 t=2149s
  [175/500] O=C(O)C=Cc1ccc(OCC(=O)NC2CCCCC2)cc1... int=9 res=9 vina=-8.6 t=2532s
  [200/500] NCCc1ccc(OCC(=O)NC2CCCCC2)cc1... int=4 res=4 vina=-8.2 t=2927s
  [225/500] CC(O)c1cc(Cl)cc(CC(=O)NC2C(=O)N3C2SC(C)(... int=10 res=8 vina=-9.5 t=3321s
  [250/500] CC(N)Cc1cc(CC(=O)NC2C(=O)N3C2SC(C)(C)C3C... int=10 res=8 vina=-10.0 t=3719s
  [275/500] CCOC(=O)c1ccc(CC(=O)NC2C(=O)N3C2SC(C)(C)... int=6 res=6 vina=-8.9 t=4114s
  [300/500] CN(C)c1ccc(OCC(=O)NC2C(=O)N3C2SC(C)(C)C3... int=10 res=8 vina=-8.4 t=4500s
  [325/500] CC(C)NCC(O)COc1ccc(C(C)C(=O)O)cc1... int=8 res=7 vina=-7.5 t=4869s
  [350/500] CC(=O)Nc1ccc(NC(=O)c2ccc(Cl)cc2N)cc1... int=6 res=6 vina=-8.9 t=5230s
  [375/500] CCOC(=O)C(C)c1ccc(CCCO)cc1... int=5 res=5 vina=-7.4 t=5576s
  [400/500] COc1ccc(COc2ccc(NC(C)=O)cc2)cc1... int=10 res=8 vina=-8.1 t=5941s
  [425/500] CC(=O)Nc1ccc(N=Nc2ccc(C(=O)O)cc2)cc1... int=5 res=5 vina=-8.4 t=6284s
  [450/500] CC1(C)SC2C(NC(=O)Cc3ccc(Br)cc3)C(=O)N2C1... int=5 res=5 vina=-8.9 t=6628s
  [475/500] CC(N)c1cc(CCN)cc(CC(=O)NC2C(=O)N3C2SC(C)... int=8 res=8 vina=-9.8 t=6963s
  [500/500] CCOC(=O)C1N2C(=O)C(NC(=O)C(N)c3ccc(Cl)c(... int=5 res=5 vina=-9.1 t=7257s

Results → paper/experiments/results_v3/3EML/curiosity_seed9/results.json
Total: 7257s (14.5s/iter)
