============================================================
  Method: imgep
  Target: 1ERE
  Seed: 2
  Iterations: 500
  Output: paper/experiments/results_v3/1ERE/imgep_seed2
============================================================
Target: 1ERE (Estrogen Receptor α, Nuclear receptor)
Pocket residues: 71
Behavior dim: 214
  [1/500] CC1(C)SC2C(NC(=O)Cc3ccccc3)C(=O)N2C1C(=O... int=5 res=5 vina=-6.8 t=12s
  [2/500] CC(C)Cc1ccc(C(C)C(=O)O)cc1... int=6 res=6 vina=-7.4 t=25s
  [3/500] CC(=O)Oc1ccccc1C(=O)O... int=5 res=5 vina=-6.8 t=37s
  [4/500] CC(=O)Nc1ccc(O)cc1... int=5 res=5 vina=-6.1 t=51s
  [5/500] OC(=O)c1ccccc1O... int=5 res=5 vina=-6.2 t=59s
  [25/500] CC(N)c1ccc(C(=N)N)cc1... int=7 res=7 vina=-6.6 t=359s
  [50/500] CCOC(=O)C1N2C(=O)C(NC(=O)Cc3cccc(F)c3)C2... int=6 res=6 vina=-7.6 t=744s
  [75/500] COc1ccc2ccc(C(C)O)cc2c1... int=3 res=3 vina=-7.4 t=1158s
  [100/500] CC1(C)SC2C(NC(=O)Cc3ccc(Cl)cc3)C(=O)N2C1... int=5 res=5 vina=-4.8 t=1544s
  [125/500] CC(C)Cc1ccc(OCC(=O)NC2C(=O)N3C2SC(C)(C)C... int=8 res=8 vina=-6.9 t=1931s
  [150/500] CCC(C)C(NC(=O)OC(C)(C)C)C(=O)NC1C(=O)N2C... int=6 res=6 vina=-2.7 t=2357s
  [175/500] CCOC(=O)c1cc(F)cc(OC)c1OC(C)=O... int=6 res=6 vina=-6.6 t=2733s
  [200/500] CC(=O)c1ccc(C(C)=O)cc1... int=7 res=7 vina=-6.5 t=3094s
  [225/500] CC1(C)SC2C(NC(=O)Cc3cccc(-c4ccc(O)cc4)c3... int=11 res=11 vina=-9.0 t=3475s
  [250/500] CC1(C)SC2C(NC(=O)Cc3ccc(NC(N)=S)cc3)C(=O... int=10 res=10 vina=-3.0 t=3892s
  [275/500] CCOC(=O)C1N2C(=O)C(NC(=O)COc3ccc(C(=N)N)... int=6 res=6 vina=-7.2 t=4273s
  [300/500] O=C(Cc1ccc(Br)cc1)NO... int=5 res=5 vina=-7.0 t=4631s
  [325/500] CC1(C)SC2C(NC(=O)Cc3ccc(CCC(=O)O)cc3)C(=... int=7 res=7 vina=-6.8 t=5020s
  [350/500] CCOC(=O)c1cc(C(=O)O)ccc1OC(C)=O... int=8 res=8 vina=-7.3 t=5460s
  [375/500] CC1(C)SC2C(NC(=O)Cc3cc(CCN)cc(-c4cccc(Cl... int=12 res=11 vina=-0.6 t=5848s
  [400/500] CCOC(=O)c1cc(O)cc(CC(=O)NC2C(=O)N3C2SC(C... int=11 res=9 vina=-6.7 t=6260s
  [425/500] CCOC(=O)C1N2C(=O)C(NC(=O)OCc3ccc(OC)cc3)... int=8 res=8 vina=-7.1 t=6671s
  [450/500] CC(=O)c1ccc(C(C)N)cc1... int=9 res=8 vina=-6.6 t=7082s
  [475/500] CCOC(=O)C1N2C(=O)C(NC(=O)Cc3cc(O)cc(C(=O... int=11 res=9 vina=-6.6 t=7505s
  [500/500] CCOC(=O)C1N2C(=O)C(NC(=O)Cc3cc(Cl)cc(C(N... int=11 res=10 vina=-5.0 t=7942s

Results → paper/experiments/results_v3/1ERE/imgep_seed2/results.json
Total: 7942s (15.9s/iter)
