============================================================
  Method: imgep_naive
  Target: 3V8D
  Seed: 4
  Iterations: 500
  Output: paper/experiments/results_v3/3V8D/imgep_naive_seed4
============================================================
Target: 3V8D (Thrombin, Serine protease)
Pocket residues: 95
Behavior dim: 286
  [1/500] CC1(C)SC2C(NC(=O)Cc3ccccc3)C(=O)N2C1C(=O... int=10 res=9 vina=-9.1 t=23s
  [2/500] CC(C)Cc1ccc(C(C)C(=O)O)cc1... int=5 res=5 vina=-6.8 t=41s
  [3/500] CC(=O)Oc1ccccc1C(=O)O... int=8 res=6 vina=-6.8 t=58s
  [4/500] CC(=O)Nc1ccc(O)cc1... int=7 res=5 vina=-6.1 t=72s
  [5/500] OC(=O)c1ccccc1O... int=4 res=4 vina=-6.0 t=86s
  [25/500] CC1(C)SC2C(NC(=O)Cc3ccc(Cl)cc3)C(=O)N2C1... int=9 res=9 vina=-8.2 t=412s
  [50/500] CC(=O)Oc1cc(Cl)ccc1C(=O)O... int=6 res=4 vina=-6.3 t=822s
  [75/500] CC1(C)SC2C(NC(=O)Cc3ccc(I)cc3)C(=O)N2C1C... int=5 res=5 vina=-8.3 t=1234s
  [100/500] CC(=O)c1ccc(CC(=O)NC2C(=O)N3C2SC(C)(C)C3... int=10 res=10 vina=-9.4 t=1626s
  [125/500] CC(N)c1ccc(CC(=O)NC2C(=O)N3C2SC(C)(C)C3C... int=7 res=6 vina=-9.0 t=2037s
  [150/500] CC1(C)SC2C(NC(=O)Cc3cc(Cl)cc(Cl)c3)C(=O)... int=5 res=5 vina=-9.2 t=2435s
  [175/500] CC1(C)SC2C(NC(=O)Cc3cc(N)cc(O)c3)C(=O)N2... int=7 res=7 vina=-8.1 t=2842s
  [200/500] CCOC(=O)C1N2C(=O)C(NC(=O)Cc3ccc(F)cc3)C2... int=11 res=11 vina=-8.4 t=3246s
  [225/500] CC1(C)SC2C(NC(=O)Cc3cccc(NC=O)c3)C(=O)N2... int=12 res=10 vina=-9.5 t=3668s
  [250/500] CC1(C)SC2C(NC(=O)Cc3ccc(Cl)c(Cl)c3)C(=O)... int=7 res=7 vina=-9.0 t=4093s
  [275/500] CN(C)c1ccc(CC(=O)NC2C(=O)N3C2SC(C)(C)C3C... int=7 res=7 vina=-8.7 t=4510s
  [300/500] CC(N)Cc1cccc(CC(=O)NC2C(=O)N3C2SC(C)(C)C... int=11 res=10 vina=-9.3 t=4926s
  [325/500] CCOC(=O)C1N2C(=O)C(NC(=O)Cc3cccc(NC=O)c3... int=12 res=11 vina=-8.6 t=5342s
  [350/500] CCOC(=O)c1ccc(N)cc1OC(C)=O... int=6 res=4 vina=-6.2 t=5747s
  [375/500] COc1cccc(CC(=O)NC2C(=O)N3C2SC(C)(C)C3C(=... int=9 res=8 vina=-8.7 t=6180s
  [400/500] CC1(C)SC2C(NC(=O)Cc3ccc(N)cc3)C(=O)N2C1C... int=7 res=6 vina=-8.8 t=6600s
  [425/500] CC1(C)SC2C(NC(=O)Cc3cc(O)cc(CO)c3)C(=O)N... int=4 res=4 vina=-8.8 t=7019s
  [450/500] CC1(C)SC2C(NC(=O)Cc3cccc(NC(N)=S)c3)C(=O... int=10 res=8 vina=-9.9 t=7467s
  [475/500] CC(=O)Nc1cccc(CC(=O)NC2C(=O)N3C2SC(C)(C)... int=9 res=9 vina=-9.5 t=7903s
  [500/500] CC1(C)SC2C(NC(=O)Cc3ccccc3)C(=O)N2C1C(=O... int=10 res=9 vina=-9.1 t=8329s

Results → paper/experiments/results_v3/3V8D/imgep_naive_seed4/results.json
Total: 8329s (16.7s/iter)
