============================================================
  Method: imgep
  Target: 3PJC
  Seed: 5
  Iterations: 500
  Output: paper/experiments/results_v3/3PJC/imgep_seed5
============================================================
Target: 3PJC (CDK2, Kinase)
Pocket residues: 60
Behavior dim: 181
  [1/500] CC1(C)SC2C(NC(=O)Cc3ccccc3)C(=O)N2C1C(=O... int=5 res=5 vina=-8.6 t=18s
  [2/500] CC(C)Cc1ccc(C(C)C(=O)O)cc1... int=8 res=8 vina=-7.7 t=35s
  [3/500] CC(=O)Oc1ccccc1C(=O)O... int=7 res=7 vina=-6.7 t=52s
  [4/500] CC(=O)Nc1ccc(O)cc1... int=9 res=9 vina=-6.2 t=67s
  [5/500] OC(=O)c1ccccc1O... int=6 res=6 vina=-6.1 t=83s
  [25/500] ON=Cc1cccc(Cl)c1... int=6 res=6 vina=-6.1 t=439s
  [50/500] CC(C)Cc1ccc(CCCO)cc1... int=6 res=6 vina=-6.3 t=883s
  [75/500] COC(=O)c1cc(C=NO)ccc1O... int=4 res=4 vina=-6.9 t=1335s
  [100/500] CCOC(=O)c1c(OC)cc(C(=O)O)cc1OC... int=7 res=7 vina=-6.3 t=1788s
  [125/500] CCOC(=O)C1N2C(=O)C(NC(=O)Cc3ccc(C(=N)N)c... int=8 res=7 vina=-9.1 t=2248s
  [150/500] Oc1ccc(Cl)cc1Cl... int=5 res=5 vina=-5.6 t=2703s
  [175/500] CCOC(=O)c1c(O)cc(Cl)cc1OC... int=5 res=4 vina=-6.5 t=3181s
  [200/500] CC(C)C(NC(=O)OC(C)(C)C)C(=O)NC1C(=O)N2C1... int=3 res=3 vina=-7.7 t=3655s
  [225/500] CC1(C)SC2C(NC(=O)Cc3ccccc3)C(=O)N2C1C(=O... int=5 res=5 vina=-8.6 t=4125s
  [250/500] CC1(C)SC2C(NC(=O)Cc3cccc(Cl)c3)C(=O)N2C1... int=5 res=5 vina=-9.1 t=4596s
  [275/500] CCOC(=O)C1N2C(=O)C(NC(=O)Cc3ccc(Br)cc3)C... int=7 res=7 vina=-8.2 t=5062s
  [300/500] O=C(CCCN1CCOCC1)c1ccc(F)cc1... int=5 res=4 vina=-7.7 t=5554s
  [325/500] CC(C)CC(NC(=O)OC(C)(C)C)C(=O)NC1C(=O)N2C... int=10 res=10 vina=-8.1 t=6035s
  [350/500] CC(N)c1ccc(I)cc1... int=6 res=5 vina=-6.1 t=6489s
  [375/500] CCNCC... int=4 res=4 vina=-3.0 t=6971s
  [400/500] CC(C)C(NC(=O)Cc1ccccc1)C(=O)NC1C(=O)N2C1... int=9 res=9 vina=-9.2 t=7451s
  [425/500] CC(C)(O)c1ccccc1... int=3 res=2 vina=-6.1 t=7916s
  [450/500] CCOC(=O)C1N2C(=O)C(NC(=O)Cc3cc(CC(N)C(=O... int=11 res=9 vina=-9.6 t=8390s
  [475/500] CC1(C)SC2C(NC(=O)COc3ccc(Br)cc3)C(=O)N2C... int=6 res=5 vina=-8.9 t=8875s
  [500/500] CC1(C)SC2C(NC(=O)Cc3cc(C(=O)O)cc(-c4nn[n... int=8 res=7 vina=-10.1 t=9335s

Results → paper/experiments/results_v3/3PJC/imgep_seed5/results.json
Total: 9335s (18.7s/iter)
