============================================================
  Method: imgep
  Target: 3EML
  Seed: 3
  Iterations: 500
  Output: paper/experiments/results_v3/3EML/imgep_seed3
============================================================
Target: 3EML (EGFR, Kinase)
Pocket residues: 65
Behavior dim: 196
  [1/500] CC1(C)SC2C(NC(=O)Cc3ccccc3)C(=O)N2C1C(=O... int=5 res=5 vina=-8.5 t=17s
  [2/500] CC(C)Cc1ccc(C(C)C(=O)O)cc1... int=6 res=6 vina=-7.7 t=34s
  [3/500] CC(=O)Oc1ccccc1C(=O)O... int=8 res=8 vina=-6.3 t=49s
  [4/500] CC(=O)Nc1ccc(O)cc1... int=5 res=5 vina=-6.1 t=64s
  [5/500] OC(=O)c1ccccc1O... int=4 res=4 vina=-5.9 t=77s
  [25/500] CC1(C)SC2C(NC(=O)Cc3ccc(O)cc3)C(=O)N2C1C... int=5 res=5 vina=-8.9 t=368s
  [50/500] COC(=O)c1ccc(F)cc1OC(C)=O... int=6 res=6 vina=-6.4 t=740s
  [75/500] CC(=O)Oc1ccccc1C(=O)O... int=8 res=8 vina=-6.3 t=1093s
  [100/500] CC(C)Cc1ccc(C(=O)O)cc1... int=5 res=5 vina=-7.1 t=1478s
  [125/500] N=C(N)NCCCC(N)C(=O)O... int=0 res=0 vina=-5.5 t=1830s
  [150/500] NC(=O)CCC(N)C(=O)O... int=0 res=0 vina=-5.0 t=2174s
  [175/500] CC1(C)SC2C(NC(=O)COc3ccc(Cl)cc3)C(=O)N2C... int=7 res=6 vina=-8.3 t=2528s
  [200/500] CCOC(=O)C(N)Cc1ccc(C(C)N)cc1... int=7 res=6 vina=-7.2 t=2887s
  [225/500] ON=Cc1ccc(F)cc1... int=3 res=3 vina=-5.9 t=3239s
  [250/500] CCOC(=O)c1c(N)cc(Cl)cc1O... int=4 res=4 vina=-5.9 t=3589s
  [275/500] CC(CC(N)=O)C(=O)N1CCCC1C(=O)O... int=6 res=6 vina=-6.7 t=3937s
  [300/500] CN(C)c1ccc(N)cc1... int=4 res=4 vina=-5.4 t=4283s
  [325/500] CCOC(=O)C1N2C(=O)C(NC(=O)Cc3ccc(NC(C)=O)... int=8 res=8 vina=-9.1 t=4647s
  [350/500] COc1cc(C=CC(=O)O)ccc1C(=O)O... int=3 res=3 vina=-7.6 t=5009s
  [375/500] COc1cc(O)cc(OC(C)=O)c1OC(=O)CCCN... int=7 res=7 vina=-6.9 t=5393s
  [400/500] CC(=O)NCCO... int=1 res=1 vina=-3.8 t=5756s
  [425/500] CC1(C)SC2C(NC(=O)COc3ccc(C(=N)N)cc3)C(=O... int=10 res=8 vina=-8.8 t=6154s
  [450/500] CC(N)c1ccccc1... int=4 res=4 vina=-5.7 t=6516s
  [475/500] COc1ccc(CCCO)cc1O... int=5 res=5 vina=-6.5 t=6879s
  [500/500] COc1ccc(CC(=O)NC2C(=O)N3C2SC(C)(C)C3C(=O... int=6 res=6 vina=-8.9 t=7225s

Results → paper/experiments/results_v3/3EML/imgep_seed3/results.json
Total: 7225s (14.4s/iter)
