============================================================
  Method: random
  Target: 3EML
  Seed: 1
  Iterations: 500
  Output: paper/experiments/results_v3/3EML/random_seed1
============================================================
Target: 3EML (EGFR, Kinase)
Pocket residues: 65
Behavior dim: 196
  [1/500] CC1(C)SC2C(NC(=O)Cc3ccccc3)C(=O)N2C1C(=O... int=5 res=5 vina=-8.5 t=12s
  [2/500] CC(C)Cc1ccc(C(C)C(=O)O)cc1... int=6 res=6 vina=-7.7 t=25s
  [3/500] CC(=O)Oc1ccccc1C(=O)O... int=8 res=8 vina=-6.3 t=38s
  [4/500] CC(=O)Nc1ccc(O)cc1... int=5 res=5 vina=-6.1 t=51s
  [5/500] OC(=O)c1ccccc1O... int=4 res=4 vina=-5.9 t=65s
  [25/500] CC(C)c1cccc(CC(=O)NC2C(=O)N3C2SC(C)(C)C3... int=9 res=7 vina=-9.3 t=349s
  [50/500] CCCC(=O)Oc1ccc(F)cc1C(=O)O... int=6 res=6 vina=-7.0 t=760s
  [75/500] CC1(C)SC2C(NC(=O)Cc3ccc(I)cc3)C(=O)N2C1C... int=6 res=5 vina=-8.7 t=1172s
  [100/500] COc1ccc(CC(=O)NC2C(=O)N3C2SC(C)(C)C3C(=O... int=6 res=6 vina=-8.9 t=1589s
  [125/500] CC1(C)SC2C(NC(=O)Cc3ccc(C=CC(=O)O)cc3)C(... int=7 res=7 vina=-9.9 t=2001s
  [150/500] CCCCC(=O)Oc1ccc(F)cc1C(=O)O... int=6 res=6 vina=-7.1 t=2391s
  [175/500] CC1(C)SC2C(NC(=O)Cc3ccc(I)cc3)C(=O)N2C1C... int=6 res=5 vina=-8.7 t=2771s
  [200/500] CCOC(=O)C1N2C(=O)C(NC(=O)Cc3cc(Cl)cc(Cl)... int=5 res=5 vina=-9.0 t=3189s
  [225/500] CC(C)Cc1ccc(C=CC(=O)O)cc1... int=7 res=7 vina=-7.9 t=3631s
  [250/500] CCOC(=O)C1N2C(=O)C(NC(=O)Cc3ccc(O)c(C(=O... int=10 res=8 vina=-9.4 t=4071s
  [275/500] CC1(C)SC2C(NC(=O)Cc3ccc(C(=O)O)cc3)C(=O)... int=10 res=7 vina=-7.4 t=4520s
  [300/500] CC(O)c1ccc2ccc(O)cc2c1... int=5 res=5 vina=-8.2 t=4941s
  [325/500] CC(=O)Oc1ccc(Cl)cc1C(=O)O... int=7 res=7 vina=-6.6 t=5362s
  [350/500] COc1cc(C(C)C)ccc1O... int=4 res=4 vina=-6.4 t=5796s
  [375/500] NC(=O)Cc1ccc(C=CC(=O)O)cc1... int=4 res=4 vina=-7.1 t=6217s
  [400/500] CCCC(=O)Oc1ccc(C(C)O)cc1C(=O)O... int=4 res=4 vina=-7.2 t=6625s
  [425/500] CC(=O)Oc1ccc(C(C)O)cc1C(=O)O... int=5 res=5 vina=-7.0 t=7020s
  [450/500] CCOC(=O)C1N2C(=O)C(NC(=O)Cc3ccc(C(=O)NCC... int=8 res=8 vina=-9.8 t=7485s
  [475/500] CCC(C)C(NC(=O)Cc1cccc(O)c1)C(=O)NC1C(=O)... int=3 res=3 vina=-9.3 t=7920s
  [500/500] CC(C)C(NC(=O)OC(C)(C)C)C(=O)NC1C(=O)N2C1... int=2 res=2 vina=-8.0 t=8353s

Results → paper/experiments/results_v3/3EML/random_seed1/results.json
Total: 8353s (16.7s/iter)
