============================================================
  Method: random
  Target: 3EML
  Seed: 9
  Iterations: 500
  Output: paper/experiments/results_v3/3EML/random_seed9
============================================================
Target: 3EML (EGFR, Kinase)
Pocket residues: 65
Behavior dim: 196
  [1/500] CC1(C)SC2C(NC(=O)Cc3ccccc3)C(=O)N2C1C(=O... int=5 res=5 vina=-8.5 t=13s
  [2/500] CC(C)Cc1ccc(C(C)C(=O)O)cc1... int=6 res=6 vina=-7.7 t=28s
  [3/500] CC(=O)Oc1ccccc1C(=O)O... int=8 res=8 vina=-6.3 t=44s
  [4/500] CC(=O)Nc1ccc(O)cc1... int=5 res=5 vina=-6.1 t=55s
  [5/500] OC(=O)c1ccccc1O... int=4 res=4 vina=-5.9 t=67s
  [25/500] CCOC(=O)C1N2C(=O)C(NC(=O)Cc3ccc(Cl)cc3)C... int=6 res=6 vina=-8.9 t=371s
  [50/500] CC(C)(O)c1ccc(CC(=O)NC2C(=O)N3C2SC(C)(C)... int=11 res=9 vina=-9.7 t=775s
  [75/500] CC(=O)Oc1cc(C=O)ccc1C(=O)O... int=7 res=7 vina=-6.7 t=1174s
  [100/500] CC(=O)Oc1cc(N)ccc1C(=O)O... int=7 res=7 vina=-6.6 t=1557s
  [125/500] NC(CC(=O)O)C(=O)O... int=0 res=0 vina=-4.8 t=1954s
  [150/500] COC(=O)c1cc(OC(F)(F)F)ccc1OC(C)=O... int=5 res=5 vina=-7.1 t=2351s
  [175/500] CC1(C)SC2C(NC(=O)COc3ccc(Br)cc3)C(=O)N2C... int=6 res=5 vina=-8.4 t=2730s
  [200/500] CC(=O)Nc1ccc(F)cc1... int=3 res=3 vina=-5.8 t=3121s
  [225/500] CCCC(=O)Oc1ccc(OC)cc1C(=O)OC... int=6 res=6 vina=-6.4 t=3498s
  [250/500] CCOC(=O)C1N2C(=O)C(NC(=O)Cc3ccc(O)c(C(=O... int=10 res=8 vina=-9.4 t=3889s
  [275/500] CCOC(=O)c1cc(F)ccc1OC(C)=O... int=3 res=3 vina=-6.4 t=4272s
  [300/500] CC1(C)SC2C(NC(=O)Cc3ccc(C(N)=O)cc3)C(=O)... int=7 res=6 vina=-9.1 t=4668s
  [325/500] COC(=O)c1cc(CCN)cc(OC)c1OC(C)=O... int=4 res=4 vina=-7.0 t=5057s
  [350/500] CC1(C)SC2C(NC(=O)Cc3cc(C=O)cc(C(=O)O)c3)... int=6 res=6 vina=-9.2 t=5435s
  [375/500] COc1ccc2cc(Cl)c(O)nc2c1... int=4 res=4 vina=-6.9 t=5858s
  [400/500] CC1=NC(c2ccc(C(=N)N)cc2)C(=O)N1... int=4 res=4 vina=-7.9 t=6260s
  [425/500] COC(=O)c1cc(Cl)cc(CC(=O)NC2C(=O)N3C2SC(C... int=4 res=4 vina=-8.8 t=6645s
  [450/500] COc1ccc(CCCO)cc1... int=4 res=4 vina=-6.1 t=7013s
  [475/500] CC(C)c1ccccc1... int=3 res=3 vina=-5.9 t=7394s
  [500/500] CCCC(=O)Oc1ccc(C=O)cc1C(=O)OC... int=6 res=6 vina=-7.0 t=7786s

Results → paper/experiments/results_v3/3EML/random_seed9/results.json
Total: 7786s (15.6s/iter)
