============================================================
  Method: random
  Target: 4DFR
  Seed: 6
  Iterations: 500
  Output: paper/experiments/results_v3/4DFR/random_seed6
============================================================
Target: 4DFR (DHFR, Oxidoreductase)
Pocket residues: 55
Behavior dim: 166
  [1/500] CC1(C)SC2C(NC(=O)Cc3ccccc3)C(=O)N2C1C(=O... int=6 res=6 vina=-8.0 t=11s
  [2/500] CC(C)Cc1ccc(C(C)C(=O)O)cc1... int=6 res=5 vina=-7.4 t=25s
  [3/500] CC(=O)Oc1ccccc1C(=O)O... int=6 res=5 vina=-5.6 t=34s
  [4/500] CC(=O)Nc1ccc(O)cc1... int=2 res=2 vina=-5.7 t=47s
  [5/500] OC(=O)c1ccccc1O... int=4 res=4 vina=-5.8 t=59s
  [25/500] CC1(C)SC2C(NC(=O)Cc3ccc(C(=N)N)cc3)C(=O)... int=7 res=7 vina=-9.2 t=332s
  [50/500] CCCC(=O)Oc1ccc(NC=O)cc1C(=O)O... int=4 res=4 vina=-6.8 t=687s
  [75/500] CC(=O)Oc1ccc(Cl)cc1C(=O)O... int=5 res=5 vina=-6.3 t=1069s
  [100/500] CC1(C)SC2C(NC(=O)Cc3ccc(I)cc3)C(=O)N2C1C... int=5 res=5 vina=-8.1 t=1494s
  [125/500] NC(Cc1ccc(C=Cc2ccccc2)cc1)C(=O)O... int=4 res=4 vina=-8.2 t=1903s
  [150/500] CC1(C)SC2C(NC(=O)Cc3cccc(N)c3)C(=O)N2C1C... int=5 res=5 vina=-8.4 t=2303s
  [175/500] CC(C(=O)O)c1ccc(CC(=O)NC2C(=O)N3C2SC(C)(... int=8 res=7 vina=-8.6 t=2681s
  [200/500] CCOC(=O)C1N2C(=O)C(NC(=O)Cc3ccc(CC(C)C)c... int=7 res=7 vina=-8.3 t=3085s
  [225/500] CC1(C)SC2C(NC(=O)Cc3ccc(N)c(C(=O)CCl)c3)... int=7 res=7 vina=-8.7 t=3479s
  [250/500] CC1(C)SC2C(NC(=O)Cc3ccc(I)cc3)C(=O)N2C1C... int=5 res=5 vina=-8.1 t=3911s
  [275/500] CCCC(=O)Oc1cc(C(=O)CCl)ccc1C(=O)O... int=7 res=7 vina=-4.0 t=4326s
  [300/500] O=C(O)CN1C(=O)c2ccccc2C1=O... int=5 res=5 vina=-6.7 t=4740s
  [325/500] CC1(C)SC2C(NC(=O)Cc3ccc(C(=O)O)cc3)C(=O)... int=6 res=5 vina=-9.2 t=5149s
  [350/500] CCOC(=O)C1N2C(=O)C(NC(=O)Cc3ccc(C(=O)OC)... int=3 res=3 vina=-7.8 t=5584s
  [375/500] CCOC(=O)C1N2C(=O)C(NC(=O)Cc3cc(C=O)cc(OC... int=8 res=7 vina=-8.1 t=5986s
  [400/500] CCOC(=O)C1N2C(=O)C(NC(=O)Cc3cc(O)cc(C(=O... int=8 res=7 vina=-8.5 t=6419s
  [425/500] CC1(C)SC2C(NC(=O)Cc3ccc([N+](=O)[O-])cc3... int=7 res=7 vina=-8.4 t=6832s
  [450/500] CC1(C)SC2C(NC(=O)COc3ccc(C(=N)N)cc3)C(=O... int=3 res=2 vina=-8.2 t=7267s
  [475/500] NC(CCC(=O)O)C(=O)O... int=0 res=0 vina=-5.0 t=7679s
  [500/500] CC(C)C(NC(=O)OC(C)(C)C)C(=O)NC(Cc1ccccc1... int=0 res=0 vina=-8.1 t=8110s

Results → paper/experiments/results_v3/4DFR/random_seed6/results.json
Total: 8110s (16.2s/iter)
