============================================================
  Method: imgep
  Target: 4DFR
  Seed: 4
  Iterations: 500
  Output: paper/experiments/results_v3/4DFR/imgep_seed4
============================================================
Target: 4DFR (DHFR, Oxidoreductase)
Pocket residues: 55
Behavior dim: 166
  [1/500] CC1(C)SC2C(NC(=O)Cc3ccccc3)C(=O)N2C1C(=O... int=6 res=6 vina=-8.0 t=13s
  [2/500] CC(C)Cc1ccc(C(C)C(=O)O)cc1... int=6 res=5 vina=-7.4 t=26s
  [3/500] CC(=O)Oc1ccccc1C(=O)O... int=6 res=5 vina=-5.6 t=39s
  [4/500] CC(=O)Nc1ccc(O)cc1... int=2 res=2 vina=-5.7 t=52s
  [5/500] OC(=O)c1ccccc1O... int=4 res=4 vina=-5.8 t=61s
  [25/500] CC(=O)Oc1cc(C=CC(=O)O)ccc1C(=O)O... int=6 res=6 vina=-7.6 t=341s
  [50/500] Oc1ccc(-c2nn[nH]n2)cc1O... int=4 res=4 vina=-6.7 t=708s
  [75/500] CC(=O)Oc1cc(OC(F)(F)F)ccc1C(=O)O... int=4 res=4 vina=-7.1 t=1063s
  [100/500] CC(=O)Oc1ccccc1C(=O)O... int=6 res=5 vina=-5.6 t=1431s
  [125/500] CC(N)c1ccc(C(N)=O)cc1... int=4 res=4 vina=-6.1 t=1802s
  [150/500] CCCCC(=O)Oc1cc(O)c(OC)cc1C(=O)O... int=8 res=7 vina=-6.8 t=2171s
  [175/500] CC(=O)Nc1ccc(C(=N)N)cc1... int=5 res=5 vina=-6.1 t=2521s
  [200/500] CC(=O)Oc1ccc(Cl)cc1C(=O)O... int=5 res=5 vina=-6.3 t=2876s
  [225/500] CC(CC(=O)O)C(=O)O... int=4 res=4 vina=-4.9 t=3260s
  [250/500] CCOC(=O)C1N2C(=O)C(NC(=O)Cc3ccc(F)cc3)C2... int=4 res=4 vina=-8.6 t=3624s
  [275/500] COC(=O)c1c(O)cc(Cl)cc1OC(=O)CCCO... int=6 res=5 vina=-6.9 t=3988s
  [300/500] CCOC(=O)C1N2C(=O)C(NC(=O)Cc3ccc(C(C)(C)O... int=5 res=5 vina=-8.9 t=4353s
  [325/500] CCOC(=O)C1N2C(=O)C(NC(=O)Cc3cc(Cl)cc(C(C... int=9 res=8 vina=-8.4 t=4714s
  [350/500] NC(Cc1cnc[nH]1)C(=O)O... int=0 res=0 vina=-5.4 t=5085s
  [375/500] CCOC(=O)C1N2C(=O)C(NC(=O)Cc3ccc(N(C)C)cc... int=7 res=7 vina=-7.6 t=5472s
  [400/500] CC1(C)SC2C(NC(=O)Cc3cc(Cl)cc(C(=O)CCl)c3... int=7 res=7 vina=-8.7 t=5830s
  [425/500] CCOC(=O)C(C)c1ccc(C(C)(C)O)cc1... int=6 res=5 vina=-6.9 t=6190s
  [450/500] COc1cc(C(C)O)ccc1O... int=2 res=2 vina=-5.8 t=6538s
  [475/500] CNCCc1ccc(-c2ccc(OC)cc2)cc1... int=6 res=6 vina=-7.2 t=6889s
  [500/500] CCOC(=O)C1N2C(=O)C(NC(=O)Cc3ccc(O)c(C(=O... int=6 res=6 vina=-8.8 t=7265s

Results → paper/experiments/results_v3/4DFR/imgep_seed4/results.json
Total: 7265s (14.5s/iter)
