============================================================
  Method: imgep_naive
  Target: 4MNE
  Seed: 4
  Iterations: 500
  Output: paper/experiments/results_v3/4MNE/imgep_naive_seed4
============================================================
Target: 4MNE (BRAF, Kinase)
Pocket residues: 68
Behavior dim: 205
  [1/500] CC1(C)SC2C(NC(=O)Cc3ccccc3)C(=O)N2C1C(=O... int=5 res=5 vina=-7.8 t=18s
  [2/500] CC(C)Cc1ccc(C(C)C(=O)O)cc1... int=8 res=8 vina=-7.8 t=34s
  [3/500] CC(=O)Oc1ccccc1C(=O)O... int=4 res=4 vina=-6.1 t=47s
  [4/500] CC(=O)Nc1ccc(O)cc1... int=8 res=6 vina=-6.2 t=64s
  [5/500] OC(=O)c1ccccc1O... int=8 res=6 vina=-6.2 t=78s
  [25/500] COC(=O)c1ccc(CC(=O)NO)cc1... int=4 res=4 vina=-7.1 t=414s
  [50/500] Oc1cccc(-c2ccccc2)c1... int=6 res=6 vina=-7.9 t=829s
  [75/500] CC(=O)Nc1ccc(I)cc1... int=4 res=4 vina=-6.4 t=1258s
  [100/500] CCCCC(=O)c1ccc(O)c(Cl)c1... int=8 res=7 vina=-6.9 t=1692s
  [125/500] CCCC(=O)c1ccc(O)c(Cl)c1... int=9 res=8 vina=-6.5 t=2117s
  [150/500] COc1cc(Cl)c(O)cc1C(=O)O... int=5 res=4 vina=-6.1 t=2577s
  [175/500] COc1cc(CNC(=O)CCCC(=O)O)ccc1C(=O)O... int=8 res=6 vina=-8.2 t=3041s
  [200/500] COc1ccc(CNC(=O)CCCC(=O)O)cc1OC... int=6 res=5 vina=-7.8 t=3490s
  [225/500] COc1cc(CNC(=O)CCCC(=O)O)ccc1O... int=11 res=10 vina=-7.9 t=3930s
  [250/500] CC(=O)Oc1cc(CNC(=O)c2cccc(N)c2)ccc1O... int=13 res=11 vina=-9.4 t=4360s
  [275/500] CCOC(=O)C(N)CCC(=O)Nc1ccc(O)c(Cl)c1... int=13 res=11 vina=-7.6 t=4780s
  [300/500] CC(C)Cc1ccc(C(C)C(=O)O)cc1... int=8 res=8 vina=-7.8 t=5181s
  [325/500] COc1cc(CNC(=O)c2cc(O)c(O)cc2OC)ccc1O... int=5 res=5 vina=-8.5 t=5624s
  [350/500] COc1ccc(CNC(=O)c2ccc(O)cc2O)cc1OC... int=9 res=6 vina=-8.6 t=6054s
  [375/500] COc1ccc(CNC(=O)c2ccc(F)cc2)cc1OC(C)=O... int=6 res=5 vina=-9.1 t=6457s
  [400/500] COc1ccc(C(=O)NCc2ccc(O)c(Cl)c2)c(O)c1... int=5 res=5 vina=-8.7 t=6897s
  [425/500] CC(=O)Nc1ccc(CCNC(=O)c2cccc(N)c2)cc1... int=11 res=10 vina=-9.1 t=7325s
  [450/500] CC(=O)CCC(=O)c1ccc(C(O)c2ccccc2)cc1... int=12 res=10 vina=-9.0 t=7772s
  [475/500] CC1(C)SC2C(NC(=O)COc3ccc(C=Cc4ccc(Cl)cc4... int=7 res=6 vina=-9.6 t=8252s
  [500/500] COc1ccc(CNC(=O)c2ccc(O)cc2O)cc1OC(=O)CCC... int=10 res=7 vina=-9.5 t=8764s

Results → paper/experiments/results_v3/4MNE/imgep_naive_seed4/results.json
Total: 8764s (17.5s/iter)
