============================================================
  Method: random
  Target: 4MNE
  Seed: 6
  Iterations: 500
  Output: paper/experiments/results_v3/4MNE/random_seed6
============================================================
Target: 4MNE (BRAF, Kinase)
Pocket residues: 68
Behavior dim: 205
  [1/500] CC1(C)SC2C(NC(=O)Cc3ccccc3)C(=O)N2C1C(=O... int=5 res=5 vina=-7.8 t=13s
  [2/500] CC(C)Cc1ccc(C(C)C(=O)O)cc1... int=8 res=8 vina=-7.8 t=26s
  [3/500] CC(=O)Oc1ccccc1C(=O)O... int=4 res=4 vina=-6.1 t=40s
  [4/500] CC(=O)Nc1ccc(O)cc1... int=8 res=6 vina=-6.2 t=55s
  [5/500] OC(=O)c1ccccc1O... int=8 res=6 vina=-6.2 t=70s
  [25/500] CC1(C)SC2C(NC(=O)Cc3ccc(F)cc3)C(=O)N2C1C... int=6 res=5 vina=-8.3 t=396s
  [50/500] CC1(C)SC2C(NC(=O)COc3ccc(C(=N)N)cc3)C(=O... int=6 res=6 vina=-9.2 t=873s
  [75/500] CC(C)c1cc(O)cc(CC(=O)NC2C(=O)N3C2SC(C)(C... int=9 res=8 vina=-8.5 t=1321s
  [100/500] CCOC(=O)C1N2C(=O)C(NC(=O)Cc3cc(C(=O)O)cc... int=7 res=7 vina=-7.3 t=1791s
  [125/500] CCCC(=O)Oc1ccc(OCC(=O)NC2C(=O)N3C2SC(C)(... int=8 res=7 vina=-8.2 t=2289s
  [150/500] CC1(C)SC2C(NC(=O)COc3ccc(C(=N)N)cc3)C(=O... int=6 res=6 vina=-9.2 t=2749s
  [175/500] CC(C(=O)O)c1ccc(C(=N)N)cc1... int=6 res=6 vina=-7.4 t=3227s
  [200/500] CC(=O)c1ccc(CC(=O)NC2C(=O)N3C2SC(C)(C)C3... int=6 res=4 vina=-7.4 t=3713s
  [225/500] O=C(O)c1cc(Cl)cc(Cl)c1... int=6 res=5 vina=-6.0 t=4191s
  [250/500] CC(=O)Nc1ccc(NC(N)=S)cc1... int=5 res=5 vina=-6.7 t=4656s
  [275/500] CC1(C)SC2C(NC(=O)COc3ccc(C(=N)N)cc3)C(=O... int=6 res=6 vina=-9.2 t=5140s
  [300/500] CC1(C)SC2C(NC(=O)Cc3ccc(S(=O)(=O)O)cc3)C... int=7 res=5 vina=-8.4 t=5623s
  [325/500] CC1(C)SC2C(NC(=O)Cc3cc(O)cc(Cl)c3)C(=O)N... int=3 res=3 vina=-8.4 t=6105s
  [350/500] CC(N)Cc1cccc(CC(=O)NC2C(=O)N3C2SC(C)(C)C... int=8 res=6 vina=-9.0 t=6651s
  [375/500] CCOC(=O)C1N2C(=O)C(NC(=O)COc3ccc(OC(C)=O... int=3 res=3 vina=-8.4 t=7205s
  [400/500] CC1(C)SC2C(NC(=O)Cc3cc(O)cc(Cl)c3)C(=O)N... int=3 res=3 vina=-8.4 t=7723s
  [425/500] COC(=O)c1ccc(F)cc1OC(C)=O... int=7 res=6 vina=-6.1 t=8273s
  [450/500] CC(C)(O)c1ccccc1... int=8 res=7 vina=-6.5 t=8862s
  [475/500] CCOC(=O)c1cc(CC(C)N)ccc1N... int=9 res=8 vina=-7.1 t=9413s
  [500/500] CC1(C)SC2C(NC(=O)Cc3ccc(O)c(Cl)c3)C(=O)N... int=10 res=8 vina=-8.1 t=9972s

Results → paper/experiments/results_v3/4MNE/random_seed6/results.json
Total: 9972s (19.9s/iter)
