============================================================
  Method: ga
  Target: 3V8D
  Seed: 1
  Iterations: 500
  Output: paper/experiments/results_v3/3V8D/ga_seed1
============================================================
Target: 3V8D (Thrombin, Serine protease)
Pocket residues: 95
Behavior dim: 286
  [1/500] CC1(C)SC2C(NC(=O)Cc3ccccc3)C(=O)N2C1C(=O... int=10 res=9 vina=-9.1 t=15s
  [2/500] CC(C)Cc1ccc(C(C)C(=O)O)cc1... int=5 res=5 vina=-6.8 t=29s
  [3/500] CC(=O)Oc1ccccc1C(=O)O... int=8 res=6 vina=-6.8 t=44s
  [4/500] CC(=O)Nc1ccc(O)cc1... int=7 res=5 vina=-6.1 t=59s
  [5/500] OC(=O)c1ccccc1O... int=4 res=4 vina=-6.0 t=70s
  [25/500] CC1(C)SC2C(NC(=O)Cc3cccc(C(=O)CCl)c3)C(=... int=9 res=9 vina=-9.2 t=399s
  [50/500] CC1(C)SC2C(NC(=O)Cc3cccc(-c4ccc(F)cc4)c3... int=11 res=10 vina=-10.3 t=843s
  [75/500] COC(=O)c1cccc(CC(=O)NC2C(=O)N3C2SC(C)(C)... int=9 res=8 vina=-9.4 t=1282s
  [100/500] CC1(C)SC2C(NC(=O)Cc3cc(F)cc(Cl)c3)C(=O)N... int=8 res=8 vina=-9.4 t=1721s
  [125/500] CC1(C)SC2C(NC(=O)Cc3cccc(-c4cc(O)cc(NC=O... int=7 res=7 vina=-10.9 t=2155s
  [150/500] CCOC(=O)C1N2C(=O)C(NC(=O)Cc3cccc(-c4cccc... int=11 res=11 vina=-10.3 t=2613s
  [175/500] CCOC(=O)c1cc(Cl)cc(CC(=O)NC2C(=O)N3C2SC(... int=9 res=9 vina=-8.9 t=3066s
  [200/500] CC1(C)SC2C(NC(=O)Cc3cccc(-c4ccccc4)c3)C(... int=7 res=7 vina=-10.4 t=3506s
  [225/500] CCOC(=O)C1N2C(=O)C(NC(=O)Cc3cccc(-c4cc(O... int=17 res=16 vina=-10.6 t=3938s
  [250/500] CC1(C)SC2C(NC(=O)Cc3cc(Cl)cc(-c4ccccc4)c... int=8 res=8 vina=-10.3 t=4383s
  [275/500] COC(=O)c1cc(O)cc(-c2cccc(CC(=O)NC3C(=O)N... int=11 res=11 vina=-10.7 t=4827s
  [300/500] CCCC(=O)Oc1cccc(CC(=O)NC2C(=O)N3C2SC(C)(... int=11 res=9 vina=-10.0 t=5287s
  [325/500] CCOC(=O)C1N2C(=O)C(NC(=O)Cc3cccc(-c4ccc(... int=7 res=7 vina=-9.7 t=5729s
  [350/500] CC(C)(O)c1ccc(-c2cccc(CC(=O)NC3C(=O)N4C3... int=10 res=10 vina=-10.8 t=6217s
  [375/500] CCN(CC)C(=O)c1cc(O)cc(CC(=O)NC2C(=O)N3C2... int=10 res=8 vina=-9.3 t=6716s
  [400/500] CC(=O)c1ccc(-c2cc(CCN)cc(CC(=O)NC3C(=O)N... int=11 res=11 vina=-10.6 t=7211s
  [425/500] CC1(C)SC2C(NC(=O)Cc3cc(Cl)cc(-c4ccc(O)c(... int=7 res=7 vina=-10.4 t=7739s
  [450/500] CC(=O)c1cc(CO)cc(-c2cccc(CC(=O)NC3C(=O)N... int=9 res=9 vina=-10.5 t=8281s
  [475/500] CC1(C)SC2C(NC(=O)Cc3cccc(-c4nn[nH]n4)c3)... int=12 res=12 vina=-9.8 t=8812s
  [500/500] COc1cc(-c2cc(O)cc(CC(=O)NC3C(=O)N4C3SC(C... int=8 res=8 vina=-10.3 t=9351s

Results → paper/experiments/results_v3/3V8D/ga_seed1/results.json
Total: 9351s (18.7s/iter)
