============================================================
  Method: random
  Target: 4DFR
  Seed: 3
  Iterations: 500
  Output: paper/experiments/results_v3/4DFR/random_seed3
============================================================
Target: 4DFR (DHFR, Oxidoreductase)
Pocket residues: 55
Behavior dim: 166
  [1/500] CC1(C)SC2C(NC(=O)Cc3ccccc3)C(=O)N2C1C(=O... int=6 res=6 vina=-8.0 t=11s
  [2/500] CC(C)Cc1ccc(C(C)C(=O)O)cc1... int=6 res=5 vina=-7.4 t=23s
  [3/500] CC(=O)Oc1ccccc1C(=O)O... int=6 res=5 vina=-5.6 t=33s
  [4/500] CC(=O)Nc1ccc(O)cc1... int=2 res=2 vina=-5.7 t=44s
  [5/500] OC(=O)c1ccccc1O... int=4 res=4 vina=-5.8 t=55s
  [25/500] CCOC(=O)C1N2C(=O)C(NC(=O)Cc3ccccc3)C2SC1... int=4 res=4 vina=-8.0 t=274s
  [50/500] COC(=O)c1ccc(C=O)cc1OC(C)=O... int=4 res=4 vina=-6.0 t=539s
  [75/500] COc1ccc(CC(C)C)cc1... int=4 res=4 vina=-5.8 t=838s
  [100/500] CC(C)NCC(O)COc1ccc2ccc(C(C)O)cc2c1... int=8 res=7 vina=-7.4 t=1165s
  [125/500] COc1ccc2cc(C(C)N)ccc2c1... int=6 res=5 vina=-7.0 t=1473s
  [150/500] CC(N)c1ccc2ccccc2c1... int=6 res=6 vina=-6.7 t=1819s
  [175/500] CC(O)c1ccc2ccc(O)cc2c1... int=7 res=7 vina=-7.2 t=2156s
  [200/500] CCOc1ccc2nc(O)c(Cl)cc2c1... int=4 res=4 vina=-6.5 t=2489s
  [225/500] CCCCC(=O)Oc1c(OC)cc(C=O)cc1C(=O)O... int=4 res=3 vina=-6.5 t=2831s
  [250/500] O=C(O)CCc1ccc(O)cc1... int=5 res=5 vina=-6.3 t=3156s
  [275/500] CCCCC(=O)Oc1ccc2ccc(O)cc2c1... int=5 res=4 vina=-7.1 t=3505s
  [300/500] COC(=O)c1ccc(CC(=O)NO)cc1... int=4 res=4 vina=-6.6 t=3850s
  [325/500] CC(C)Cc1ccc(N(C)C)cc1... int=4 res=4 vina=-6.1 t=4188s
  [350/500] COC(=O)c1ccc(C(=O)CCl)cc1OC(C)=O... int=3 res=2 vina=-6.7 t=4531s
  [375/500] COc1ccc2ccc(O)cc2c1... int=5 res=5 vina=-6.5 t=4870s
  [400/500] NCCCC(=O)Oc1ccc2ccc(O)cc2c1... int=11 res=10 vina=-7.3 t=5217s
  [425/500] CCCCC(=O)Oc1cc(Cl)c(Cl)cc1C(=O)OCC... int=5 res=5 vina=-6.6 t=5557s
  [450/500] COc1cc(C=O)cc(C(=O)O)c1OC(=O)CCCCO... int=6 res=5 vina=-6.8 t=5900s
  [475/500] CC(C)Cc1ccc(N2CCOCC2)cc1... int=6 res=6 vina=-6.5 t=6235s
  [500/500] CCOC(=O)C1N2C(=O)C(NC(=O)Cc3ccc(CC(C)C)c... int=7 res=7 vina=-8.3 t=6554s

Results → paper/experiments/results_v3/4DFR/random_seed3/results.json
Total: 6554s (13.1s/iter)
