============================================================
  Method: bo
  Target: 1ERE
  Seed: 9
  Iterations: 500
  Output: paper/experiments/results_v3/1ERE/bo_seed9
============================================================
Target: 1ERE (Estrogen Receptor α, Nuclear receptor)
Pocket residues: 71
Behavior dim: 214
  [1/500] CC1(C)SC2C(NC(=O)Cc3ccccc3)C(=O)N2C1C(=O... int=5 res=5 vina=-6.8 t=15s
  [2/500] CC(C)Cc1ccc(C(C)C(=O)O)cc1... int=6 res=6 vina=-7.4 t=31s
  [3/500] CC(=O)Oc1ccccc1C(=O)O... int=5 res=5 vina=-6.8 t=45s
  [4/500] CC(=O)Nc1ccc(O)cc1... int=5 res=5 vina=-6.1 t=59s
  [5/500] OC(=O)c1ccccc1O... int=5 res=5 vina=-6.2 t=72s
  [25/500] CCOC(=O)C1CCCN1C(=O)C(C)CS... int=5 res=5 vina=-6.3 t=363s
  [50/500] O=C(O)C=Cc1ccc(O)c(Cl)c1... int=4 res=4 vina=-6.9 t=731s
  [75/500] CC(N)Cc1ccc(Cl)c(Cl)c1... int=7 res=7 vina=-6.8 t=1064s
  [100/500] CC(C)c1ccc(Cl)c(Cl)c1... int=5 res=5 vina=-6.5 t=1397s
  [125/500] CC1(C)SC2C(NC(=O)Cc3cccc(Cl)c3)C(=O)N2C1... int=5 res=5 vina=-6.7 t=1772s
  [150/500] OCC(O)C(O)C(O)CO... int=2 res=2 vina=-5.1 t=2176s
  [175/500] CC(C)c1ccc(O)c(O)c1... int=5 res=4 vina=-6.5 t=2589s
  [200/500] OCC1OC(O)C(O)C(O)C1O... int=2 res=2 vina=-6.1 t=2991s
  [225/500] O=C(O)CC(O)(CC(=O)O)C(=O)O... int=4 res=4 vina=-5.7 t=3409s
  [250/500] OCC1OC(O)C(O)C(O)C1O... int=2 res=2 vina=-6.1 t=3813s
  [275/500] O=C(O)CC(O)(CC(=O)O)C(=O)O... int=4 res=4 vina=-5.7 t=4247s
  [300/500] O=C(O)C=Cc1ccc(O)c(O)c1... int=5 res=5 vina=-7.0 t=4693s
  [325/500] O=C(O)C=Cc1ccc(O)c(O)c1... int=5 res=5 vina=-7.0 t=5155s
  [350/500] O=C(O)CC(O)(CC(=O)O)C(=O)O... int=4 res=4 vina=-5.7 t=5645s
  [375/500] OCC1OC(O)C(O)C(O)C1O... int=2 res=2 vina=-6.1 t=6148s
  [400/500] O=C(O)C=Cc1ccc(O)c(O)c1... int=5 res=5 vina=-7.0 t=6667s
  [425/500] O=C(O)C=Cc1ccc(O)c(O)c1... int=5 res=5 vina=-7.0 t=7222s
  [450/500] O=C(O)CC(O)(CC(=O)O)C(=O)O... int=4 res=4 vina=-5.7 t=7778s
  [475/500] OCC1OC(O)C(O)C(O)C1O... int=2 res=2 vina=-6.1 t=8345s
  [500/500] O=C(O)CC(O)(CC(=O)O)C(=O)O... int=4 res=4 vina=-5.7 t=8928s

Results → paper/experiments/results_v3/1ERE/bo_seed9/results.json
Total: 8928s (17.9s/iter)
