============================================================
  Method: ga
  Target: 4DFR
  Seed: 7
  Iterations: 500
  Output: paper/experiments/results_v3/4DFR/ga_seed7
============================================================
Target: 4DFR (DHFR, Oxidoreductase)
Pocket residues: 55
Behavior dim: 166
  [1/500] CC1(C)SC2C(NC(=O)Cc3ccccc3)C(=O)N2C1C(=O... int=6 res=6 vina=-8.0 t=12s
  [2/500] CC(C)Cc1ccc(C(C)C(=O)O)cc1... int=6 res=5 vina=-7.4 t=23s
  [3/500] CC(=O)Oc1ccccc1C(=O)O... int=6 res=5 vina=-5.6 t=39s
  [4/500] CC(=O)Nc1ccc(O)cc1... int=2 res=2 vina=-5.7 t=54s
  [5/500] OC(=O)c1ccccc1O... int=4 res=4 vina=-5.8 t=67s
  [25/500] CC1(C)SC2C(NC(=O)Cc3ccc(C(=O)O)c(O)c3)C(... int=8 res=7 vina=-8.7 t=463s
  [50/500] CC(=O)Oc1cc(CC(=O)NC2C(=O)N3C2SC(C)(C)C3... int=6 res=5 vina=-8.9 t=966s
  [75/500] CC1(C)SC2C(NC(=O)Cc3ccccc3)C(=O)N2C1C(=O... int=6 res=6 vina=-8.0 t=1343s
  [100/500] CC(C(=O)O)c1ccc(CC(=O)NC2C(=O)N3C2SC(C)(... int=8 res=7 vina=-8.6 t=1758s
  [125/500] CCOC(=O)c1c(O)cc(CC(=O)NC2C(=O)N3C2SC(C)... int=6 res=6 vina=-8.2 t=2270s
  [150/500] CC1(C)SC2C(NC(=O)Cc3cc(O)c(C(=O)O)c(O)c3... int=7 res=7 vina=-8.8 t=2811s
  [175/500] COc1ccc(CC(=O)NC2C(=O)N3C2SC(C)(C)C3C(=O... int=9 res=7 vina=-7.9 t=3326s
  [200/500] COC(=O)c1ccc(CC(=O)NC2C(=O)N3C2SC(C)(C)C... int=5 res=5 vina=-8.2 t=3836s
  [225/500] CC(=O)Nc1ccc(CC(=O)NC2C(=O)N3C2SC(C)(C)C... int=8 res=8 vina=-8.3 t=4375s
  [250/500] CC1(C)SC2C(NC(=O)COc3ccc(C(=N)N)cc3)C(=O... int=3 res=2 vina=-8.2 t=4896s
  [275/500] CCOC(=O)C1N2C(=O)C(NC(=O)Cc3cc(O)c(C(=O)... int=10 res=8 vina=-7.8 t=5418s
  [300/500] CC1(C)SC2C(NC(=O)Cc3ccc(CC(N)C(=O)O)cc3)... int=7 res=7 vina=-8.9 t=5920s
  [325/500] CCOC(=O)c1c(O)cc(CC(=O)NC2C(=O)N3C2SC(C)... int=3 res=3 vina=-8.5 t=6420s
  [350/500] CCOC(=O)C1N2C(=O)C(NC(=O)Cc3cc(O)c(C(=O)... int=7 res=7 vina=-8.8 t=6945s
  [375/500] CC(C)Cc1ccc(CC(=O)NC2C(=O)N3C2SC(C)(C)C3... int=5 res=5 vina=-8.3 t=7396s
  [400/500] CCOC(=O)C1N2C(=O)C(NC(=O)Cc3cc(OC)c(C(=O... int=6 res=6 vina=-8.2 t=7917s
  [425/500] CCOC(=O)c1c(O)cc(CC(=O)NC2C(=O)N3C2SC(C)... int=6 res=6 vina=-8.2 t=8436s
  [450/500] COc1cc(CC(=O)NC2C(=O)N3C2SC(C)(C)C3C(=O)... int=7 res=7 vina=-8.2 t=8899s
  [475/500] CCOC(=O)c1c(O)cc(C(N)C(=O)NC2C(=O)N3C2SC... int=6 res=6 vina=-8.7 t=9450s
  [500/500] CC(C)(O)c1ccc(OCC(=O)NC2C(=O)N3C2SC(C)(C... int=7 res=7 vina=-9.0 t=9987s

Results → paper/experiments/results_v3/4DFR/ga_seed7/results.json
Total: 9987s (20.0s/iter)
