============================================================
  Method: ga
  Target: 3EML
  Seed: 1
  Iterations: 500
  Output: paper/experiments/results_v3/3EML/ga_seed1
============================================================
Target: 3EML (EGFR, Kinase)
Pocket residues: 65
Behavior dim: 196
  [1/500] CC1(C)SC2C(NC(=O)Cc3ccccc3)C(=O)N2C1C(=O... int=5 res=5 vina=-8.5 t=12s
  [2/500] CC(C)Cc1ccc(C(C)C(=O)O)cc1... int=6 res=6 vina=-7.7 t=22s
  [3/500] CC(=O)Oc1ccccc1C(=O)O... int=8 res=8 vina=-6.3 t=35s
  [4/500] CC(=O)Nc1ccc(O)cc1... int=5 res=5 vina=-6.1 t=44s
  [5/500] OC(=O)c1ccccc1O... int=4 res=4 vina=-5.9 t=57s
  [25/500] CC(=O)c1ccc(OCC(=O)NC2C(=O)N3C2SC(C)(C)C... int=6 res=6 vina=-8.8 t=367s
  [50/500] CC(C(=O)O)c1ccc(CC(=O)NC2C(=O)N3C2SC(C)(... int=10 res=8 vina=-9.7 t=775s
  [75/500] COC(=O)c1ccc(CC(=O)NC2C(=O)N3C2SC(C)(C)C... int=9 res=6 vina=-9.1 t=1175s
  [100/500] CC(C(=O)O)c1ccc(CC(=O)NC2C(=O)N3C2SC(C)(... int=10 res=8 vina=-9.7 t=1572s
  [125/500] CCOC(=O)C1N2C(=O)C(NC(=O)Cc3ccc(CC(C)C)c... int=8 res=7 vina=-9.5 t=1972s
  [150/500] CC(O)c1cc(Cl)cc(-c2ccc(CC(=O)NC3C(=O)N4C... int=8 res=7 vina=-11.1 t=2359s
  [175/500] CC1(C)SC2C(NC(=O)COc3ccc(C=Cc4ccccc4)cc3... int=11 res=9 vina=-9.9 t=2776s
  [200/500] CC(O)c1cccc(CNC(=O)CCCCCC(=O)NC2C(=O)N3C... int=9 res=7 vina=-9.8 t=3187s
  [225/500] CC1(C)SC2C(NC(=O)CCCCCC(=O)NCCCC(N)C(=O)... int=10 res=10 vina=-8.7 t=3595s
  [250/500] CC(C)(O)c1ccc(CC(=O)NC2C(=O)N3C2SC(C)(C)... int=11 res=9 vina=-9.7 t=4035s
  [275/500] CC1(C)SC2C(NC(=O)CCCCCC(=O)Nc3cccc(Cl)c3... int=7 res=6 vina=-9.0 t=4462s
  [300/500] CC(=O)Nc1ccc(Oc2ccc(CC(=O)NC3C(=O)N4C3SC... int=11 res=10 vina=-10.2 t=4913s
  [325/500] CC(O)c1cccc(NC(=O)c2ccc(CC(=O)NC3C(=O)N4... int=9 res=9 vina=-11.0 t=5374s
  [350/500] CCOC(=O)C1N2C(=O)C(NC(=O)COc3ccc(NC(=O)c... int=9 res=9 vina=-8.9 t=5868s
  [375/500] CCOC(=O)C1N2C(=O)C(NC(=O)Cc3ccc(CC(=O)NO... int=7 res=7 vina=-9.2 t=6372s
  [400/500] CC1(C)SC2C(NC(=O)COc3ccc(C=Cc4cccc(C=O)c... int=14 res=11 vina=-10.5 t=6880s
  [425/500] CC1(C)SC2C(NC(=O)Cc3ccc(N=Nc4ccc(CC(N)=O... int=11 res=9 vina=-10.6 t=7417s
  [450/500] CC1(C)SC2C(NC(=O)Cc3ccc(CCC(=O)O)cc3)C(=... int=9 res=7 vina=-9.6 t=7899s
  [475/500] CC(N)c1ccc(C=Cc2ccc(CC(=O)NC3C(=O)N4C3SC... int=9 res=8 vina=-10.9 t=8413s
  [500/500] CC(=O)c1ccc(C=Cc2ccc(CC(=O)NC3C(=O)N4C3S... int=8 res=7 vina=-10.7 t=8919s

Results → paper/experiments/results_v3/3EML/ga_seed1/results.json
Total: 8919s (17.8s/iter)
