============================================================
  Method: ga
  Target: 3PJC
  Seed: 0
  Iterations: 500
  Output: paper/experiments/results_v3/3PJC/ga_seed0
============================================================
Target: 3PJC (CDK2, Kinase)
Pocket residues: 60
Behavior dim: 181
  [1/500] CC1(C)SC2C(NC(=O)Cc3ccccc3)C(=O)N2C1C(=O... int=5 res=5 vina=-8.6 t=19s
  [2/500] CC(C)Cc1ccc(C(C)C(=O)O)cc1... int=8 res=8 vina=-7.7 t=38s
  [3/500] CC(=O)Oc1ccccc1C(=O)O... int=7 res=7 vina=-6.7 t=56s
  [4/500] CC(=O)Nc1ccc(O)cc1... int=9 res=9 vina=-6.2 t=71s
  [5/500] OC(=O)c1ccccc1O... int=6 res=6 vina=-6.1 t=83s
  [25/500] CC1(C)SC2C(NC(=O)COc3ccc(C(=N)N)cc3)C(=O... int=7 res=7 vina=-9.2 t=421s
  [50/500] CC1(C)SC2C(NC(=O)Cc3cc(O)cc(F)c3)C(=O)N2... int=9 res=9 vina=-9.5 t=857s
  [75/500] CC(=O)Oc1cc(CC(=O)NC2C(=O)N3C2SC(C)(C)C3... int=10 res=9 vina=-10.0 t=1272s
  [100/500] CC1(C)SC2C(NC(=O)Cc3ccc(O)c(Cl)c3)C(=O)N... int=7 res=7 vina=-9.6 t=1696s
  [125/500] COc1cc(CC(=O)NC2C(=O)N3C2SC(C)(C)C3C(=O)... int=5 res=5 vina=-8.7 t=2128s
  [150/500] CC1(C)SC2C(NC(=O)Cc3cccc(Cl)c3)C(=O)N2C1... int=5 res=5 vina=-9.1 t=2575s
  [175/500] CC(=O)c1ccc(CC(=O)NC2C(=O)N3C2SC(C)(C)C3... int=9 res=8 vina=-9.5 t=3001s
  [200/500] CC1(C)SC2C(NC(=O)COc3ccc(C(=N)N)cc3)C(=O... int=7 res=7 vina=-9.2 t=3421s
  [225/500] CC1(C)SC2C(NC(=O)Cc3cc(O)cc(-c4nn[nH]n4)... int=11 res=9 vina=-10.5 t=3843s
  [250/500] CC(C)(O)c1cccc(CC(=O)NC2C(=O)N3C2SC(C)(C... int=6 res=6 vina=-9.5 t=4303s
  [275/500] CCOC(=O)c1ccc(CC(=O)NC2C(=O)N3C2SC(C)(C)... int=8 res=8 vina=-9.0 t=4771s
  [300/500] CCOC(=O)C1N2C(=O)C(NC(=O)Cc3ccc(OC)c(O)c... int=6 res=5 vina=-8.9 t=5269s
  [325/500] CC1(C)SC2C(NC(=O)Cc3cc(Cl)cc(C(=O)O)c3)C... int=9 res=9 vina=-9.9 t=5767s
  [350/500] COc1ccc(CC(=O)NC2C(=O)N3C2SC(C)(C)C3C(=O... int=8 res=8 vina=-9.2 t=6255s
  [375/500] CCCC(=O)Oc1cc(CC(=O)NC2C(=O)N3C2SC(C)(C)... int=8 res=8 vina=-9.7 t=6762s
  [400/500] CCOC(=O)C1N2C(=O)C(NC(=O)Cc3cccc(C(C)C)c... int=10 res=10 vina=-8.8 t=7273s
  [425/500] CCOC(=O)C1N2C(=O)C(NC(=O)Cc3cccc(-c4ccc(... int=10 res=9 vina=-10.4 t=7776s
  [450/500] COc1ccc(CC(=O)NC2C(=O)N3C2SC(C)(C)C3C(=O... int=8 res=8 vina=-9.2 t=8282s
  [475/500] COC(=O)c1ccc(CC(=O)NC2C(=O)N3C2SC(C)(C)C... int=5 res=5 vina=-8.9 t=8818s
  [500/500] CCOC(=O)C1N2C(=O)C(NC(=O)Cc3ccc(O)c(Cl)c... int=5 res=5 vina=-9.1 t=9351s

Results → paper/experiments/results_v3/3PJC/ga_seed0/results.json
Total: 9351s (18.7s/iter)
