============================================================
  Method: imgep_naive
  Target: 3V8D
  Seed: 7
  Iterations: 500
  Output: paper/experiments/results_v3/3V8D/imgep_naive_seed7
============================================================
Target: 3V8D (Thrombin, Serine protease)
Pocket residues: 95
Behavior dim: 286
  [1/500] CC1(C)SC2C(NC(=O)Cc3ccccc3)C(=O)N2C1C(=O... int=10 res=9 vina=-9.1 t=22s
  [2/500] CC(C)Cc1ccc(C(C)C(=O)O)cc1... int=5 res=5 vina=-6.8 t=43s
  [3/500] CC(=O)Oc1ccccc1C(=O)O... int=8 res=6 vina=-6.8 t=57s
  [4/500] CC(=O)Nc1ccc(O)cc1... int=7 res=5 vina=-6.1 t=70s
  [5/500] OC(=O)c1ccccc1O... int=4 res=4 vina=-6.0 t=84s
  [25/500] COc1ccc(CC(=O)NC2C(=O)N3C2SC(C)(C)C3C(=O... int=8 res=8 vina=-8.4 t=412s
  [50/500] CC(=O)Oc1ccc(CC(=O)NC2C(=O)N3C2SC(C)(C)C... int=6 res=6 vina=-8.8 t=824s
  [75/500] COc1ccc(CC(=O)NC2C(=O)N3C2SC(C)(C)C3C(=O... int=8 res=8 vina=-8.4 t=1259s
  [100/500] CC1(C)SC2C(NC(=O)Cc3ccc(I)cc3)C(=O)N2C1C... int=5 res=5 vina=-8.3 t=1672s
  [125/500] CC(=O)c1ccc(CC(=O)NC2C(=O)N3C2SC(C)(C)C3... int=10 res=10 vina=-9.4 t=2118s
  [150/500] CC(N)c1ccc(CC(=O)NC2C(=O)N3C2SC(C)(C)C3C... int=7 res=6 vina=-9.0 t=2549s
  [175/500] CN(C)c1ccc(CC(=O)NC2C(=O)N3C2SC(C)(C)C3C... int=7 res=7 vina=-8.7 t=2971s
  [200/500] COc1cc(CC(=O)NC2C(=O)N3C2SC(C)(C)C3C(=O)... int=8 res=8 vina=-8.4 t=3389s
  [225/500] CC(=O)c1ccc(CC(=O)NC2C(=O)N3C2SC(C)(C)C3... int=10 res=10 vina=-9.4 t=3813s
  [250/500] CC(=O)Oc1ccc(OCC(=O)NC2C(=O)N3C2SC(C)(C)... int=5 res=5 vina=-8.3 t=4237s
  [275/500] CC1(C)SC2C(NC(=O)COc3ccc(C(=N)N)cc3)C(=O... int=8 res=8 vina=-8.7 t=4636s
  [300/500] CCC(C)C(N)C(=O)O... int=0 res=0 vina=-4.9 t=5038s
  [325/500] CC1(C)SC2C(NC(=O)COc3ccc(F)cc3)C(=O)N2C1... int=9 res=9 vina=-8.9 t=5429s
  [350/500] CCOC(=O)c1cc(CCCO)cc(CC(=O)NC2C(=O)N3C2S... int=8 res=8 vina=-8.4 t=5839s
  [375/500] CC1(C)SC2C(NC(=O)COc3ccc(F)cc3)C(=O)N2C1... int=9 res=9 vina=-8.9 t=6270s
  [400/500] CC1(C)SC2C(NC(=O)Cc3cccc(C(=O)O)c3)C(=O)... int=8 res=8 vina=-9.3 t=6690s
  [425/500] CC1(C)SC2C(NC(=O)Cc3cc(CCCO)cc(C(N)=O)c3... int=11 res=11 vina=-9.2 t=7122s
  [450/500] CC1(C)SC2C(NC(=O)Cc3ccc(N)cc3)C(=O)N2C1C... int=7 res=6 vina=-8.8 t=7564s
  [475/500] CC(=O)Nc1ccc(C(C)=O)cc1... int=5 res=4 vina=-6.6 t=7996s
  [500/500] CC(C)c1ccc(O)c(O)c1... int=4 res=4 vina=-6.4 t=8440s

Results → paper/experiments/results_v3/3V8D/imgep_naive_seed7/results.json
Total: 8440s (16.9s/iter)
