============================================================
  Method: curiosity
  Target: 3PJC
  Seed: 8
  Iterations: 500
  Output: paper/experiments/results_v3/3PJC/curiosity_seed8
============================================================
Target: 3PJC (CDK2, Kinase)
Pocket residues: 60
Behavior dim: 181
  [1/500] CC1(C)SC2C(NC(=O)Cc3ccccc3)C(=O)N2C1C(=O... int=5 res=5 vina=-8.6 t=14s
  [2/500] CC(C)Cc1ccc(C(C)C(=O)O)cc1... int=8 res=8 vina=-7.7 t=28s
  [3/500] CC(=O)Oc1ccccc1C(=O)O... int=7 res=7 vina=-6.7 t=44s
  [4/500] CC(=O)Nc1ccc(O)cc1... int=9 res=9 vina=-6.2 t=60s
  [5/500] OC(=O)c1ccccc1O... int=6 res=6 vina=-6.1 t=77s
  [25/500] CC(=O)Oc1ccccc1C(=O)O... int=7 res=7 vina=-6.7 t=432s
  [50/500] CC(O)c1cccc(CC(=O)NC2C(=O)N3C2SC(C)(C)C3... int=12 res=11 vina=-9.6 t=871s
  [75/500] COc1cc(NC(=O)CCC(C)=O)ccc1C... int=8 res=7 vina=-6.9 t=1312s
  [100/500] CC(=O)Oc1ccc(NC=O)cc1... int=9 res=9 vina=-6.2 t=1761s
  [125/500] NC(Cc1ccc(C(=O)NCC(=O)O)cc1)C(=O)O... int=7 res=5 vina=-8.1 t=2191s
  [150/500] CCCC(=O)Oc1cc(OC)c(OC)cc1C(=O)OC... int=5 res=4 vina=-6.7 t=2637s
  [175/500] CCC(C)C(NC(=O)OC(C)(C)C)C(=O)NC1C(=O)N2C... int=3 res=3 vina=-8.4 t=3113s
  [200/500] CCOC(=O)C1N2C(=O)C(NC(=O)Cc3ccccc3)C2SC1... int=7 res=7 vina=-8.4 t=3551s
  [225/500] COC(=O)c1cc(O)c(OC)cc1OC(=O)CCCC(=O)O... int=11 res=10 vina=-7.7 t=4003s
  [250/500] COc1cc(O)cc(C(=O)O)c1OC... int=4 res=4 vina=-6.6 t=4443s
  [275/500] CCCCC(=O)Oc1cc(OC(C)=O)c(O)cc1C(=O)OC... int=8 res=8 vina=-7.6 t=4886s
  [300/500] COC(=O)c1cc(OC)c(OC(C)=O)cc1OC(=O)CCCN... int=7 res=5 vina=-7.3 t=5340s
  [325/500] NCCCC(=O)Oc1ccc(F)cc1C(=O)O... int=9 res=7 vina=-7.8 t=5776s
  [350/500] COc1cc(C(=O)O)cc(C(=O)O)c1OC(C)=O... int=6 res=4 vina=-7.3 t=6183s
  [375/500] CC1(C)SC2C(NC(=O)Cc3ccc(Br)cc3)C(=O)N2C1... int=6 res=6 vina=-8.7 t=6587s
  [400/500] CC(N)c1ccc(CC(=O)NC2C(=O)N3C2SC(C)(C)C3C... int=10 res=9 vina=-9.8 t=6971s
  [425/500] CC1(C)SC2C(NC(=O)Cc3ccc(CCN)cc3)C(=O)N2C... int=9 res=8 vina=-9.7 t=7339s
  [450/500] CC(N)Cc1ccc(OC(=O)CCCO)c(C(=O)O)c1... int=11 res=9 vina=-7.9 t=7762s
  [475/500] CC1(C)SC2C(NC(=O)COc3ccc(Br)cc3)C(=O)N2C... int=4 res=4 vina=-8.0 t=8182s
  [500/500] COc1cc(NC(C)=O)ccc1C... int=4 res=4 vina=-6.4 t=8553s

Results → paper/experiments/results_v3/3PJC/curiosity_seed8/results.json
Total: 8553s (17.1s/iter)
