============================================================
  Method: imgep
  Target: 4MNE
  Seed: 4
  Iterations: 500
  Output: paper/experiments/results_v3/4MNE/imgep_seed4
============================================================
Target: 4MNE (BRAF, Kinase)
Pocket residues: 68
Behavior dim: 205
  [1/500] CC1(C)SC2C(NC(=O)Cc3ccccc3)C(=O)N2C1C(=O... int=5 res=5 vina=-7.8 t=15s
  [2/500] CC(C)Cc1ccc(C(C)C(=O)O)cc1... int=8 res=8 vina=-7.8 t=35s
  [3/500] CC(=O)Oc1ccccc1C(=O)O... int=4 res=4 vina=-6.1 t=51s
  [4/500] CC(=O)Nc1ccc(O)cc1... int=8 res=6 vina=-6.2 t=69s
  [5/500] OC(=O)c1ccccc1O... int=8 res=6 vina=-6.2 t=84s
  [25/500] O=C(CCCO)Oc1cc(F)ccc1C(=O)O... int=9 res=6 vina=-7.0 t=448s
  [50/500] CC1(C)SC2C(NC(=O)Cc3ccccc3)C(=O)N2C1C(=O... int=5 res=5 vina=-7.8 t=955s
  [75/500] CC(=O)Oc1ccc(CC(=O)NC2C(=O)N3C2SC(C)(C)C... int=8 res=6 vina=-8.4 t=1451s
  [100/500] COc1ccc(NC(C)=O)cc1... int=4 res=4 vina=-6.3 t=1888s
  [125/500] CCCC(=O)Oc1cc(Cl)ccc1C(=O)OC... int=7 res=6 vina=-6.3 t=2314s
  [150/500] CC(N)Cc1ccc(C(=O)Nc2ccc(N(C)C)cc2)cc1... int=5 res=5 vina=-8.6 t=2748s
  [175/500] COc1ccc(CC(C)C)cc1... int=6 res=6 vina=-6.5 t=3165s
  [200/500] CC1(C)SC2C(NC(=O)Cc3ccc(C(=N)N)cc3)C(=O)... int=6 res=6 vina=-7.5 t=3602s
  [225/500] CC1(C)SC2C(NC(=O)Cc3ccc(N)cc3)C(=O)N2C1C... int=5 res=5 vina=-7.4 t=4037s
  [250/500] CC(C)c1ccc(O)c(O)c1... int=7 res=6 vina=-6.8 t=4439s
  [275/500] CC1(C)SC2C(NC(=O)Cc3cc(Cl)cc(C=O)c3)C(=O... int=8 res=7 vina=-7.9 t=4897s
  [300/500] CCOC(=O)c1c(OC)cc(C(=O)O)cc1OC(=O)CCC(=O... int=7 res=7 vina=-7.5 t=5310s
  [325/500] CC(N)c1ccc(C(=O)NCCN2CCOCC2)cc1... int=7 res=7 vina=-8.5 t=5721s
  [350/500] CC1(C)SC2C(NC(=O)Cc3cccc(-c4ccccc4)c3)C(... int=12 res=11 vina=-9.9 t=6134s
  [375/500] CCCCC(=O)Oc1cc(F)ccc1C(=O)OCC... int=9 res=8 vina=-7.1 t=6558s
  [400/500] CCOC(=O)c1c(OC(C)=O)cc(C(=O)O)cc1OC(=O)C... int=9 res=9 vina=-7.4 t=6994s
  [425/500] N=C(N)NCCCC(N)C(=O)O... int=0 res=0 vina=-5.8 t=7408s
  [450/500] CC(C)(O)c1ccccc1... int=8 res=7 vina=-6.5 t=7823s
  [475/500] CC(C)Cc1ccc(F)cc1... int=6 res=6 vina=-6.5 t=8235s
  [500/500] COC(=O)c1c(O)cc(Cl)cc1OC(C)=O... int=5 res=4 vina=-5.8 t=8631s

Results → paper/experiments/results_v3/4MNE/imgep_seed4/results.json
Total: 8631s (17.3s/iter)
