============================================================
  Method: random
  Target: 3V8D
  Seed: 1
  Iterations: 500
  Output: paper/experiments/results_v3/3V8D/random_seed1
============================================================
Target: 3V8D (Thrombin, Serine protease)
Pocket residues: 95
Behavior dim: 286
  [1/500] CC1(C)SC2C(NC(=O)Cc3ccccc3)C(=O)N2C1C(=O... int=10 res=9 vina=-9.1 t=22s
  [2/500] CC(C)Cc1ccc(C(C)C(=O)O)cc1... int=5 res=5 vina=-6.8 t=42s
  [3/500] CC(=O)Oc1ccccc1C(=O)O... int=8 res=6 vina=-6.8 t=57s
  [4/500] CC(=O)Nc1ccc(O)cc1... int=7 res=5 vina=-6.1 t=70s
  [5/500] OC(=O)c1ccccc1O... int=4 res=4 vina=-6.0 t=85s
  [25/500] CC(N)c1ccc(CC(=O)NC2C(=O)N3C2SC(C)(C)C3C... int=7 res=6 vina=-9.0 t=420s
  [50/500] CC1(C)SC2C(NC(=O)Cc3ccc(C(=O)CCl)cc3)C(=... int=7 res=7 vina=-8.5 t=889s
  [75/500] COc1cc(C=O)ccc1O... int=3 res=3 vina=-5.8 t=1358s
  [100/500] CC1(C)SC2C(NC(=O)COc3ccc(Br)cc3)C(=O)N2C... int=5 res=5 vina=-8.6 t=1795s
  [125/500] CC(C)Cc1ccc(CC(=O)NC2C(=O)N3C2SC(C)(C)C3... int=10 res=10 vina=-8.9 t=2277s
  [150/500] CN(C)c1ccc(OCC(=O)NC2C(=O)N3C2SC(C)(C)C3... int=8 res=8 vina=-8.8 t=2688s
  [175/500] CCOC(=O)C1N2C(=O)C(NC(=O)COc3ccc(Cl)cc3)... int=6 res=6 vina=-8.4 t=3142s
  [200/500] COc1cc(C=CC(=O)O)ccc1O... int=6 res=6 vina=-7.0 t=3565s
  [225/500] NC(Cc1ccc(O)cc1)C(=O)O... int=0 res=0 vina=-6.7 t=3984s
  [250/500] CC(C)Cc1ccc(N2CCOCC2)cc1... int=4 res=4 vina=-6.6 t=4441s
  [275/500] CC(C)CC(NC(=O)Cc1ccc(C(C)O)cc1)C(=O)NC1C... int=3 res=3 vina=-9.6 t=4949s
  [300/500] CC(C)Cc1ccc(C(C)(C)O)cc1... int=4 res=4 vina=-6.6 t=5408s
  [325/500] Nc1ccc(C(=O)O)cc1... int=5 res=5 vina=-5.8 t=5887s
  [350/500] CC1(C)SC2C(NC(=O)COc3ccc(N4CCOCC4)cc3)C(... int=5 res=5 vina=-9.1 t=6322s
  [375/500] CC1(C)SC2C(NC(=O)COc3ccc(CO)cc3)C(=O)N2C... int=5 res=5 vina=-8.5 t=6747s
  [400/500] CCC(C)C(NC(=O)OC(C)(C)C)C(=O)NC1C(=O)N2C... int=3 res=3 vina=-7.9 t=7204s
  [425/500] CC(C(=O)O)c1ccc(CC(=O)NC2C(=O)N3C2SC(C)(... int=7 res=7 vina=-9.2 t=7645s
  [450/500] CCOC(=O)C1N2C(=O)C(NC(=O)Cc3ccccc3)C2SC1... int=10 res=9 vina=-8.1 t=8104s
  [475/500] CC1(C)SC2C(NC(=O)Cc3ccc(CC(N)C(=O)O)cc3)... int=6 res=5 vina=-9.4 t=8533s
  [500/500] CC1(C)SC2C(NC(=O)COc3ccc([N+](=O)[O-])cc... int=5 res=5 vina=-8.8 t=9016s

Results → paper/experiments/results_v3/3V8D/random_seed1/results.json
Total: 9016s (18.0s/iter)
