============================================================
  Method: imgep_naive
  Target: 3V8D
  Seed: 2
  Iterations: 500
  Output: paper/experiments/results_v3/3V8D/imgep_naive_seed2
============================================================
Target: 3V8D (Thrombin, Serine protease)
Pocket residues: 95
Behavior dim: 286
  [1/500] CC1(C)SC2C(NC(=O)Cc3ccccc3)C(=O)N2C1C(=O... int=10 res=9 vina=-9.1 t=24s
  [2/500] CC(C)Cc1ccc(C(C)C(=O)O)cc1... int=5 res=5 vina=-6.8 t=40s
  [3/500] CC(=O)Oc1ccccc1C(=O)O... int=8 res=6 vina=-6.8 t=57s
  [4/500] CC(=O)Nc1ccc(O)cc1... int=7 res=5 vina=-6.1 t=72s
  [5/500] OC(=O)c1ccccc1O... int=4 res=4 vina=-6.0 t=86s
  [25/500] CC1(C)SC2C(NC(=O)Cc3cccc(N)c3)C(=O)N2C1C... int=10 res=9 vina=-9.4 t=397s
  [50/500] CC1(C)SC2C(NC(=O)Cc3ccccc3)C(=O)N2C1C(=O... int=10 res=9 vina=-9.1 t=800s
  [75/500] CCOC(=O)C1N2C(=O)C(NC(=O)Cc3ccc(N)cc3)C2... int=11 res=11 vina=-8.3 t=1230s
  [100/500] CCOC(=O)C1N2C(=O)C(NC(=O)Cc3cccc(F)c3)C2... int=6 res=6 vina=-8.4 t=1691s
  [125/500] CC1(C)SC2C(NC(=O)Cc3cccc(N)c3)C(=O)N2C1C... int=10 res=9 vina=-9.4 t=2137s
  [150/500] CC(N)c1ccc(CC(=O)NC2C(=O)N3C2SC(C)(C)C3C... int=7 res=6 vina=-9.0 t=2564s
  [175/500] CC(C)C(NC(=O)OC(C)(C)C)C(=O)NC1C(=O)N2C1... int=3 res=3 vina=-8.3 t=2991s
  [200/500] CC1(C)SC2C(NC(=O)Cc3ccc(C(=N)N)cc3)C(=O)... int=9 res=9 vina=-9.0 t=3418s
  [225/500] CC(=O)Nc1ccc(CC(=O)NC2C(=O)N3C2SC(C)(C)C... int=8 res=8 vina=-9.4 t=3832s
  [250/500] CCOC(=O)C1N2C(=O)C(NC(=O)Cc3ccc(O)cc3)C2... int=8 res=7 vina=-8.3 t=4237s
  [275/500] CC(C(=O)O)c1cccc(CC(=O)NC2C(=O)N3C2SC(C)... int=11 res=10 vina=-9.6 t=4667s
  [300/500] CC1(C)SC2C(NC(=O)Cc3cccc(Cl)c3)C(=O)N2C1... int=8 res=8 vina=-8.7 t=5075s
  [325/500] COc1cc(F)ccc1C(=O)O... int=4 res=4 vina=-6.3 t=5492s
  [350/500] CC(=O)Oc1ccc(OCC(=O)NC2C(=O)N3C2SC(C)(C)... int=5 res=5 vina=-8.3 t=5904s
  [375/500] CC1(C)SC2C(NC(=O)Cc3cccc(C=CC(=O)O)c3)C(... int=9 res=9 vina=-10.3 t=6330s
  [400/500] COc1ccc(F)cc1C(=O)O... int=4 res=4 vina=-4.6 t=6738s
  [425/500] CC1(C)SC2C(NC(=O)Cc3ccc(O)c(OC(F)(F)F)c3... int=9 res=8 vina=-10.4 t=7178s
  [450/500] CCCC(=O)Oc1cccc(CC(=O)NC2C(=O)N3C2SC(C)(... int=11 res=9 vina=-10.0 t=7607s
  [475/500] CC(C)C(NC(=O)OC(C)(C)C)C(=O)NC1C(=O)N2C1... int=3 res=3 vina=-8.3 t=8079s
  [500/500] CCOC(=O)C1N2C(=O)C(NC(=O)Cc3cccc(OCC(O)C... int=15 res=15 vina=-9.5 t=8628s

Results → paper/experiments/results_v3/3V8D/imgep_naive_seed2/results.json
Total: 8628s (17.3s/iter)
