============================================================
  Method: ga
  Target: 4DFR
  Seed: 6
  Iterations: 500
  Output: paper/experiments/results_v3/4DFR/ga_seed6
============================================================
Target: 4DFR (DHFR, Oxidoreductase)
Pocket residues: 55
Behavior dim: 166
  [1/500] CC1(C)SC2C(NC(=O)Cc3ccccc3)C(=O)N2C1C(=O... int=6 res=6 vina=-8.0 t=19s
  [2/500] CC(C)Cc1ccc(C(C)C(=O)O)cc1... int=6 res=5 vina=-7.4 t=37s
  [3/500] CC(=O)Oc1ccccc1C(=O)O... int=6 res=5 vina=-5.6 t=56s
  [4/500] CC(=O)Nc1ccc(O)cc1... int=2 res=2 vina=-5.7 t=70s
  [5/500] OC(=O)c1ccccc1O... int=4 res=4 vina=-5.8 t=90s
  [25/500] CCOC(=O)C1N2C(=O)C(NC(=O)Cc3ccc(C(=O)OC)... int=3 res=3 vina=-7.8 t=488s
  [50/500] CC(C)(O)c1ccc(CC(=O)NC2C(=O)N3C2SC(C)(C)... int=8 res=8 vina=-8.5 t=1005s
  [75/500] CC1(C)SC2C(NC(=O)Cc3ccc(CCCO)cc3)C(=O)N2... int=9 res=7 vina=-9.3 t=1365s
  [100/500] CC1(C)SC2C(NC(=O)Cc3cccc(Cl)c3)C(=O)N2C1... int=3 res=3 vina=-8.1 t=1730s
  [125/500] CC(=O)Oc1ccc(C=Cc2ccc(CC(=O)NC3C(=O)N4C3... int=4 res=4 vina=-9.3 t=2185s
  [150/500] CC1(C)SC2C(NC(=O)Cc3ccc(C(=O)NCCN4CCOCC4... int=5 res=5 vina=-9.6 t=2669s
  [175/500] CCOC(=O)C1N2C(=O)C(NC(=O)COc3ccc(C(=N)N)... int=9 res=8 vina=-8.6 t=3163s
  [200/500] CC(=O)CCC(=O)c1ccc(CC(=O)NC2C(=O)N3C2SC(... int=6 res=6 vina=-8.6 t=3634s
  [225/500] CC(=O)N1CCN(c2ccc(CC(=O)NC3C(=O)N4C3SC(C... int=5 res=5 vina=-9.1 t=4130s
  [250/500] CN(C)c1ccc(CC(=O)NC2C(=O)N3C2SC(C)(C)C3C... int=4 res=4 vina=-8.4 t=4617s
  [275/500] CC1(C)SC2C(NC(=O)Cc3ccc(C(=O)Nc4ccccc4)c... int=6 res=6 vina=-10.2 t=5120s
  [300/500] CN(C)c1ccc(CC(=O)NC2C(=O)N3C2SC(C)(C)C3C... int=4 res=4 vina=-8.4 t=5613s
  [325/500] CC1(C)SC2C(NC(=O)Cc3ccc(S(=O)(=O)O)cc3)C... int=7 res=7 vina=-8.8 t=6084s
  [350/500] CCOC(=O)C1N2C(=O)C(NC(=O)Cc3ccc(C=Cc4ccc... int=6 res=6 vina=-8.6 t=6552s
  [375/500] CC(O)c1cccc(-c2ccc(CC(=O)NC3C(=O)N4C3SC(... int=5 res=5 vina=-9.5 t=7041s
  [400/500] CC(O)c1cccc(-c2ccc(CC(=O)NC3C(=O)N4C3SC(... int=5 res=5 vina=-9.5 t=7517s
  [425/500] CC(=O)CCC(=O)c1ccc(CC(=O)NC2C(=O)N3C2SC(... int=6 res=6 vina=-8.6 t=8015s
  [450/500] CC1(C)SC2C(NC(=O)Cc3ccc(CCNC(=O)c4ccccc4... int=10 res=10 vina=-10.5 t=8514s
  [475/500] CC1(C)SC2C(NC(=O)Cc3ccc(CCNC(=O)c4ccc(N)... int=10 res=8 vina=-10.7 t=9016s
  [500/500] CC1(C)SC2C(NC(=O)Cc3ccc(C(=O)NCC(=O)O)cc... int=5 res=5 vina=-9.3 t=9577s

Results → paper/experiments/results_v3/4DFR/ga_seed6/results.json
Total: 9577s (19.2s/iter)
