============================================================
  Method: imgep_naive
  Target: 3PJC
  Seed: 3
  Iterations: 500
  Output: paper/experiments/results_v3/3PJC/imgep_naive_seed3
============================================================
Target: 3PJC (CDK2, Kinase)
Pocket residues: 60
Behavior dim: 181
  [1/500] CC1(C)SC2C(NC(=O)Cc3ccccc3)C(=O)N2C1C(=O... int=5 res=5 vina=-8.6 t=13s
  [2/500] CC(C)Cc1ccc(C(C)C(=O)O)cc1... int=8 res=8 vina=-7.7 t=29s
  [3/500] CC(=O)Oc1ccccc1C(=O)O... int=7 res=7 vina=-6.7 t=41s
  [4/500] CC(=O)Nc1ccc(O)cc1... int=9 res=9 vina=-6.2 t=54s
  [5/500] OC(=O)c1ccccc1O... int=6 res=6 vina=-6.1 t=65s
  [25/500] CC(N)c1ccc(S(N)(=O)=O)cc1... int=4 res=4 vina=-6.7 t=375s
  [50/500] CC(=O)Oc1ccc(F)cc1C(=O)O... int=6 res=6 vina=-7.0 t=808s
  [75/500] CC(=O)Nc1ccc(C(C)N)cc1... int=8 res=7 vina=-6.9 t=1213s
  [100/500] CC(C)(O)c1ccc(CC(=O)NO)cc1... int=8 res=6 vina=-8.4 t=1651s
  [125/500] CC(=O)Nc1ccc(S(N)(=O)=O)cc1... int=8 res=6 vina=-6.8 t=2109s
  [150/500] OCCCc1ccc(CO)cc1... int=7 res=6 vina=-6.7 t=2555s
  [175/500] NCCc1ccc(C=NO)cc1... int=9 res=8 vina=-6.8 t=3005s
  [200/500] NCCc1ccc(N2CCOCC2)cc1... int=3 res=3 vina=-7.0 t=3465s
  [225/500] CC(CC(=O)c1ccc(CC(=O)NO)cc1)C(=O)O... int=10 res=8 vina=-8.8 t=3924s
  [250/500] COc1ccc(NC(C)=O)cc1... int=3 res=3 vina=-5.8 t=4377s
  [275/500] Nc1cccc(C=Cc2ccc(CC(=O)NO)cc2)c1... int=11 res=11 vina=-9.7 t=4825s
  [300/500] O=C(O)CCc1ccc(CC(=O)NO)cc1... int=10 res=8 vina=-8.3 t=5271s
  [325/500] CCCC(=O)c1ccc(C(=O)c2ccc(Br)cc2)cc1... int=9 res=8 vina=-8.7 t=5752s
  [350/500] CC(=O)CCC(=O)c1ccc(NC(N)=S)cc1... int=5 res=5 vina=-7.2 t=6231s
  [375/500] CCOC(=O)C(N)Cc1ccc(C(=O)c2cccc(NC=O)c2)c... int=9 res=8 vina=-9.0 t=6692s
  [400/500] NS(=O)(=O)c1ccc(N=Nc2ccc(C(=O)O)cc2)cc1... int=13 res=13 vina=-8.6 t=7157s
  [425/500] CC(=O)Nc1ccc(C(=O)c2ccc(CCc3ccccc3)cc2)c... int=12 res=10 vina=-9.6 t=7614s
  [450/500] CC(=O)Nc1ccc(C(=O)c2ccc(CCc3ccccc3)cc2)c... int=12 res=10 vina=-9.6 t=8073s
  [475/500] COC(=O)c1ccc(C(=O)c2ccc(NC(C)=O)cc2)cc1... int=9 res=9 vina=-8.6 t=8543s
  [500/500] CCN(CC)C(=O)c1ccc(C(=O)c2ccc(Br)cc2)cc1... int=11 res=11 vina=-8.5 t=9003s

Results → paper/experiments/results_v3/3PJC/imgep_naive_seed3/results.json
Total: 9003s (18.0s/iter)
