============================================================
  Method: curiosity
  Target: 3V8D
  Seed: 1
  Iterations: 500
  Output: paper/experiments/results_v3/3V8D/curiosity_seed1
============================================================
Target: 3V8D (Thrombin, Serine protease)
Pocket residues: 95
Behavior dim: 286
  [1/500] CC1(C)SC2C(NC(=O)Cc3ccccc3)C(=O)N2C1C(=O... int=10 res=9 vina=-9.1 t=14s
  [2/500] CC(C)Cc1ccc(C(C)C(=O)O)cc1... int=5 res=5 vina=-6.8 t=24s
  [3/500] CC(=O)Oc1ccccc1C(=O)O... int=8 res=6 vina=-6.8 t=36s
  [4/500] CC(=O)Nc1ccc(O)cc1... int=7 res=5 vina=-6.1 t=49s
  [5/500] OC(=O)c1ccccc1O... int=4 res=4 vina=-6.0 t=62s
  [25/500] CCCC(=O)Oc1ccccc1C(=O)O... int=8 res=6 vina=-6.8 t=332s
  [50/500] NC(Cc1cnc[nH]1)C(=O)O... int=0 res=0 vina=-5.5 t=703s
  [75/500] CC(C)(O)c1ccccc1... int=5 res=5 vina=-5.6 t=1044s
  [100/500] COc1ccc(CCN)cc1O... int=7 res=7 vina=-5.7 t=1423s
  [125/500] NC(=S)Nc1cccc(C=NO)c1... int=7 res=7 vina=-6.8 t=1795s
  [150/500] CC(=O)Nc1ccc(O)cc1... int=7 res=5 vina=-6.1 t=2168s
  [175/500] OCCCc1ccc(CO)cc1... int=5 res=5 vina=-6.1 t=2550s
  [200/500] COC(=O)c1ccc(Cl)cc1OC(C)=O... int=2 res=2 vina=-5.6 t=2949s
  [225/500] NC(Cc1ccc(C(=O)O)cc1)C(=O)O... int=4 res=3 vina=-6.8 t=3311s
  [250/500] COc1ccc(C(=O)O)cc1O... int=2 res=2 vina=-5.9 t=3694s
  [275/500] CC(C)(O)c1ccc(CC(=O)NO)cc1... int=6 res=6 vina=-6.9 t=4076s
  [300/500] CC(=O)Oc1cc(C(C)O)cc(O)c1C(=O)O... int=4 res=4 vina=-6.8 t=4448s
  [325/500] CC(=O)Nc1ccc(Br)cc1... int=6 res=6 vina=-5.8 t=4831s
  [350/500] NC(=S)Nc1ccc(O)cc1... int=5 res=5 vina=-5.7 t=5242s
  [375/500] CCOC(=O)C1N2C(=O)C(NC(=O)Cc3ccc(F)cc3)C2... int=11 res=11 vina=-8.4 t=5627s
  [400/500] CC(=O)CCC(=O)c1ccc(C(C)C(=O)O)cc1... int=9 res=9 vina=-6.9 t=5999s
  [425/500] CC(=O)Oc1cc(CCN)cc(C(=O)O)c1OC(C)=O... int=6 res=6 vina=-6.3 t=6375s
  [450/500] CC1(C)SC2C(NC(=O)Cc3cc(Cl)cc(Cl)c3)C(=O)... int=5 res=5 vina=-9.2 t=6774s
  [475/500] COc1cc(C=NO)cc(CC(C)N)c1... int=7 res=5 vina=-6.1 t=7173s
  [500/500] CC1(C)SC2C(NC(=O)Cc3cc(N)cc(C(=O)O)c3)C(... int=7 res=7 vina=-9.0 t=7562s

Results → paper/experiments/results_v3/3V8D/curiosity_seed1/results.json
Total: 7562s (15.1s/iter)
