============================================================
  Method: random
  Target: 3EML
  Seed: 0
  Iterations: 500
  Output: paper/experiments/results_v3/3EML/random_seed0
============================================================
Target: 3EML (EGFR, Kinase)
Pocket residues: 65
Behavior dim: 196
  [1/500] CC1(C)SC2C(NC(=O)Cc3ccccc3)C(=O)N2C1C(=O... int=5 res=5 vina=-8.5 t=10s
  [2/500] CC(C)Cc1ccc(C(C)C(=O)O)cc1... int=6 res=6 vina=-7.7 t=22s
  [3/500] CC(=O)Oc1ccccc1C(=O)O... int=8 res=8 vina=-6.3 t=36s
  [4/500] CC(=O)Nc1ccc(O)cc1... int=5 res=5 vina=-6.1 t=46s
  [5/500] OC(=O)c1ccccc1O... int=4 res=4 vina=-5.9 t=58s
  [25/500] CC(=O)Nc1ccc(O)cc1... int=5 res=5 vina=-6.1 t=298s
  [50/500] CC(C)c1ccc(O)c(O)c1... int=5 res=5 vina=-6.9 t=629s
  [75/500] CC(C(=O)O)c1ccc2ccc(O)cc2c1... int=5 res=5 vina=-9.0 t=958s
  [100/500] CC(=O)Oc1ccccc1C(=O)O... int=8 res=8 vina=-6.3 t=1308s
  [125/500] CC1(C)SC2C(NC(=O)Cc3ccccc3)C(=O)N2C1C(=O... int=5 res=5 vina=-8.5 t=1663s
  [150/500] COC(=O)c1ccc(N)cc1... int=4 res=4 vina=-5.7 t=2036s
  [175/500] CC(C)Cc1ccc(Cl)cc1... int=5 res=5 vina=-6.2 t=2409s
  [200/500] NC(Cc1ccc(N2CCOCC2)cc1)C(=O)O... int=5 res=5 vina=-7.9 t=2758s
  [225/500] CCOC(=O)c1cc(Cl)cc(OC)c1OC(C)=O... int=1 res=1 vina=-6.7 t=3121s
  [250/500] CC(=O)Oc1cc(C(C)C)ccc1C(=O)O... int=4 res=4 vina=-7.3 t=3486s
  [275/500] O=C(O)Cc1c[nH]c2ccccc12... int=5 res=5 vina=-6.9 t=3860s
  [300/500] Oc1ccc2ccc(-c3ccccc3)cc2c1... int=7 res=7 vina=-10.3 t=4217s
  [325/500] COc1ccc2[nH]cc(CC(N)C(=O)O)c2c1... int=4 res=4 vina=-7.8 t=4576s
  [350/500] COc1cc(C(=O)O)c(O)cc1O... int=3 res=3 vina=-6.2 t=4959s
  [375/500] CC(=O)Oc1ccccc1C(=O)O... int=8 res=8 vina=-6.3 t=5342s
  [400/500] COc1cc(C=O)ccc1C(=O)O... int=3 res=3 vina=-6.3 t=5712s
  [425/500] CC1(C)SC2C(NC(=O)Cc3ccc(Br)cc3)C(=O)N2C1... int=5 res=5 vina=-8.9 t=6094s
  [450/500] CCOC(=O)c1c(O)cc(OC)cc1OC(C)=O... int=3 res=3 vina=-6.5 t=6477s
  [475/500] COC(=O)c1cc(N)ccc1OC... int=2 res=2 vina=-5.6 t=6831s
  [500/500] NC(Cc1cc(O)cc(Cl)c1)C(=O)O... int=5 res=5 vina=-7.1 t=7202s

Results → paper/experiments/results_v3/3EML/random_seed0/results.json
Total: 7202s (14.4s/iter)
