============================================================
  Method: imgep
  Target: 1ERE
  Seed: 0
  Iterations: 500
  Output: paper/experiments/results_v3/1ERE/imgep_seed0
============================================================
Target: 1ERE (Estrogen Receptor α, Nuclear receptor)
Pocket residues: 71
Behavior dim: 214
  [1/500] CC1(C)SC2C(NC(=O)Cc3ccccc3)C(=O)N2C1C(=O... int=5 res=5 vina=-6.8 t=14s
  [2/500] CC(C)Cc1ccc(C(C)C(=O)O)cc1... int=6 res=6 vina=-7.4 t=26s
  [3/500] CC(=O)Oc1ccccc1C(=O)O... int=5 res=5 vina=-6.8 t=36s
  [4/500] CC(=O)Nc1ccc(O)cc1... int=5 res=5 vina=-6.1 t=51s
  [5/500] OC(=O)c1ccccc1O... int=5 res=5 vina=-6.2 t=65s
  [25/500] CC(=O)Nc1ccc(C(C)=O)cc1... int=7 res=7 vina=-6.4 t=319s
  [50/500] CC(C(=O)O)c1ccc(C(=N)N)cc1... int=6 res=6 vina=-7.7 t=638s
  [75/500] CC(=O)Oc1cc(CCN)ccc1C(=O)O... int=7 res=7 vina=-7.2 t=958s
  [100/500] CC(=O)CCC(=O)c1ccc(O)cc1... int=6 res=6 vina=-7.1 t=1290s
  [125/500] CC(C)(O)c1ccc(O)c(O)c1... int=6 res=5 vina=-6.8 t=1597s
  [150/500] NS(=O)(=O)c1cc(Cl)c(Cl)cc1[S-]... int=3 res=3 vina=-6.5 t=1898s
  [175/500] CC(=O)Oc1ccc(NC=O)cc1C(=O)O... int=5 res=5 vina=-7.1 t=2223s
  [200/500] CC(=O)Oc1cc(F)ccc1C(=O)O... int=5 res=5 vina=-7.1 t=2544s
  [225/500] CC(=O)Oc1cc(CCN)ccc1C(=O)O... int=7 res=7 vina=-7.2 t=2858s
  [250/500] COC(=O)c1ccc(F)cc1... int=6 res=6 vina=-5.8 t=3190s
  [275/500] CC(N)c1cc(Cl)cc(C(=O)O)c1... int=5 res=5 vina=-6.9 t=3493s
  [300/500] CC(C)Cc1ccc(C(C)C(=O)O)cc1... int=6 res=6 vina=-7.4 t=3817s
  [325/500] CC(N)c1ccc(F)cc1... int=4 res=4 vina=-6.0 t=4134s
  [350/500] CC1(C)SC2C(NC(=O)Cc3cc(O)cc(C=CC(=O)O)c3... int=9 res=8 vina=-8.4 t=4451s
  [375/500] CC1(C)SC2C(NC(=O)Cc3cc(O)cc(C=O)c3)C(=O)... int=8 res=6 vina=-6.0 t=4762s
  [400/500] CC(=O)N1CCN(c2ccc(CC(N)=O)cc2)CC1... int=6 res=6 vina=-4.2 t=5085s
  [425/500] COc1ccc(-c2ccc(Cl)cc2)cc1... int=5 res=5 vina=-6.7 t=5398s
  [450/500] COC(=O)c1cc(-c2cc(Cl)cc(Cl)c2)ccc1OC... int=3 res=3 vina=-6.2 t=5713s
  [475/500] CC(=O)Oc1ccc(C(=N)N)cc1... int=9 res=8 vina=-6.7 t=6045s
  [500/500] CC(N)C(=O)O... int=0 res=0 vina=-4.0 t=6353s

Results → paper/experiments/results_v3/1ERE/imgep_seed0/results.json
Total: 6353s (12.7s/iter)
