============================================================
  Method: ga
  Target: 1EVE
  Seed: 3
  Iterations: 500
  Output: paper/experiments/results_v3/1EVE/ga_seed3
============================================================
Target: 1EVE (AChE, Hydrolase)
Pocket residues: 76
Behavior dim: 229
  [1/500] CC1(C)SC2C(NC(=O)Cc3ccccc3)C(=O)N2C1C(=O... int=9 res=9 vina=-10.3 t=13s
  [2/500] CC(C)Cc1ccc(C(C)C(=O)O)cc1... int=5 res=5 vina=-8.7 t=25s
  [3/500] CC(=O)Oc1ccccc1C(=O)O... int=5 res=5 vina=-7.3 t=33s
  [4/500] CC(=O)Nc1ccc(O)cc1... int=3 res=3 vina=-6.7 t=44s
  [5/500] OC(=O)c1ccccc1O... int=4 res=4 vina=-6.9 t=52s
  [25/500] CCOC(=O)C1N2C(=O)C(NC(=O)Cc3ccc(Br)cc3)C... int=9 res=9 vina=-10.0 t=325s
  [50/500] CCOC(=O)C1N2C(=O)C(NC(=O)COc3ccc(N(C)C)c... int=7 res=7 vina=-9.5 t=713s
  [75/500] CC1(C)SC2C(NC(=O)Cc3cccc(-c4nn[nH]n4)c3)... int=10 res=10 vina=-11.4 t=1102s
  [100/500] CC(N)c1ccc(-c2cccc(CC(=O)NC3C(=O)N4C3SC(... int=9 res=9 vina=-11.9 t=1546s
  [125/500] CC(N)c1ccc(CC(=O)NC2C(=O)N3C2SC(C)(C)C3C... int=11 res=11 vina=-11.5 t=1999s
  [150/500] CC1(C)SC2C(NC(=O)Cc3cc(Cl)cc(-c4cc(O)cc(... int=8 res=8 vina=-13.2 t=2483s
  [175/500] CC(=O)Nc1ccc(-c2cccc(CC(=O)NC3C(=O)N4C3S... int=10 res=10 vina=-11.8 t=2967s
  [200/500] CC(C)Cc1ccc(-c2cccc(CC(=O)NC3C(=O)N4C3SC... int=8 res=8 vina=-11.9 t=3490s
  [225/500] CC(C(=O)O)c1ccc(-c2cccc(CC(=O)NC3C(=O)N4... int=7 res=7 vina=-12.4 t=4023s
  [250/500] COc1cc(O)cc(-c2cc(O)cc(CC(=O)NC3C(=O)N4C... int=9 res=8 vina=-12.6 t=4528s
  [275/500] CC1(C)SC2C(NC(=O)Cc3cccc(-c4cc(Cl)cc(CCN... int=6 res=6 vina=-12.7 t=5034s
  [300/500] CCOC(=O)C1N2C(=O)C(NC(=O)Cc3ccc(C(C)N)cc... int=13 res=12 vina=-10.4 t=5532s
  [325/500] COc1cc(O)cc(-c2cc(CCN)cc(CC(=O)NC3C(=O)N... int=11 res=11 vina=-12.9 t=6053s
  [350/500] CCOC(=O)C1N2C(=O)C(NC(=O)Cc3cc(O)cc(-c4c... int=9 res=8 vina=-12.1 t=6581s
  [375/500] CC(C)c1cccc(-c2cc(O)cc(CC(=O)NC3C(=O)N4C... int=9 res=9 vina=-13.1 t=7087s
  [400/500] CC1(C)SC2C(NC(=O)Cc3cc(Cl)cc(-c4cccc(C(=... int=6 res=6 vina=-12.7 t=7592s
  [425/500] CC1(C)SC2C(NC(=O)Cc3cc(Cl)cc(-c4cccc(N)c... int=6 res=6 vina=-12.1 t=8091s
  [450/500] CC(C)(O)c1ccc(-c2cc(O)cc(CC(=O)NC3C(=O)N... int=8 res=7 vina=-12.6 t=8602s
  [475/500] CC(C)(O)c1ccc(-c2cc(O)cc(CC(=O)NC3C(=O)N... int=8 res=7 vina=-12.6 t=9115s
  [500/500] CC1(C)SC2C(NC(=O)Cc3cc(Cl)cc(-c4cccc(Cl)... int=7 res=7 vina=-12.3 t=9664s

Results → paper/experiments/results_v3/1EVE/ga_seed3/results.json
Total: 9664s (19.3s/iter)
