============================================================
  Method: imgep
  Target: 3V8D
  Seed: 7
  Iterations: 500
  Output: paper/experiments/results_v3/3V8D/imgep_seed7
============================================================
Target: 3V8D (Thrombin, Serine protease)
Pocket residues: 95
Behavior dim: 286
  [1/500] CC1(C)SC2C(NC(=O)Cc3ccccc3)C(=O)N2C1C(=O... int=10 res=9 vina=-9.1 t=16s
  [2/500] CC(C)Cc1ccc(C(C)C(=O)O)cc1... int=5 res=5 vina=-6.8 t=30s
  [3/500] CC(=O)Oc1ccccc1C(=O)O... int=8 res=6 vina=-6.8 t=40s
  [4/500] CC(=O)Nc1ccc(O)cc1... int=7 res=5 vina=-6.1 t=51s
  [5/500] OC(=O)c1ccccc1O... int=4 res=4 vina=-6.0 t=62s
  [25/500] CN(C)c1ccccc1... int=4 res=4 vina=-4.9 t=313s
  [50/500] CCCC(=O)Oc1ccccc1C(=O)O... int=8 res=6 vina=-6.8 t=631s
  [75/500] CC1(C)SC2C(NC(=O)Cc3cc(Cl)cc(CCN)c3)C(=O... int=10 res=9 vina=-8.6 t=979s
  [100/500] CCOC(=O)C1N2C(=O)C(NC(=O)Cc3cccc(O)c3)C2... int=10 res=9 vina=-8.6 t=1357s
  [125/500] CC(C)CC(N)C(=O)O... int=0 res=0 vina=-4.1 t=1702s
  [150/500] O=C(O)C=Cc1ccc(CC(=O)NO)cc1... int=7 res=7 vina=-7.4 t=2038s
  [175/500] CNCCc1ccc(CC(N)C(=O)O)cc1... int=7 res=7 vina=-6.6 t=2387s
  [200/500] COC(=O)c1ccc(OCC(O)CNC(C)C)cc1... int=6 res=6 vina=-6.6 t=2748s
  [225/500] NC(=S)Nc1ccc(-c2ccc(I)cc2)cc1... int=3 res=3 vina=-7.2 t=3126s
  [250/500] CC1=NC(c2ccc(F)cc2)C(=O)N1... int=4 res=4 vina=-7.4 t=3479s
  [275/500] CC1(C)SC2C(NC(=O)Cc3cc(F)cc(C(=O)O)c3)C(... int=8 res=7 vina=-9.2 t=3857s
  [300/500] CC1(C)SC2C(NC(=O)Cc3cc(F)cc(C(N)=O)c3)C(... int=8 res=6 vina=-10.0 t=4223s
  [325/500] COc1cc(CC(=O)NC2C(=O)N3C2SC(C)(C)C3C(=O)... int=6 res=6 vina=-9.1 t=4596s
  [350/500] CN(C)c1ccc(OCC(=O)NC2C(=O)N3C2SC(C)(C)C3... int=8 res=8 vina=-8.8 t=4969s
  [375/500] CC1(C)SC2C(NC(=O)Cc3cc(O)cc(Cl)c3)C(=O)N... int=8 res=8 vina=-9.1 t=5341s
  [400/500] COC(=O)c1ccc(-c2ccc(I)cc2)cc1... int=5 res=5 vina=-7.3 t=5708s
  [425/500] CC(C(=O)O)c1ccc(O)cc1... int=8 res=8 vina=-6.0 t=6062s
  [450/500] COC(=O)c1ccc(C(=N)N)cc1... int=3 res=3 vina=-6.5 t=6440s
  [475/500] CC(C)Cc1ccc(CC(N)=O)cc1... int=4 res=4 vina=-6.7 t=6812s
  [500/500] COC(=O)c1cccc(CC(=O)NC2C(=O)N3C2SC(C)(C)... int=9 res=8 vina=-9.4 t=7183s

Results → paper/experiments/results_v3/3V8D/imgep_seed7/results.json
Total: 7183s (14.4s/iter)
