============================================================
  Method: ga
  Target: 1EVE
  Seed: 2
  Iterations: 500
  Output: paper/experiments/results_v3/1EVE/ga_seed2
============================================================
Target: 1EVE (AChE, Hydrolase)
Pocket residues: 76
Behavior dim: 229
  [1/500] CC1(C)SC2C(NC(=O)Cc3ccccc3)C(=O)N2C1C(=O... int=9 res=9 vina=-10.3 t=10s
  [2/500] CC(C)Cc1ccc(C(C)C(=O)O)cc1... int=5 res=5 vina=-8.7 t=19s
  [3/500] CC(=O)Oc1ccccc1C(=O)O... int=5 res=5 vina=-7.3 t=30s
  [4/500] CC(=O)Nc1ccc(O)cc1... int=3 res=3 vina=-6.7 t=41s
  [5/500] OC(=O)c1ccccc1O... int=4 res=4 vina=-6.9 t=51s
  [25/500] CC1(C)SC2C(NC(=O)Cc3ccc(S(N)(=O)=O)cc3)C... int=10 res=10 vina=-10.8 t=332s
  [50/500] CC(=O)Nc1ccc(CC(=O)NC2C(=O)N3C2SC(C)(C)C... int=7 res=7 vina=-11.0 t=702s
  [75/500] CC1(C)SC2C(NC(=O)Cc3ccc(CC(N)=O)cc3)C(=O... int=7 res=7 vina=-11.0 t=1069s
  [100/500] CC1(C)SC2C(NC(=O)Cc3ccc(CC(N)=O)cc3)C(=O... int=7 res=7 vina=-11.0 t=1470s
  [125/500] CC(C(=O)O)c1ccc(OCC(=O)NC2C(=O)N3C2SC(C)... int=6 res=6 vina=-10.6 t=1877s
  [150/500] CCOC(=O)C1N2C(=O)C(NC(=O)Cc3ccc(C(C)O)cc... int=8 res=8 vina=-10.6 t=2310s
  [175/500] COc1ccc(CC(=O)NC2C(=O)N3C2SC(C)(C)C3C(=O... int=10 res=10 vina=-10.5 t=2774s
  [200/500] CC(C(=O)O)c1ccc(CC(=O)NC2C(=O)N3C2SC(C)(... int=11 res=10 vina=-11.1 t=3219s
  [225/500] CC(C)Cc1ccc(CC(=O)NC2C(=O)N3C2SC(C)(C)C3... int=8 res=8 vina=-10.8 t=3688s
  [250/500] CC1(C)SC2C(NC(=O)Cc3ccc(C(=N)N)cc3)C(=O)... int=12 res=11 vina=-11.4 t=4145s
  [275/500] CC1(C)SC2C(NC(=O)Cc3ccc(CCNC(=O)c4ccc(O)... int=10 res=10 vina=-12.2 t=4614s
  [300/500] CC1(C)SC2C(NC(=O)Cc3ccc(CC(=O)NO)cc3)C(=... int=9 res=9 vina=-11.5 t=5071s
  [325/500] CC1(C)SC2C(NC(=O)Cc3ccc(C(=O)Nc4ccc(F)cc... int=9 res=9 vina=-12.1 t=5555s
  [350/500] CC1(C)SC2C(NC(=O)CCCCCC(=O)NCc3cccc(C(=O... int=11 res=11 vina=-11.0 t=6041s
  [375/500] CC(=O)Oc1ccc(CC(=O)NC2C(=O)N3C2SC(C)(C)C... int=8 res=8 vina=-10.3 t=6534s
  [400/500] CC1(C)SC2C(NC(=O)Cc3ccc(NC(=O)c4ccccc4)c... int=11 res=11 vina=-11.4 t=7010s
  [425/500] CC1(C)SC2C(NC(=O)Cc3ccc(C=Cc4ccc(N)cc4)c... int=8 res=8 vina=-12.0 t=7499s
  [450/500] CC1(C)SC2C(NC(=O)COc3ccc(C=Cc4ccc(N)cc4)... int=7 res=7 vina=-10.7 t=7982s
  [475/500] CC1(C)SC2C(NC(=O)Cc3ccc(Oc4ccc(C(=N)N)cc... int=11 res=11 vina=-12.3 t=8488s
  [500/500] CN(C)c1ccc(CC(=O)NC2C(=O)N3C2SC(C)(C)C3C... int=7 res=7 vina=-10.6 t=8987s

Results → paper/experiments/results_v3/1EVE/ga_seed2/results.json
Total: 8987s (18.0s/iter)
