============================================================
  Method: ga
  Target: 3V8D
  Seed: 5
  Iterations: 500
  Output: paper/experiments/results_v3/3V8D/ga_seed5
============================================================
Target: 3V8D (Thrombin, Serine protease)
Pocket residues: 95
Behavior dim: 286
  [1/500] CC1(C)SC2C(NC(=O)Cc3ccccc3)C(=O)N2C1C(=O... int=10 res=9 vina=-9.1 t=14s
  [2/500] CC(C)Cc1ccc(C(C)C(=O)O)cc1... int=5 res=5 vina=-6.8 t=26s
  [3/500] CC(=O)Oc1ccccc1C(=O)O... int=8 res=6 vina=-6.8 t=40s
  [4/500] CC(=O)Nc1ccc(O)cc1... int=7 res=5 vina=-6.1 t=49s
  [5/500] OC(=O)c1ccccc1O... int=4 res=4 vina=-6.0 t=63s
  [25/500] CC1(C)SC2C(NC(=O)Cc3ccc(N)cc3)C(=O)N2C1C... int=7 res=6 vina=-8.8 t=398s
  [50/500] CC(=O)Oc1cc(CC(=O)NC2C(=O)N3C2SC(C)(C)C3... int=11 res=10 vina=-9.5 t=826s
  [75/500] CCCC(=O)Oc1cc(CC(=O)NC2C(=O)N3C2SC(C)(C)... int=9 res=7 vina=-8.8 t=1257s
  [100/500] CCOC(=O)c1ccc(CC(=O)NC2C(=O)N3C2SC(C)(C)... int=5 res=5 vina=-8.2 t=1684s
  [125/500] CCCC(=O)Oc1cc(CC(=O)NC2C(=O)N3C2SC(C)(C)... int=13 res=10 vina=-8.6 t=2101s
  [150/500] CC1(C)SC2C(NC(=O)Cc3cccc(Cl)c3)C(=O)N2C1... int=8 res=8 vina=-8.7 t=2494s
  [175/500] COc1cc(CC(=O)NC2C(=O)N3C2SC(C)(C)C3C(=O)... int=6 res=6 vina=-8.9 t=2876s
  [200/500] CC(O)c1cccc(CC(=O)NC2C(=O)N3C2SC(C)(C)C3... int=9 res=8 vina=-9.1 t=3254s
  [225/500] CC(=O)Oc1cc(CC(=O)NC2C(=O)N3C2SC(C)(C)C3... int=10 res=9 vina=-9.3 t=3642s
  [250/500] CCOC(=O)C1N2C(=O)C(NC(=O)Cc3ccc(C)c(OC)c... int=6 res=6 vina=-8.8 t=4044s
  [275/500] CCOC(=O)C1N2C(=O)C(NC(=O)Cc3ccc(C(=O)O)c... int=10 res=10 vina=-8.9 t=4431s
  [300/500] CC1(C)SC2C(NC(=O)Cc3cc(O)cc(F)c3)C(=O)N2... int=7 res=7 vina=-8.7 t=4828s
  [325/500] CCOC(=O)C1N2C(=O)C(NC(=O)Cc3ccc(N)c(C(=O... int=7 res=7 vina=-8.9 t=5237s
  [350/500] CC1(C)SC2C(NC(=O)Cc3cc(O)cc(Oc4ccc(F)cc4... int=8 res=6 vina=-10.6 t=5679s
  [375/500] CC(N)Cc1cc(CC(=O)NC2C(=O)N3C2SC(C)(C)C3C... int=9 res=9 vina=-9.1 t=6133s
  [400/500] CCOC(=O)C1N2C(=O)C(NC(=O)Cc3ccc(O)c(OC(C... int=9 res=9 vina=-8.7 t=6595s
  [425/500] CC1(C)SC2C(NC(=O)Cc3cc(O)cc(CCN)c3)C(=O)... int=7 res=7 vina=-9.1 t=7080s
  [450/500] CC1(C)SC2C(NC(=O)Cc3cc(O)cc(CCCCCO)c3)C(... int=8 res=8 vina=-8.9 t=7550s
  [475/500] CCOC(=O)C1N2C(=O)C(NC(=O)Cc3ccc(OC(C)=O)... int=4 res=4 vina=-8.0 t=8018s
  [500/500] COc1cc(CC(=O)NC2C(=O)N3C2SC(C)(C)C3C(=O)... int=8 res=8 vina=-8.7 t=8490s

Results → paper/experiments/results_v3/3V8D/ga_seed5/results.json
Total: 8490s (17.0s/iter)
