============================================================
  Method: curiosity
  Target: 1ERE
  Seed: 8
  Iterations: 500
  Output: paper/experiments/results_v3/1ERE/curiosity_seed8
============================================================
Target: 1ERE (Estrogen Receptor α, Nuclear receptor)
Pocket residues: 71
Behavior dim: 214
  [1/500] CC1(C)SC2C(NC(=O)Cc3ccccc3)C(=O)N2C1C(=O... int=5 res=5 vina=-6.8 t=15s
  [2/500] CC(C)Cc1ccc(C(C)C(=O)O)cc1... int=6 res=6 vina=-7.4 t=29s
  [3/500] CC(=O)Oc1ccccc1C(=O)O... int=5 res=5 vina=-6.8 t=40s
  [4/500] CC(=O)Nc1ccc(O)cc1... int=5 res=5 vina=-6.1 t=53s
  [5/500] OC(=O)c1ccccc1O... int=5 res=5 vina=-6.2 t=63s
  [25/500] CC(C)Cc1ccc(CC(C)C)cc1... int=6 res=6 vina=-6.6 t=333s
  [50/500] NC(Cc1ccc(Cl)cc1)C(=O)O... int=5 res=5 vina=-6.8 t=668s
  [75/500] CC(C)(O)c1ccc(C(=O)NCC(=O)O)cc1... int=4 res=4 vina=-7.3 t=1076s
  [100/500] CC1(C)SC2C(NC(=O)COc3ccc(NC(N)=S)cc3)C(=... int=8 res=8 vina=-7.1 t=1485s
  [125/500] CC(=O)Oc1ccc(C(=O)O)cc1C(=O)O... int=4 res=4 vina=-7.0 t=1891s
  [150/500] CCOC(=O)C1N2C(=O)C(NC(=O)COc3ccc(C(=N)N)... int=6 res=6 vina=-7.2 t=2288s
  [175/500] CC(C)Cc1ccc(C(=O)NCC(=O)O)cc1... int=5 res=5 vina=-7.0 t=2677s
  [200/500] CC(=O)c1ccc(C(=O)O)cc1... int=5 res=5 vina=-6.5 t=3076s
  [225/500] CC1(C)SC2C(NC(=O)Cc3ccc(C=NO)cc3)C(=O)N2... int=11 res=11 vina=-6.7 t=3486s
  [250/500] CC(N)c1ccc(CC(=O)NC2C(=O)N3C2SC(C)(C)C3C... int=8 res=8 vina=-3.3 t=3881s
  [275/500] CC1(C)SC2C(NC(=O)Cc3ccc(C(=O)CCl)cc3)C(=... int=4 res=4 vina=-2.9 t=4291s
  [300/500] CC(=O)c1ccc(CC(N)=O)cc1... int=9 res=9 vina=-6.9 t=4690s
  [325/500] CC(C)Cc1ccc(C(=N)N)cc1... int=7 res=7 vina=-6.8 t=5068s
  [350/500] CC1(C)SC2C(NC(=O)COc3ccc(F)cc3)C(=O)N2C1... int=7 res=6 vina=-7.9 t=5463s
  [375/500] CC1(C)SC2C(NC(=O)Cc3cc(N)cc(O)c3)C(=O)N2... int=9 res=8 vina=-8.8 t=5840s
  [400/500] CC1=NC(c2ccc(C(C)N)cc2)C(=O)N1... int=6 res=5 vina=-7.8 t=6200s
  [425/500] CC(C)(O)c1ccc(C(=O)CCl)cc1... int=7 res=6 vina=-7.1 t=6548s
  [450/500] NC(=O)Cc1ccc(F)cc1... int=6 res=6 vina=-5.7 t=6932s
  [475/500] CCOC(=O)C1N2C(=O)C(NC(=O)COc3ccc(C(O)c4c... int=11 res=11 vina=-5.2 t=7301s
  [500/500] CC1(C)SC2C(NC(=O)Cc3ccccc3)C(=O)N2C1C(=O... int=5 res=5 vina=-6.8 t=7665s

Results → paper/experiments/results_v3/1ERE/curiosity_seed8/results.json
Total: 7665s (15.3s/iter)
