============================================================
  Method: bo
  Target: 3EML
  Seed: 3
  Iterations: 500
  Output: paper/experiments/results_v3/3EML/bo_seed3
============================================================
Target: 3EML (EGFR, Kinase)
Pocket residues: 65
Behavior dim: 196
  [1/500] CC1(C)SC2C(NC(=O)Cc3ccccc3)C(=O)N2C1C(=O... int=5 res=5 vina=-8.5 t=13s
  [2/500] CC(C)Cc1ccc(C(C)C(=O)O)cc1... int=6 res=6 vina=-7.7 t=26s
  [3/500] CC(=O)Oc1ccccc1C(=O)O... int=8 res=8 vina=-6.3 t=39s
  [4/500] CC(=O)Nc1ccc(O)cc1... int=5 res=5 vina=-6.1 t=54s
  [5/500] OC(=O)c1ccccc1O... int=4 res=4 vina=-5.9 t=69s
  [25/500] CC(N)c1ccc(-c2ccc(S(N)(=O)=O)cc2)cc1... int=5 res=4 vina=-9.1 t=366s
  [50/500] O=C(NCCN1CCOCC1)c1ccc(I)cc1... int=3 res=3 vina=-7.4 t=716s
  [75/500] CN(C)c1ccc(OCC(=O)NC2CCCCC2)cc1... int=8 res=7 vina=-7.6 t=1082s
  [100/500] O=C(O)c1ccc(N=Nc2ccc(I)cc2)cc1... int=6 res=6 vina=-8.4 t=1457s
  [125/500] CN(C)c1ccc(-c2ccc(I)cc2)cc1... int=3 res=3 vina=-7.9 t=1833s
  [150/500] CN(C)c1ccc(-c2ccc(I)cc2)cc1... int=3 res=3 vina=-7.9 t=2199s
  [175/500] CC(C(=O)O)c1ccc(N(C)C)cc1... int=4 res=4 vina=-6.7 t=2590s
  [200/500] COC(=O)c1ccc(N(C)C)cc1... int=2 res=2 vina=-6.0 t=2969s
  [225/500] CC1=NC(c2ccc(CO)cc2)C(=O)N1... int=4 res=4 vina=-7.6 t=3361s
  [250/500] CC1=NC(c2ccc(C(C)C(=O)O)cc2)C(=O)N1... int=8 res=8 vina=-8.5 t=3756s
  [275/500] CCOC(=O)C(C)c1ccc(OCC(=O)NC2CCCC(O)C2)cc... int=9 res=8 vina=-8.4 t=4159s
  [300/500] CC(C)(O)c1ccc(Oc2ccc(C(C)(C)O)cc2)cc1... int=6 res=6 vina=-8.6 t=4609s
  [325/500] O=C(NCCN1CCOCC1)c1ccc(I)cc1... int=3 res=3 vina=-7.4 t=5054s
  [350/500] COc1cc(N=Nc2ccc(C(=N)N)cc2)ccc1O... int=7 res=7 vina=-8.6 t=5483s
  [375/500] Ic1ccc(OCc2ccc(Nc3ncccn3)cc2)cc1... int=6 res=6 vina=-8.6 t=5919s
  [400/500] C(=Cc1ccc(N2CCOCC2)cc1)c1ccccc1... int=6 res=6 vina=-8.6 t=6379s
  [425/500] CC(=O)CCC(=O)c1ccc(-c2ccc(I)cc2)cc1... int=5 res=5 vina=-8.9 t=6854s
  [450/500] COc1cc(N=Nc2ccc(Cl)cc2)ccc1O... int=4 res=4 vina=-7.4 t=7322s
  [475/500] CC(N)c1ccc(N=Nc2ccc(O)cc2)cc1... int=8 res=8 vina=-8.4 t=7827s
  [500/500] Oc1ccc(N=Nc2ccc(Cl)cc2)cc1O... int=5 res=5 vina=-8.4 t=8379s

Results → paper/experiments/results_v3/3EML/bo_seed3/results.json
Total: 8379s (16.8s/iter)
