============================================================
  Method: imgep
  Target: 3V8D
  Seed: 1
  Iterations: 500
  Output: paper/experiments/results_v3/3V8D/imgep_seed1
============================================================
Target: 3V8D (Thrombin, Serine protease)
Pocket residues: 95
Behavior dim: 286
  [1/500] CC1(C)SC2C(NC(=O)Cc3ccccc3)C(=O)N2C1C(=O... int=10 res=9 vina=-9.1 t=12s
  [2/500] CC(C)Cc1ccc(C(C)C(=O)O)cc1... int=5 res=5 vina=-6.8 t=25s
  [3/500] CC(=O)Oc1ccccc1C(=O)O... int=8 res=6 vina=-6.8 t=38s
  [4/500] CC(=O)Nc1ccc(O)cc1... int=7 res=5 vina=-6.1 t=48s
  [5/500] OC(=O)c1ccccc1O... int=4 res=4 vina=-6.0 t=58s
  [25/500] CC1(C)SC2C(NC(=O)Cc3cc(Cl)cc(C=O)c3)C(=O... int=5 res=5 vina=-8.7 t=376s
  [50/500] CCCC(=O)Oc1cc(F)ccc1C(=O)O... int=9 res=7 vina=-7.2 t=795s
  [75/500] CC(O)c1ccc(C(C)(C)O)cc1... int=7 res=6 vina=-6.3 t=1210s
  [100/500] O=C(CCCO)Oc1ccccc1C(=O)O... int=9 res=6 vina=-7.2 t=1590s
  [125/500] CCOC(=O)C1N2C(=O)C(NC(=O)Cc3ccc(N(C)C)cc... int=7 res=6 vina=-8.2 t=2013s
  [150/500] CCOC(=O)C1N2C(=O)C(NC(=O)Cc3ccc(Cl)cc3)C... int=9 res=9 vina=-8.0 t=2472s
  [175/500] CCOC(=O)C1N2C(=O)C(NC(=O)C(NC(=O)OC(C)(C... int=9 res=9 vina=-8.1 t=2895s
  [200/500] CC(=O)Nc1ccc(OCC(=O)NC2C(=O)N3C2SC(C)(C)... int=9 res=8 vina=-8.8 t=3303s
  [225/500] CC(=O)c1ccc(CC(=O)NC2C(=O)N3C2SC(C)(C)C3... int=10 res=10 vina=-9.4 t=3713s
  [250/500] CCOC(=O)C1N2C(=O)C(NC(=O)Cc3cc(Cl)cc(Cl)... int=3 res=3 vina=-8.2 t=4139s
  [275/500] CC1(C)SC2C(NC(=O)Cc3ccccc3)C(=O)N2C1C(=O... int=10 res=9 vina=-9.1 t=4609s
  [300/500] CCOC(=O)C1N2C(=O)C(NC(=O)Cc3ccc(Cl)cc3)C... int=9 res=9 vina=-8.0 t=5065s
  [325/500] CN(C)c1ccc(OCC(=O)NC2C(=O)N3C2SC(C)(C)C3... int=8 res=8 vina=-8.8 t=5491s
  [350/500] CC(C)C(NC(=O)Cc1ccccc1)C(=O)NC1C(=O)N2C1... int=11 res=10 vina=-9.0 t=5943s
  [375/500] CC1(C)SC2C(NC(=O)Cc3cc(Cl)cc(Cl)c3)C(=O)... int=5 res=5 vina=-9.2 t=6362s
  [400/500] CCOC(=O)C1N2C(=O)C(NC(=O)Cc3cc(Cl)cc(C(=... int=7 res=6 vina=-8.8 t=6800s
  [425/500] NC(CC(=O)O)C(=O)O... int=0 res=0 vina=-5.0 t=7267s
  [450/500] CCOC(=O)C1N2C(=O)C(NC(=O)Cc3ccc(C(=N)N)c... int=6 res=6 vina=-8.7 t=7681s
  [475/500] CC1(C)SC2C(NC(=O)Cc3ccc(N)c(C(=O)CCl)c3)... int=7 res=6 vina=-9.3 t=8116s
  [500/500] CC1(C)SC2C(NC(=O)Cc3ccc(O)c(O)c3)C(=O)N2... int=6 res=6 vina=-9.0 t=8566s

Results → paper/experiments/results_v3/3V8D/imgep_seed1/results.json
Total: 8566s (17.1s/iter)
