============================================================
  Method: curiosity
  Target: 1EVE
  Seed: 2
  Iterations: 500
  Output: paper/experiments/results_v3/1EVE/curiosity_seed2
============================================================
Target: 1EVE (AChE, Hydrolase)
Pocket residues: 76
Behavior dim: 229
  [1/500] CC1(C)SC2C(NC(=O)Cc3ccccc3)C(=O)N2C1C(=O... int=9 res=9 vina=-10.3 t=15s
  [2/500] CC(C)Cc1ccc(C(C)C(=O)O)cc1... int=5 res=5 vina=-8.7 t=30s
  [3/500] CC(=O)Oc1ccccc1C(=O)O... int=5 res=5 vina=-7.3 t=40s
  [4/500] CC(=O)Nc1ccc(O)cc1... int=3 res=3 vina=-6.7 t=51s
  [5/500] OC(=O)c1ccccc1O... int=4 res=4 vina=-6.9 t=62s
  [25/500] CC(C)Cc1ccc(O)cc1... int=3 res=3 vina=-7.3 t=362s
  [50/500] CC(C(=O)O)c1ccc(N(C)C)cc1... int=4 res=4 vina=-7.7 t=758s
  [75/500] O=Cc1ccc(O)c(O)c1... int=4 res=4 vina=-6.5 t=1229s
  [100/500] CC1=NC(c2ccc(C(C)(C)O)cc2)C(=O)N1... int=7 res=7 vina=-8.9 t=1892s
  [125/500] CC1(C)SC2C(NC(=O)Cc3ccc(CC(N)C(=O)O)cc3)... int=9 res=9 vina=-11.1 t=2591s
  [150/500] CCCC(=O)Oc1cc(C(C)(C)O)ccc1C(=O)OCC... int=8 res=8 vina=-8.7 t=3291s
  [175/500] CCOC(=O)c1cc(O)cc(OC)c1OC(=O)CCCC(=O)O... int=7 res=7 vina=-8.5 t=3726s
  [200/500] CC1(C)SC2C(NC(=O)Cc3ccc(CCNC(=O)c4ccccc4... int=11 res=11 vina=-12.2 t=4165s
  [225/500] CCCCC(=O)Oc1ccc(CC(=O)NC2C(=O)N3C2SC(C)(... int=7 res=7 vina=-10.7 t=4614s
  [250/500] CC1=NC(c2ccc(C(=O)O)cc2)C(=O)N1... int=6 res=5 vina=-8.7 t=5030s
  [275/500] CC1(C)SC2C(NC(=O)Cc3ccc(N4CCOCC4)cc3)C(=... int=9 res=9 vina=-10.7 t=5488s
  [300/500] CCCC(=O)Oc1ccc(O)cc1C(=O)O... int=8 res=8 vina=-8.1 t=5902s
  [325/500] CCOC(=O)c1cc(C(=O)OC)cc(OC)c1OC(=O)CCC(N... int=5 res=5 vina=-8.1 t=6337s
  [350/500] COC(=O)c1cc(C=O)ccc1OC(=O)CC(N)C(=O)O... int=7 res=7 vina=-8.7 t=6780s
  [375/500] CCCC(=O)Oc1c(OC)cc(O)cc1C(=O)OCC... int=7 res=7 vina=-7.9 t=7210s
  [400/500] CCOC(=O)C1N2C(=O)C(NC(=O)Cc3ccc(C(=O)Nc4... int=7 res=7 vina=-10.9 t=7626s
  [425/500] CC1(C)SC2C(NC(=O)Cc3ccc(C(=N)N)cc3)C(=O)... int=12 res=11 vina=-11.4 t=8007s
  [450/500] CC1(C)SC2C(NC(=O)Cc3ccc(CCNC(=O)c4ccccc4... int=11 res=11 vina=-12.2 t=8392s
  [475/500] CCOC(=O)c1cc(C(C)=O)cc(OC)c1OC(=O)CC(N)C... int=8 res=8 vina=-8.8 t=8771s
  [500/500] COc1cc(C(=O)O)c(OC(=O)CCCO)cc1O... int=4 res=4 vina=-7.9 t=9159s

Results → paper/experiments/results_v3/1EVE/curiosity_seed2/results.json
Total: 9159s (18.3s/iter)
