============================================================
  Method: ga
  Target: 3EML
  Seed: 5
  Iterations: 500
  Output: paper/experiments/results_v3/3EML/ga_seed5
============================================================
Target: 3EML (EGFR, Kinase)
Pocket residues: 65
Behavior dim: 196
  [1/500] CC1(C)SC2C(NC(=O)Cc3ccccc3)C(=O)N2C1C(=O... int=5 res=5 vina=-8.5 t=12s
  [2/500] CC(C)Cc1ccc(C(C)C(=O)O)cc1... int=6 res=6 vina=-7.7 t=21s
  [3/500] CC(=O)Oc1ccccc1C(=O)O... int=8 res=8 vina=-6.3 t=31s
  [4/500] CC(=O)Nc1ccc(O)cc1... int=5 res=5 vina=-6.1 t=42s
  [5/500] OC(=O)c1ccccc1O... int=4 res=4 vina=-5.9 t=51s
  [25/500] CC(C(=O)O)c1ccc(OCC(=O)NC2C(=O)N3C2SC(C)... int=7 res=7 vina=-9.4 t=328s
  [50/500] CC1(C)SC2C(NC(=O)COc3ccc(C(=N)N)cc3)C(=O... int=10 res=8 vina=-8.8 t=680s
  [75/500] CCOC(=O)C1N2C(=O)C(NC(=O)Cc3ccc(Br)cc3)C... int=6 res=6 vina=-8.9 t=1073s
  [100/500] CC1(C)SC2C(NC(=O)COc3ccc(C(=N)N)cc3)C(=O... int=10 res=8 vina=-8.8 t=1461s
  [125/500] CCOC(=O)C1N2C(=O)C(NC(=O)Cc3ccc(C=Cc4ccc... int=8 res=6 vina=-10.4 t=1873s
  [150/500] CC1(C)SC2C(NC(=O)COc3ccc(C(=O)c4ccccc4)c... int=11 res=9 vina=-10.4 t=2305s
  [175/500] CCOC(=O)C1N2C(=O)C(NC(=O)Cc3ccc(N4CCN(C(... int=9 res=8 vina=-9.3 t=2738s
  [200/500] CCOC(=O)C1N2C(=O)C(NC(=O)Cc3ccc(CC(=O)NO... int=7 res=7 vina=-9.2 t=3194s
  [225/500] CCN(CC)C(=O)c1ccc(CC(=O)NC2C(=O)N3C2SC(C... int=10 res=8 vina=-9.3 t=3680s
  [250/500] COc1ccc(Oc2ccc(CC(=O)NC3C(=O)N4C3SC(C)(C... int=9 res=7 vina=-10.0 t=4176s
  [275/500] CC1(C)SC2C(NC(=O)COc3ccc(S(=O)(=O)c4cccc... int=7 res=6 vina=-10.3 t=4652s
  [300/500] CC(C)NCC(O)COc1ccc(CC(=O)NC2C(=O)N3C2SC(... int=9 res=8 vina=-9.2 t=5143s
  [325/500] COC(=O)c1ccc(CC(=O)NC2C(=O)N3C2SC(C)(C)C... int=9 res=6 vina=-9.1 t=5654s
  [350/500] CC1(C)SC2C(NC(=O)Cc3ccc(NC(=O)c4cccc(O)c... int=10 res=9 vina=-10.3 t=6142s
  [375/500] CC1(C)SC2C(NC(=O)Cc3ccc(C(=O)c4ccc(N)cc4... int=11 res=10 vina=-10.9 t=6640s
  [400/500] CC(O)c1cccc(-c2ccc(CC(=O)NC3C(=O)N4C3SC(... int=10 res=9 vina=-11.0 t=7152s
  [425/500] CC1(C)SC2C(NC(=O)COc3ccc(CC(N)C(=O)O)cc3... int=8 res=7 vina=-9.5 t=7661s
  [450/500] CCOC(=O)C1N2C(=O)C(NC(=O)Cc3ccc(C=Cc4ccc... int=8 res=7 vina=-10.3 t=8184s
  [475/500] CC1(C)SC2C(NC(=O)Cc3ccc(N=Nc4ccc(O)cc4)c... int=9 res=8 vina=-10.2 t=8694s
  [500/500] CCN(CC)C(=O)c1ccc(OCC(=O)NC2C(=O)N3C2SC(... int=8 res=6 vina=-8.9 t=9198s

Results → paper/experiments/results_v3/3EML/ga_seed5/results.json
Total: 9198s (18.4s/iter)
