============================================================
  Method: imgep
  Target: 3V8D
  Seed: 4
  Iterations: 500
  Output: paper/experiments/results_v3/3V8D/imgep_seed4
============================================================
Target: 3V8D (Thrombin, Serine protease)
Pocket residues: 95
Behavior dim: 286
  [1/500] CC1(C)SC2C(NC(=O)Cc3ccccc3)C(=O)N2C1C(=O... int=10 res=9 vina=-9.1 t=12s
  [2/500] CC(C)Cc1ccc(C(C)C(=O)O)cc1... int=5 res=5 vina=-6.8 t=25s
  [3/500] CC(=O)Oc1ccccc1C(=O)O... int=8 res=6 vina=-6.8 t=35s
  [4/500] CC(=O)Nc1ccc(O)cc1... int=7 res=5 vina=-6.1 t=45s
  [5/500] OC(=O)c1ccccc1O... int=4 res=4 vina=-6.0 t=56s
  [25/500] CC(=O)Oc1ccc(N)cc1C(=O)O... int=6 res=6 vina=-6.4 t=323s
  [50/500] CC1(C)SC2C(NC(=O)Cc3cc(N)cc(Cl)c3)C(=O)N... int=5 res=4 vina=-8.9 t=639s
  [75/500] NC(=O)Cc1ccc(F)cc1... int=6 res=6 vina=-5.9 t=972s
  [100/500] CCCC(=O)Oc1c(OC)cc(NC=O)cc1C(=O)O... int=6 res=4 vina=-6.8 t=1302s
  [125/500] COC(=O)c1cc(C(N)=O)ccc1OC(C)=O... int=8 res=8 vina=-6.0 t=1697s
  [150/500] CCCC(=O)Oc1c(OC)cc(NC=O)cc1C(=O)OCC... int=7 res=7 vina=-6.1 t=2067s
  [175/500] CC(C)c1cccc(CC(=O)NC2C(=O)N3C2SC(C)(C)C3... int=6 res=6 vina=-9.1 t=2405s
  [200/500] CC(=O)c1ccc(CC(C)C)cc1... int=6 res=6 vina=-6.3 t=2752s
  [225/500] COC(=O)c1cc(C(C)O)ccc1OC(C)=O... int=9 res=8 vina=-6.4 t=3120s
  [250/500] CC(C(=O)O)c1ccc(N(C)C)cc1... int=6 res=6 vina=-5.9 t=3505s
  [275/500] CCOC(=O)c1ccc(C=O)cc1OC(C)=O... int=7 res=5 vina=-6.5 t=3907s
  [300/500] CCOC(=O)c1cc(N)ccc1OC(C)=O... int=4 res=4 vina=-6.3 t=4302s
  [325/500] CC(=O)Oc1ccccc1C(=O)O... int=8 res=6 vina=-6.8 t=4691s
  [350/500] CCOC(=O)C(C)c1ccc(CC(N)C(=O)O)cc1... int=10 res=9 vina=-7.1 t=5089s
  [375/500] CCOC(=O)c1cc(N)cc(OC)c1OC(C)=O... int=4 res=4 vina=-6.1 t=5500s
  [400/500] CC(=O)c1cc(Cl)cc(CC(=O)NC2C(=O)N3C2SC(C)... int=11 res=11 vina=-9.0 t=5905s
  [425/500] CC(C(=O)O)c1ccc(CC(=O)NC2C(=O)N3C2SC(C)(... int=7 res=7 vina=-9.2 t=6291s
  [450/500] COC(=O)c1cc(N)cc(OC)c1OC... int=2 res=2 vina=-5.3 t=6715s
  [475/500] CC1(C)SC2C(NC(=O)Cc3cccc(C(=O)O)c3)C(=O)... int=8 res=8 vina=-9.3 t=7108s
  [500/500] CCOC(=O)C1N2C(=O)C(NC(=O)Cc3ccccc3)C2SC1... int=10 res=9 vina=-8.1 t=7499s

Results → paper/experiments/results_v3/3V8D/imgep_seed4/results.json
Total: 7499s (15.0s/iter)
