============================================================
  Method: imgep_naive
  Target: 3EML
  Seed: 7
  Iterations: 500
  Output: paper/experiments/results_v3/3EML/imgep_naive_seed7
============================================================
Target: 3EML (EGFR, Kinase)
Pocket residues: 65
Behavior dim: 196
  [1/500] CC1(C)SC2C(NC(=O)Cc3ccccc3)C(=O)N2C1C(=O... int=5 res=5 vina=-8.5 t=12s
  [2/500] CC(C)Cc1ccc(C(C)C(=O)O)cc1... int=6 res=6 vina=-7.7 t=26s
  [3/500] CC(=O)Oc1ccccc1C(=O)O... int=8 res=8 vina=-6.3 t=41s
  [4/500] CC(=O)Nc1ccc(O)cc1... int=5 res=5 vina=-6.1 t=58s
  [5/500] OC(=O)c1ccccc1O... int=4 res=4 vina=-5.9 t=73s
  [25/500] O=C(O)CNC(=O)c1ccc(C=Cc2ccccc2)cc1... int=5 res=5 vina=-8.7 t=369s
  [50/500] COc1cc(O)c(C(=O)O)cc1OC... int=3 res=3 vina=-6.0 t=740s
  [75/500] CC(=O)c1ccc(-c2cccc(C(C)O)c2)cc1... int=7 res=7 vina=-9.1 t=1137s
  [100/500] CC(=O)Oc1ccccc1C(=O)O... int=8 res=8 vina=-6.3 t=1526s
  [125/500] CC(=O)Nc1ccc(N=Nc2ccc(C(=O)NCC(=O)O)cc2)... int=8 res=8 vina=-5.2 t=1922s
  [150/500] CC(=O)Nc1ccc(CCc2ccc(CCC(=O)O)cc2)cc1... int=12 res=10 vina=-9.2 t=2339s
  [175/500] CC(C)(O)c1ccc(C(=O)NCC(=O)O)cc1... int=6 res=6 vina=-7.9 t=2739s
  [200/500] CCOC(=O)C(C)c1ccc(OCc2ccc(C(=O)CCC(C)=O)... int=10 res=9 vina=-8.5 t=3176s
  [225/500] CC(=O)CCC(=O)c1ccc(COc2ccc(C(C)(C)O)cc2)... int=9 res=8 vina=-8.8 t=3595s
  [250/500] CC(=O)Nc1ccc(CCc2ccc(CC(N)C(=O)O)cc2)cc1... int=9 res=8 vina=-9.2 t=3995s
  [275/500] CC(=O)Nc1ccc(S(=O)(=O)c2ccc(CC(=O)NO)cc2... int=9 res=8 vina=-9.4 t=4395s
  [300/500] CC(C(=O)O)c1ccc(CCc2ccc(CCNC(=O)c3ccccc3... int=14 res=11 vina=-10.4 t=4803s
  [325/500] NC(Cc1ccc(OCc2ccc(CCNC(=O)c3ccc(F)cc3)cc... int=11 res=9 vina=-10.3 t=5227s
  [350/500] CC(C)(O)c1ccc(OCc2ccc(CCNC(=O)c3ccc(O)cc... int=10 res=10 vina=-10.6 t=5662s
  [375/500] CCOC(=O)C(C)c1ccc(OCc2ccc(S(=O)(=O)Nc3nc... int=5 res=5 vina=-8.8 t=6094s
  [400/500] CCOC(=O)C(C)c1ccc(C(=O)c2ccc(S(=O)(=O)Nc... int=10 res=9 vina=-9.3 t=6523s
  [425/500] O=C(O)C=Cc1ccc(CCc2ccc(S(=O)(=O)Nc3ncccn... int=8 res=8 vina=-10.1 t=6965s
  [450/500] O=S(=O)(Nc1ncccn1)c1ccc(CCc2ccc(CCCO)cc2... int=14 res=12 vina=-9.8 t=7426s
  [475/500] CC(=O)Nc1ccc(S(=O)(=O)c2ccc(CC(=O)NO)cc2... int=9 res=8 vina=-9.4 t=7882s
  [500/500] CC(=O)Oc1ccc(CCc2ccc(CCNC(=O)c3cccc(N)c3... int=9 res=8 vina=-10.1 t=8317s

Results → paper/experiments/results_v3/3EML/imgep_naive_seed7/results.json
Total: 8317s (16.6s/iter)
