============================================================
  Method: random
  Target: 3V8D
  Seed: 0
  Iterations: 500
  Output: paper/experiments/results_v3/3V8D/random_seed0
============================================================
Target: 3V8D (Thrombin, Serine protease)
Pocket residues: 95
Behavior dim: 286
  [1/500] CC1(C)SC2C(NC(=O)Cc3ccccc3)C(=O)N2C1C(=O... int=10 res=9 vina=-9.1 t=24s
  [2/500] CC(C)Cc1ccc(C(C)C(=O)O)cc1... int=5 res=5 vina=-6.8 t=41s
  [3/500] CC(=O)Oc1ccccc1C(=O)O... int=8 res=6 vina=-6.8 t=57s
  [4/500] CC(=O)Nc1ccc(O)cc1... int=7 res=5 vina=-6.1 t=72s
  [5/500] OC(=O)c1ccccc1O... int=4 res=4 vina=-6.0 t=86s
  [25/500] CC(=O)CCC(=O)c1ccc(O)cc1... int=8 res=8 vina=-6.4 t=333s
  [50/500] CC(N)Cc1ccc(O)c(O)c1... int=6 res=6 vina=-6.4 t=663s
  [75/500] CC(=O)Nc1ccc(C(C)N)cc1... int=10 res=9 vina=-6.4 t=991s
  [100/500] COc1cc(C(C)(C)O)ccc1O... int=5 res=5 vina=-5.3 t=1308s
  [125/500] CC(C)(O)c1ccc(Cl)cc1... int=3 res=3 vina=-5.7 t=1633s
  [150/500] COc1cc(C(=O)O)ccc1O... int=3 res=3 vina=-6.3 t=1951s
  [175/500] CC1(C)SC2C(NC(=O)Cc3cccc(O)c3)C(=O)N2C1C... int=7 res=7 vina=-8.8 t=2300s
  [200/500] O=C(O)C=Cc1ccc(O)c(OC(=O)CCCO)c1... int=10 res=8 vina=-7.8 t=2641s
  [225/500] CC(N)c1ccc(CC(N)=O)cc1... int=7 res=6 vina=-6.5 t=2944s
  [250/500] CC(=O)Oc1cc(F)ccc1C(=O)O... int=7 res=6 vina=-7.0 t=3257s
  [275/500] CC(=O)Oc1ccccc1C(=O)O... int=8 res=6 vina=-6.8 t=3563s
  [300/500] CCOC(=O)C(N)CCCc1ccccc1... int=13 res=10 vina=-7.1 t=3905s
  [325/500] COc1cc(CCC(=O)O)ccc1C(=O)O... int=5 res=5 vina=-6.8 t=4216s
  [350/500] CC1(C)SC2C(NC(=O)Cc3ccc(F)cc3)C(=O)N2C1C... int=11 res=10 vina=-9.2 t=4541s
  [375/500] CCOC(=O)c1ccccc1N... int=5 res=5 vina=-6.0 t=4844s
  [400/500] CC(=O)Nc1ccccc1... int=7 res=7 vina=-5.9 t=5177s
  [425/500] CCOC(=O)C(C)c1ccc(O)c(O)c1... int=9 res=8 vina=-6.5 t=5486s
  [450/500] CC(=O)Nc1ccc(O)c(O)c1... int=6 res=5 vina=-6.5 t=5815s
  [475/500] O=Cc1cc(Cl)cc(C=NO)c1... int=7 res=6 vina=-6.5 t=6130s
  [500/500] CCN(CC)C(=O)c1ccc(O)c(Cl)c1... int=5 res=5 vina=-6.2 t=6473s

Results → paper/experiments/results_v3/3V8D/random_seed0/results.json
Total: 6473s (12.9s/iter)
