============================================================
  Method: curiosity
  Target: 4DFR
  Seed: 9
  Iterations: 500
  Output: paper/experiments/results_v3/4DFR/curiosity_seed9
============================================================
Target: 4DFR (DHFR, Oxidoreductase)
Pocket residues: 55
Behavior dim: 166
  [1/500] CC1(C)SC2C(NC(=O)Cc3ccccc3)C(=O)N2C1C(=O... int=6 res=6 vina=-8.0 t=16s
  [2/500] CC(C)Cc1ccc(C(C)C(=O)O)cc1... int=6 res=5 vina=-7.4 t=23s
  [3/500] CC(=O)Oc1ccccc1C(=O)O... int=6 res=5 vina=-5.6 t=37s
  [4/500] CC(=O)Nc1ccc(O)cc1... int=2 res=2 vina=-5.7 t=50s
  [5/500] OC(=O)c1ccccc1O... int=4 res=4 vina=-5.8 t=61s
  [25/500] CCCC(=O)Oc1ccc(NC(N)=S)cc1C(=O)O... int=7 res=5 vina=-7.0 t=329s
  [50/500] CC1(C)SC2C(NC(=O)Cc3ccc(CO)cc3)C(=O)N2C1... int=7 res=6 vina=-8.3 t=690s
  [75/500] COC(=O)c1ccc(C(=O)O)cc1... int=4 res=4 vina=-6.0 t=1047s
  [100/500] CCCCC(=O)Oc1ccc(NC(N)=S)cc1C(=O)O... int=5 res=5 vina=-7.1 t=1411s
  [125/500] COc1cccc2cc(C(=O)O)c(=O)oc12... int=4 res=4 vina=-7.3 t=1779s
  [150/500] NCCCC(=O)Oc1ccc(NC=O)cc1C(=O)O... int=8 res=7 vina=-7.0 t=2169s
  [175/500] CC(N)c1ccc(CCCO)cc1... int=4 res=4 vina=-6.3 t=2552s
  [200/500] CC(N)Cc1cc(O)cc(CC(=O)NC2C(=O)N3C2SC(C)(... int=7 res=7 vina=-9.6 t=2941s
  [225/500] CC(=O)Oc1ccc(F)cc1C(=O)O... int=5 res=5 vina=-6.3 t=3328s
  [250/500] COc1ccc(OCC(=O)NC2C(=O)N3C2SC(C)(C)C3C(=... int=6 res=6 vina=-8.5 t=3732s
  [275/500] CC1(C)SC2C(NC(=O)Cc3ccc(C(=O)CCl)cc3)C(=... int=6 res=6 vina=-8.1 t=4123s
  [300/500] CC(C(=O)O)c1ccc(N2CCOCC2)cc1... int=3 res=3 vina=-6.9 t=4500s
  [325/500] O=CNc1ccc(CCc2ccccc2)cc1... int=6 res=6 vina=-7.3 t=5071s
  [350/500] CNCCCC(=O)Oc1ccc(NC(N)=S)cc1C(=O)O... int=1 res=1 vina=-6.6 t=5727s
  [375/500] CCCCCC(=O)Oc1ccc(NC(N)=S)cc1C(=O)OCC... int=6 res=6 vina=-6.8 t=6364s
  [400/500] CC1(C)SC2C(NC(=O)Cc3ccc(CCC(=O)O)cc3)C(=... int=5 res=5 vina=-9.4 t=6976s
  [425/500] CCC(C)C(N)C(=O)O... int=0 res=0 vina=-4.8 t=7521s
  [450/500] CCOC(=O)c1cc(C(=O)O)ccc1OC(=O)CCCO... int=6 res=6 vina=-7.0 t=8010s
  [475/500] CC(N)C(=O)O... int=0 res=0 vina=-4.0 t=8472s
  [500/500] CC(C)Cc1ccc(NC=O)cc1... int=3 res=3 vina=-6.2 t=8934s

Results → paper/experiments/results_v3/4DFR/curiosity_seed9/results.json
Total: 8934s (17.9s/iter)
