============================================================
  Method: imgep_naive
  Target: 4MNE
  Seed: 9
  Iterations: 500
  Output: paper/experiments/results_v3/4MNE/imgep_naive_seed9
============================================================
Target: 4MNE (BRAF, Kinase)
Pocket residues: 68
Behavior dim: 205
  [1/500] CC1(C)SC2C(NC(=O)Cc3ccccc3)C(=O)N2C1C(=O... int=5 res=5 vina=-7.8 t=16s
  [2/500] CC(C)Cc1ccc(C(C)C(=O)O)cc1... int=8 res=8 vina=-7.8 t=31s
  [3/500] CC(=O)Oc1ccccc1C(=O)O... int=4 res=4 vina=-6.1 t=46s
  [4/500] CC(=O)Nc1ccc(O)cc1... int=8 res=6 vina=-6.2 t=66s
  [5/500] OC(=O)c1ccccc1O... int=8 res=6 vina=-6.2 t=80s
  [25/500] O=C(O)c1cccc(O)c1... int=7 res=6 vina=-6.4 t=447s
  [50/500] COC(=O)c1ccc(C=O)cc1OC... int=2 res=2 vina=-5.3 t=903s
  [75/500] Nc1ccc(C=CC(=O)O)cc1... int=7 res=7 vina=-6.6 t=1398s
  [100/500] CCOC(=O)c1ccc(CC(=O)NC2C(=O)N3C2SC(C)(C)... int=8 res=8 vina=-8.2 t=1919s
  [125/500] O=C(O)CC(O)(CC(=O)O)C(=O)O... int=4 res=3 vina=-5.8 t=2386s
  [150/500] O=C(O)c1cccc(O)c1... int=7 res=6 vina=-6.4 t=2862s
  [175/500] CC(C)(O)c1ccc(OCC(=O)NC2C(=O)N3C2SC(C)(C... int=7 res=7 vina=-9.4 t=3280s
  [200/500] O=C(O)c1cc(O)c(O)cc1O... int=7 res=5 vina=-6.5 t=3692s
  [225/500] CC1(C)SC2C(NC(=O)Cc3ccc(C(N)=O)cc3)C(=O)... int=6 res=6 vina=-8.2 t=4151s
  [250/500] CCOC(=O)C1N2C(=O)C(NC(=O)Cc3ccc(CC(C)N)c... int=9 res=8 vina=-7.6 t=4624s
  [275/500] CC1(C)SC2C(NC(=O)COc3ccc(N4CCOCC4)cc3)C(... int=8 res=6 vina=-8.5 t=5054s
  [300/500] CC1(C)SC2C(NC(=O)COc3ccc(C=Cc4ccccc4)cc3... int=11 res=10 vina=-9.6 t=5498s
  [325/500] CCOC(=O)c1ccc(C(C)=O)cc1OC... int=7 res=7 vina=-5.8 t=5979s
  [350/500] COc1ccc(C=Cc2ccc(OCC(=O)NC3C(=O)N4C3SC(C... int=5 res=5 vina=-9.4 t=6497s
  [375/500] CC1(C)SC2C(NC(=O)COc3ccc(N=Nc4ccc(N)cc4)... int=7 res=7 vina=-8.3 t=6995s
  [400/500] CC(C)c1cccc(C=NO)c1... int=6 res=6 vina=-6.9 t=7574s
  [425/500] CC(=O)c1ccc(C(=O)c2ccc(OCC(=O)NC3C(=O)N4... int=8 res=8 vina=-10.1 t=8127s
  [450/500] CN(C)c1ccc(N=Nc2ccc(OCC(=O)NC3C(=O)N4C3S... int=5 res=5 vina=-8.6 t=8730s
  [475/500] CC1(C)SC2C(NC(=O)Cc3ccc(CC(N)=O)cc3)C(=O... int=7 res=7 vina=-8.4 t=9263s
  [500/500] CC(=O)Nc1ccc(Oc2ccc(OCC(=O)NC3C(=O)N4C3S... int=8 res=8 vina=-9.7 t=9813s

Results → paper/experiments/results_v3/4MNE/imgep_naive_seed9/results.json
Total: 9813s (19.6s/iter)
