============================================================
  Method: bo
  Target: 4MNE
  Seed: 1
  Iterations: 500
  Output: paper/experiments/results_v3/4MNE/bo_seed1
============================================================
Target: 4MNE (BRAF, Kinase)
Pocket residues: 68
Behavior dim: 205
  [1/500] CC1(C)SC2C(NC(=O)Cc3ccccc3)C(=O)N2C1C(=O... int=5 res=5 vina=-7.8 t=16s
  [2/500] CC(C)Cc1ccc(C(C)C(=O)O)cc1... int=8 res=8 vina=-7.8 t=29s
  [3/500] CC(=O)Oc1ccccc1C(=O)O... int=4 res=4 vina=-6.1 t=39s
  [4/500] CC(=O)Nc1ccc(O)cc1... int=8 res=6 vina=-6.2 t=53s
  [5/500] OC(=O)c1ccccc1O... int=8 res=6 vina=-6.2 t=64s
  [25/500] CC(O)c1cccc(-c2ccccc2)c1... int=10 res=10 vina=-8.4 t=328s
  [50/500] CC(C)NCC(O)COc1ccc(I)cc1... int=6 res=6 vina=-7.0 t=655s
  [75/500] Ic1ccc(-c2ccc(I)cc2)cc1... int=2 res=2 vina=-6.2 t=998s
  [100/500] CC(O)c1cccc(-c2ccc(I)cc2)c1... int=6 res=6 vina=-8.3 t=1350s
  [125/500] O=C(Cc1ccc(I)cc1)NO... int=4 res=4 vina=-6.5 t=1717s
  [150/500] O=C(Nc1ccccc1)c1ccc(I)cc1... int=6 res=6 vina=-7.8 t=2080s
  [175/500] O=C(O)CCc1ccc(I)cc1... int=7 res=6 vina=-6.8 t=2440s
  [200/500] Ic1ccc(-c2ccc(I)cc2)cc1... int=2 res=2 vina=-6.2 t=2824s
  [225/500] C(=Cc1ccccc1)c1ccccc1... int=7 res=7 vina=-7.8 t=3207s
  [250/500] Nc1ccc(C(=O)NCCN2CCOCC2)cc1... int=6 res=6 vina=-7.6 t=3584s
  [275/500] NC(Cc1ccc(I)cc1)C(=O)O... int=6 res=6 vina=-6.7 t=3966s
  [300/500] Ic1ccc(-c2ccc(I)cc2)cc1... int=2 res=2 vina=-6.2 t=4351s
  [325/500] O=C(Nc1ccc(I)cc1)c1ccccc1... int=5 res=5 vina=-8.1 t=4744s
  [350/500] CC1=NC(c2ccccc2)C(=O)N1... int=11 res=9 vina=-6.9 t=5159s
  [375/500] CC(=O)N1CCN(c2ccc(I)cc2)CC1... int=2 res=2 vina=-7.0 t=5582s
  [400/500] Ic1ccc(-c2ccc(I)cc2)cc1... int=2 res=2 vina=-6.2 t=6009s
  [425/500] Ic1ccc(C=Cc2ccccc2)cc1... int=8 res=8 vina=-7.5 t=6441s
  [450/500] Ic1ccc(C=Cc2ccccc2)cc1... int=8 res=8 vina=-7.5 t=6884s
  [475/500] CC(C)Cc1ccc(N2CCOCC2)cc1... int=6 res=6 vina=-7.1 t=7330s
  [500/500] Clc1cccc(N2CCOCC2)c1... int=2 res=2 vina=-6.3 t=7775s

Results → paper/experiments/results_v3/4MNE/bo_seed1/results.json
Total: 7775s (15.6s/iter)
