============================================================
  Method: imgep
  Target: 3EML
  Seed: 8
  Iterations: 500
  Output: paper/experiments/results_v3/3EML/imgep_seed8
============================================================
Target: 3EML (EGFR, Kinase)
Pocket residues: 65
Behavior dim: 196
  [1/500] CC1(C)SC2C(NC(=O)Cc3ccccc3)C(=O)N2C1C(=O... int=5 res=5 vina=-8.5 t=13s
  [2/500] CC(C)Cc1ccc(C(C)C(=O)O)cc1... int=6 res=6 vina=-7.7 t=28s
  [3/500] CC(=O)Oc1ccccc1C(=O)O... int=8 res=8 vina=-6.3 t=42s
  [4/500] CC(=O)Nc1ccc(O)cc1... int=5 res=5 vina=-6.1 t=53s
  [5/500] OC(=O)c1ccccc1O... int=4 res=4 vina=-5.9 t=68s
  [25/500] CCOC(=O)c1ccccc1OC(C)=O... int=7 res=7 vina=-6.4 t=351s
  [50/500] CN(C)c1ccc(CC(N)C(=O)O)cc1... int=3 res=3 vina=-7.2 t=688s
  [75/500] CCOC(=O)c1cc(NC=O)ccc1O... int=4 res=4 vina=-6.5 t=1033s
  [100/500] CCOC(=O)c1c(O)cc(N)cc1O... int=6 res=6 vina=-6.4 t=1394s
  [125/500] CCCC(=O)Oc1cc(C(C)O)ccc1C(=O)OCC... int=4 res=4 vina=-7.6 t=1754s
  [150/500] CCOC(=O)c1cc(C=O)ccc1OC... int=4 res=4 vina=-6.3 t=2108s
  [175/500] CC(C)Cc1ccc(C(C)C(=O)O)cc1... int=6 res=6 vina=-7.7 t=2456s
  [200/500] CC(C)NCC(O)COc1ccc(I)cc1... int=6 res=6 vina=-6.7 t=2808s
  [225/500] CC(C)NCC(O)COc1ccc(N)cc1... int=7 res=7 vina=-6.9 t=3170s
  [250/500] O=C(O)C=Cc1ccc(O)cc1... int=6 res=6 vina=-6.7 t=3524s
  [275/500] CN(C)c1ccc(C=CC(=O)O)cc1... int=1 res=1 vina=-7.1 t=3901s
  [300/500] CC(N)c1ccc(CC(N)=O)cc1... int=5 res=5 vina=-6.7 t=4262s
  [325/500] COc1cc(CCN)cc(C(=O)O)c1OC(C)=O... int=6 res=6 vina=-7.3 t=4634s
  [350/500] CC1(C)SC2C(NC(=O)Cc3ccc(CC(N)=O)cc3)C(=O... int=6 res=6 vina=-9.6 t=5015s
  [375/500] CC(C)(O)c1ccc(C=NO)cc1... int=6 res=6 vina=-7.1 t=5372s
  [400/500] CC(=O)N1CCN(c2ccc(C(C)C)cc2)CC1... int=4 res=4 vina=-8.1 t=5729s
  [425/500] CN(C)c1ccc(C(N)=O)cc1... int=3 res=3 vina=-6.3 t=6092s
  [450/500] CC(C)(O)c1ccc(O)c(Cl)c1... int=4 res=4 vina=-6.7 t=6465s
  [475/500] CCOC(=O)c1ccccc1N... int=3 res=3 vina=-5.8 t=6833s
  [500/500] COc1cc(F)ccc1C(=O)O... int=3 res=3 vina=-6.0 t=7204s

Results → paper/experiments/results_v3/3EML/imgep_seed8/results.json
Total: 7204s (14.4s/iter)
