============================================================
  Method: ga
  Target: 3V8D
  Seed: 3
  Iterations: 500
  Output: paper/experiments/results_v3/3V8D/ga_seed3
============================================================
Target: 3V8D (Thrombin, Serine protease)
Pocket residues: 95
Behavior dim: 286
  [1/500] CC1(C)SC2C(NC(=O)Cc3ccccc3)C(=O)N2C1C(=O... int=10 res=9 vina=-9.1 t=16s
  [2/500] CC(C)Cc1ccc(C(C)C(=O)O)cc1... int=5 res=5 vina=-6.8 t=32s
  [3/500] CC(=O)Oc1ccccc1C(=O)O... int=8 res=6 vina=-6.8 t=42s
  [4/500] CC(=O)Nc1ccc(O)cc1... int=7 res=5 vina=-6.1 t=54s
  [5/500] OC(=O)c1ccccc1O... int=4 res=4 vina=-6.0 t=66s
  [25/500] CC1(C)SC2C(NC(=O)Cc3ccc(Br)cc3)C(=O)N2C1... int=8 res=8 vina=-8.5 t=395s
  [50/500] CCOC(=O)C(C)c1ccc(CC(=O)NC2C(=O)N3C2SC(C... int=10 res=10 vina=-9.2 t=824s
  [75/500] CC1(C)SC2C(NC(=O)Cc3cccc(C(=O)O)c3)C(=O)... int=8 res=8 vina=-9.3 t=1254s
  [100/500] COc1cc(CC(=O)NC2C(=O)N3C2SC(C)(C)C3C(=O)... int=6 res=6 vina=-8.9 t=1713s
  [125/500] CCOC(=O)C1N2C(=O)C(NC(=O)Cc3ccc(CC(N)=O)... int=9 res=9 vina=-8.8 t=2141s
  [150/500] CC(C)c1cc(O)cc(CC(=O)NC2C(=O)N3C2SC(C)(C... int=8 res=8 vina=-9.3 t=2551s
  [175/500] CC1(C)SC2C(NC(=O)Cc3cc(O)cc(-c4cc(O)cc(C... int=8 res=7 vina=-10.3 t=2970s
  [200/500] CC1(C)SC2C(NC(=O)Cc3cc(Cl)cc(-c4ccc(C(N)... int=8 res=8 vina=-10.3 t=3379s
  [225/500] CCOC(=O)C1N2C(=O)C(NC(=O)Cc3cccc(C(C)C(=... int=13 res=12 vina=-8.9 t=3778s
  [250/500] CC1(C)SC2C(NC(=O)Cc3cc(Cl)cc(-c4ccc(N)cc... int=6 res=6 vina=-10.3 t=4191s
  [275/500] COc1cc(CC(=O)NC2C(=O)N3C2SC(C)(C)C3C(=O)... int=5 res=5 vina=-10.0 t=4596s
  [300/500] COc1ccc(-c2cc(Cl)cc(CC(=O)NC3C(=O)N4C3SC... int=7 res=7 vina=-10.1 t=5025s
  [325/500] CC1(C)SC2C(NC(=O)Cc3cccc(-c4ccc(O)c(O)c4... int=10 res=10 vina=-10.7 t=5457s
  [350/500] CN(C)c1ccc(-c2cc(Cl)cc(CC(=O)NC3C(=O)N4C... int=5 res=5 vina=-9.9 t=5950s
  [375/500] CCOC(=O)C1N2C(=O)C(NC(=O)Cc3cc(O)cc(-c4c... int=12 res=11 vina=-9.7 t=6484s
  [400/500] CC1(C)SC2C(NC(=O)Cc3cccc(CC(N)=O)c3)C(=O... int=10 res=10 vina=-9.0 t=7006s
  [425/500] CC1(C)SC2C(NC(=O)Cc3cc(Cl)cc(-c4ccc(C(=N... int=4 res=4 vina=-10.3 t=7524s
  [450/500] COc1ccc(CC(=O)NC2C(=O)N3C2SC(C)(C)C3C(=O... int=8 res=8 vina=-8.4 t=8077s
  [475/500] CC1(C)SC2C(NC(=O)Cc3cc(C(=O)O)cc(-c4ccc(... int=6 res=6 vina=-10.4 t=8603s
  [500/500] COc1cc(CC(=O)NC2C(=O)N3C2SC(C)(C)C3C(=O)... int=8 res=8 vina=-8.7 t=9100s

Results → paper/experiments/results_v3/3V8D/ga_seed3/results.json
Total: 9100s (18.2s/iter)
