============================================================
  Method: ga
  Target: 1ERE
  Seed: 2
  Iterations: 500
  Output: paper/experiments/results_v3/1ERE/ga_seed2
============================================================
Target: 1ERE (Estrogen Receptor α, Nuclear receptor)
Pocket residues: 71
Behavior dim: 214
  [1/500] CC1(C)SC2C(NC(=O)Cc3ccccc3)C(=O)N2C1C(=O... int=5 res=5 vina=-6.8 t=13s
  [2/500] CC(C)Cc1ccc(C(C)C(=O)O)cc1... int=6 res=6 vina=-7.4 t=24s
  [3/500] CC(=O)Oc1ccccc1C(=O)O... int=5 res=5 vina=-6.8 t=36s
  [4/500] CC(=O)Nc1ccc(O)cc1... int=5 res=5 vina=-6.1 t=47s
  [5/500] OC(=O)c1ccccc1O... int=5 res=5 vina=-6.2 t=58s
  [25/500] CC(=O)Oc1cc(C(C)O)ccc1C(=O)O... int=5 res=5 vina=-7.3 t=302s
  [50/500] CCCC(=O)Oc1cc(NC=O)ccc1C(=O)OC... int=7 res=6 vina=-6.5 t=604s
  [75/500] CC(=O)Oc1cc(C(=O)O)cc(O)c1C(=O)O... int=5 res=5 vina=-7.4 t=922s
  [100/500] CCOC(=O)c1ccc(C(C)O)cc1OC(C)=O... int=7 res=7 vina=-7.0 t=1236s
  [125/500] CCOC(=O)c1ccc(C(=O)O)c(OC(=O)CCc2ccccc2)... int=9 res=9 vina=-8.5 t=1587s
  [150/500] CC(C(=O)O)c1ccc(CO)cc1... int=7 res=7 vina=-7.0 t=1947s
  [175/500] NC(CCC(=O)Oc1cc(Cl)cc(O)c1C(=O)O)C(=O)O... int=5 res=5 vina=-8.1 t=2303s
  [200/500] CCCCC(=O)Oc1cc(C(C)C)cc(O)c1C(=O)OCC... int=6 res=6 vina=-7.9 t=2666s
  [225/500] CC(=O)c1ccc(C(=O)NCC(=O)O)cc1... int=6 res=6 vina=-7.2 t=3055s
  [250/500] COC(=O)c1ccc(OC(C)=O)cc1... int=7 res=7 vina=-6.6 t=3455s
  [275/500] CC(=O)Oc1cc(C(N)=O)cc(O)c1C(=O)O... int=6 res=6 vina=-7.3 t=3857s
  [300/500] CCOc1cc(OC)cc2cc(C(=O)O)c(=O)oc12... int=5 res=5 vina=-8.1 t=4258s
  [325/500] Cc1ccc(N)cc1OC(=O)CCC(N)C(=O)O... int=6 res=6 vina=-7.8 t=4684s
  [350/500] CCOC(=O)c1c(O)cc(OC)cc1OC(=O)CCC(N)C(=O)... int=9 res=7 vina=-7.7 t=5133s
  [375/500] CCOC(=O)c1c(O)cc(CCN)cc1OC(=O)CCC(N)C(=O... int=7 res=7 vina=-7.8 t=5578s
  [400/500] CCOC(=O)c1c(O)cc(C=CC(=O)O)cc1OC(=O)CCC(... int=9 res=8 vina=-8.0 t=6013s
  [425/500] CC(C)(O)c1ccc(C(=O)O)c(OC(=O)CCC(=O)O)c1... int=6 res=6 vina=-8.0 t=6443s
  [450/500] CC(N)Cc1ccc(C(=O)O)c(OC(=O)CCC(N)C(=O)O)... int=6 res=6 vina=-8.2 t=6895s
  [475/500] COC(=O)c1ccc(C)c(OC(=O)CCCN)c1... int=5 res=5 vina=-7.3 t=7340s
  [500/500] CC(C(=O)O)c1ccc(C(=O)O)c(OC(=O)CCC(N)C(=... int=6 res=6 vina=-8.9 t=7808s

Results → paper/experiments/results_v3/1ERE/ga_seed2/results.json
Total: 7808s (15.6s/iter)
