============================================================
  Method: bo
  Target: 3PJC
  Seed: 7
  Iterations: 500
  Output: paper/experiments/results_v3/3PJC/bo_seed7
============================================================
Target: 3PJC (CDK2, Kinase)
Pocket residues: 60
Behavior dim: 181
  [1/500] CC1(C)SC2C(NC(=O)Cc3ccccc3)C(=O)N2C1C(=O... int=5 res=5 vina=-8.6 t=18s
  [2/500] CC(C)Cc1ccc(C(C)C(=O)O)cc1... int=8 res=8 vina=-7.7 t=34s
  [3/500] CC(=O)Oc1ccccc1C(=O)O... int=7 res=7 vina=-6.7 t=51s
  [4/500] CC(=O)Nc1ccc(O)cc1... int=9 res=9 vina=-6.2 t=64s
  [5/500] OC(=O)c1ccccc1O... int=6 res=6 vina=-6.1 t=80s
  [25/500] COc1cc(Cl)c(Cl)cc1C(=O)O... int=3 res=3 vina=-6.7 t=426s
  [50/500] NCCCC(=O)Oc1cc(Cl)c(Cl)cc1C(=O)O... int=10 res=8 vina=-7.5 t=858s
  [75/500] CC(C)(O)c1ccc(C(=N)N)cc1... int=6 res=5 vina=-7.1 t=1286s
  [100/500] CC(=O)Nc1ccc(N2CCOCC2)cc1... int=4 res=4 vina=-7.0 t=1689s
  [125/500] COC(=O)c1ccc(C(C)(C)O)cc1... int=5 res=5 vina=-6.6 t=2107s
  [150/500] CC(C)(O)c1ccc(N2CCOCC2)cc1... int=4 res=4 vina=-7.3 t=2524s
  [175/500] CC(C(=O)O)c1ccc(C(C)(C)O)cc1... int=7 res=5 vina=-7.6 t=2958s
  [200/500] CC(=O)Oc1ccc(C(C)(C)O)cc1... int=4 res=4 vina=-6.9 t=3376s
  [225/500] COc1ccc(C(C)(C)O)cc1... int=3 res=2 vina=-6.2 t=3823s
  [250/500] CN(C)c1ccc(Br)cc1... int=3 res=3 vina=-5.3 t=4232s
  [275/500] CC(=O)c1ccc(F)cc1... int=4 res=3 vina=-5.9 t=4630s
  [300/500] COc1cc(C=O)ccc1O... int=8 res=7 vina=-6.3 t=5035s
  [325/500] CCC(C)C(N)C(=O)O... int=0 res=0 vina=-5.4 t=5451s
  [350/500] CC(N)Cc1ccc(O)c(O)c1... int=9 res=9 vina=-7.0 t=5854s
  [375/500] CC(CC(=O)O)C(=O)O... int=5 res=5 vina=-5.1 t=6268s
  [400/500] O=C(O)c1cccc(F)c1... int=6 res=6 vina=-6.2 t=6706s
  [425/500] CC(CC(=O)O)C(=O)O... int=5 res=5 vina=-5.1 t=7156s
  [450/500] O=C(O)c1cccc(F)c1... int=6 res=6 vina=-6.2 t=7619s
  [475/500] CCC(C)C(N)C(=O)O... int=0 res=0 vina=-5.4 t=8076s
  [500/500] CC(C)CC(N)C(=O)O... int=0 res=0 vina=-5.3 t=8563s

Results → paper/experiments/results_v3/3PJC/bo_seed7/results.json
Total: 8563s (17.1s/iter)
