============================================================
  Method: imgep_naive
  Target: 3EML
  Seed: 2
  Iterations: 500
  Output: paper/experiments/results_v3/3EML/imgep_naive_seed2
============================================================
Target: 3EML (EGFR, Kinase)
Pocket residues: 65
Behavior dim: 196
  [1/500] CC1(C)SC2C(NC(=O)Cc3ccccc3)C(=O)N2C1C(=O... int=5 res=5 vina=-8.5 t=13s
  [2/500] CC(C)Cc1ccc(C(C)C(=O)O)cc1... int=6 res=6 vina=-7.7 t=25s
  [3/500] CC(=O)Oc1ccccc1C(=O)O... int=8 res=8 vina=-6.3 t=41s
  [4/500] CC(=O)Nc1ccc(O)cc1... int=5 res=5 vina=-6.1 t=56s
  [5/500] OC(=O)c1ccccc1O... int=4 res=4 vina=-5.9 t=71s
  [25/500] CC(CS)C(=O)N1CCCC1C(=O)O... int=4 res=4 vina=-5.6 t=373s
  [50/500] COc1cc(C=O)ccc1O... int=2 res=2 vina=-5.3 t=751s
  [75/500] CCCC(=O)Oc1ccccc1C(=O)OCC... int=5 res=5 vina=-6.9 t=1130s
  [100/500] CCOC(=O)c1ccc(N)cc1OC(C)=O... int=6 res=6 vina=-6.5 t=1508s
  [125/500] CC(C)Cc1ccc(C(C)O)cc1... int=7 res=7 vina=-7.2 t=1879s
  [150/500] NS(=O)(=O)c1ccc(F)cc1... int=3 res=3 vina=-5.7 t=2254s
  [175/500] CCCC(=O)Oc1cc(N)cc(O)c1C(=O)O... int=6 res=6 vina=-7.6 t=2632s
  [200/500] CC(=O)CCC(=O)c1ccc(S(N)(=O)=O)c([S-])c1... int=8 res=7 vina=-7.4 t=3002s
  [225/500] NS(=O)(=O)c1ccc(C(=O)O)cc1... int=3 res=3 vina=-6.7 t=3384s
  [250/500] NS(=O)(=O)c1ccc(CCCO)cc1... int=5 res=5 vina=-6.8 t=3766s
  [275/500] CC(=O)Nc1ccc(C(C)O)cc1... int=5 res=5 vina=-6.6 t=4138s
  [300/500] COC(=O)c1c(O)cc(Cl)cc1OC(C)=O... int=1 res=1 vina=-6.5 t=4517s
  [325/500] Nc1ccc(C(=O)OCCCC(=O)NCc2ccc(S(N)(=O)=O)... int=12 res=11 vina=-9.6 t=4906s
  [350/500] NS(=O)(=O)c1ccc(CNC(=O)CCCOC(=O)c2ccc(F)... int=11 res=10 vina=-9.4 t=5368s
  [375/500] COc1cc(CNC(=O)CCCCCC(=O)Nc2ccc(S(N)(=O)=... int=6 res=6 vina=-8.8 t=5856s
  [400/500] NC(CCCNC(=O)CCCCCC(=O)NCc1ccc(S(N)(=O)=O... int=12 res=10 vina=-8.8 t=6405s
  [425/500] NS(=O)(=O)c1ccc(NC(=O)CCC(=O)c2ccc(Br)cc... int=7 res=7 vina=-8.7 t=6972s
  [450/500] NC(CCCNC(=O)CCCCCC(=O)Nc1ccc(S(N)(=O)=O)... int=8 res=8 vina=-8.7 t=7495s
  [475/500] CC(=O)c1ccc(C(=O)OCCCC(=O)NCc2ccc(S(N)(=... int=7 res=7 vina=-9.1 t=8030s
  [500/500] COc1cc(NC(=O)CCCCCC(=O)NCc2ccc(S(N)(=O)=... int=11 res=11 vina=-8.7 t=8584s

Results → paper/experiments/results_v3/3EML/imgep_naive_seed2/results.json
Total: 8584s (17.2s/iter)
