============================================================
  Method: imgep_naive
  Target: 1EVE
  Seed: 1
  Iterations: 500
  Output: paper/experiments/results_v3/1EVE/imgep_naive_seed1
============================================================
Target: 1EVE (AChE, Hydrolase)
Pocket residues: 76
Behavior dim: 229
  [1/500] CC1(C)SC2C(NC(=O)Cc3ccccc3)C(=O)N2C1C(=O... int=9 res=9 vina=-10.3 t=13s
  [2/500] CC(C)Cc1ccc(C(C)C(=O)O)cc1... int=5 res=5 vina=-8.7 t=27s
  [3/500] CC(=O)Oc1ccccc1C(=O)O... int=5 res=5 vina=-7.3 t=43s
  [4/500] CC(=O)Nc1ccc(O)cc1... int=3 res=3 vina=-6.7 t=55s
  [5/500] OC(=O)c1ccccc1O... int=4 res=4 vina=-6.9 t=67s
  [25/500] COc1cc(C=CC(=O)O)ccc1O... int=5 res=5 vina=-7.9 t=378s
  [50/500] CC(N)c1ccc(CC(=O)NC2C(=O)N3C2SC(C)(C)C3C... int=11 res=11 vina=-11.5 t=826s
  [75/500] CCOC(=O)C1N2C(=O)C(NC(=O)Cc3ccc(C(C)=O)c... int=9 res=9 vina=-9.9 t=1263s
  [100/500] CCOC(=O)C1N2C(=O)C(NC(=O)COc3ccc(C(=O)NC... int=11 res=11 vina=-10.2 t=1705s
  [125/500] CCOC(=O)C1N2C(=O)C(NC(=O)COc3ccc(N4CCOCC... int=3 res=3 vina=-9.7 t=2163s
  [150/500] CCOC(=O)C1N2C(=O)C(NC(=O)COc3ccc(C(=O)CC... int=5 res=5 vina=-9.7 t=2625s
  [175/500] CCOC(=O)C1N2C(=O)C(NC(=O)COc3ccc(S(N)(=O... int=12 res=11 vina=-10.3 t=3105s
  [200/500] CCOC(=O)c1ccc(C(C)C)cc1O... int=8 res=8 vina=-8.2 t=3585s
  [225/500] CCOC(=O)C1N2C(=O)C(NC(=O)COc3ccc(NC(N)=S... int=9 res=9 vina=-9.9 t=4052s
  [250/500] CC(=O)Nc1ccc(CC(=O)NC2C(=O)N3C2SC(C)(C)C... int=7 res=7 vina=-11.0 t=4533s
  [275/500] CN(C)c1ccc(CC(=O)NC2C(=O)N3C2SC(C)(C)C3C... int=7 res=7 vina=-10.6 t=5006s
  [300/500] CC(=O)Oc1ccc(CC(=O)NC2C(=O)N3C2SC(C)(C)C... int=8 res=8 vina=-10.3 t=5468s
  [325/500] CCOC(=O)C1N2C(=O)C(NC(=O)COc3ccc(NC(C)=O... int=10 res=10 vina=-9.2 t=5946s
  [350/500] CCOC(=O)C1N2C(=O)C(NC(=O)COc3ccc(CC(N)=O... int=8 res=7 vina=-9.8 t=6423s
  [375/500] CCOC(=O)C1N2C(=O)C(NC(=O)Cc3ccc(NC(C)=O)... int=9 res=9 vina=-10.0 t=6929s
  [400/500] CCOC(=O)C1N2C(=O)C(NC(=O)COc3ccc(C(=O)c4... int=7 res=7 vina=-10.7 t=7451s
  [425/500] CC(=O)Oc1ccc(CC(=O)NC2C(=O)N3C2SC(C)(C)C... int=8 res=8 vina=-10.3 t=7912s
  [450/500] CC1(C)SC2C(NC(=O)Cc3ccc(Cl)cc3)C(=O)N2C1... int=8 res=8 vina=-10.6 t=8381s
  [475/500] CCOC(=O)C1N2C(=O)C(NC(=O)COc3ccc(CC(C)C)... int=7 res=7 vina=-9.9 t=8871s
  [500/500] CCOC(=O)C1N2C(=O)C(NC(=O)Cc3ccc(C(C)O)cc... int=8 res=8 vina=-10.6 t=9324s

Results → paper/experiments/results_v3/1EVE/imgep_naive_seed1/results.json
Total: 9324s (18.6s/iter)
