============================================================
  Method: ga
  Target: 1EVE
  Seed: 9
  Iterations: 500
  Output: paper/experiments/results_v3/1EVE/ga_seed9
============================================================
Target: 1EVE (AChE, Hydrolase)
Pocket residues: 76
Behavior dim: 229
  [1/500] CC1(C)SC2C(NC(=O)Cc3ccccc3)C(=O)N2C1C(=O... int=9 res=9 vina=-10.3 t=9s
  [2/500] CC(C)Cc1ccc(C(C)C(=O)O)cc1... int=5 res=5 vina=-8.7 t=20s
  [3/500] CC(=O)Oc1ccccc1C(=O)O... int=5 res=5 vina=-7.3 t=29s
  [4/500] CC(=O)Nc1ccc(O)cc1... int=3 res=3 vina=-6.7 t=39s
  [5/500] OC(=O)c1ccccc1O... int=4 res=4 vina=-6.9 t=50s
  [25/500] CCOC(=O)C1N2C(=O)C(NC(=O)Cc3ccc(C(N)=O)c... int=8 res=8 vina=-10.4 t=324s
  [50/500] CC1(C)SC2C(NC(=O)Cc3ccc(Cl)c(Cl)c3)C(=O)... int=5 res=5 vina=-10.8 t=710s
  [75/500] CC1(C)SC2C(NC(=O)Cc3ccc(Cl)cc3)C(=O)N2C1... int=8 res=8 vina=-10.6 t=1094s
  [100/500] CC1(C)SC2C(NC(=O)Cc3ccc(NC(N)=S)cc3)C(=O... int=9 res=9 vina=-10.5 t=1511s
  [125/500] CCOC(=O)C1N2C(=O)C(NC(=O)Cc3ccc(C(C)=O)c... int=9 res=9 vina=-9.9 t=1935s
  [150/500] CC(C)Cc1ccc(OCC(=O)NC2C(=O)N3C2SC(C)(C)C... int=7 res=7 vina=-10.7 t=2356s
  [175/500] CC(C(=O)O)c1ccc(CC(=O)NC2C(=O)N3C2SC(C)(... int=11 res=10 vina=-11.1 t=2817s
  [200/500] COc1ccc(CC(=O)NC2C(=O)N3C2SC(C)(C)C3C(=O... int=10 res=10 vina=-10.5 t=3261s
  [225/500] CC1(C)SC2C(NC(=O)COc3ccc(C(=N)N)cc3)C(=O... int=10 res=10 vina=-11.0 t=3687s
  [250/500] CCOC(=O)C1N2C(=O)C(NC(=O)COc3ccc(C(=N)N)... int=10 res=10 vina=-10.4 t=4124s
  [275/500] CCOC(=O)C1N2C(=O)C(NC(=O)Cc3ccc(NC(C)=O)... int=9 res=9 vina=-10.0 t=4579s
  [300/500] CC(C)(O)c1ccc(CC(=O)NC2C(=O)N3C2SC(C)(C)... int=11 res=11 vina=-10.9 t=5025s
  [325/500] CC(=O)Oc1ccc(CC(=O)NC2C(=O)N3C2SC(C)(C)C... int=8 res=8 vina=-10.3 t=5457s
  [350/500] CCOC(=O)C1N2C(=O)C(NC(=O)Cc3ccc(C(C)=O)c... int=9 res=9 vina=-9.9 t=5901s
  [375/500] CC(=O)c1ccc(CC(=O)NC2C(=O)N3C2SC(C)(C)C3... int=7 res=7 vina=-10.8 t=6329s
  [400/500] CC(=O)c1ccc(CC(=O)NC2C(=O)N3C2SC(C)(C)C3... int=7 res=7 vina=-10.8 t=6783s
  [425/500] CC(C(=O)O)c1ccc(CC(=O)NC2C(=O)N3C2SC(C)(... int=11 res=10 vina=-11.1 t=7233s
  [450/500] CC1(C)SC2C(NC(=O)Cc3ccc(S(=O)(=O)O)c([S-... int=10 res=10 vina=-11.3 t=7665s
  [475/500] CC1(C)SC2C(NC(=O)Cc3ccc(CCCO)cc3)C(=O)N2... int=9 res=9 vina=-9.4 t=8113s
  [500/500] CC(C)Cc1ccc(CC(=O)NC2C(=O)N3C2SC(C)(C)C3... int=8 res=8 vina=-10.8 t=8566s

Results → paper/experiments/results_v3/1EVE/ga_seed9/results.json
Total: 8566s (17.1s/iter)
