============================================================
  Method: imgep_naive
  Target: 3V8D
  Seed: 0
  Iterations: 500
  Output: paper/experiments/results_v3/3V8D/imgep_naive_seed0
============================================================
Target: 3V8D (Thrombin, Serine protease)
Pocket residues: 95
Behavior dim: 286
  [1/500] CC1(C)SC2C(NC(=O)Cc3ccccc3)C(=O)N2C1C(=O... int=10 res=9 vina=-9.1 t=24s
  [2/500] CC(C)Cc1ccc(C(C)C(=O)O)cc1... int=5 res=5 vina=-6.8 t=42s
  [3/500] CC(=O)Oc1ccccc1C(=O)O... int=8 res=6 vina=-6.8 t=58s
  [4/500] CC(=O)Nc1ccc(O)cc1... int=7 res=5 vina=-6.1 t=71s
  [5/500] OC(=O)c1ccccc1O... int=4 res=4 vina=-6.0 t=85s
  [25/500] CC1(C)SC2C(NC(=O)Cc3cccc(C=O)c3)C(=O)N2C... int=11 res=9 vina=-9.6 t=420s
  [50/500] CN(C)c1ccc(CC(=O)NC2C(=O)N3C2SC(C)(C)C3C... int=7 res=7 vina=-8.7 t=831s
  [75/500] CC1(C)SC2C(NC(=O)COc3ccc(C(=N)N)cc3)C(=O... int=8 res=8 vina=-8.7 t=1260s
  [100/500] CCOC(=O)C1N2C(=O)C(NC(=O)Cc3ccc(O)cc3)C2... int=8 res=7 vina=-8.3 t=1664s
  [125/500] CC(=O)c1ccc(OCC(=O)NC2C(=O)N3C2SC(C)(C)C... int=6 res=6 vina=-9.0 t=2090s
  [150/500] CC(O)c1cccc(CC(=O)NC2C(=O)N3C2SC(C)(C)C3... int=9 res=8 vina=-9.1 t=2501s
  [175/500] CC1(C)SC2C(NC(=O)COc3ccc(C(=N)N)cc3)C(=O... int=8 res=8 vina=-8.7 t=2924s
  [200/500] CC(=O)Oc1ccc(Cl)cc1C(=O)O... int=2 res=2 vina=-6.2 t=3338s
  [225/500] CC(N)Cc1cc(O)cc(CC(=O)NC2C(=O)N3C2SC(C)(... int=9 res=9 vina=-9.6 t=3781s
  [250/500] COc1ccc(CC(=O)NC2C(=O)N3C2SC(C)(C)C3C(=O... int=8 res=8 vina=-8.4 t=4200s
  [275/500] CC1(C)SC2C(NC(=O)Cc3cc(CCC(=O)O)cc(C(=O)... int=8 res=7 vina=-9.1 t=4610s
  [300/500] CC1(C)SC2C(NC(=O)COc3ccc(C(=N)N)cc3)C(=O... int=8 res=8 vina=-8.7 t=5030s
  [325/500] CCOC(=O)C1N2C(=O)C(NC(=O)Cc3cc(O)cc(O)c3... int=7 res=6 vina=-8.5 t=5451s
  [350/500] CCOC(=O)C1N2C(=O)C(NC(=O)Cc3ccc(O)c(O)c3... int=7 res=6 vina=-8.6 t=5880s
  [375/500] CCOC(=O)C1N2C(=O)C(NC(=O)COc3ccc(OC)cc3)... int=5 res=5 vina=-7.8 t=6308s
  [400/500] CC1(C)SC2C(NC(=O)COc3ccc(C(=N)N)cc3)C(=O... int=8 res=8 vina=-8.7 t=6757s
  [425/500] CC1(C)SC2C(NC(=O)COc3ccc(F)cc3)C(=O)N2C1... int=9 res=9 vina=-8.9 t=7202s
  [450/500] CC(=O)c1ccc(CC(=O)NC2C(=O)N3C2SC(C)(C)C3... int=10 res=10 vina=-9.4 t=7637s
  [475/500] CC(N)c1ccc(CC(=O)NC2C(=O)N3C2SC(C)(C)C3C... int=7 res=6 vina=-9.0 t=8079s
  [500/500] Cc1ccc(CC(=O)NC2C(=O)N3C2SC(C)(C)C3C(=O)... int=8 res=8 vina=-9.4 t=8549s

Results → paper/experiments/results_v3/3V8D/imgep_naive_seed0/results.json
Total: 8549s (17.1s/iter)
