============================================================
  Method: random
  Target: 4DFR
  Seed: 2
  Iterations: 500
  Output: paper/experiments/results_v3/4DFR/random_seed2
============================================================
Target: 4DFR (DHFR, Oxidoreductase)
Pocket residues: 55
Behavior dim: 166
  [1/500] CC1(C)SC2C(NC(=O)Cc3ccccc3)C(=O)N2C1C(=O... int=6 res=6 vina=-8.0 t=12s
  [2/500] CC(C)Cc1ccc(C(C)C(=O)O)cc1... int=6 res=5 vina=-7.4 t=22s
  [3/500] CC(=O)Oc1ccccc1C(=O)O... int=6 res=5 vina=-5.6 t=32s
  [4/500] CC(=O)Nc1ccc(O)cc1... int=2 res=2 vina=-5.7 t=42s
  [5/500] OC(=O)c1ccccc1O... int=4 res=4 vina=-5.8 t=51s
  [25/500] CC(C)(O)c1cccc(N)c1... int=6 res=5 vina=-5.7 t=296s
  [50/500] CC(=O)Nc1ccc(CC(=O)NC2C(=O)N3C2SC(C)(C)C... int=8 res=8 vina=-8.3 t=633s
  [75/500] CC(O)c1ccc(O)c(Cl)c1... int=3 res=2 vina=-5.5 t=965s
  [100/500] CC(O)c1cccc(CC(=O)NC2C(=O)N3C2SC(C)(C)C3... int=6 res=6 vina=-8.8 t=1348s
  [125/500] CCOC(=O)C1N2C(=O)C(NC(=O)Cc3ccc(Br)cc3)C... int=4 res=4 vina=-8.0 t=1725s
  [150/500] CC(C)(O)c1ccc(CC(=O)NC2C(=O)N3C2SC(C)(C)... int=8 res=8 vina=-8.5 t=2120s
  [175/500] COC(=O)c1ccc(Cl)cc1OC(C)=O... int=4 res=4 vina=-6.1 t=2512s
  [200/500] CCOC(=O)C1N2C(=O)C(NC(=O)COc3ccc(C(=N)N)... int=9 res=8 vina=-8.6 t=2870s
  [225/500] CC1(C)SC2C(NC(=O)Cc3ccc(Br)cc3)C(=O)N2C1... int=7 res=7 vina=-8.0 t=3243s
  [250/500] O=C(O)c1ccc(F)cc1O... int=4 res=4 vina=-6.0 t=3609s
  [275/500] CCOC(=O)C1N2C(=O)C(NC(=O)COc3ccc(C(=N)N)... int=9 res=8 vina=-8.6 t=4002s
  [300/500] CC(C)(O)c1cc(O)cc(Cl)c1... int=4 res=4 vina=-5.8 t=4366s
  [325/500] CCOC(=O)C1N2C(=O)C(NC(=O)Cc3ccc(Br)cc3)C... int=4 res=4 vina=-8.0 t=4763s
  [350/500] CCOC(=O)C1N2C(=O)C(NC(=O)Cc3ccc(F)cc3)C2... int=4 res=4 vina=-8.6 t=5154s
  [375/500] CC(N)Cc1ccc(O)c(Cl)c1... int=3 res=3 vina=-5.8 t=5538s
  [400/500] CC(C)(O)c1cc(N)cc(O)c1... int=5 res=5 vina=-5.8 t=5926s
  [425/500] CC1(C)SC2C(NC(=O)Cc3cccc(N)c3)C(=O)N2C1C... int=5 res=5 vina=-8.4 t=6281s
  [450/500] CCOC(=O)C1N2C(=O)C(NC(=O)Cc3ccc(Cl)c(Cl)... int=7 res=7 vina=-8.1 t=6645s
  [475/500] CC1(C)SC2C(NC(=O)Cc3ccc(CC(=O)O)cc3)C(=O... int=7 res=7 vina=-9.1 t=7041s
  [500/500] CC1(C)SC2C(NC(=O)Cc3cc(O)cc(O)c3)C(=O)N2... int=7 res=7 vina=-8.6 t=7419s

Results → paper/experiments/results_v3/4DFR/random_seed2/results.json
Total: 7419s (14.8s/iter)
