============================================================
  Method: imgep
  Target: 3V8D
  Seed: 0
  Iterations: 500
  Output: paper/experiments/results_v3/3V8D/imgep_seed0
============================================================
Target: 3V8D (Thrombin, Serine protease)
Pocket residues: 95
Behavior dim: 286
  [1/500] CC1(C)SC2C(NC(=O)Cc3ccccc3)C(=O)N2C1C(=O... int=10 res=9 vina=-9.1 t=15s
  [2/500] CC(C)Cc1ccc(C(C)C(=O)O)cc1... int=5 res=5 vina=-6.8 t=27s
  [3/500] CC(=O)Oc1ccccc1C(=O)O... int=8 res=6 vina=-6.8 t=41s
  [4/500] CC(=O)Nc1ccc(O)cc1... int=7 res=5 vina=-6.1 t=53s
  [5/500] OC(=O)c1ccccc1O... int=4 res=4 vina=-6.0 t=65s
  [25/500] COC(=O)c1ccc(OC)cc1... int=4 res=4 vina=-5.7 t=308s
  [50/500] CCCC(=O)Oc1cc(F)ccc1C(=O)O... int=9 res=7 vina=-7.2 t=625s
  [75/500] CC(C)(O)c1ccccc1... int=5 res=5 vina=-5.6 t=932s
  [100/500] N=C(N)NCCCC(N)C(=O)O... int=0 res=0 vina=-5.3 t=1238s
  [125/500] CC(O)c1ccc(C(=O)O)c(OC(=O)CCCCO)c1... int=8 res=7 vina=-6.8 t=1588s
  [150/500] COC(=O)c1ccc(C(C)O)cc1OC(=O)CCCCN... int=7 res=7 vina=-6.4 t=1919s
  [175/500] CC(N)c1ccccc1... int=8 res=8 vina=-5.7 t=2268s
  [200/500] COc1cc(CNC(=O)CCC(C)=O)ccc1OC(C)=O... int=4 res=4 vina=-7.1 t=2607s
  [225/500] NCCCCC(=O)Oc1cc(F)ccc1C(=O)O... int=9 res=7 vina=-7.2 t=2965s
  [250/500] CCOC(=O)c1c(O)cc(F)cc1OC(=O)CC(C)C(=O)O... int=9 res=9 vina=-7.1 t=3304s
  [275/500] CC(=O)Nc1ccc(Cl)cc1... int=5 res=4 vina=-6.1 t=3654s
  [300/500] COC(=O)c1ccc(F)cc1OC(=O)CCC(C)=O... int=7 res=6 vina=-6.9 t=4011s
  [325/500] O=CNc1ccc(CCC(=O)Oc2cc(F)ccc2C(=O)O)cc1... int=9 res=8 vina=-8.6 t=4392s
  [350/500] CC(=O)Oc1cc(N)ccc1O... int=7 res=7 vina=-6.2 t=4750s
  [375/500] COC(=O)c1ccc(CC(=O)NC2C(=O)N3C2SC(C)(C)C... int=6 res=6 vina=-8.9 t=5123s
  [400/500] CCCCC(=O)Oc1cc(Cl)ccc1C(=O)O... int=5 res=5 vina=-6.8 t=5505s
  [425/500] CC(=O)Oc1ccc(CCN)cc1O... int=4 res=4 vina=-6.4 t=5889s
  [450/500] CCOC(=O)c1cccc(OC(F)(F)F)c1... int=5 res=5 vina=-7.1 t=6248s
  [475/500] COC(=O)c1ccc(N)cc1... int=4 res=4 vina=-5.4 t=6623s
  [500/500] CCOC(=O)c1cc(OC)c(C(=O)OCC)c(OC(=O)CC(C)... int=8 res=8 vina=-6.7 t=7016s

Results → paper/experiments/results_v3/3V8D/imgep_seed0/results.json
Total: 7016s (14.0s/iter)
