============================================================
  Method: bo
  Target: 1ERE
  Seed: 3
  Iterations: 500
  Output: paper/experiments/results_v3/1ERE/bo_seed3
============================================================
Target: 1ERE (Estrogen Receptor α, Nuclear receptor)
Pocket residues: 71
Behavior dim: 214
  [1/500] CC1(C)SC2C(NC(=O)Cc3ccccc3)C(=O)N2C1C(=O... int=5 res=5 vina=-6.8 t=13s
  [2/500] CC(C)Cc1ccc(C(C)C(=O)O)cc1... int=6 res=6 vina=-7.4 t=26s
  [3/500] CC(=O)Oc1ccccc1C(=O)O... int=5 res=5 vina=-6.8 t=41s
  [4/500] CC(=O)Nc1ccc(O)cc1... int=5 res=5 vina=-6.1 t=56s
  [5/500] OC(=O)c1ccccc1O... int=5 res=5 vina=-6.2 t=70s
  [25/500] CC(C)Cc1ccc(C(C)(C)O)cc1... int=7 res=6 vina=-7.3 t=354s
  [50/500] COc1cc(O)cc(OC)c1OC... int=2 res=2 vina=-5.5 t=694s
  [75/500] Cn1c(=O)c2c(ncn2C)n(C)c1=O... int=0 res=0 vina=-5.7 t=1054s
  [100/500] COc1cc(C(=O)O)cc(OC)c1OC... int=2 res=2 vina=-6.2 t=1410s
  [125/500] COc1cc(O)cc(OC)c1OC... int=2 res=2 vina=-5.5 t=1775s
  [150/500] COc1cc(Cl)cc(OC(C)=O)c1OC... int=6 res=6 vina=-6.0 t=2130s
  [175/500] Cn1c(=O)c2c(ncn2C)n(C)c1=O... int=0 res=0 vina=-5.7 t=2507s
  [200/500] COc1cc(C(=O)O)cc(OC)c1OC... int=2 res=2 vina=-6.2 t=2884s
  [225/500] COc1cc(Cl)cc(OC(C)=O)c1OC... int=6 res=6 vina=-6.0 t=3276s
  [250/500] CC(C)Cc1ccc(C(C)C(=O)O)cc1... int=6 res=6 vina=-7.4 t=3664s
  [275/500] Cn1c(=O)c2c(ncn2C)n(C)c1=O... int=0 res=0 vina=-5.7 t=4043s
  [300/500] COc1cc(CCN)cc(OC)c1OC... int=3 res=3 vina=-6.2 t=4418s
  [325/500] Cn1c(=O)c2c(ncn2C)n(C)c1=O... int=0 res=0 vina=-5.7 t=4794s
  [350/500] COc1cc(CCN)cc(OC)c1OC... int=3 res=3 vina=-6.2 t=5181s
  [375/500] COc1cc(O)cc(OC)c1OC... int=2 res=2 vina=-5.5 t=5586s
  [400/500] COc1cc(C(=O)O)cc(OC)c1OC... int=2 res=2 vina=-6.2 t=5999s
  [425/500] Cn1c(=O)c2c(ncn2C)n(C)c1=O... int=0 res=0 vina=-5.7 t=6425s
  [450/500] Cn1c(=O)c2c(ncn2C)n(C)c1=O... int=0 res=0 vina=-5.7 t=6856s
  [475/500] Cn1c(=O)c2c(ncn2C)n(C)c1=O... int=0 res=0 vina=-5.7 t=7322s
  [500/500] Cn1c(=O)c2c(ncn2C)n(C)c1=O... int=0 res=0 vina=-5.7 t=7808s

Results → paper/experiments/results_v3/1ERE/bo_seed3/results.json
Total: 7808s (15.6s/iter)
