============================================================
  Method: ga
  Target: 3V8D
  Seed: 2
  Iterations: 500
  Output: paper/experiments/results_v3/3V8D/ga_seed2
============================================================
Target: 3V8D (Thrombin, Serine protease)
Pocket residues: 95
Behavior dim: 286
  [1/500] CC1(C)SC2C(NC(=O)Cc3ccccc3)C(=O)N2C1C(=O... int=10 res=9 vina=-9.1 t=16s
  [2/500] CC(C)Cc1ccc(C(C)C(=O)O)cc1... int=5 res=5 vina=-6.8 t=28s
  [3/500] CC(=O)Oc1ccccc1C(=O)O... int=8 res=6 vina=-6.8 t=43s
  [4/500] CC(=O)Nc1ccc(O)cc1... int=7 res=5 vina=-6.1 t=56s
  [5/500] OC(=O)c1ccccc1O... int=4 res=4 vina=-6.0 t=72s
  [25/500] CC1(C)SC2C(NC(=O)Cc3cccc(Cl)c3)C(=O)N2C1... int=8 res=8 vina=-8.7 t=415s
  [50/500] CC1(C)SC2C(NC(=O)Cc3cccc(C=O)c3)C(=O)N2C... int=11 res=9 vina=-9.6 t=826s
  [75/500] CC(N)c1ccc(CC(=O)NC2C(=O)N3C2SC(C)(C)C3C... int=7 res=6 vina=-9.0 t=1255s
  [100/500] CC1(C)SC2C(NC(=O)Cc3ccc(S(N)(=O)=O)cc3)C... int=6 res=6 vina=-8.9 t=1671s
  [125/500] CC1(C)SC2C(NC(=O)Cc3ccc(S(=O)(=O)O)cc3)C... int=5 res=5 vina=-9.0 t=2101s
  [150/500] CC(=O)Nc1ccc(CC(=O)NC2C(=O)N3C2SC(C)(C)C... int=8 res=8 vina=-9.4 t=2512s
  [175/500] CC(=O)c1cc(CC(=O)NC2C(=O)N3C2SC(C)(C)C3C... int=8 res=8 vina=-9.1 t=2925s
  [200/500] CC(=O)Oc1ccc(CC(=O)NC2C(=O)N3C2SC(C)(C)C... int=6 res=6 vina=-8.8 t=3344s
  [225/500] CC1(C)SC2C(NC(=O)Cc3ccc(S(N)(=O)=O)cc3)C... int=6 res=6 vina=-8.9 t=3751s
  [250/500] CCCC(=O)Oc1cc(CC(=O)NC2C(=O)N3C2SC(C)(C)... int=9 res=7 vina=-9.3 t=4156s
  [275/500] CC1(C)SC2C(NC(=O)Cc3ccc(C=Cc4ccccc4)cc3)... int=11 res=10 vina=-10.5 t=4562s
  [300/500] COc1ccc(CC(=O)NC2C(=O)N3C2SC(C)(C)C3C(=O... int=4 res=4 vina=-8.9 t=4968s
  [325/500] CC1(C)SC2C(NC(=O)Cc3ccc(-c4nnc(-c5ccc(N)... int=11 res=11 vina=-11.0 t=5390s
  [350/500] CCOC(=O)C(N)Cc1ccc(CC(=O)NC2C(=O)N3C2SC(... int=9 res=9 vina=-9.2 t=5827s
  [375/500] CC1(C)SC2C(NC(=O)Cc3ccc(C=Cc4cccc(F)c4)c... int=7 res=7 vina=-10.4 t=6264s
  [400/500] CC1(C)SC2C(NC(=O)Cc3cccc(F)c3)C(=O)N2C1C... int=4 res=4 vina=-9.1 t=6716s
  [425/500] CCOC(=O)C1N2C(=O)C(NC(=O)Cc3ccc(OCC(O)CN... int=7 res=6 vina=-9.2 t=7191s
  [450/500] CCOC(=O)C1N2C(=O)C(NC(=O)Cc3ccc(N4CCOCC4... int=6 res=5 vina=-8.7 t=7693s
  [475/500] CC1(C)SC2C(NC(=O)Cc3ccc(NC(=O)c4ccc(O)cc... int=9 res=8 vina=-10.1 t=8202s
  [500/500] CC(=O)N1CCN(c2ccc(CC(=O)NC3C(=O)N4C3SC(C... int=8 res=8 vina=-9.3 t=8733s

Results → paper/experiments/results_v3/3V8D/ga_seed2/results.json
Total: 8733s (17.5s/iter)
