============================================================
  Method: random
  Target: 1ERE
  Seed: 3
  Iterations: 500
  Output: paper/experiments/results_v3/1ERE/random_seed3
============================================================
Target: 1ERE (Estrogen Receptor α, Nuclear receptor)
Pocket residues: 71
Behavior dim: 214
  [1/500] CC1(C)SC2C(NC(=O)Cc3ccccc3)C(=O)N2C1C(=O... int=5 res=5 vina=-6.8 t=10s
  [2/500] CC(C)Cc1ccc(C(C)C(=O)O)cc1... int=6 res=6 vina=-7.4 t=18s
  [3/500] CC(=O)Oc1ccccc1C(=O)O... int=5 res=5 vina=-6.8 t=29s
  [4/500] CC(=O)Nc1ccc(O)cc1... int=5 res=5 vina=-6.1 t=39s
  [5/500] OC(=O)c1ccccc1O... int=5 res=5 vina=-6.2 t=47s
  [25/500] CC1(C)SC2C(NC(=O)Cc3cccc(O)c3)C(=O)N2C1C... int=9 res=8 vina=-8.9 t=247s
  [50/500] CC1(C)SC2C(NC(=O)Cc3cccc(C=O)c3)C(=O)N2C... int=5 res=5 vina=-6.0 t=540s
  [75/500] COc1cc(CNC(=O)c2ccc(F)cc2)ccc1O... int=7 res=7 vina=-8.4 t=831s
  [100/500] CC(C(=O)O)c1ccc(CC(N)=O)cc1... int=7 res=7 vina=-7.4 t=1158s
  [125/500] CC1=NC(c2ccc(C(C)(C)O)cc2)C(=O)N1... int=9 res=8 vina=-7.7 t=1457s
  [150/500] COc1cc(CNC(=O)c2ccc(CC(C)C)cc2)ccc1O... int=7 res=6 vina=-4.3 t=1793s
  [175/500] CC(=O)N1CCN(c2ccc(O)cc2)CC1... int=5 res=5 vina=-7.8 t=2126s
  [200/500] CC(O)c1ccc(O)c(O)c1... int=2 res=1 vina=-6.3 t=2468s
  [225/500] CCOC(=O)c1cc(C(C)O)ccc1OC(C)=O... int=7 res=7 vina=-7.2 t=2803s
  [250/500] CC(C)Cc1ccc(OCC(=O)NC2CCCCC2)cc1... int=8 res=8 vina=-8.0 t=3149s
  [275/500] CC(C)CC(N)C(=O)O... int=0 res=0 vina=-5.3 t=3497s
  [300/500] O=C(O)C=Cc1ccc(OC(=O)CCCO)c(C(=O)O)c1... int=9 res=8 vina=-8.3 t=3862s
  [325/500] O=C(O)c1cccc(OC(F)(F)F)c1... int=3 res=3 vina=-7.0 t=4221s
  [350/500] CC(C)Cc1ccc(C(C)C(=O)O)cc1... int=6 res=6 vina=-7.4 t=4629s
  [375/500] CCCCC(=O)Oc1c(OC)cc(NC=O)cc1C(=O)O... int=9 res=9 vina=-7.4 t=4993s
  [400/500] CCCC(=O)Oc1ccc(O)cc1C(=O)O... int=6 res=6 vina=-7.3 t=5330s
  [425/500] COC(=O)c1cc(N)ccc1OC(=O)CCCC(=O)O... int=8 res=8 vina=-8.0 t=5702s
  [450/500] CCOC(=O)c1cc(C=O)ccc1OC(C)=O... int=8 res=8 vina=-6.7 t=6064s
  [475/500] CC(=O)Nc1ccc(C(=O)NCCN2CCOCC2)cc1... int=5 res=4 vina=-7.0 t=6440s
  [500/500] NC(Cc1c[nH]c2ccccc12)C(=O)O... int=0 res=0 vina=-7.8 t=6806s

Results → paper/experiments/results_v3/1ERE/random_seed3/results.json
Total: 6806s (13.6s/iter)
