============================================================
  Method: imgep
  Target: 3PJC
  Seed: 7
  Iterations: 500
  Output: paper/experiments/results_v3/3PJC/imgep_seed7
============================================================
Target: 3PJC (CDK2, Kinase)
Pocket residues: 60
Behavior dim: 181
  [1/500] CC1(C)SC2C(NC(=O)Cc3ccccc3)C(=O)N2C1C(=O... int=5 res=5 vina=-8.6 t=18s
  [2/500] CC(C)Cc1ccc(C(C)C(=O)O)cc1... int=8 res=8 vina=-7.7 t=35s
  [3/500] CC(=O)Oc1ccccc1C(=O)O... int=7 res=7 vina=-6.7 t=54s
  [4/500] CC(=O)Nc1ccc(O)cc1... int=9 res=9 vina=-6.2 t=69s
  [5/500] OC(=O)c1ccccc1O... int=6 res=6 vina=-6.1 t=84s
  [25/500] CSCC(N)C(=O)O... int=5 res=4 vina=-4.6 t=437s
  [50/500] CC(=O)Oc1cc(Cl)ccc1C(=O)O... int=7 res=7 vina=-7.0 t=876s
  [75/500] O=C(O)c1cc(-c2nn[nH]n2)ccc1O... int=6 res=5 vina=-8.0 t=1314s
  [100/500] COc1cc(NC(=O)CCCCO)ccc1C... int=10 res=8 vina=-7.5 t=1769s
  [125/500] CC(N)Cc1ccc(C(C)C(=O)O)cc1... int=9 res=8 vina=-7.8 t=2219s
  [150/500] CC(=O)CCC(=O)Oc1cc(OC(F)(F)F)ccc1C(=O)O... int=6 res=6 vina=-8.0 t=2662s
  [175/500] Oc1ccc(-c2nn[nH]n2)cc1O... int=7 res=7 vina=-7.4 t=3077s
  [200/500] CC(C(=O)O)c1ccc2cc(O)ccc2c1... int=7 res=6 vina=-8.6 t=3516s
  [225/500] CCOC(=O)c1cc(CC(C)N)ccc1O... int=6 res=6 vina=-7.0 t=3964s
  [250/500] CC(C)(O)c1ccc(C=NO)cc1... int=6 res=6 vina=-7.1 t=4424s
  [275/500] CC(C)NC(CCc1ccc(C(N)=O)cc1)C(=O)OCCO... int=10 res=9 vina=-8.1 t=4869s
  [300/500] CCOC(=O)C1N2C(=O)C(NC(=O)Cc3ccc(Br)cc3)C... int=7 res=7 vina=-8.2 t=5319s
  [325/500] COC(=O)c1ccc(C(C)C(=O)O)cc1... int=4 res=4 vina=-7.0 t=5790s
  [350/500] CCOC(=O)C1N2C(=O)C(NC(=O)Cc3ccc(C(=N)N)c... int=8 res=7 vina=-9.1 t=6233s
  [375/500] CC1(C)SC2C(NC(=O)Cc3ccc(C(=N)N)cc3)C(=O)... int=9 res=8 vina=-9.6 t=6680s
  [400/500] CCC(C)C(N)C(=O)O... int=0 res=0 vina=-5.4 t=7120s
  [425/500] CCOC(=O)c1cc(C(C)C)ccc1OC... int=7 res=6 vina=-6.8 t=7546s
  [450/500] COc1cc(C(=O)O)ccc1O... int=8 res=7 vina=-6.6 t=7991s
  [475/500] CC(O)c1ccc2cc(O)ccc2c1... int=6 res=5 vina=-8.0 t=8428s
  [500/500] CC(O)c1cc(O)cc(-c2ccc(CCC(=O)O)cc2)c1... int=8 res=8 vina=-9.5 t=8868s

Results → paper/experiments/results_v3/3PJC/imgep_seed7/results.json
Total: 8868s (17.7s/iter)
