============================================================
  Method: bo
  Target: 3EML
  Seed: 4
  Iterations: 500
  Output: paper/experiments/results_v3/3EML/bo_seed4
============================================================
Target: 3EML (EGFR, Kinase)
Pocket residues: 65
Behavior dim: 196
  [1/500] CC1(C)SC2C(NC(=O)Cc3ccccc3)C(=O)N2C1C(=O... int=5 res=5 vina=-8.5 t=12s
  [2/500] CC(C)Cc1ccc(C(C)C(=O)O)cc1... int=6 res=6 vina=-7.7 t=25s
  [3/500] CC(=O)Oc1ccccc1C(=O)O... int=8 res=8 vina=-6.3 t=39s
  [4/500] CC(=O)Nc1ccc(O)cc1... int=5 res=5 vina=-6.1 t=53s
  [5/500] OC(=O)c1ccccc1O... int=4 res=4 vina=-5.9 t=68s
  [25/500] CC(C)Cc1ccc(C(C)C(=O)O)cc1... int=6 res=6 vina=-7.7 t=359s
  [50/500] Oc1cc(Cl)cc(-c2nn[nH]n2)c1... int=7 res=7 vina=-7.0 t=700s
  [75/500] NC(Cc1ccc(O)cc1)C(=O)O... int=0 res=0 vina=-6.8 t=1044s
  [100/500] NC(Cc1c[nH]c2ccccc12)C(=O)O... int=0 res=0 vina=-7.8 t=1386s
  [125/500] Clc1cccc(-c2nn[nH]n2)c1... int=3 res=3 vina=-6.8 t=1756s
  [150/500] CC(C)c1ccc(O)c(Cl)c1... int=4 res=4 vina=-6.6 t=2095s
  [175/500] Oc1cc(Cl)cc(-c2nn[nH]n2)c1... int=7 res=7 vina=-7.0 t=2469s
  [200/500] Oc1cc(Cl)cc(-c2nn[nH]n2)c1... int=7 res=7 vina=-7.0 t=2838s
  [225/500] NC(Cc1c[nH]c2ccccc12)C(=O)O... int=0 res=0 vina=-7.8 t=3221s
  [250/500] O=C(O)c1cc(Cl)cc(Cl)c1... int=2 res=2 vina=-6.2 t=3608s
  [275/500] CC(CS)C(=O)N1CCCC1C(=O)O... int=4 res=4 vina=-5.6 t=3998s
  [300/500] N=C(N)NCCCC(N)C(=O)O... int=0 res=0 vina=-5.5 t=4389s
  [325/500] CC(C)Cc1ccc(C(C)C(=O)O)cc1... int=6 res=6 vina=-7.7 t=4778s
  [350/500] COc1cc(C=CC(=O)O)ccc1O... int=3 res=3 vina=-6.8 t=5173s
  [375/500] COc1cc(C=CC(=O)O)ccc1O... int=3 res=3 vina=-6.8 t=5583s
  [400/500] COc1cc(C=CC(=O)O)ccc1O... int=3 res=3 vina=-6.8 t=5997s
  [425/500] O=C(O)c1cccc(OC(F)(F)F)c1... int=3 res=3 vina=-7.0 t=6405s
  [450/500] CC(CS)C(=O)N1CCCC1C(=O)O... int=4 res=4 vina=-5.6 t=6836s
  [475/500] CC(C)Cc1ccc(C(C)C(=O)O)cc1... int=6 res=6 vina=-7.7 t=7274s
  [500/500] Oc1cc(Cl)cc(-c2nn[nH]n2)c1... int=7 res=7 vina=-7.0 t=7746s

Results → paper/experiments/results_v3/3EML/bo_seed4/results.json
Total: 7746s (15.5s/iter)
