============================================================
  Method: imgep
  Target: 3EML
  Seed: 2
  Iterations: 500
  Output: paper/experiments/results_v3/3EML/imgep_seed2
============================================================
Target: 3EML (EGFR, Kinase)
Pocket residues: 65
Behavior dim: 196
  [1/500] CC1(C)SC2C(NC(=O)Cc3ccccc3)C(=O)N2C1C(=O... int=5 res=5 vina=-8.5 t=14s
  [2/500] CC(C)Cc1ccc(C(C)C(=O)O)cc1... int=6 res=6 vina=-7.7 t=28s
  [3/500] CC(=O)Oc1ccccc1C(=O)O... int=8 res=8 vina=-6.3 t=40s
  [4/500] CC(=O)Nc1ccc(O)cc1... int=5 res=5 vina=-6.1 t=52s
  [5/500] OC(=O)c1ccccc1O... int=4 res=4 vina=-5.9 t=65s
  [25/500] CC(=O)Nc1ccc(O)c(Cl)c1... int=5 res=5 vina=-6.4 t=373s
  [50/500] CC(O)c1ccc(OCC(=O)NC2C(=O)N3C2SC(C)(C)C3... int=9 res=9 vina=-8.7 t=770s
  [75/500] CC(N)c1ccc(O)c(O)c1... int=4 res=4 vina=-6.5 t=1147s
  [100/500] CCOC(=O)c1cc(F)ccc1OC(C)=O... int=3 res=3 vina=-6.4 t=1527s
  [125/500] CC(C)Cc1ccc(CC(=O)NC2C(=O)N3C2SC(C)(C)C3... int=10 res=8 vina=-10.0 t=1928s
  [150/500] CCOC(=O)C1N2C(=O)C(NC(=O)Cc3ccc(N)cc3)C2... int=5 res=5 vina=-8.7 t=2304s
  [175/500] CC(=O)Oc1cc(CC(C)N)cc(O)c1C(=O)O... int=6 res=6 vina=-7.6 t=2692s
  [200/500] COC(=O)c1ccc(CC(=O)NC2C(=O)N3C2SC(C)(C)C... int=9 res=6 vina=-9.1 t=3078s
  [225/500] COC(=O)c1ccc(C=O)cc1OC(C)=O... int=3 res=3 vina=-6.7 t=3469s
  [250/500] CCOC(=O)C1N2C(=O)C(NC(=O)Cc3ccc(CCCO)cc3... int=5 res=5 vina=-8.7 t=3869s
  [275/500] CC(=O)Oc1cc(CC(C)N)ccc1C(=O)O... int=8 res=8 vina=-7.5 t=4295s
  [300/500] CCOC(=O)C1N2C(=O)C(NC(=O)Cc3ccc(OC)cc3)C... int=9 res=6 vina=-8.3 t=4690s
  [325/500] CCOC(=O)c1cc(C(C)O)ccc1OC(C)=O... int=6 res=5 vina=-7.0 t=5099s
  [350/500] CC(C)(O)c1cc(CCN)cc(-c2ccc(O)c(Cl)c2)c1... int=8 res=7 vina=-10.0 t=5523s
  [375/500] CCCC(=O)Oc1ccc(N)cc1C(=O)OCC... int=8 res=8 vina=-6.9 t=5921s
  [400/500] CC(C)Cc1ccc(C(=N)N)cc1... int=7 res=7 vina=-7.4 t=6344s
  [425/500] CC(=O)Oc1cc(CCC(=O)O)cc(O)c1C(=O)O... int=7 res=7 vina=-7.7 t=6761s
  [450/500] COc1cc(CC(C)N)cc(OC(C)=O)c1C(=O)O... int=8 res=7 vina=-7.3 t=7145s
  [475/500] CC(O)c1cc(O)cc(-c2ccc(O)cc2)c1... int=8 res=8 vina=-9.4 t=7558s
  [500/500] CC1(C)SC2C(NC(=O)Cc3ccc(Br)cc3)C(=O)N2C1... int=5 res=5 vina=-8.9 t=7972s

Results → paper/experiments/results_v3/3EML/imgep_seed2/results.json
Total: 7972s (15.9s/iter)
