============================================================
  Method: bo
  Target: 3V8D
  Seed: 2
  Iterations: 500
  Output: paper/experiments/results_v3/3V8D/bo_seed2
============================================================
Target: 3V8D (Thrombin, Serine protease)
Pocket residues: 95
Behavior dim: 286
  [1/500] CC1(C)SC2C(NC(=O)Cc3ccccc3)C(=O)N2C1C(=O... int=10 res=9 vina=-9.1 t=14s
  [2/500] CC(C)Cc1ccc(C(C)C(=O)O)cc1... int=5 res=5 vina=-6.8 t=29s
  [3/500] CC(=O)Oc1ccccc1C(=O)O... int=8 res=6 vina=-6.8 t=42s
  [4/500] CC(=O)Nc1ccc(O)cc1... int=7 res=5 vina=-6.1 t=57s
  [5/500] OC(=O)c1ccccc1O... int=4 res=4 vina=-6.0 t=71s
  [25/500] COc1cc(C=O)ccc1O... int=3 res=3 vina=-5.8 t=325s
  [50/500] CC(=O)Nc1ccc(O)cc1... int=7 res=5 vina=-6.1 t=651s
  [75/500] CCCC(=O)Oc1cc(C=O)cc(O)c1C(=O)O... int=7 res=6 vina=-6.8 t=1010s
  [100/500] CCOC(=O)C1CCCN1C(=O)C(C)CS... int=9 res=9 vina=-5.6 t=1384s
  [125/500] CCOC(=O)C1CCCN1C(=O)C(C)CS... int=9 res=9 vina=-5.6 t=1770s
  [150/500] CC(CC(=O)NO)C(=O)N1CCCC1C(=O)OCCO... int=5 res=5 vina=-6.7 t=2170s
  [175/500] CC(CC(=O)NO)C(=O)N1CCCC1C(=O)OCCO... int=5 res=5 vina=-6.7 t=2581s
  [200/500] CC(CC(=O)NO)C(=O)N1CCCC1C(=O)OCCO... int=5 res=5 vina=-6.7 t=3003s
  [225/500] CC(CS)C(=O)N1CCCC1C(=O)OCCO... int=7 res=6 vina=-5.5 t=3407s
  [250/500] CCOC(=O)C1CCCN1C(=O)C(C)CC(N)=O... int=8 res=8 vina=-6.0 t=3813s
  [275/500] CC(CC(N)=O)C(=O)N1CCCC1C(=O)OCCO... int=8 res=8 vina=-6.3 t=4224s
  [300/500] NC(=O)CC(N)C(=O)O... int=0 res=0 vina=-4.9 t=4628s
  [325/500] Nc1ccc(S(N)(=O)=O)cc1... int=4 res=3 vina=-5.8 t=4969s
  [350/500] O=CNc1cc(Cl)cc(C(=O)O)c1... int=5 res=5 vina=-6.4 t=5330s
  [375/500] CC(C(=O)O)c1ccc(NC=O)cc1... int=7 res=7 vina=-6.5 t=5694s
  [400/500] NC(=O)Cc1ccc(NC=O)cc1... int=4 res=4 vina=-6.1 t=6060s
  [425/500] O=CNc1ccc(N2CCOCC2)cc1... int=2 res=2 vina=-6.1 t=6452s
  [450/500] CC(=O)Nc1ccc(S(N)(=O)=O)cc1... int=3 res=3 vina=-6.2 t=6860s
  [475/500] CC(=O)Oc1ccc(NC=O)cc1... int=4 res=3 vina=-5.9 t=7279s
  [500/500] NC(=O)c1ccc(NC=O)cc1... int=4 res=3 vina=-6.1 t=7737s

Results → paper/experiments/results_v3/3V8D/bo_seed2/results.json
Total: 7737s (15.5s/iter)
