============================================================
  Method: imgep
  Target: 4MNE
  Seed: 1
  Iterations: 500
  Output: paper/experiments/results_v3/4MNE/imgep_seed1
============================================================
Target: 4MNE (BRAF, Kinase)
Pocket residues: 68
Behavior dim: 205
  [1/500] CC1(C)SC2C(NC(=O)Cc3ccccc3)C(=O)N2C1C(=O... int=5 res=5 vina=-7.8 t=20s
  [2/500] CC(C)Cc1ccc(C(C)C(=O)O)cc1... int=8 res=8 vina=-7.8 t=35s
  [3/500] CC(=O)Oc1ccccc1C(=O)O... int=4 res=4 vina=-6.1 t=52s
  [4/500] CC(=O)Nc1ccc(O)cc1... int=8 res=6 vina=-6.2 t=68s
  [5/500] OC(=O)c1ccccc1O... int=8 res=6 vina=-6.2 t=86s
  [25/500] CN(C)c1ccc(CC(=O)NC2C(=O)N3C2SC(C)(C)C3C... int=4 res=4 vina=-7.8 t=500s
  [50/500] CCCC(=O)Oc1ccc(C=O)cc1C(=O)O... int=8 res=7 vina=-7.0 t=1040s
  [75/500] CCCC(=O)Oc1ccc(C(=O)OC)cc1C(=O)OCC... int=8 res=7 vina=-6.8 t=1545s
  [100/500] CC1(C)SC2C(NC(=O)Cc3ccc(N)cc3)C(=O)N2C1C... int=5 res=5 vina=-7.4 t=2028s
  [125/500] COc1ccc(CCC(=O)O)cc1OC... int=3 res=3 vina=-6.3 t=2487s
  [150/500] CCCCC(=O)Oc1cc(O)ccc1C(=O)O... int=9 res=8 vina=-7.5 t=2942s
  [175/500] CC(=O)Nc1ccc(CC(C)C)cc1... int=8 res=7 vina=-7.3 t=3399s
  [200/500] CC1(C)SC2C(NC(=O)Cc3ccc(C(=N)N)cc3)C(=O)... int=6 res=6 vina=-7.5 t=3852s
  [225/500] CC1(C)SC2C(NC(=O)Cc3ccc(C=Cc4ccccc4)cc3)... int=5 res=5 vina=-10.2 t=4295s
  [250/500] COc1ccc(C=O)cc1OC... int=3 res=3 vina=-5.2 t=4739s
  [275/500] CC1(C)SC2C(NC(=O)Cc3ccc(CC(N)C(=O)O)cc3)... int=9 res=7 vina=-8.9 t=5226s
  [300/500] CC1(C)SC2C(NC(=O)Cc3ccc(CC(=O)NO)cc3)C(=... int=8 res=8 vina=-9.0 t=5683s
  [325/500] COc1ccc(N)cc1C(=O)O... int=5 res=4 vina=-5.1 t=6147s
  [350/500] CN(C)c1ccc(CC(=O)NC2C(=O)N3C2SC(C)(C)C3C... int=4 res=4 vina=-7.8 t=6623s
  [375/500] COC(=O)c1ccc(OCC(=O)NC2C(=O)N3C2SC(C)(C)... int=2 res=2 vina=-7.8 t=7090s
  [400/500] CC(N)c1ccc(CC(=O)NC2C(=O)N3C2SC(C)(C)C3C... int=8 res=8 vina=-8.1 t=7539s
  [425/500] CC1(C)SC2C(NC(=O)COc3ccc(Br)cc3)C(=O)N2C... int=6 res=6 vina=-8.1 t=7970s
  [450/500] CC1(C)SC2C(NC(=O)COc3ccc(Cl)cc3)C(=O)N2C... int=4 res=4 vina=-8.4 t=8437s
  [475/500] CCOC(=O)C1N2C(=O)C(NC(=O)Cc3ccc(C(O)c4cc... int=6 res=6 vina=-8.9 t=8904s
  [500/500] NC(=O)Cc1ccc(O)c(Cl)c1... int=4 res=4 vina=-6.7 t=9343s

Results → paper/experiments/results_v3/4MNE/imgep_seed1/results.json
Total: 9343s (18.7s/iter)
