============================================================
  Method: ga
  Target: 3V8D
  Seed: 6
  Iterations: 500
  Output: paper/experiments/results_v3/3V8D/ga_seed6
============================================================
Target: 3V8D (Thrombin, Serine protease)
Pocket residues: 95
Behavior dim: 286
  [1/500] CC1(C)SC2C(NC(=O)Cc3ccccc3)C(=O)N2C1C(=O... int=10 res=9 vina=-9.1 t=16s
  [2/500] CC(C)Cc1ccc(C(C)C(=O)O)cc1... int=5 res=5 vina=-6.8 t=30s
  [3/500] CC(=O)Oc1ccccc1C(=O)O... int=8 res=6 vina=-6.8 t=43s
  [4/500] CC(=O)Nc1ccc(O)cc1... int=7 res=5 vina=-6.1 t=53s
  [5/500] OC(=O)c1ccccc1O... int=4 res=4 vina=-6.0 t=66s
  [25/500] COc1cc(CC(=O)NC2C(=O)N3C2SC(C)(C)C3C(=O)... int=6 res=6 vina=-8.9 t=431s
  [50/500] CC1(C)SC2C(NC(=O)Cc3cc(Cl)cc(OC(F)(F)F)c... int=10 res=10 vina=-9.3 t=866s
  [75/500] CC(=O)Nc1ccc(-c2cc(O)cc(CC(=O)NC3C(=O)N4... int=8 res=8 vina=-10.7 t=1341s
  [100/500] COC(=O)c1cc(CC(=O)NC2C(=O)N3C2SC(C)(C)C3... int=5 res=5 vina=-9.2 t=1794s
  [125/500] CC1(C)SC2C(NC(=O)Cc3cc(Cl)cc(-c4cc(F)cc(... int=6 res=6 vina=-10.4 t=2237s
  [150/500] CC(=O)Nc1ccc(-c2cc(O)cc(CC(=O)NC3C(=O)N4... int=8 res=8 vina=-10.7 t=2697s
  [175/500] CC1(C)SC2C(NC(=O)Cc3cc(O)cc(-c4cc(O)cc(F... int=7 res=6 vina=-10.4 t=3159s
  [200/500] CC(=O)Oc1cc(Cl)cc(CC(=O)NC2C(=O)N3C2SC(C... int=7 res=7 vina=-8.8 t=3604s
  [225/500] CC1(C)SC2C(NC(=O)Cc3cc(O)cc(-c4cc(O)cc(C... int=8 res=7 vina=-10.3 t=4068s
  [250/500] CCOC(=O)C1N2C(=O)C(NC(=O)Cc3cccc(OC(F)(F... int=10 res=10 vina=-8.7 t=4533s
  [275/500] CCOC(=O)C1N2C(=O)C(NC(=O)Cc3cc(O)cc(-c4c... int=9 res=7 vina=-10.2 t=4994s
  [300/500] CC(=O)Oc1ccc(-c2cccc(CC(=O)NC3C(=O)N4C3S... int=10 res=10 vina=-10.3 t=5522s
  [325/500] COc1cc(C=O)cc(-c2cccc(CC(=O)NC3C(=O)N4C3... int=6 res=6 vina=-10.1 t=6055s
  [350/500] COC(=O)c1ccc(-c2cccc(CC(=O)NC3C(=O)N4C3S... int=7 res=7 vina=-10.3 t=6588s
  [375/500] CC1(C)SC2C(NC(=O)Cc3cccc(-c4cc(O)cc(CCCO... int=12 res=11 vina=-10.4 t=7165s
  [400/500] CC1(C)SC2C(NC(=O)Cc3cccc(-c4ccc(Br)cc4)c... int=13 res=13 vina=-10.0 t=7712s
  [425/500] COc1cc(Cl)cc(-c2cccc(CC(=O)NC3C(=O)N4C3S... int=6 res=6 vina=-10.8 t=8264s
  [450/500] CC1(C)SC2C(NC(=O)Cc3cccc(NC(=O)CCCCCC(=O... int=12 res=11 vina=-9.8 t=8866s
  [475/500] CC(C)(O)c1ccc(-c2cc(O)cc(CC(=O)NC3C(=O)N... int=11 res=10 vina=-10.7 t=9422s
  [500/500] COc1ccc(-c2cc(O)cc(CC(=O)NC3C(=O)N4C3SC(... int=9 res=8 vina=-10.1 t=9960s

Results → paper/experiments/results_v3/3V8D/ga_seed6/results.json
Total: 9960s (19.9s/iter)
