============================================================
  Method: ga
  Target: 4DFR
  Seed: 3
  Iterations: 500
  Output: paper/experiments/results_v3/4DFR/ga_seed3
============================================================
Target: 4DFR (DHFR, Oxidoreductase)
Pocket residues: 55
Behavior dim: 166
  [1/500] CC1(C)SC2C(NC(=O)Cc3ccccc3)C(=O)N2C1C(=O... int=6 res=6 vina=-8.0 t=16s
  [2/500] CC(C)Cc1ccc(C(C)C(=O)O)cc1... int=6 res=5 vina=-7.4 t=32s
  [3/500] CC(=O)Oc1ccccc1C(=O)O... int=6 res=5 vina=-5.6 t=50s
  [4/500] CC(=O)Nc1ccc(O)cc1... int=2 res=2 vina=-5.7 t=65s
  [5/500] OC(=O)c1ccccc1O... int=4 res=4 vina=-5.8 t=75s
  [25/500] CC1(C)SC2C(NC(=O)COc3ccc(C(=N)N)cc3)C(=O... int=3 res=2 vina=-8.2 t=457s
  [50/500] CCOC(=O)C1N2C(=O)C(NC(=O)Cc3cc(C(=O)CCl)... int=5 res=5 vina=-8.8 t=1009s
  [75/500] CCOC(=O)C1N2C(=O)C(NC(=O)Cc3cccc(C(C)C)c... int=8 res=8 vina=-9.2 t=1489s
  [100/500] CC(C)(O)c1cc(O)cc(CC(=O)NC2C(=O)N3C2SC(C... int=4 res=4 vina=-9.1 t=1909s
  [125/500] CCOC(=O)C1N2C(=O)C(NC(=O)Cc3ccc(N)c(C(=O... int=10 res=10 vina=-8.8 t=2407s
  [150/500] CCN(CC)C(=O)c1cc(CC(=O)NC2C(=O)N3C2SC(C)... int=10 res=8 vina=-9.0 t=2966s
  [175/500] CCOC(=O)C1N2C(=O)C(NC(=O)Cc3cc(O)cc(C=CC... int=6 res=6 vina=-8.8 t=3513s
  [200/500] CC1(C)SC2C(NC(=O)Cc3cc(C=CC(=O)O)cc(CCCO... int=6 res=6 vina=-8.7 t=4077s
  [225/500] CCOC(=O)C1N2C(=O)C(NC(=O)Cc3cc(C(=O)O)cc... int=9 res=6 vina=-8.8 t=4624s
  [250/500] CC(C)(O)c1cc(CC(=O)NC2C(=O)N3C2SC(C)(C)C... int=8 res=7 vina=-9.5 t=5164s
  [275/500] CC1(C)SC2C(NC(=O)Cc3cc(O)cc(CCN)c3)C(=O)... int=6 res=6 vina=-8.7 t=5673s
  [300/500] CC1(C)SC2C(NC(=O)Cc3cc(C=CC(=O)O)cc(C(=O... int=8 res=7 vina=-9.3 t=6182s
  [325/500] CC(C)(O)c1cc(O)cc(CC(=O)NC2C(=O)N3C2SC(C... int=4 res=4 vina=-9.1 t=6690s
  [350/500] CCOC(=O)C1N2C(=O)C(NC(=O)Cc3cc(O)cc(C(=O... int=8 res=7 vina=-8.5 t=7223s
  [375/500] CC(C)(O)c1cc(CCN)cc(CC(=O)NC2C(=O)N3C2SC... int=10 res=9 vina=-9.3 t=7725s
  [400/500] CCOC(=O)C1N2C(=O)C(NC(=O)Cc3cc(C(=O)O)cc... int=9 res=8 vina=-9.3 t=8248s
  [425/500] CC(C)Cc1cc(CCN)cc(CC(=O)NC2C(=O)N3C2SC(C... int=7 res=6 vina=-8.9 t=8765s
  [450/500] CCOC(=O)C1N2C(=O)C(NC(=O)Cc3cc(C(=O)O)cc... int=9 res=6 vina=-8.8 t=9288s
  [475/500] CC(C)(O)c1cc(O)cc(CC(=O)NC2C(=O)N3C2SC(C... int=4 res=4 vina=-9.1 t=9877s
  [500/500] COC(=O)c1cc(O)cc(CC(=O)NC2C(=O)N3C2SC(C)... int=7 res=7 vina=-8.8 t=10453s

Results → paper/experiments/results_v3/4DFR/ga_seed3/results.json
Total: 10453s (20.9s/iter)
