============================================================
  Method: ga
  Target: 3EML
  Seed: 7
  Iterations: 500
  Output: paper/experiments/results_v3/3EML/ga_seed7
============================================================
Target: 3EML (EGFR, Kinase)
Pocket residues: 65
Behavior dim: 196
  [1/500] CC1(C)SC2C(NC(=O)Cc3ccccc3)C(=O)N2C1C(=O... int=5 res=5 vina=-8.5 t=12s
  [2/500] CC(C)Cc1ccc(C(C)C(=O)O)cc1... int=6 res=6 vina=-7.7 t=21s
  [3/500] CC(=O)Oc1ccccc1C(=O)O... int=8 res=8 vina=-6.3 t=30s
  [4/500] CC(=O)Nc1ccc(O)cc1... int=5 res=5 vina=-6.1 t=40s
  [5/500] OC(=O)c1ccccc1O... int=4 res=4 vina=-5.9 t=49s
  [25/500] CC1(C)SC2C(NC(=O)COc3ccc(C(=N)N)cc3)C(=O... int=10 res=8 vina=-8.8 t=331s
  [50/500] CCOC(=O)C1N2C(=O)C(NC(=O)Cc3ccc(C4N=C(C)... int=7 res=6 vina=-10.4 t=708s
  [75/500] CCOC(=O)C1N2C(=O)C(NC(=O)Cc3ccc(-c4cccc(... int=9 res=8 vina=-10.5 t=1064s
  [100/500] CC(C(=O)O)c1ccc(OCC(=O)NC2C(=O)N3C2SC(C)... int=7 res=7 vina=-9.4 t=1434s
  [125/500] CCOC(=O)C1N2C(=O)C(NC(=O)Cc3ccc(C(C)=O)c... int=6 res=6 vina=-9.1 t=1829s
  [150/500] COc1ccc(CC(=O)NC2C(=O)N3C2SC(C)(C)C3C(=O... int=7 res=6 vina=-8.2 t=2245s
  [175/500] CC1(C)SC2C(NC(=O)Cc3ccc(CO)cc3)C(=O)N2C1... int=7 res=6 vina=-9.3 t=2652s
  [200/500] CC1(C)SC2C(NC(=O)Cc3ccc(C(=O)CCl)cc3)C(=... int=7 res=7 vina=-9.2 t=3087s
  [225/500] COc1ccc(CC(=O)NC2C(=O)N3C2SC(C)(C)C3C(=O... int=6 res=6 vina=-8.9 t=3507s
  [250/500] CC(C(=O)O)c1ccc(CC(=O)NC2C(=O)N3C2SC(C)(... int=10 res=8 vina=-9.7 t=3916s
  [275/500] CCOC(=O)C1N2C(=O)C(NC(=O)Cc3ccc(C(C)C(=O... int=8 res=7 vina=-9.1 t=4388s
  [300/500] COC(=O)c1ccc(CC(=O)NC2C(=O)N3C2SC(C)(C)C... int=7 res=7 vina=-9.2 t=4853s
  [325/500] CCOC(=O)C1N2C(=O)C(NC(=O)Cc3ccc(C(O)c4cc... int=9 res=9 vina=-10.7 t=5305s
  [350/500] CCOC(=O)C1N2C(=O)C(NC(=O)C(N)c3ccc(Cl)c(... int=5 res=5 vina=-9.1 t=5768s
  [375/500] CC1(C)SC2C(NC(=O)Cc3ccc(S(=O)(=O)O)cc3)C... int=8 res=7 vina=-9.7 t=6206s
  [400/500] CCOC(=O)C1N2C(=O)C(NC(=O)Cc3ccc(CCc4cccc... int=11 res=9 vina=-10.0 t=6649s
  [425/500] CC(=O)Oc1ccc(CC(=O)NC2C(=O)N3C2SC(C)(C)C... int=8 res=7 vina=-9.5 t=7110s
  [450/500] CC(=O)CCC(=O)c1ccc(CC(=O)NC2C(=O)N3C2SC(... int=7 res=7 vina=-9.2 t=7575s
  [475/500] CCOC(=O)C1N2C(=O)C(NC(=O)CCCCCC(=O)NCc3c... int=8 res=8 vina=-8.9 t=8052s
  [500/500] COc1cccc(C=Cc2ccc(CC(=O)NC3C(=O)N4C3SC(C... int=10 res=10 vina=-10.1 t=8526s

Results → paper/experiments/results_v3/3EML/ga_seed7/results.json
Total: 8526s (17.1s/iter)
