============================================================
  Method: imgep_naive
  Target: 4DFR
  Seed: 1
  Iterations: 500
  Output: paper/experiments/results_v3/4DFR/imgep_naive_seed1
============================================================
Target: 4DFR (DHFR, Oxidoreductase)
Pocket residues: 55
Behavior dim: 166
  [1/500] CC1(C)SC2C(NC(=O)Cc3ccccc3)C(=O)N2C1C(=O... int=6 res=6 vina=-8.0 t=14s
  [2/500] CC(C)Cc1ccc(C(C)C(=O)O)cc1... int=6 res=5 vina=-7.4 t=28s
  [3/500] CC(=O)Oc1ccccc1C(=O)O... int=6 res=5 vina=-5.6 t=41s
  [4/500] CC(=O)Nc1ccc(O)cc1... int=2 res=2 vina=-5.7 t=57s
  [5/500] OC(=O)c1ccccc1O... int=4 res=4 vina=-5.8 t=68s
  [25/500] CC1(C)SC2C(NC(=O)Cc3ccc(NC(N)=S)cc3)C(=O... int=6 res=6 vina=-8.7 t=370s
  [50/500] CC1(C)SC2C(NC(=O)Cc3ccc(CCC(=O)O)cc3)C(=... int=5 res=5 vina=-9.4 t=776s
  [75/500] CC(C)Cc1ccc(CC(=O)NC2C(=O)N3C2SC(C)(C)C3... int=5 res=5 vina=-8.3 t=1204s
  [100/500] CC(=O)c1ccc(CC(=O)NC2C(=O)N3C2SC(C)(C)C3... int=6 res=6 vina=-9.2 t=1644s
  [125/500] CC(C(=O)O)c1ccc(CC(=O)NC2C(=O)N3C2SC(C)(... int=8 res=7 vina=-8.6 t=2092s
  [150/500] CCOC(=O)C1N2C(=O)C(NC(=O)Cc3ccc(C(C)(C)O... int=5 res=5 vina=-8.9 t=2560s
  [175/500] COc1ccc(OCC(=O)NC2C(=O)N3C2SC(C)(C)C3C(=... int=6 res=6 vina=-8.5 t=3037s
  [200/500] COc1ccc(C=Cc2ccc(OCC(=O)NC3C(=O)N4C3SC(C... int=7 res=7 vina=-9.2 t=3521s
  [225/500] CC(C)Cc1ccc(CC(=O)NC2C(=O)N3C2SC(C)(C)C3... int=5 res=5 vina=-8.3 t=4016s
  [250/500] CCOC(=O)C1N2C(=O)C(NC(=O)Cc3ccc(C(C)(C)O... int=5 res=5 vina=-8.9 t=4491s
  [275/500] CC1(C)SC2C(NC(=O)Cc3ccc(CCN)cc3)C(=O)N2C... int=7 res=7 vina=-8.9 t=4993s
  [300/500] CCOC(=O)C1N2C(=O)C(NC(=O)COc3ccc(Cl)cc3)... int=5 res=5 vina=-8.5 t=5517s
  [325/500] CC1(C)SC2C(NC(=O)COc3ccc(C=NO)cc3)C(=O)N... int=7 res=7 vina=-8.9 t=6033s
  [350/500] CC(O)c1cccc(-c2ccc(OCC(=O)NC3C(=O)N4C3SC... int=8 res=8 vina=-10.9 t=6568s
  [375/500] CC1(C)SC2C(NC(=O)COc3ccc(C=Cc4ccccc4)cc3... int=8 res=8 vina=-10.4 t=7090s
  [400/500] CC(=O)CCC(=O)c1ccc(OCC(=O)NC2C(=O)N3C2SC... int=8 res=8 vina=-8.3 t=7589s
  [425/500] CCOC(=O)C1N2C(=O)C(NC(=O)Cc3ccc(S(N)(=O)... int=5 res=5 vina=-8.5 t=8128s
  [450/500] CC1(C)SC2C(NC(=O)COc3ccc(Br)cc3)C(=O)N2C... int=6 res=6 vina=-8.6 t=8615s
  [475/500] CC1(C)SC2C(NC(=O)COc3ccc(Oc4ccc(CC(N)=O)... int=6 res=6 vina=-8.9 t=9140s
  [500/500] CCCCC(=O)c1ccc(OCC(=O)NC2C(=O)N3C2SC(C)(... int=8 res=8 vina=-9.1 t=9700s

Results → paper/experiments/results_v3/4DFR/imgep_naive_seed1/results.json
Total: 9700s (19.4s/iter)
