============================================================
  Method: ga
  Target: 3EML
  Seed: 6
  Iterations: 500
  Output: paper/experiments/results_v3/3EML/ga_seed6
============================================================
Target: 3EML (EGFR, Kinase)
Pocket residues: 65
Behavior dim: 196
  [1/500] CC1(C)SC2C(NC(=O)Cc3ccccc3)C(=O)N2C1C(=O... int=5 res=5 vina=-8.5 t=12s
  [2/500] CC(C)Cc1ccc(C(C)C(=O)O)cc1... int=6 res=6 vina=-7.7 t=24s
  [3/500] CC(=O)Oc1ccccc1C(=O)O... int=8 res=8 vina=-6.3 t=34s
  [4/500] CC(=O)Nc1ccc(O)cc1... int=5 res=5 vina=-6.1 t=44s
  [5/500] OC(=O)c1ccccc1O... int=4 res=4 vina=-5.9 t=53s
  [25/500] CC1(C)SC2C(NC(=O)Cc3ccc(C(=N)N)cc3)C(=O)... int=9 res=7 vina=-9.3 t=355s
  [50/500] CCOC(=O)C1N2C(=O)C(NC(=O)Cc3cccc(C(C)C)c... int=7 res=6 vina=-8.8 t=758s
  [75/500] CCOC(=O)C1N2C(=O)C(NC(=O)Cc3cc(O)cc(-c4c... int=8 res=8 vina=-10.4 t=1174s
  [100/500] CC1(C)SC2C(NC(=O)Cc3cc(CCN)cc(-c4cc(O)cc... int=16 res=12 vina=-11.5 t=1628s
  [125/500] CC(C)Cc1cc(CC(=O)NC2C(=O)N3C2SC(C)(C)C3C... int=8 res=7 vina=-12.1 t=2115s
  [150/500] CC1(C)SC2C(NC(=O)Cc3cc(O)cc(-c4cc(O)cc(F... int=8 res=8 vina=-11.4 t=2616s
  [175/500] CCOC(=O)C1N2C(=O)C(NC(=O)Cc3cc(OC)cc(-c4... int=6 res=5 vina=-9.8 t=3103s
  [200/500] CC1(C)SC2C(NC(=O)Cc3cc(CO)cc(-c4cc(O)cc(... int=8 res=8 vina=-11.3 t=3623s
  [225/500] CCOC(=O)C1N2C(=O)C(NC(=O)Cc3cc(O)cc(-c4c... int=8 res=7 vina=-10.1 t=4162s
  [250/500] CCOC(=O)C1N2C(=O)C(NC(=O)Cc3cc(C(=O)O)cc... int=11 res=10 vina=-11.1 t=4701s
  [275/500] CC(N)Cc1cc(O)cc(-c2cc(O)cc(CC(=O)NC3C(=O... int=9 res=8 vina=-11.4 t=5254s
  [300/500] CC1(C)SC2C(NC(=O)Cc3cc(Cl)cc(-c4cc(O)cc(... int=13 res=11 vina=-11.5 t=5790s
  [325/500] CC1(C)SC2C(NC(=O)Cc3cc(O)cc(-c4cc(F)cc(C... int=12 res=12 vina=-11.4 t=6333s
  [350/500] CC1(C)SC2C(NC(=O)Cc3cc(CO)cc(-c4cc(O)cc(... int=8 res=8 vina=-11.3 t=6889s
  [375/500] CC1(C)SC2C(NC(=O)Cc3cc(O)cc(-c4cc(F)cc(C... int=6 res=6 vina=-11.6 t=7433s
  [400/500] CCOC(=O)C1N2C(=O)C(NC(=O)Cc3cc(O)cc(C(=O... int=8 res=6 vina=-10.5 t=8000s
  [425/500] CC1(C)SC2C(NC(=O)Cc3cc(O)cc(-c4cc(O)cc(C... int=11 res=9 vina=-11.7 t=8547s
  [450/500] COc1cc(CC(=O)NC2C(=O)N3C2SC(C)(C)C3C(=O)... int=11 res=10 vina=-11.1 t=9087s
  [475/500] COc1cc(O)cc(-c2cc(O)cc(CC(=O)NC3C(=O)N4C... int=13 res=12 vina=-11.1 t=9623s
  [500/500] CC(N)Cc1cc(CC(=O)NC2C(=O)N3C2SC(C)(C)C3C... int=13 res=11 vina=-11.7 t=10176s

Results → paper/experiments/results_v3/3EML/ga_seed6/results.json
Total: 10176s (20.4s/iter)
