============================================================
  Method: random
  Target: 1EVE
  Seed: 8
  Iterations: 500
  Output: paper/experiments/results_v3/1EVE/random_seed8
============================================================
Target: 1EVE (AChE, Hydrolase)
Pocket residues: 76
Behavior dim: 229
  [1/500] CC1(C)SC2C(NC(=O)Cc3ccccc3)C(=O)N2C1C(=O... int=9 res=9 vina=-10.3 t=15s
  [2/500] CC(C)Cc1ccc(C(C)C(=O)O)cc1... int=5 res=5 vina=-8.7 t=27s
  [3/500] CC(=O)Oc1ccccc1C(=O)O... int=5 res=5 vina=-7.3 t=39s
  [4/500] CC(=O)Nc1ccc(O)cc1... int=3 res=3 vina=-6.7 t=53s
  [5/500] OC(=O)c1ccccc1O... int=4 res=4 vina=-6.9 t=64s
  [25/500] CCOC(=O)c1ccccc1OC(C)=O... int=4 res=4 vina=-7.3 t=337s
  [50/500] CC1(C)SC2C(NC(=O)Cc3ccc(C(=O)CCl)cc3)C(=... int=9 res=9 vina=-10.9 t=698s
  [75/500] CCOC(=O)C1N2C(=O)C(NC(=O)Cc3ccc(N4CCOCC4... int=9 res=9 vina=-10.5 t=1055s
  [100/500] NS(=O)(=O)c1cc(Cl)c(Cl)cc1[S-]... int=3 res=3 vina=-7.4 t=1439s
  [125/500] CN(C)c1ccc(O)cc1... int=3 res=3 vina=-6.1 t=1835s
  [150/500] CC(O)c1cccc(-c2cccc(C=O)c2)c1... int=5 res=5 vina=-9.8 t=2209s
  [175/500] CC(C(=O)O)c1ccc2ccc(O)cc2c1... int=5 res=5 vina=-9.7 t=2602s
  [200/500] CCOC(=O)C1N2C(=O)C(NC(=O)Cc3cccc(C(=O)O)... int=8 res=8 vina=-10.3 t=2961s
  [225/500] COc1ccc(CC(=O)NC2C(=O)N3C2SC(C)(C)C3C(=O... int=10 res=10 vina=-10.5 t=3347s
  [250/500] CC(=O)Nc1ccc(Br)cc1... int=4 res=4 vina=-6.6 t=3700s
  [275/500] O=C(O)CNC(=O)c1ccc(Cl)cc1... int=3 res=3 vina=-7.9 t=4100s
  [300/500] CC(=O)c1ccc(CC(=O)NC2C(=O)N3C2SC(C)(C)C3... int=7 res=7 vina=-10.8 t=4487s
  [325/500] CC1(C)SC2C(NC(=O)COc3ccc(Br)cc3)C(=O)N2C... int=6 res=6 vina=-10.1 t=4879s
  [350/500] CC1(C)SC2C(NC(=O)Cc3ccc(C(N)=O)cc3)C(=O)... int=8 res=8 vina=-10.7 t=5251s
  [375/500] CC(C)CC(NC(=O)OC(C)(C)C)C(=O)NC1C(=O)N2C... int=1 res=1 vina=-10.1 t=5687s
  [400/500] O=C(O)C=Cc1ccc(O)c(Cl)c1... int=6 res=6 vina=-7.6 t=6076s
  [425/500] Oc1ccc(-c2ccccc2)cc1O... int=5 res=5 vina=-9.2 t=6471s
  [450/500] COc1cc(C(C)C)ccc1O... int=5 res=5 vina=-7.3 t=6852s
  [475/500] CC1(C)SC2C(NC(=O)COc3ccc(F)cc3)C(=O)N2C1... int=7 res=7 vina=-9.9 t=7213s
  [500/500] CCOC(=O)c1cc(C(C)(C)O)ccc1N... int=6 res=6 vina=-8.2 t=7624s

Results → paper/experiments/results_v3/1EVE/random_seed8/results.json
Total: 7624s (15.2s/iter)
