============================================================
  Method: bo
  Target: 1ERE
  Seed: 6
  Iterations: 500
  Output: paper/experiments/results_v3/1ERE/bo_seed6
============================================================
Target: 1ERE (Estrogen Receptor α, Nuclear receptor)
Pocket residues: 71
Behavior dim: 214
  [1/500] CC1(C)SC2C(NC(=O)Cc3ccccc3)C(=O)N2C1C(=O... int=5 res=5 vina=-6.8 t=14s
  [2/500] CC(C)Cc1ccc(C(C)C(=O)O)cc1... int=6 res=6 vina=-7.4 t=28s
  [3/500] CC(=O)Oc1ccccc1C(=O)O... int=5 res=5 vina=-6.8 t=41s
  [4/500] CC(=O)Nc1ccc(O)cc1... int=5 res=5 vina=-6.1 t=57s
  [5/500] OC(=O)c1ccccc1O... int=5 res=5 vina=-6.2 t=69s
  [25/500] CCOC(=O)C1N2C(=O)C(NC(=O)Cc3cccc(O)c3)C2... int=7 res=6 vina=-7.6 t=385s
  [50/500] N=C(N)NCCCC(N)C(=O)O... int=0 res=0 vina=-5.6 t=735s
  [75/500] NC(Cc1c[nH]c2ccccc12)C(=O)O... int=0 res=0 vina=-7.8 t=1097s
  [100/500] O=C(O)C=Cc1ccc(O)c(O)c1... int=5 res=5 vina=-7.0 t=1455s
  [125/500] CC(=O)Nc1ccc(S(N)(=O)=O)cc1... int=7 res=7 vina=-6.6 t=1825s
  [150/500] CCOC(=O)C1CCCN1C(=O)C(C)CC(=O)O... int=7 res=7 vina=-6.6 t=2200s
  [175/500] CC(N)c1ccc(S(N)(=O)=O)cc1... int=7 res=6 vina=-7.0 t=2592s
  [200/500] CC(=O)Oc1ccc(S(N)(=O)=O)cc1... int=6 res=6 vina=-6.6 t=2964s
  [225/500] N=C(N)NCCCC(N)C(=O)O... int=0 res=0 vina=-5.6 t=3321s
  [250/500] NS(=O)(=O)c1ccc(C=CC(=O)O)cc1[S-]... int=6 res=6 vina=-8.1 t=3668s
  [275/500] CC(C)c1ccc(S(N)(=O)=O)c([S-])c1... int=6 res=6 vina=-7.2 t=4018s
  [300/500] CC(=O)Oc1ccc(C(C)(C)O)cc1... int=6 res=6 vina=-6.8 t=4408s
  [325/500] CC1=NC(c2ccc(NC=O)cc2)C(=O)N1... int=3 res=3 vina=-7.1 t=4789s
  [350/500] CC(C)Cc1ccc(NC=O)cc1... int=6 res=6 vina=-6.4 t=5164s
  [375/500] NC(=O)Cc1ccc(NC=O)cc1... int=6 res=6 vina=-6.7 t=5560s
  [400/500] CC(=O)Nc1ccc(N2CCOCC2)cc1... int=4 res=3 vina=-6.3 t=5984s
  [425/500] CC(=O)Nc1ccc(N2CCOCC2)cc1... int=4 res=3 vina=-6.3 t=6427s
  [450/500] CC(=O)Oc1ccc(NC=O)cc1... int=6 res=6 vina=-6.7 t=6890s
  [475/500] NC(Cc1cnc[nH]1)C(=O)O... int=0 res=0 vina=-5.4 t=7389s
  [500/500] NC(Cc1cnc[nH]1)C(=O)O... int=0 res=0 vina=-5.4 t=7913s

Results → paper/experiments/results_v3/1ERE/bo_seed6/results.json
Total: 7913s (15.8s/iter)
