============================================================
  Method: imgep_naive
  Target: 3PJC
  Seed: 0
  Iterations: 500
  Output: paper/experiments/results_v3/3PJC/imgep_naive_seed0
============================================================
Target: 3PJC (CDK2, Kinase)
Pocket residues: 60
Behavior dim: 181
  [1/500] CC1(C)SC2C(NC(=O)Cc3ccccc3)C(=O)N2C1C(=O... int=5 res=5 vina=-8.6 t=15s
  [2/500] CC(C)Cc1ccc(C(C)C(=O)O)cc1... int=8 res=8 vina=-7.7 t=28s
  [3/500] CC(=O)Oc1ccccc1C(=O)O... int=7 res=7 vina=-6.7 t=37s
  [4/500] CC(=O)Nc1ccc(O)cc1... int=9 res=9 vina=-6.2 t=46s
  [5/500] OC(=O)c1ccccc1O... int=6 res=6 vina=-6.1 t=57s
  [25/500] CC(=O)c1ccc(CCCO)cc1... int=6 res=6 vina=-6.9 t=304s
  [50/500] CC(=O)CCC(=O)c1ccc(C(C)(C)O)cc1... int=7 res=6 vina=-7.8 t=640s
  [75/500] CC(C(=O)O)c1ccc(CC(N)C(=O)O)cc1... int=11 res=10 vina=-8.1 t=964s
  [100/500] NC(Cc1ccc(Cl)cc1)C(=O)O... int=4 res=3 vina=-6.7 t=1310s
  [125/500] CC(C)(O)c1ccc(CC(N)=O)cc1... int=8 res=6 vina=-7.2 t=1649s
  [150/500] NCCc1ccc(CO)cc1... int=7 res=7 vina=-6.1 t=2073s
  [175/500] COc1ccc(CC(=O)NO)cc1... int=7 res=5 vina=-7.1 t=2475s
  [200/500] NC(Cc1ccc(CC(=O)NO)cc1)C(=O)O... int=11 res=9 vina=-8.3 t=2878s
  [225/500] CC(C)(O)c1ccc(CC(=O)O)cc1... int=8 res=7 vina=-7.3 t=3329s
  [250/500] CC(C)(O)c1ccc(NC(N)=S)cc1... int=7 res=6 vina=-6.7 t=3784s
  [275/500] CC(=O)Nc1ccc(CCc2ccccc2)cc1... int=10 res=10 vina=-8.2 t=4231s
  [300/500] CC(=O)Oc1ccc(CC(N)C(=O)O)cc1... int=6 res=5 vina=-7.1 t=4681s
  [325/500] O=C(O)C=Cc1ccc(CC(=O)NO)cc1... int=8 res=6 vina=-8.4 t=5126s
  [350/500] NC(=S)Nc1ccc(CC(=O)NO)cc1... int=8 res=7 vina=-7.8 t=5564s
  [375/500] NC(Cc1ccc(CCC(=O)O)cc1)C(=O)O... int=7 res=6 vina=-7.9 t=6009s
  [400/500] NS(=O)(=O)c1ccc(CC(=O)NO)cc1[S-]... int=8 res=6 vina=-8.2 t=6438s
  [425/500] CC(N)c1ccc(CC(N)=O)cc1... int=5 res=4 vina=-6.9 t=6893s
  [450/500] CC(N)Cc1ccc(CC(=O)NO)cc1... int=9 res=8 vina=-8.0 t=7366s
  [475/500] CC(N)c1cc(Cl)cc(-c2ccc(CC(N)C(=O)O)cc2)c... int=12 res=11 vina=-9.4 t=7834s
  [500/500] CCOC(=O)C(N)Cc1ccc(OCC(O)CNC(C)C)cc1... int=8 res=7 vina=-7.3 t=8287s

Results → paper/experiments/results_v3/3PJC/imgep_naive_seed0/results.json
Total: 8287s (16.6s/iter)
