============================================================
  Method: ga
  Target: 1EVE
  Seed: 0
  Iterations: 500
  Output: paper/experiments/results_v3/1EVE/ga_seed0
============================================================
Target: 1EVE (AChE, Hydrolase)
Pocket residues: 76
Behavior dim: 229
  [1/500] CC1(C)SC2C(NC(=O)Cc3ccccc3)C(=O)N2C1C(=O... int=9 res=9 vina=-10.3 t=14s
  [2/500] CC(C)Cc1ccc(C(C)C(=O)O)cc1... int=5 res=5 vina=-8.7 t=27s
  [3/500] CC(=O)Oc1ccccc1C(=O)O... int=5 res=5 vina=-7.3 t=39s
  [4/500] CC(=O)Nc1ccc(O)cc1... int=3 res=3 vina=-6.7 t=49s
  [5/500] OC(=O)c1ccccc1O... int=4 res=4 vina=-6.9 t=60s
  [25/500] CC1(C)SC2C(NC(=O)Cc3ccc(I)cc3)C(=O)N2C1C... int=8 res=8 vina=-10.3 t=353s
  [50/500] CC(C(=O)O)c1ccc(OCC(=O)NC2C(=O)N3C2SC(C)... int=6 res=6 vina=-10.6 t=729s
  [75/500] CC1(C)SC2C(NC(=O)Cc3ccc(C(=O)O)cc3)C(=O)... int=9 res=8 vina=-10.8 t=1109s
  [100/500] CCOC(=O)C1N2C(=O)C(NC(=O)Cc3cccc(O)c3)C2... int=12 res=11 vina=-10.0 t=1481s
  [125/500] CC1(C)SC2C(NC(=O)COc3ccc(C(=N)N)cc3)C(=O... int=10 res=10 vina=-11.0 t=1870s
  [150/500] CC(=O)c1ccc(OCC(=O)NC2C(=O)N3C2SC(C)(C)C... int=9 res=9 vina=-10.1 t=2244s
  [175/500] CC1(C)SC2C(NC(=O)Cc3cc(Cl)cc(CCN)c3)C(=O... int=5 res=5 vina=-10.7 t=2605s
  [200/500] CC1(C)SC2C(NC(=O)Cc3ccc(Br)cc3)C(=O)N2C1... int=8 res=8 vina=-10.6 t=2993s
  [225/500] CC1(C)SC2C(NC(=O)Cc3ccc(C(=N)N)cc3)C(=O)... int=12 res=11 vina=-11.4 t=3396s
  [250/500] CC1(C)SC2C(NC(=O)Cc3ccc(CC(N)=O)cc3)C(=O... int=7 res=7 vina=-11.0 t=3808s
  [275/500] CCOC(=O)C1N2C(=O)C(NC(=O)COc3ccc(CC(C)C)... int=7 res=7 vina=-9.9 t=4265s
  [300/500] CCOC(=O)C1N2C(=O)C(NC(=O)Cc3cccc(C(C)C)c... int=5 res=5 vina=-10.6 t=4700s
  [325/500] CCOC(=O)C1N2C(=O)C(NC(=O)Cc3cccc(C(=O)CC... int=8 res=8 vina=-10.0 t=5154s
  [350/500] CC1(C)SC2C(NC(=O)Cc3ccc(Cl)cc3)C(=O)N2C1... int=8 res=8 vina=-10.6 t=5586s
  [375/500] CCOC(=O)C1N2C(=O)C(NC(=O)Cc3ccc(C(C)=O)c... int=9 res=9 vina=-9.9 t=6042s
  [400/500] CC(C)Cc1ccc(OCC(=O)NC2C(=O)N3C2SC(C)(C)C... int=7 res=7 vina=-10.7 t=6497s
  [425/500] CC1(C)SC2C(NC(=O)Cc3cc(O)cc(C(=O)NCC(=O)... int=9 res=9 vina=-11.7 t=6979s
  [450/500] CC1(C)SC2C(NC(=O)COc3ccc(NC(N)=S)cc3)C(=... int=6 res=6 vina=-10.4 t=7426s
  [475/500] CC1(C)SC2C(NC(=O)Cc3cc(O)cc(OC(=O)CCCC(=... int=12 res=12 vina=-11.0 t=7879s
  [500/500] CC1(C)SC2C(NC(=O)Cc3ccc(Br)cc3)C(=O)N2C1... int=8 res=8 vina=-10.6 t=8326s

Results → paper/experiments/results_v3/1EVE/ga_seed0/results.json
Total: 8326s (16.7s/iter)
