============================================================
  Method: ga
  Target: 4MNE
  Seed: 7
  Iterations: 500
  Output: paper/experiments/results_v3/4MNE/ga_seed7
============================================================
Target: 4MNE (BRAF, Kinase)
Pocket residues: 68
Behavior dim: 205
  [1/500] CC1(C)SC2C(NC(=O)Cc3ccccc3)C(=O)N2C1C(=O... int=5 res=5 vina=-7.8 t=12s
  [2/500] CC(C)Cc1ccc(C(C)C(=O)O)cc1... int=8 res=8 vina=-7.8 t=21s
  [3/500] CC(=O)Oc1ccccc1C(=O)O... int=4 res=4 vina=-6.1 t=32s
  [4/500] CC(=O)Nc1ccc(O)cc1... int=8 res=6 vina=-6.2 t=45s
  [5/500] OC(=O)c1ccccc1O... int=8 res=6 vina=-6.2 t=56s
  [25/500] CC(=O)Oc1ccc(C(C)C(=O)O)cc1... int=7 res=7 vina=-7.3 t=320s
  [50/500] CN(C)c1ccc(CC(=O)NC2C(=O)N3C2SC(C)(C)C3C... int=4 res=4 vina=-7.8 t=678s
  [75/500] CC(C(=O)O)c1ccc(CC(=O)NC2C(=O)N3C2SC(C)(... int=6 res=6 vina=-8.8 t=1023s
  [100/500] CC(=O)c1ccc(CC(=O)NC2C(=O)N3C2SC(C)(C)C3... int=6 res=4 vina=-7.4 t=1332s
  [125/500] CC1(C)SC2C(NC(=O)Cc3ccc(N4CCOCC4)cc3)C(=... int=4 res=4 vina=-7.1 t=1617s
  [150/500] CCOC(=O)C1N2C(=O)C(NC(=O)Cc3ccc(NC(C)=O)... int=8 res=8 vina=-7.8 t=1903s
  [175/500] COc1ccc(CC(=O)NC2C(=O)N3C2SC(C)(C)C3C(=O... int=5 res=4 vina=-8.1 t=2180s
  [200/500] CC(C)(O)c1ccc(CC(=O)NC2C(=O)N3C2SC(C)(C)... int=7 res=7 vina=-8.8 t=2458s
  [225/500] CC(=O)c1ccc(CC(=O)NC2C(=O)N3C2SC(C)(C)C3... int=6 res=4 vina=-7.4 t=2734s
  [250/500] CC(C)(O)c1ccc(CC(=O)NC2C(=O)N3C2SC(C)(C)... int=7 res=7 vina=-8.8 t=2975s
  [275/500] CC1(C)SC2C(NC(=O)Cc3ccc(CC(=O)NO)cc3)C(=... int=8 res=8 vina=-9.0 t=3230s
  [300/500] CC(=O)c1ccc(CC(=O)NC2C(=O)N3C2SC(C)(C)C3... int=6 res=4 vina=-7.4 t=3490s
  [325/500] CC1(C)SC2C(NC(=O)Cc3ccc(N4CCOCC4)cc3)C(=... int=4 res=4 vina=-7.1 t=3757s
  [350/500] CC(C)(O)c1ccc(CC(=O)NC2C(=O)N3C2SC(C)(C)... int=7 res=7 vina=-8.8 t=4023s
  [375/500] COc1ccc(OCC(=O)NC2C(=O)N3C2SC(C)(C)C3C(=... int=5 res=5 vina=-7.8 t=4295s
  [400/500] CC(C)(O)c1ccc(CC(=O)NC2C(=O)N3C2SC(C)(C)... int=7 res=7 vina=-8.8 t=4566s
  [425/500] CC(C(=O)O)c1ccc(CC(=O)NC2C(=O)N3C2SC(C)(... int=6 res=6 vina=-8.8 t=4835s
  [450/500] CC1(C)SC2C(NC(=O)Cc3ccc(C(=O)Nc4ccccc4)c... int=0 res=0 vina=0.0 t=5105s
  [475/500] CC(C(=O)O)c1ccc(OCC(=O)NC2C(=O)N3C2SC(C)... int=6 res=6 vina=-9.3 t=5361s
  [500/500] CC(C)(O)c1ccc(CC(=O)NC2C(=O)N3C2SC(C)(C)... int=7 res=7 vina=-8.8 t=5599s

Results → paper/experiments/results_v3/4MNE/ga_seed7/results.json
Total: 5599s (11.2s/iter)
