============================================================
  Method: curiosity
  Target: 1EVE
  Seed: 7
  Iterations: 500
  Output: paper/experiments/results_v3/1EVE/curiosity_seed7
============================================================
Target: 1EVE (AChE, Hydrolase)
Pocket residues: 76
Behavior dim: 229
  [1/500] CC1(C)SC2C(NC(=O)Cc3ccccc3)C(=O)N2C1C(=O... int=9 res=9 vina=-10.3 t=15s
  [2/500] CC(C)Cc1ccc(C(C)C(=O)O)cc1... int=5 res=5 vina=-8.7 t=41s
  [3/500] CC(=O)Oc1ccccc1C(=O)O... int=5 res=5 vina=-7.3 t=66s
  [4/500] CC(=O)Nc1ccc(O)cc1... int=3 res=3 vina=-6.7 t=93s
  [5/500] OC(=O)c1ccccc1O... int=4 res=4 vina=-6.9 t=121s
  [25/500] O=C(O)c1cccc(OC(F)(F)F)c1... int=2 res=2 vina=-7.5 t=644s
  [50/500] CC(C)(O)c1ccc(Cl)c(Cl)c1... int=3 res=3 vina=-7.2 t=1289s
  [75/500] Clc1ccc(-c2ccccc2)cc1Cl... int=3 res=3 vina=-8.7 t=1930s
  [100/500] CC1(C)SC2C(NC(=O)Cc3ccccc3)C(=O)N2C1C(=O... int=9 res=9 vina=-10.3 t=2326s
  [125/500] O=C(O)C(F)(F)F... int=3 res=3 vina=-4.3 t=2711s
  [150/500] CC(C)C(NC(=O)OC(C)(C)C)C(=O)NC1C(=O)N2C1... int=2 res=2 vina=-9.9 t=3111s
  [175/500] COc1cc(OCC(=O)NC2C(=O)N3C2SC(C)(C)C3C(=O... int=8 res=8 vina=-10.2 t=3503s
  [200/500] CC(C)CC(N)C(=O)O... int=0 res=0 vina=-5.7 t=3877s
  [225/500] CC(=O)Oc1ccccc1C(=O)O... int=5 res=5 vina=-7.3 t=4261s
  [250/500] CC(=O)Oc1ccc(NC=O)cc1... int=4 res=4 vina=-6.7 t=4640s
  [275/500] CC(C)(O)c1ccc(OCC(=O)NC2C(=O)N3C2SC(C)(C... int=6 res=6 vina=-10.7 t=5021s
  [300/500] COC(=O)c1cc(C=O)ccc1OC(C)=O... int=5 res=5 vina=-7.5 t=5391s
  [325/500] N=C(N)NCCCC(N)C(=O)O... int=0 res=0 vina=-6.1 t=5755s
  [350/500] CCOC(=O)C(C)c1ccc(CC(=O)NC2C(=O)N3C2SC(C... int=7 res=7 vina=-10.9 t=6138s
  [375/500] COC(=O)c1ccc(CC(=O)NC2C(=O)N3C2SC(C)(C)C... int=8 res=8 vina=-10.7 t=6484s
  [400/500] COC(=O)c1ccc(-c2nn[nH]n2)cc1OC... int=5 res=5 vina=-7.8 t=6845s
  [425/500] CCOc1c(OC)cc(CC(=O)NC2C(=O)N3C2SC(C)(C)C... int=9 res=9 vina=-10.3 t=7188s
  [450/500] CC(C)Cc1ccc(COc2ccccc2)cc1... int=5 res=5 vina=-10.0 t=7511s
  [475/500] CC(C)(O)c1ccc2cc(O)ccc2c1... int=4 res=4 vina=-9.3 t=7834s
  [500/500] CCOC(=O)C1N2C(=O)C(NC(=O)Cc3ccc(OC)c(O)c... int=8 res=8 vina=-10.1 t=8175s

Results → paper/experiments/results_v3/1EVE/curiosity_seed7/results.json
Total: 8175s (16.4s/iter)
