============================================================
  Method: ga
  Target: 4MNE
  Seed: 6
  Iterations: 500
  Output: paper/experiments/results_v3/4MNE/ga_seed6
============================================================
Target: 4MNE (BRAF, Kinase)
Pocket residues: 68
Behavior dim: 205
  [1/500] CC1(C)SC2C(NC(=O)Cc3ccccc3)C(=O)N2C1C(=O... int=5 res=5 vina=-7.8 t=13s
  [2/500] CC(C)Cc1ccc(C(C)C(=O)O)cc1... int=8 res=8 vina=-7.8 t=24s
  [3/500] CC(=O)Oc1ccccc1C(=O)O... int=4 res=4 vina=-6.1 t=34s
  [4/500] CC(=O)Nc1ccc(O)cc1... int=8 res=6 vina=-6.2 t=45s
  [5/500] OC(=O)c1ccccc1O... int=8 res=6 vina=-6.2 t=55s
  [25/500] CC(C)(O)c1ccc(CCNC(=O)c2ccc(Cl)cc2)cc1... int=10 res=10 vina=-9.2 t=310s
  [50/500] COc1cc(C(=O)NCCc2ccc(CC(N)=O)cc2)c(O)cc1... int=6 res=6 vina=-9.2 t=672s
  [75/500] CC(=O)Nc1ccc(CCNC(=O)c2c(O)cc(C(N)=O)cc2... int=8 res=8 vina=-9.8 t=1004s
  [100/500] O=Cc1ccc(C(=O)NCCc2ccc(C=Cc3ccccc3)cc2)c... int=8 res=7 vina=-9.4 t=1299s
  [125/500] CC(=O)c1cc(O)c(C(=O)NCCc2ccc(CCCO)cc2)c(... int=9 res=7 vina=-9.4 t=1564s
  [150/500] NC(=O)c1ccc(CCNC(=O)c2c(O)cc(NC=O)cc2O)c... int=8 res=8 vina=-10.0 t=1826s
  [175/500] COc1cc(N)cc(O)c1C(=O)NCCc1ccc(CC(C)C)cc1... int=9 res=8 vina=-9.7 t=2103s
  [200/500] CC(C)Cc1ccc(CCNC(=O)c2ccc(F)cc2O)cc1... int=9 res=8 vina=-9.5 t=2388s
  [225/500] CC(N)c1ccc(CCNC(=O)c2c(O)cc(C(N)=O)cc2O)... int=9 res=8 vina=-10.1 t=2659s
  [250/500] COc1cc(C(N)=O)cc(O)c1C(=O)NCCc1ccc(C(C)C... int=9 res=8 vina=-9.7 t=2901s
  [275/500] NC(=O)Cc1ccc(CCNC(=O)c2ccc(O)cc2O)cc1... int=8 res=7 vina=-9.5 t=3133s
  [300/500] CC(C(=O)O)c1ccc(CCNC(=O)c2ccc(OC(F)(F)F)... int=7 res=5 vina=-9.9 t=3377s
  [325/500] CC(C)(O)c1ccc(CCNC(=O)c2ccc(C(=O)O)cc2O)... int=6 res=5 vina=-10.0 t=3637s
  [350/500] CC(=O)Nc1cc(O)c(C(=O)NCCc2ccc(CC(C)C)cc2... int=10 res=8 vina=-10.2 t=3900s
  [375/500] CC(C)Cc1ccc(CCNC(=O)c2c(O)cc(C(N)=O)cc2O... int=10 res=8 vina=-9.8 t=4153s
  [400/500] CC(=O)c1cc(O)c(C(=O)NCCc2ccc(CCC(=O)O)cc... int=8 res=7 vina=-9.5 t=4406s
  [425/500] COc1ccc(CCNC(=O)c2c(O)cc(C(N)=O)cc2O)cc1... int=6 res=6 vina=-9.1 t=4639s
  [450/500] COC(=O)c1cc(O)c(C(=O)NCCc2ccc(N3CCOCC3)c... int=7 res=7 vina=-9.4 t=4913s
  [475/500] COc1cc(C(N)=O)cc(O)c1C(=O)NCCc1ccc(OC(C)... int=8 res=6 vina=-8.9 t=5177s
  [500/500] CC(=O)c1ccc(CCNC(=O)c2c(O)cc(C(N)=O)cc2O... int=8 res=7 vina=-10.0 t=5428s

Results → paper/experiments/results_v3/4MNE/ga_seed6/results.json
Total: 5428s (10.9s/iter)
