============================================================
  Method: curiosity
  Target: 3V8D
  Seed: 7
  Iterations: 500
  Output: paper/experiments/results_v3/3V8D/curiosity_seed7
============================================================
Target: 3V8D (Thrombin, Serine protease)
Pocket residues: 95
Behavior dim: 286
  [1/500] CC1(C)SC2C(NC(=O)Cc3ccccc3)C(=O)N2C1C(=O... int=10 res=9 vina=-9.1 t=16s
  [2/500] CC(C)Cc1ccc(C(C)C(=O)O)cc1... int=5 res=5 vina=-6.8 t=30s
  [3/500] CC(=O)Oc1ccccc1C(=O)O... int=8 res=6 vina=-6.8 t=46s
  [4/500] CC(=O)Nc1ccc(O)cc1... int=7 res=5 vina=-6.1 t=58s
  [5/500] OC(=O)c1ccccc1O... int=4 res=4 vina=-6.0 t=70s
  [25/500] CC1(C)SC2C(NC(=O)Cc3ccc(Br)cc3)C(=O)N2C1... int=8 res=8 vina=-8.5 t=340s
  [50/500] O=C(O)C1CCCN1... int=0 res=0 vina=-5.0 t=695s
  [75/500] CCOC(=O)C1N2C(=O)C(NC(=O)Cc3cccc(CC(C)N)... int=11 res=11 vina=-9.0 t=1090s
  [100/500] CCOC(=O)c1ccccc1N... int=5 res=5 vina=-6.0 t=1488s
  [125/500] COC(=O)c1ccc(N)cc1... int=4 res=4 vina=-5.4 t=1865s
  [150/500] CC(C(=O)O)c1ccc(N)cc1... int=3 res=3 vina=-6.0 t=2291s
  [175/500] CC(=O)Nc1ccc(CC(C)C)cc1... int=5 res=5 vina=-6.4 t=2683s
  [200/500] CCOC(=O)C1N2C(=O)C(NC(=O)Cc3cc(Cl)cc(OC)... int=11 res=11 vina=-8.4 t=3062s
  [225/500] COc1ccc(CC(=O)NC2C(=O)N3C2SC(C)(C)C3C(=O... int=8 res=8 vina=-8.4 t=3497s
  [250/500] COc1cc(CC(C)N)ccc1O... int=5 res=4 vina=-6.4 t=3842s
  [275/500] CC1(C)SC2C(NC(=O)Cc3ccc(I)cc3)C(=O)N2C1C... int=5 res=5 vina=-8.3 t=4245s
  [300/500] CCOC(=O)C1N2C(=O)C(NC(=O)Cc3ccc(OC)c(OC)... int=8 res=7 vina=-8.2 t=4663s
  [325/500] CCOC(=O)C1N2C(=O)C(NC(=O)Cc3cc(O)cc(O)c3... int=7 res=6 vina=-8.5 t=5087s
  [350/500] CC(C(=O)O)c1ccc(OCC(=O)NC2C(=O)N3C2SC(C)... int=9 res=9 vina=-8.7 t=5519s
  [375/500] CC(C)(O)c1ccc(OCC(=O)NC2C(=O)N3C2SC(C)(C... int=8 res=8 vina=-8.6 t=5955s
  [400/500] Oc1nc2ccccc2cc1Cl... int=5 res=5 vina=-6.9 t=6391s
  [425/500] COc1cc(F)cc(CC(=O)NC2C(=O)N3C2SC(C)(C)C3... int=8 res=8 vina=-9.2 t=6835s
  [450/500] CC(N)c1ccc(CC(=O)NC2C(=O)N3C2SC(C)(C)C3C... int=7 res=6 vina=-9.0 t=7280s
  [475/500] NC(Cc1c[nH]c2ccccc12)C(=O)O... int=0 res=0 vina=-7.4 t=7668s
  [500/500] CCOC(=O)C1N2C(=O)C(NC(=O)Cc3cc(Cl)cc(C(C... int=7 res=6 vina=-8.7 t=8085s

Results → paper/experiments/results_v3/3V8D/curiosity_seed7/results.json
Total: 8085s (16.2s/iter)
