============================================================
  Method: curiosity
  Target: 4DFR
  Seed: 7
  Iterations: 500
  Output: paper/experiments/results_v3/4DFR/curiosity_seed7
============================================================
Target: 4DFR (DHFR, Oxidoreductase)
Pocket residues: 55
Behavior dim: 166
  [1/500] CC1(C)SC2C(NC(=O)Cc3ccccc3)C(=O)N2C1C(=O... int=6 res=6 vina=-8.0 t=12s
  [2/500] CC(C)Cc1ccc(C(C)C(=O)O)cc1... int=6 res=5 vina=-7.4 t=26s
  [3/500] CC(=O)Oc1ccccc1C(=O)O... int=6 res=5 vina=-5.6 t=40s
  [4/500] CC(=O)Nc1ccc(O)cc1... int=2 res=2 vina=-5.7 t=54s
  [5/500] OC(=O)c1ccccc1O... int=4 res=4 vina=-5.8 t=63s
  [25/500] COc1ccc(CC(=O)NC2C(=O)N3C2SC(C)(C)C3C(=O... int=8 res=8 vina=-8.0 t=387s
  [50/500] COc1ccc(O)c(C(=O)O)c1... int=3 res=2 vina=-6.0 t=804s
  [75/500] CC(C)C(NC(=O)Cc1ccccc1)C(=O)NC1C(=O)N2C1... int=4 res=4 vina=-8.9 t=1223s
  [100/500] CC(=O)Nc1ccc(CC(=O)NC2C(=O)N3C2SC(C)(C)C... int=8 res=8 vina=-8.3 t=1661s
  [125/500] CC(C)C(NC(=O)Cc1ccc(C(C)(C)O)cc1)C(=O)NC... int=4 res=4 vina=-9.8 t=2136s
  [150/500] CC1(C)SC2C(NC(=O)Cc3cc(Cl)cc(C(=O)O)c3)C... int=8 res=7 vina=-8.9 t=2585s
  [175/500] CC1(C)SC2C(NC(=O)Cc3ccc(NC(N)=S)cc3)C(=O... int=6 res=6 vina=-8.7 t=3038s
  [200/500] CCOC(=O)c1cc(CC(=O)NC2C(=O)N3C2SC(C)(C)C... int=10 res=8 vina=-8.6 t=3472s
  [225/500] CC1(C)SC2C(NC(=O)Cc3ccc(O)c(C(=O)O)c3)C(... int=6 res=5 vina=-9.1 t=3899s
  [250/500] CCOC(=O)c1cc(CC(=O)NC2C(=O)N3C2SC(C)(C)C... int=5 res=5 vina=-8.5 t=4315s
  [275/500] CC(C)Cc1ccc(CCC(=O)O)cc1... int=7 res=7 vina=-7.1 t=4729s
  [300/500] CCOC(=O)C1N2C(=O)C(NC(=O)Cc3cc(Cl)cc(CCN... int=7 res=7 vina=-8.3 t=5253s
  [325/500] CCOC(=O)C1N2C(=O)C(NC(=O)Cc3cc(O)cc(CCC(... int=7 res=7 vina=-8.8 t=5894s
  [350/500] CC1(C)SC2C(NC(=O)COc3ccc(C(=N)N)cc3)C(=O... int=3 res=2 vina=-8.2 t=6539s
  [375/500] CC1(C)SC2C(NC(=O)Cc3cc(Cl)cc(CC(=O)O)c3)... int=8 res=7 vina=-8.9 t=7163s
  [400/500] CCOC(=O)C1N2C(=O)C(NC(=O)Cc3cc(O)cc(C(C)... int=5 res=5 vina=-8.5 t=7799s
  [425/500] CCOC(=O)C1N2C(=O)C(NC(=O)COc3ccc(Cl)c(Cl... int=6 res=6 vina=-8.6 t=8336s
  [450/500] O=S(=O)(O)c1ccc(O)cc1... int=5 res=5 vina=-5.9 t=8804s
  [475/500] CCOC(=O)C1N2C(=O)C(NC(=O)Cc3cc(NC=O)cc(C... int=7 res=7 vina=-8.9 t=9325s
  [500/500] CCOC(=O)C1N2C(=O)C(NC(=O)Cc3cc(Cl)cc(NC(... int=5 res=5 vina=-8.7 t=9880s

Results → paper/experiments/results_v3/4DFR/curiosity_seed7/results.json
Total: 9880s (19.8s/iter)
