============================================================
  Method: curiosity
  Target: 4MNE
  Seed: 6
  Iterations: 500
  Output: paper/experiments/results_v3/4MNE/curiosity_seed6
============================================================
Target: 4MNE (BRAF, Kinase)
Pocket residues: 68
Behavior dim: 205
  [1/500] CC1(C)SC2C(NC(=O)Cc3ccccc3)C(=O)N2C1C(=O... int=5 res=5 vina=-7.8 t=15s
  [2/500] CC(C)Cc1ccc(C(C)C(=O)O)cc1... int=8 res=8 vina=-7.8 t=30s
  [3/500] CC(=O)Oc1ccccc1C(=O)O... int=4 res=4 vina=-6.1 t=40s
  [4/500] CC(=O)Nc1ccc(O)cc1... int=8 res=6 vina=-6.2 t=55s
  [5/500] OC(=O)c1ccccc1O... int=8 res=6 vina=-6.2 t=64s
  [25/500] CC(=O)Nc1ccc(C(=O)O)cc1... int=7 res=7 vina=-7.1 t=331s
  [50/500] CCOC(=O)c1cc(C(=O)O)ccc1OC(C)=O... int=9 res=7 vina=-7.1 t=655s
  [75/500] COc1cc(O)cc2cc(C(=O)O)c(=O)oc12... int=3 res=3 vina=-7.1 t=1003s
  [100/500] CC1(C)SC2C(NC(=O)Cc3ccccc3)C(=O)N2C1C(=O... int=5 res=5 vina=-7.8 t=1357s
  [125/500] CC(N)Cc1ccc(O)c(O)c1... int=7 res=7 vina=-6.6 t=1717s
  [150/500] CC(=O)Oc1ccc(C(C)C)cc1C(=O)O... int=7 res=7 vina=-7.3 t=2083s
  [175/500] CCOC(=O)C1N2C(=O)C(NC(=O)Cc3ccc(CC(=O)NO... int=8 res=8 vina=-8.6 t=2467s
  [200/500] CCCC(=O)Oc1cc(C=O)ccc1C(=O)OC... int=6 res=5 vina=-6.7 t=2868s
  [225/500] COC(=O)c1ccc(CC(=O)NC2C(=O)N3C2SC(C)(C)C... int=6 res=4 vina=-7.7 t=3244s
  [250/500] CC1(C)SC2C(NC(=O)Cc3ccc(Br)cc3)C(=O)N2C1... int=5 res=5 vina=-7.9 t=3621s
  [275/500] COc1cc(CC(C)C)cc(OC)c1OC... int=7 res=6 vina=-6.1 t=3995s
  [300/500] NC(=O)c1ccc(N2CCOCC2)cc1... int=3 res=3 vina=-7.5 t=4363s
  [325/500] CCOC(=O)c1cc(OC)c(OC)c(OC(C)=O)c1... int=11 res=8 vina=-7.1 t=4758s
  [350/500] CCOC(=O)C1N2C(=O)C(NC(=O)Cc3ccc(Br)cc3)C... int=3 res=3 vina=-7.5 t=5146s
  [375/500] CC(=O)N1CCN(c2cccc(Cl)c2)CC1... int=6 res=6 vina=-6.8 t=5492s
  [400/500] CC1(C)SC2C(NC(=O)COc3ccc(NC(N)=S)cc3)C(=... int=7 res=6 vina=-8.3 t=5833s
  [425/500] COc1ccc(C(=O)O)cc1C(=O)O... int=5 res=4 vina=-6.9 t=6156s
  [450/500] COC(=O)c1ccc(C(=O)O)c(OC(=O)CCCN)c1... int=11 res=8 vina=-7.6 t=6514s
  [475/500] CCOC(=O)C1N2C(=O)C(NC(=O)Cc3ccc(Br)cc3)C... int=3 res=3 vina=-7.5 t=6859s
  [500/500] O=C(O)CCCC(=O)Oc1ccc(O)cc1C(=O)O... int=10 res=8 vina=-7.7 t=7191s

Results → paper/experiments/results_v3/4MNE/curiosity_seed6/results.json
Total: 7191s (14.4s/iter)
