============================================================
  Method: curiosity
  Target: 1EVE
  Seed: 8
  Iterations: 500
  Output: paper/experiments/results_v3/1EVE/curiosity_seed8
============================================================
Target: 1EVE (AChE, Hydrolase)
Pocket residues: 76
Behavior dim: 229
  [1/500] CC1(C)SC2C(NC(=O)Cc3ccccc3)C(=O)N2C1C(=O... int=9 res=9 vina=-10.3 t=17s
  [2/500] CC(C)Cc1ccc(C(C)C(=O)O)cc1... int=5 res=5 vina=-8.7 t=37s
  [3/500] CC(=O)Oc1ccccc1C(=O)O... int=5 res=5 vina=-7.3 t=68s
  [4/500] CC(=O)Nc1ccc(O)cc1... int=3 res=3 vina=-6.7 t=96s
  [5/500] OC(=O)c1ccccc1O... int=4 res=4 vina=-6.9 t=121s
  [25/500] COc1cc(NC(C)=O)ccc1O... int=5 res=5 vina=-6.8 t=632s
  [50/500] COc1ccc(-c2ccccc2)cc1C(=O)O... int=6 res=6 vina=-9.4 t=1314s
  [75/500] COc1cc(O)cc2cc(C(=O)O)c(=O)oc12... int=3 res=3 vina=-8.5 t=1936s
  [100/500] CC(=O)c1ccc(CC(=O)NC2C(=O)N3C2SC(C)(C)C3... int=7 res=7 vina=-10.8 t=2341s
  [125/500] CC(C)C(NC(=O)Cc1ccc(F)cc1)C(=O)NC1C(=O)N... int=6 res=6 vina=-10.4 t=2772s
  [150/500] CC(=O)Oc1ccc(OCC(=O)NC2C(=O)N3C2SC(C)(C)... int=11 res=11 vina=-10.0 t=3216s
  [175/500] CC(C(=O)O)c1ccc(CC(=O)NC2C(=O)N3C2SC(C)(... int=11 res=10 vina=-11.1 t=3660s
  [200/500] CCOC(=O)C1N2C(=O)C(NC(=O)Cc3ccc(S(N)(=O)... int=8 res=8 vina=-10.4 t=4091s
  [225/500] CCOC(=O)c1cc(C=O)ccc1O... int=5 res=5 vina=-7.1 t=4475s
  [250/500] CCOC(=O)C1N2C(=O)C(NC(=O)Cc3ccc(CO)cc3)C... int=8 res=8 vina=-10.0 t=4897s
  [275/500] CCOC(=O)C1N2C(=O)C(NC(=O)COc3ccc(OC(C)=O... int=6 res=6 vina=-9.1 t=5284s
  [300/500] CCOC(=O)C1N2C(=O)C(NC(=O)Cc3ccc(OC)cc3)C... int=6 res=6 vina=-9.8 t=5680s
  [325/500] CC(N)c1ccc(NC=O)cc1... int=3 res=3 vina=-7.0 t=6037s
  [350/500] CCOC(=O)c1cc2cccc(OC)c2oc1=O... int=2 res=2 vina=-8.4 t=6427s
  [375/500] COc1cc(C(=O)O)cc(C(=O)O)c1OC(C)=O... int=3 res=3 vina=-7.8 t=6784s
  [400/500] CCOC(=O)C1N2C(=O)C(NC(=O)COc3ccc(C(N)=O)... int=5 res=5 vina=-9.9 t=7175s
  [425/500] CCCCCC(=O)Oc1cc(N)cc(O)c1C(=O)OCC... int=9 res=9 vina=-8.9 t=7530s
  [450/500] COc1cc(O)cc(CC(=O)NC2C(=O)N3C2SC(C)(C)C3... int=10 res=10 vina=-10.2 t=7917s
  [475/500] CC(=O)Oc1cc(CC(C)N)cc(O)c1C(=O)O... int=10 res=10 vina=-8.8 t=8256s
  [500/500] CCOC(=O)C1N2C(=O)C(NC(=O)COc3ccc(C(=O)OC... int=8 res=8 vina=-9.4 t=8605s

Results → paper/experiments/results_v3/1EVE/curiosity_seed8/results.json
Total: 8605s (17.2s/iter)
