============================================================
  Method: imgep_naive
  Target: 3PJC
  Seed: 8
  Iterations: 500
  Output: paper/experiments/results_v3/3PJC/imgep_naive_seed8
============================================================
Target: 3PJC (CDK2, Kinase)
Pocket residues: 60
Behavior dim: 181
  [1/500] CC1(C)SC2C(NC(=O)Cc3ccccc3)C(=O)N2C1C(=O... int=5 res=5 vina=-8.6 t=23s
  [2/500] CC(C)Cc1ccc(C(C)C(=O)O)cc1... int=8 res=8 vina=-7.7 t=38s
  [3/500] CC(=O)Oc1ccccc1C(=O)O... int=7 res=7 vina=-6.7 t=54s
  [4/500] CC(=O)Nc1ccc(O)cc1... int=9 res=9 vina=-6.2 t=72s
  [5/500] OC(=O)c1ccccc1O... int=6 res=6 vina=-6.1 t=90s
  [25/500] CCOC(=O)C(C)c1ccc(C(C)(C)O)cc1... int=5 res=5 vina=-7.6 t=404s
  [50/500] CC(=O)c1ccc(OCC(O)CNC(C)C)cc1... int=6 res=6 vina=-7.2 t=821s
  [75/500] CCOC(=O)C(N)Cc1ccc(CC(C)C)cc1... int=9 res=8 vina=-7.4 t=1242s
  [100/500] CC(C)Cc1ccc(CC(N)C(=O)O)cc1... int=10 res=9 vina=-7.7 t=1700s
  [125/500] NC(=O)c1ccc(C=NO)cc1... int=7 res=7 vina=-6.6 t=2128s
  [150/500] CCCC(=O)Oc1cc(C(C)C)cc(O)c1C(=O)O... int=6 res=6 vina=-7.6 t=2579s
  [175/500] CCCC(=O)Oc1ccc(NC=O)cc1... int=5 res=4 vina=-6.3 t=3019s
  [200/500] CC(C(=O)O)c1ccc(C(C)(C)O)cc1... int=7 res=5 vina=-7.6 t=3477s
  [225/500] NS(=O)(=O)c1ccc(CCC(=O)O)cc1[S-]... int=8 res=6 vina=-7.5 t=3932s
  [250/500] NS(=O)(=O)c1ccc(CCC(=O)O)cc1[S-]... int=8 res=6 vina=-7.5 t=4344s
  [275/500] CNCCCc1ccc(S(N)(=O)=O)c([S-])c1... int=9 res=8 vina=-7.0 t=4780s
  [300/500] NS(=O)(=O)c1cc(Cl)c(Cl)cc1[S-]... int=7 res=5 vina=-6.3 t=5222s
  [325/500] NCCc1ccc(CC(N)=O)cc1... int=8 res=7 vina=-6.6 t=5682s
  [350/500] O=C(Cc1ccc(N2CCOCC2)cc1)NO... int=9 res=7 vina=-8.3 t=6134s
  [375/500] NC(Cc1ccc(S(N)(=O)=O)c([S-])c1)C(=O)O... int=9 res=8 vina=-7.6 t=6591s
  [400/500] NC(Cc1ccc(CC(=O)NO)cc1)C(=O)O... int=11 res=9 vina=-8.3 t=7041s
  [425/500] NC(=O)Cc1ccc(CC(=O)NO)cc1... int=10 res=8 vina=-8.0 t=7501s
  [450/500] CC(C)(O)c1ccc(C(=N)N)cc1... int=6 res=5 vina=-7.1 t=7935s
  [475/500] CC(N)c1ccc(CC(=O)NO)cc1... int=8 res=6 vina=-7.9 t=8404s
  [500/500] NC(Cc1ccc(CCC(=O)O)cc1)C(=O)O... int=7 res=6 vina=-7.9 t=8863s

Results → paper/experiments/results_v3/3PJC/imgep_naive_seed8/results.json
Total: 8863s (17.7s/iter)
