============================================================
  Method: imgep
  Target: 3EML
  Seed: 9
  Iterations: 500
  Output: paper/experiments/results_v3/3EML/imgep_seed9
============================================================
Target: 3EML (EGFR, Kinase)
Pocket residues: 65
Behavior dim: 196
  [1/500] CC1(C)SC2C(NC(=O)Cc3ccccc3)C(=O)N2C1C(=O... int=5 res=5 vina=-8.5 t=14s
  [2/500] CC(C)Cc1ccc(C(C)C(=O)O)cc1... int=6 res=6 vina=-7.7 t=29s
  [3/500] CC(=O)Oc1ccccc1C(=O)O... int=8 res=8 vina=-6.3 t=41s
  [4/500] CC(=O)Nc1ccc(O)cc1... int=5 res=5 vina=-6.1 t=51s
  [5/500] OC(=O)c1ccccc1O... int=4 res=4 vina=-5.9 t=65s
  [25/500] CC(=O)Oc1ccc(N(C)C)cc1... int=3 res=3 vina=-5.1 t=339s
  [50/500] CC(=O)Oc1ccc(N(C)C)cc1... int=3 res=3 vina=-5.1 t=712s
  [75/500] CC(=O)Oc1ccc(C(=O)O)c(OC(C)=O)c1... int=8 res=8 vina=-7.0 t=1081s
  [100/500] CCOC(=O)C1N2C(=O)C(NC(=O)Cc3ccc(NC(N)=S)... int=6 res=6 vina=-9.1 t=1449s
  [125/500] CCCCC(=O)Oc1ccc(OC)cc1C(=O)OCC... int=4 res=4 vina=-7.0 t=1816s
  [150/500] COC(=O)c1ccc(Cl)cc1OC(=O)CCC(=O)O... int=4 res=4 vina=-7.4 t=2197s
  [175/500] CC(=O)Oc1ccc(CC(=O)NC2C(=O)N3C2SC(C)(C)C... int=8 res=7 vina=-9.5 t=2553s
  [200/500] COC(=O)c1ccc(Cl)cc1OC(=O)CCCC(=O)O... int=5 res=5 vina=-7.4 t=2941s
  [225/500] CCOC(=O)c1cc(Cl)ccc1N... int=2 res=2 vina=-6.1 t=3293s
  [250/500] CC(=O)Nc1ccc(C(C)C(=O)O)cc1... int=3 res=3 vina=-7.5 t=3679s
  [275/500] CC(C(=O)O)c1ccc(CCCO)cc1... int=5 res=5 vina=-7.6 t=4082s
  [300/500] CCCCCC(=O)Oc1ccc(Cl)cc1C(=O)OC... int=7 res=7 vina=-7.1 t=4447s
  [325/500] CCCC(=O)Oc1ccc(S(=O)(=O)O)cc1... int=7 res=6 vina=-6.8 t=4815s
  [350/500] CCCC(=O)Oc1cc(OC)c(O)cc1C(=O)OCC... int=7 res=7 vina=-7.2 t=5193s
  [375/500] COc1ccc(CC(=O)NC2C(=O)N3C2SC(C)(C)C3C(=O... int=6 res=6 vina=-8.9 t=5568s
  [400/500] CCOC(=O)C1N2C(=O)C(NC(=O)Cc3ccc(C(C)C(=O... int=8 res=7 vina=-9.1 t=5949s
  [425/500] CC(=O)c1ccc(C(C)N)cc1... int=5 res=5 vina=-6.8 t=6331s
  [450/500] CC(=O)Oc1cc(CC(N)=O)ccc1C(=O)O... int=7 res=7 vina=-7.3 t=6706s
  [475/500] CC(=O)Oc1ccc(OCC(=O)NC2C(=O)N3C2SC(C)(C)... int=8 res=7 vina=-8.5 t=7115s
  [500/500] CC(N)Cc1ccc(O)c(O)c1... int=4 res=4 vina=-6.8 t=7544s

Results → paper/experiments/results_v3/3EML/imgep_seed9/results.json
Total: 7544s (15.1s/iter)
