============================================================
  Method: imgep
  Target: 1EVE
  Seed: 9
  Iterations: 500
  Output: paper/experiments/results_v3/1EVE/imgep_seed9
============================================================
Target: 1EVE (AChE, Hydrolase)
Pocket residues: 76
Behavior dim: 229
  [1/500] CC1(C)SC2C(NC(=O)Cc3ccccc3)C(=O)N2C1C(=O... int=9 res=9 vina=-10.3 t=14s
  [2/500] CC(C)Cc1ccc(C(C)C(=O)O)cc1... int=5 res=5 vina=-8.7 t=28s
  [3/500] CC(=O)Oc1ccccc1C(=O)O... int=5 res=5 vina=-7.3 t=39s
  [4/500] CC(=O)Nc1ccc(O)cc1... int=3 res=3 vina=-6.7 t=51s
  [5/500] OC(=O)c1ccccc1O... int=4 res=4 vina=-6.9 t=65s
  [25/500] CC1(C)SC2C(NC(=O)Cc3ccc(Cl)c(Cl)c3)C(=O)... int=5 res=5 vina=-10.8 t=348s
  [50/500] CC(C)(O)c1ccc(CC(=O)NC2C(=O)N3C2SC(C)(C)... int=11 res=11 vina=-10.9 t=723s
  [75/500] CCOC(=O)c1ccc(Cl)cc1OC(C)=O... int=6 res=6 vina=-7.5 t=1100s
  [100/500] O=C(O)c1cccc(Cl)c1... int=2 res=2 vina=-6.7 t=1460s
  [125/500] CC(=O)NCC(=O)O... int=3 res=3 vina=-4.8 t=1833s
  [150/500] CC(C)CC(N)C(=O)O... int=0 res=0 vina=-5.7 t=2228s
  [175/500] COC(=O)c1cc(C(C)C)cc(OC)c1OC... int=3 res=3 vina=-6.6 t=2628s
  [200/500] NCCCC(=O)Oc1ccccc1C(=O)O... int=5 res=5 vina=-8.1 t=3041s
  [225/500] CCOC(=O)C1N2C(=O)C(NC(=O)C(N)c3ccc(F)cc3... int=10 res=10 vina=-9.8 t=3417s
  [250/500] CC1(C)SC2C(NC(=O)Cc3ccc(C=Cc4ccccc4)cc3)... int=5 res=5 vina=-12.1 t=3815s
  [275/500] CCOC(=O)C1N2C(=O)C(NC(=O)Cc3ccc(S(=O)(=O... int=10 res=10 vina=-9.8 t=4224s
  [300/500] CCOC(=O)C1N2C(=O)C(NC(=O)Cc3ccc(O)c(OC)c... int=7 res=7 vina=-10.1 t=4630s
  [325/500] CC1(C)SC2C(NC(=O)Cc3ccc(S(N)(=O)=O)cc3)C... int=10 res=10 vina=-10.8 t=5033s
  [350/500] CN(C)c1ccc(CC(=O)NC2C(=O)N3C2SC(C)(C)C3C... int=7 res=7 vina=-10.6 t=5433s
  [375/500] CCOC(=O)C1N2C(=O)C(NC(=O)OC(C)(C)C)C2SC1... int=8 res=8 vina=-8.2 t=5851s
  [400/500] CC(N)Cc1ccc(O)c(O)c1... int=5 res=5 vina=-7.3 t=6504s
  [425/500] CCOC(=O)C1N2C(=O)C(NC(=O)Cc3ccc(NC=O)cc3... int=8 res=8 vina=-9.2 t=7189s
  [450/500] CCOC(=O)C1N2C(=O)C(NC(=O)C(N)c3ccc(C(C)N... int=10 res=9 vina=-10.3 t=7887s
  [475/500] CCC(C)C(N)C(=O)O... int=0 res=0 vina=-5.7 t=8353s
  [500/500] CC1(C)SC2C(NC(=O)Cc3ccccc3)C(=O)N2C1C(=O... int=9 res=9 vina=-10.3 t=8756s

Results → paper/experiments/results_v3/1EVE/imgep_seed9/results.json
Total: 8756s (17.5s/iter)
