============================================================
  Method: imgep_naive
  Target: 1ERE
  Seed: 1
  Iterations: 500
  Output: paper/experiments/results_v3/1ERE/imgep_naive_seed1
============================================================
Target: 1ERE (Estrogen Receptor α, Nuclear receptor)
Pocket residues: 71
Behavior dim: 214
  [1/500] CC1(C)SC2C(NC(=O)Cc3ccccc3)C(=O)N2C1C(=O... int=5 res=5 vina=-6.8 t=14s
  [2/500] CC(C)Cc1ccc(C(C)C(=O)O)cc1... int=6 res=6 vina=-7.4 t=29s
  [3/500] CC(=O)Oc1ccccc1C(=O)O... int=5 res=5 vina=-6.8 t=40s
  [4/500] CC(=O)Nc1ccc(O)cc1... int=5 res=5 vina=-6.1 t=53s
  [5/500] OC(=O)c1ccccc1O... int=5 res=5 vina=-6.2 t=65s
  [25/500] CC1(C)SC2C(NC(=O)COc3ccc(C(=N)N)cc3)C(=O... int=8 res=8 vina=-7.5 t=333s
  [50/500] CC1(C)SC2C(NC(=O)Cc3cc(O)cc(Cl)c3)C(=O)N... int=7 res=6 vina=-8.5 t=786s
  [75/500] CCOC(=O)C1N2C(=O)C(NC(=O)COc3ccc(C4N=C(C... int=7 res=7 vina=-3.7 t=1231s
  [100/500] CCOC(=O)C1N2C(=O)C(NC(=O)Cc3ccc(C(C)(C)O... int=9 res=9 vina=-4.2 t=1670s
  [125/500] CCOC(=O)C1N2C(=O)C(NC(=O)Cc3ccc(NC(N)=S)... int=10 res=10 vina=-1.5 t=2133s
  [150/500] CCOC(=O)C1N2C(=O)C(NC(=O)Cc3ccc(C(=N)N)c... int=10 res=9 vina=-4.7 t=2570s
  [175/500] CC(C(=O)O)c1ccc(CC(=O)NC2C(=O)N3C2SC(C)(... int=7 res=6 vina=-2.5 t=3042s
  [200/500] CC1(C)SC2C(NC(=O)Cc3ccc(O)c(O)c3)C(=O)N2... int=5 res=5 vina=-8.4 t=3464s
  [225/500] CCOC(=O)C1N2C(=O)C(NC(=O)COc3ccc(C(=O)Nc... int=12 res=12 vina=-3.4 t=3919s
  [250/500] CCOC(=O)C1N2C(=O)C(NC(=O)COc3ccc(C4N=C(C... int=7 res=7 vina=-3.7 t=4439s
  [275/500] CC1(C)SC2C(NC(=O)Cc3ccc(C(=N)N)cc3)C(=O)... int=11 res=10 vina=-7.5 t=4983s
  [300/500] CCOC(=O)C1N2C(=O)C(NC(=O)COc3ccc(C4N=C(C... int=7 res=7 vina=-3.7 t=5553s
  [325/500] CC(=O)Nc1ccc(Oc2ccc(OCC(=O)NC3C(=O)N4C3S... int=8 res=8 vina=-4.3 t=6130s
  [350/500] CCOC(=O)C1N2C(=O)C(NC(=O)COc3ccc(Oc4cccc... int=10 res=10 vina=-5.8 t=6701s
  [375/500] CC1(C)SC2C(NC(=O)COc3ccc(C(=O)Nc4ccccc4)... int=9 res=9 vina=-5.1 t=7258s
  [400/500] CC1(C)SC2C(NC(=O)COc3ccc(C(=O)NCC(=O)O)c... int=10 res=9 vina=-5.8 t=7811s
  [425/500] CCOC(=O)C1N2C(=O)C(NC(=O)Cc3ccc(C(=O)Nc4... int=10 res=10 vina=-3.8 t=8339s
  [450/500] CCOC(=O)C1N2C(=O)C(NC(=O)COc3ccc(Nc4cccc... int=11 res=11 vina=-4.9 t=8863s
  [475/500] CCOC(=O)C1N2C(=O)C(NC(=O)COc3ccc(C4N=C(C... int=7 res=7 vina=-3.7 t=9447s
  [500/500] CC(N)c1ccc(C=Cc2ccc(OCC(=O)NC3C(=O)N4C3S... int=6 res=6 vina=0.7 t=10002s

Results → paper/experiments/results_v3/1ERE/imgep_naive_seed1/results.json
Total: 10002s (20.0s/iter)
