============================================================
  Method: curiosity
  Target: 4DFR
  Seed: 0
  Iterations: 500
  Output: paper/experiments/results_v3/4DFR/curiosity_seed0
============================================================
Target: 4DFR (DHFR, Oxidoreductase)
Pocket residues: 55
Behavior dim: 166
  [1/500] CC1(C)SC2C(NC(=O)Cc3ccccc3)C(=O)N2C1C(=O... int=6 res=6 vina=-8.0 t=13s
  [2/500] CC(C)Cc1ccc(C(C)C(=O)O)cc1... int=6 res=5 vina=-7.4 t=26s
  [3/500] CC(=O)Oc1ccccc1C(=O)O... int=6 res=5 vina=-5.6 t=34s
  [4/500] CC(=O)Nc1ccc(O)cc1... int=2 res=2 vina=-5.7 t=45s
  [5/500] OC(=O)c1ccccc1O... int=4 res=4 vina=-5.8 t=55s
  [25/500] COc1cc(Cl)cc(OCC(=O)NC2C(=O)N3C2SC(C)(C)... int=4 res=3 vina=-8.4 t=374s
  [50/500] COc1ccc(CC(C)N)cc1OCC(=O)NC1C(=O)N2C1SC(... int=6 res=4 vina=-8.4 t=807s
  [75/500] COc1cc(O)cc(OCC(=O)NC2C(=O)N3C2SC(C)(C)C... int=5 res=5 vina=-7.3 t=1252s
  [100/500] COc1c(OCC(=O)NC2C(=O)N3C2SC(C)(C)C3C(=O)... int=10 res=9 vina=-9.0 t=1726s
  [125/500] CCOC(=O)C1N2C(=O)C(NC(=O)COc3cc(Cl)cc(OC... int=5 res=5 vina=-7.6 t=2220s
  [150/500] COc1cc(O)cc(OCC(=O)NC2C(=O)N3C2SC(C)(C)C... int=4 res=4 vina=-7.4 t=2741s
  [175/500] CCOC(=O)C1N2C(=O)C(NC(=O)COc3cc(CC(C)N)c... int=5 res=5 vina=-8.5 t=3220s
  [200/500] COc1cc(CCN)cc(OCC(=O)NC2C(=O)N3C2SC(C)(C... int=13 res=11 vina=-7.8 t=3752s
  [225/500] CC1(C)SC2C(NC(=O)COc3cc(C=CC(=O)O)ccc3O)... int=5 res=5 vina=-8.5 t=4218s
  [250/500] COc1cc(CC(N)=O)cc(OCC(=O)NC2C(=O)N3C2SC(... int=6 res=5 vina=-8.5 t=4769s
  [275/500] Cc1ccc(C=O)cc1OCC(=O)NC1C(=O)N2C1SC(C)(C... int=5 res=4 vina=-8.4 t=5243s
  [300/500] CCOC(=O)C1N2C(=O)C(NC(=O)COc3cc(OC)cc(C(... int=6 res=6 vina=-8.1 t=5766s
  [325/500] CCOc1cc(C(=O)OC)cc(OCC(=O)NC2C(=O)N3C2SC... int=7 res=6 vina=-8.0 t=6343s
  [350/500] CC(=O)Nc1ccc(N2CCN(C(C)=O)CC2)cc1... int=5 res=5 vina=-7.8 t=7071s
  [375/500] CCOc1cc(O)cc(OCC(=O)NC2C(=O)N3C2SC(C)(C)... int=2 res=2 vina=-7.9 t=7765s
  [400/500] COc1cc(C(=O)O)cc(OCC(=O)NC2C(=O)N3C2SC(C... int=7 res=7 vina=-8.5 t=8420s
  [425/500] CC1(C)SC2C(NC(=O)COc3cc(O)cc(C(=O)O)c3)C... int=7 res=7 vina=-9.5 t=9087s
  [450/500] COc1c(OCC(=O)NC2C(=O)N3C2SC(C)(C)C3C(=O)... int=6 res=6 vina=-8.3 t=9636s
  [475/500] COc1cc(CC(N)C(=O)O)cc(OCC(=O)NC2C(=O)N3C... int=5 res=5 vina=-8.0 t=10216s
  [500/500] CC(=O)c1cc(OCC(=O)NC2C(=O)N3C2SC(C)(C)C3... int=8 res=7 vina=-9.0 t=10834s

Results → paper/experiments/results_v3/4DFR/curiosity_seed0/results.json
Total: 10834s (21.7s/iter)
