============================================================
  Method: ga
  Target: 1ERE
  Seed: 4
  Iterations: 500
  Output: paper/experiments/results_v3/1ERE/ga_seed4
============================================================
Target: 1ERE (Estrogen Receptor α, Nuclear receptor)
Pocket residues: 71
Behavior dim: 214
  [1/500] CC1(C)SC2C(NC(=O)Cc3ccccc3)C(=O)N2C1C(=O... int=5 res=5 vina=-6.8 t=13s
  [2/500] CC(C)Cc1ccc(C(C)C(=O)O)cc1... int=6 res=6 vina=-7.4 t=23s
  [3/500] CC(=O)Oc1ccccc1C(=O)O... int=5 res=5 vina=-6.8 t=34s
  [4/500] CC(=O)Nc1ccc(O)cc1... int=5 res=5 vina=-6.1 t=45s
  [5/500] OC(=O)c1ccccc1O... int=5 res=5 vina=-6.2 t=57s
  [25/500] CC(C)(O)c1ccc(C=CC(=O)O)cc1... int=5 res=5 vina=-7.3 t=310s
  [50/500] CC(O)c1cccc(-c2ccc(C(C)C(=O)O)cc2)c1... int=8 res=6 vina=-7.5 t=615s
  [75/500] CC(C)NCC(O)COc1ccc(C(C)N)cc1... int=9 res=8 vina=-7.3 t=925s
  [100/500] O=C(COc1ccc(C(=O)CCl)cc1)NC1CCCCC1... int=8 res=8 vina=-7.8 t=1241s
  [125/500] CC(C)Cc1ccc(S(N)(=O)=O)cc1... int=7 res=7 vina=-7.0 t=1552s
  [150/500] CC(=O)c1ccc(-c2cccc(-c3nn[nH]n3)c2)cc1... int=10 res=9 vina=-7.5 t=1865s
  [175/500] NS(=O)(=O)c1ccc(Oc2ccc(Cl)cc2)cc1[S-]... int=2 res=2 vina=-7.6 t=2187s
  [200/500] CC(C)(O)c1ccc(CC(N)C(=O)O)cc1... int=8 res=6 vina=-7.6 t=2518s
  [225/500] CC(=O)c1ccc(C(=O)Nc2ccc(CO)cc2)cc1... int=9 res=8 vina=-1.0 t=2861s
  [250/500] CC(C)Cc1ccc(C(C)(C)O)cc1... int=7 res=6 vina=-7.3 t=3210s
  [275/500] NC(=O)c1ccc(OCC(=O)NC2CCCCC2)cc1... int=9 res=9 vina=-8.2 t=3575s
  [300/500] CC(=O)Oc1ccc(CCc2ccccc2)cc1... int=8 res=8 vina=-8.4 t=3942s
  [325/500] NC(=O)Cc1ccc(N2CCOCC2)cc1... int=5 res=5 vina=-7.2 t=4324s
  [350/500] NS(=O)(=O)c1ccc(Oc2ccccc2)cc1[S-]... int=5 res=5 vina=-8.0 t=4700s
  [375/500] CC1=NC(c2ccc(CC(C)C)cc2)C(=O)N1... int=9 res=9 vina=-7.7 t=5079s
  [400/500] CC(C)NCC(O)COc1ccc(CC(N)C(=O)O)cc1... int=9 res=8 vina=-7.7 t=5464s
  [425/500] Cc1ccc(N)cc1Oc1ccc(S(N)(=O)=O)c([S-])c1... int=7 res=7 vina=-8.2 t=5860s
  [450/500] NS(=O)(=O)c1ccc(Oc2ccccc2)cc1[S-]... int=5 res=5 vina=-8.0 t=6252s
  [475/500] COc1ccc(OCC(=O)NC2CCCC(O)C2)cc1... int=9 res=9 vina=-7.8 t=6642s
  [500/500] CC(=O)c1ccc(OCC(=O)NC2CCCC(O)C2)cc1... int=6 res=6 vina=-8.7 t=7033s

Results → paper/experiments/results_v3/1ERE/ga_seed4/results.json
Total: 7033s (14.1s/iter)
