============================================================
  Method: imgep_naive
  Target: 1EVE
  Seed: 4
  Iterations: 500
  Output: paper/experiments/results_v3/1EVE/imgep_naive_seed4
============================================================
Target: 1EVE (AChE, Hydrolase)
Pocket residues: 76
Behavior dim: 229
  [1/500] CC1(C)SC2C(NC(=O)Cc3ccccc3)C(=O)N2C1C(=O... int=9 res=9 vina=-10.3 t=14s
  [2/500] CC(C)Cc1ccc(C(C)C(=O)O)cc1... int=5 res=5 vina=-8.7 t=28s
  [3/500] CC(=O)Oc1ccccc1C(=O)O... int=5 res=5 vina=-7.3 t=39s
  [4/500] CC(=O)Nc1ccc(O)cc1... int=3 res=3 vina=-6.7 t=53s
  [5/500] OC(=O)c1ccccc1O... int=4 res=4 vina=-6.9 t=65s
  [25/500] CCOC(=O)C1N2C(=O)C(NC(=O)Cc3ccc(C(C)C(=O... int=10 res=10 vina=-10.7 t=411s
  [50/500] CCOC(=O)C1N2C(=O)C(NC(=O)Cc3ccc(C(C)=O)c... int=9 res=9 vina=-9.9 t=848s
  [75/500] COC(=O)c1cc(O)c(O)cc1OC(C)=O... int=6 res=6 vina=-7.8 t=1267s
  [100/500] COC(=O)c1cc(OC)c(O)cc1OC(C)=O... int=8 res=8 vina=-7.7 t=1713s
  [125/500] COc1cc(OC(C)=O)c(C(=O)O)cc1OC... int=1 res=1 vina=-7.6 t=2127s
  [150/500] CCOC(=O)C1N2C(=O)C(NC(=O)Cc3ccc(C(=O)NCC... int=9 res=9 vina=-8.8 t=2565s
  [175/500] CC1(C)SC2C(NC(=O)COc3ccc(C(=O)NCCO)cc3)C... int=10 res=10 vina=-10.7 t=3041s
  [200/500] CCOC(=O)C1N2C(=O)C(NC(=O)COc3ccc(C(=N)N)... int=10 res=10 vina=-10.4 t=3513s
  [225/500] CCOC(=O)C1N2C(=O)C(NC(=O)COc3ccc(OC)cc3)... int=9 res=9 vina=-9.3 t=3953s
  [250/500] CC(=O)N1CCN(c2ccc(OCC(=O)NC3C(=O)N4C3SC(... int=7 res=7 vina=-11.0 t=4418s
  [275/500] CCOC(=O)C1N2C(=O)C(NC(=O)COc3ccc(C(C)N)c... int=7 res=7 vina=-10.2 t=4878s
  [300/500] CCOC(=O)C1N2C(=O)C(NC(=O)Cc3ccc(C(C)N)cc... int=13 res=12 vina=-10.4 t=5370s
  [325/500] CC1(C)SC2C(NC(=O)COc3ccc(N4CCOCC4)cc3)C(... int=8 res=8 vina=-10.3 t=5868s
  [350/500] CC(=O)Oc1ccc(CC(=O)NC2C(=O)N3C2SC(C)(C)C... int=8 res=8 vina=-10.3 t=6367s
  [375/500] CCOC(=O)C1N2C(=O)C(NC(=O)Cc3ccc(C(=O)OC)... int=13 res=12 vina=-10.4 t=6837s
  [400/500] CCOC(=O)C1N2C(=O)C(NC(=O)COc3ccc(C(=O)c4... int=7 res=7 vina=-10.7 t=7320s
  [425/500] CC1(C)SC2C(NC(=O)Cc3ccc(CCCO)cc3)C(=O)N2... int=9 res=9 vina=-9.4 t=7789s
  [450/500] CC(=O)Oc1cc(O)c(O)cc1C(=O)O... int=5 res=5 vina=-7.8 t=8240s
  [475/500] CC(C(=O)O)c1ccc(CC(=O)NC2C(=O)N3C2SC(C)(... int=11 res=10 vina=-11.1 t=8694s
  [500/500] COc1cc(OC(C)=O)c(C(=O)O)cc1O... int=10 res=9 vina=-7.7 t=9161s

Results → paper/experiments/results_v3/1EVE/imgep_naive_seed4/results.json
Total: 9161s (18.3s/iter)
