============================================================
  Method: random
  Target: 4DFR
  Seed: 1
  Iterations: 500
  Output: paper/experiments/results_v3/4DFR/random_seed1
============================================================
Target: 4DFR (DHFR, Oxidoreductase)
Pocket residues: 55
Behavior dim: 166
  [1/500] CC1(C)SC2C(NC(=O)Cc3ccccc3)C(=O)N2C1C(=O... int=6 res=6 vina=-8.0 t=11s
  [2/500] CC(C)Cc1ccc(C(C)C(=O)O)cc1... int=6 res=5 vina=-7.4 t=21s
  [3/500] CC(=O)Oc1ccccc1C(=O)O... int=6 res=5 vina=-5.6 t=32s
  [4/500] CC(=O)Nc1ccc(O)cc1... int=2 res=2 vina=-5.7 t=41s
  [5/500] OC(=O)c1ccccc1O... int=4 res=4 vina=-5.8 t=50s
  [25/500] CC(C)c1cccc(CC(=O)NC2C(=O)N3C2SC(C)(C)C3... int=3 res=3 vina=-9.2 t=320s
  [50/500] CCOC(=O)c1ccccc1OC(C)=O... int=5 res=5 vina=-6.3 t=680s
  [75/500] CC(C)Cc1ccc(CC(=O)NC2C(=O)N3C2SC(C)(C)C3... int=5 res=5 vina=-8.3 t=1060s
  [100/500] CN(C)c1ccc(CC(=O)NC2C(=O)N3C2SC(C)(C)C3C... int=4 res=4 vina=-8.4 t=1446s
  [125/500] CCOC(=O)C1N2C(=O)C(NC(=O)Cc3ccc(OC)cc3)C... int=5 res=5 vina=-8.4 t=1847s
  [150/500] CCOC(=O)c1cc(F)ccc1OC(C)=O... int=5 res=5 vina=-6.4 t=2246s
  [175/500] CC(C(=O)O)c1ccc(CC(=O)NC2C(=O)N3C2SC(C)(... int=8 res=7 vina=-8.6 t=2655s
  [200/500] CC1(C)SC2C(NC(=O)Cc3cccc(Cl)c3)C(=O)N2C1... int=3 res=3 vina=-8.1 t=3057s
  [225/500] CC(C)c1ccc(C=NO)cc1... int=6 res=6 vina=-6.2 t=3466s
  [250/500] CC1(C)SC2C(NC(=O)Cc3ccc(F)cc3)C(=O)N2C1C... int=4 res=4 vina=-8.5 t=3898s
  [275/500] CC(=O)Nc1ccc(CC(=O)NC2C(=O)N3C2SC(C)(C)C... int=8 res=8 vina=-8.3 t=4325s
  [300/500] COc1cc(C=O)ccc1O... int=2 res=2 vina=-5.3 t=4713s
  [325/500] CC(CS)C(=O)N1CCCC1C(=O)O... int=4 res=2 vina=-5.7 t=5141s
  [350/500] CC(C)Cc1ccc(OCC(=O)NC2C(=O)N3C2SC(C)(C)C... int=7 res=7 vina=-9.5 t=5568s
  [375/500] COC(=O)c1cc(Cl)ccc1OC(C)=O... int=4 res=4 vina=-6.2 t=5987s
  [400/500] CC(=O)c1cc(CC(=O)NC2C(=O)N3C2SC(C)(C)C3C... int=6 res=6 vina=-8.7 t=6409s
  [425/500] CC(C)(O)c1ccc(OCC(=O)NC2C(=O)N3C2SC(C)(C... int=7 res=7 vina=-9.0 t=6803s
  [450/500] CCOC(=O)C1N2C(=O)C(NC(=O)Cc3ccc(OC(C)=O)... int=7 res=7 vina=-8.1 t=7192s
  [475/500] COC(=O)c1ccc(N)cc1... int=2 res=2 vina=-5.5 t=7578s
  [500/500] CCOC(=O)C1N2C(=O)C(NC(=O)Cc3cc(O)cc(Cl)c... int=6 res=4 vina=-8.6 t=7985s

Results → paper/experiments/results_v3/4DFR/random_seed1/results.json
Total: 7985s (16.0s/iter)
