============================================================
  Method: bo
  Target: 3PJC
  Seed: 8
  Iterations: 500
  Output: paper/experiments/results_v3/3PJC/bo_seed8
============================================================
Target: 3PJC (CDK2, Kinase)
Pocket residues: 60
Behavior dim: 181
  [1/500] CC1(C)SC2C(NC(=O)Cc3ccccc3)C(=O)N2C1C(=O... int=5 res=5 vina=-8.6 t=14s
  [2/500] CC(C)Cc1ccc(C(C)C(=O)O)cc1... int=8 res=8 vina=-7.7 t=29s
  [3/500] CC(=O)Oc1ccccc1C(=O)O... int=7 res=7 vina=-6.7 t=48s
  [4/500] CC(=O)Nc1ccc(O)cc1... int=9 res=9 vina=-6.2 t=62s
  [5/500] OC(=O)c1ccccc1O... int=6 res=6 vina=-6.1 t=79s
  [25/500] CCOC(=O)c1cc(O)c(OC(C)=O)cc1OC(=O)CCCC(=... int=10 res=10 vina=-8.1 t=444s
  [50/500] CCC(C)C(N)C(=O)O... int=0 res=0 vina=-5.4 t=890s
  [75/500] CC(N)c1ccccc1... int=6 res=5 vina=-5.6 t=1302s
  [100/500] CC(=O)Nc1ccccc1... int=3 res=3 vina=-5.7 t=1701s
  [125/500] CC(C)c1ccc(O)c(O)c1... int=7 res=6 vina=-7.1 t=2102s
  [150/500] CC(C)c1ccc(O)c(O)c1... int=7 res=6 vina=-7.1 t=2495s
  [175/500] CN(C)c1ccccc1... int=2 res=2 vina=-5.1 t=2904s
  [200/500] CC(N)c1ccc(F)cc1... int=6 res=5 vina=-5.9 t=3303s
  [225/500] CC(C)(O)c1ccccc1... int=3 res=2 vina=-6.1 t=3721s
  [250/500] CC(=O)Nc1ccccc1... int=3 res=3 vina=-5.7 t=4125s
  [275/500] CC(=O)Nc1ccc(O)cc1... int=9 res=9 vina=-6.2 t=4525s
  [300/500] CCOC(=O)c1ccccc1N... int=4 res=4 vina=-6.2 t=4928s
  [325/500] CC(N)Cc1ccc(O)c(O)c1... int=9 res=9 vina=-7.0 t=5309s
  [350/500] CC(=O)Nc1ccccc1... int=3 res=3 vina=-5.7 t=5743s
  [375/500] CC(CC(=O)O)C(=O)O... int=5 res=5 vina=-5.1 t=6151s
  [400/500] CC(=O)Oc1ccccc1C(=O)O... int=7 res=7 vina=-6.7 t=6600s
  [425/500] CCOC(=O)c1ccccc1N... int=4 res=4 vina=-6.2 t=7025s
  [450/500] CC1=NC(c2ccccc2)C(=O)N1... int=3 res=3 vina=-7.1 t=7500s
  [475/500] CC1=NC(c2ccccc2)C(=O)N1... int=3 res=3 vina=-7.1 t=8011s
  [500/500] CC(C)CC(N)C(=O)O... int=0 res=0 vina=-5.3 t=8616s

Results → paper/experiments/results_v3/3PJC/bo_seed8/results.json
Total: 8616s (17.2s/iter)
