============================================================
  Method: imgep
  Target: 3EML
  Seed: 7
  Iterations: 500
  Output: paper/experiments/results_v3/3EML/imgep_seed7
============================================================
Target: 3EML (EGFR, Kinase)
Pocket residues: 65
Behavior dim: 196
  [1/500] CC1(C)SC2C(NC(=O)Cc3ccccc3)C(=O)N2C1C(=O... int=5 res=5 vina=-8.5 t=14s
  [2/500] CC(C)Cc1ccc(C(C)C(=O)O)cc1... int=6 res=6 vina=-7.7 t=27s
  [3/500] CC(=O)Oc1ccccc1C(=O)O... int=8 res=8 vina=-6.3 t=40s
  [4/500] CC(=O)Nc1ccc(O)cc1... int=5 res=5 vina=-6.1 t=55s
  [5/500] OC(=O)c1ccccc1O... int=4 res=4 vina=-5.9 t=69s
  [25/500] CCOC(=O)c1cc(Cl)c(Cl)cc1O... int=2 res=2 vina=-6.4 t=361s
  [50/500] CC(=O)Oc1ccc(N)cc1C(=O)O... int=5 res=5 vina=-6.4 t=706s
  [75/500] CCOC(=O)C1N2C(=O)C(NC(=O)COc3ccc(C(C)C(=... int=6 res=5 vina=-8.9 t=1079s
  [100/500] CC1(C)SC2C(NC(=O)Cc3ccccc3)C(=O)N2C1C(=O... int=5 res=5 vina=-8.5 t=1456s
  [125/500] O=CNc1ccc(N2CCOCC2)cc1... int=3 res=3 vina=-7.1 t=1824s
  [150/500] CCCC(=O)Oc1cc(O)cc(O)c1C(=O)OCC... int=6 res=6 vina=-7.3 t=2183s
  [175/500] CC1(C)SC2C(NC(=O)Cc3ccc(Cl)cc3)C(=O)N2C1... int=4 res=3 vina=-8.8 t=2565s
  [200/500] CC(=O)Oc1cc(O)cc(O)c1C(=O)O... int=5 res=5 vina=-7.1 t=2953s
  [225/500] CC1(C)SC2C(NC(=O)COc3ccc(C(=O)NCC(=O)O)c... int=6 res=6 vina=-9.6 t=3331s
  [250/500] CC1(C)SC2C(NC(=O)COc3ccc(Cl)cc3)C(=O)N2C... int=7 res=6 vina=-8.3 t=3701s
  [275/500] CC(N)c1ccc(CC(=O)NC2C(=O)N3C2SC(C)(C)C3C... int=9 res=8 vina=-9.5 t=4084s
  [300/500] COc1ccc(CC(C)C)cc1... int=5 res=5 vina=-6.3 t=4450s
  [325/500] CC(CC(=O)O)C(=O)O... int=4 res=4 vina=-4.8 t=4833s
  [350/500] CCOC(=O)c1c(O)cc(CC(C)N)cc1OC(C)=O... int=6 res=6 vina=-7.5 t=5246s
  [375/500] CCOC(=O)c1c(O)cc(CC(C)C)cc1OC(C)=O... int=6 res=6 vina=-7.4 t=5647s
  [400/500] CC1(C)SC2C(NC(=O)COc3ccc(C(=N)N)cc3)C(=O... int=10 res=8 vina=-8.8 t=6044s
  [425/500] O=C(O)C=Cc1ccc(O)cc1... int=6 res=6 vina=-6.7 t=6408s
  [450/500] CC(=O)N1CCN(c2ccc(C(C)C(=O)O)cc2)CC1... int=7 res=7 vina=-8.2 t=6794s
  [475/500] CCOC(=O)c1c(OC)cc(CCN)cc1OC(=O)CCC(C)=O... int=9 res=9 vina=-7.6 t=7179s
  [500/500] CC(C(=O)O)c1ccc(C(=N)N)cc1... int=6 res=6 vina=-7.4 t=7557s

Results → paper/experiments/results_v3/3EML/imgep_seed7/results.json
Total: 7557s (15.1s/iter)
