============================================================
  Method: imgep
  Target: 1EVE
  Seed: 2
  Iterations: 500
  Output: paper/experiments/results_v3/1EVE/imgep_seed2
============================================================
Target: 1EVE (AChE, Hydrolase)
Pocket residues: 76
Behavior dim: 229
  [1/500] CC1(C)SC2C(NC(=O)Cc3ccccc3)C(=O)N2C1C(=O... int=9 res=9 vina=-10.3 t=14s
  [2/500] CC(C)Cc1ccc(C(C)C(=O)O)cc1... int=5 res=5 vina=-8.7 t=25s
  [3/500] CC(=O)Oc1ccccc1C(=O)O... int=5 res=5 vina=-7.3 t=36s
  [4/500] CC(=O)Nc1ccc(O)cc1... int=3 res=3 vina=-6.7 t=46s
  [5/500] OC(=O)c1ccccc1O... int=4 res=4 vina=-6.9 t=56s
  [25/500] O=C(O)C=Cc1ccc(O)cc1... int=5 res=5 vina=-7.5 t=367s
  [50/500] CCOC(=O)C1N2C(=O)C(NC(=O)Cc3cccc(F)c3)C2... int=6 res=6 vina=-10.2 t=778s
  [75/500] CCOC(=O)C1N2C(=O)C(NC(=O)Cc3ccc(S(=O)(=O... int=10 res=10 vina=-9.8 t=1178s
  [100/500] CC1(C)SC2C(NC(=O)Cc3ccc(CC(=O)NO)cc3)C(=... int=9 res=9 vina=-11.5 t=1569s
  [125/500] CC1(C)SC2C(NC(=O)Cc3cc(F)cc(Cl)c3)C(=O)N... int=8 res=8 vina=-10.1 t=1964s
  [150/500] CCOC(=O)C1N2C(=O)C(NC(=O)COc3ccc(C(=N)N)... int=10 res=10 vina=-10.4 t=2390s
  [175/500] CCOC(=O)C1N2C(=O)C(NC(=O)Cc3cc(O)cc(C(C)... int=11 res=10 vina=-10.7 t=2794s
  [200/500] CC1(C)SC2C(NC(=O)Cc3ccc(C(=O)CCl)cc3)C(=... int=9 res=9 vina=-10.9 t=3210s
  [225/500] CC(N)c1ccc(CC(=O)NC2C(=O)N3C2SC(C)(C)C3C... int=11 res=11 vina=-11.5 t=3616s
  [250/500] CCOC(=O)C1N2C(=O)C(NC(=O)Cc3cc(Cl)cc(C(C... int=7 res=7 vina=-10.0 t=4036s
  [275/500] CCOC(=O)C1N2C(=O)C(NC(=O)Cc3ccc(C(N)=O)c... int=8 res=8 vina=-10.4 t=4462s
  [300/500] CCOC(=O)c1ccc(C(=O)O)cc1O... int=6 res=6 vina=-7.7 t=4866s
  [325/500] CCOC(=O)C1N2C(=O)C(NC(=O)Cc3ccccc3)C2SC1... int=5 res=5 vina=-9.5 t=5291s
  [350/500] NC(Cc1ccc(O)cc1)C(=O)O... int=0 res=0 vina=-7.6 t=5713s
  [375/500] CCOC(=O)C1N2C(=O)C(NC(=O)Cc3ccc(NC=O)cc3... int=8 res=8 vina=-9.2 t=6098s
  [400/500] CC(=O)Oc1ccccc1C(=O)O... int=5 res=5 vina=-7.3 t=6532s
  [425/500] CCOC(=O)c1cc(F)ccc1OC(C)=O... int=4 res=4 vina=-7.4 t=6944s
  [450/500] CC1(C)SC2C(NC(=O)Cc3ccccc3)C(=O)N2C1C(=O... int=9 res=9 vina=-10.3 t=7366s
  [475/500] CC(=O)Nc1ccc(CC(=O)NC2C(=O)N3C2SC(C)(C)C... int=7 res=7 vina=-11.0 t=7781s
  [500/500] CC(N)c1ccc(OCC(=O)NC2C(=O)N3C2SC(C)(C)C3... int=7 res=7 vina=-10.3 t=8421s

Results → paper/experiments/results_v3/1EVE/imgep_seed2/results.json
Total: 8421s (16.8s/iter)
