============================================================
  Method: imgep_naive
  Target: 4DFR
  Seed: 7
  Iterations: 500
  Output: paper/experiments/results_v3/4DFR/imgep_naive_seed7
============================================================
Target: 4DFR (DHFR, Oxidoreductase)
Pocket residues: 55
Behavior dim: 166
  [1/500] CC1(C)SC2C(NC(=O)Cc3ccccc3)C(=O)N2C1C(=O... int=6 res=6 vina=-8.0 t=14s
  [2/500] CC(C)Cc1ccc(C(C)C(=O)O)cc1... int=6 res=5 vina=-7.4 t=25s
  [3/500] CC(=O)Oc1ccccc1C(=O)O... int=6 res=5 vina=-5.6 t=36s
  [4/500] CC(=O)Nc1ccc(O)cc1... int=2 res=2 vina=-5.7 t=47s
  [5/500] OC(=O)c1ccccc1O... int=4 res=4 vina=-5.8 t=58s
  [25/500] COc1cccc(CC(=O)NC2C(=O)N3C2SC(C)(C)C3C(=... int=4 res=4 vina=-8.0 t=366s
  [50/500] CN(C)c1ccc(CC(=O)NC2C(=O)N3C2SC(C)(C)C3C... int=4 res=4 vina=-8.4 t=812s
  [75/500] CC1(C)SC2C(NC(=O)COc3ccc(C(=N)N)cc3)C(=O... int=3 res=2 vina=-8.2 t=1256s
  [100/500] CCOC(=O)C1N2C(=O)C(NC(=O)COc3ccc(C(C)C(=... int=5 res=5 vina=-8.4 t=1716s
  [125/500] CCCC(=O)Oc1ccc(CC(=O)NC2C(=O)N3C2SC(C)(C... int=10 res=9 vina=-8.0 t=2186s
  [150/500] CC1(C)SC2C(NC(=O)COc3ccc(N4CCOCC4)cc3)C(... int=4 res=4 vina=-8.3 t=2664s
  [175/500] CCOC(=O)C1N2C(=O)C(NC(=O)Cc3ccc(OC(C)=O)... int=2 res=2 vina=-8.0 t=3151s
  [200/500] CCOC(=O)C1N2C(=O)C(NC(=O)Cc3ccc(OC(=O)CC... int=5 res=4 vina=-7.7 t=3649s
  [225/500] COc1c(O)cc(CC(=O)NC2C(=O)N3C2SC(C)(C)C3C... int=3 res=3 vina=-8.7 t=4121s
  [250/500] CC(=O)Oc1ccc(CC(=O)NC2C(=O)N3C2SC(C)(C)C... int=9 res=9 vina=-8.6 t=4613s
  [275/500] COc1cc(CC(=O)NC2C(=O)N3C2SC(C)(C)C3C(=O)... int=3 res=3 vina=-8.1 t=5138s
  [300/500] CCOC(=O)c1c(O)cc(CC(=O)NC2C(=O)N3C2SC(C)... int=6 res=6 vina=-8.2 t=5627s
  [325/500] CC1(C)SC2C(NC(=O)Cc3ccc(NC(N)=S)cc3)C(=O... int=6 res=6 vina=-8.7 t=6123s
  [350/500] CCOC(=O)C1N2C(=O)C(NC(=O)Cc3ccc(OC(=O)CC... int=7 res=7 vina=-7.8 t=6664s
  [375/500] COc1ccc(CC(=O)NC2C(=O)N3C2SC(C)(C)C3C(=O... int=8 res=7 vina=-8.7 t=7128s
  [400/500] COc1cc(CC(=O)NC2C(=O)N3C2SC(C)(C)C3C(=O)... int=7 res=7 vina=-8.2 t=7665s
  [425/500] CCCC(=O)Oc1ccc(CC(=O)NC2C(=O)N3C2SC(C)(C... int=10 res=9 vina=-8.0 t=8196s
  [450/500] CCOC(=O)C1N2C(=O)C(NC(=O)COc3ccc(CC(C)C)... int=5 res=5 vina=-9.3 t=8697s
  [475/500] CC1(C)SC2C(NC(=O)COc3ccc(C=NO)cc3)C(=O)N... int=7 res=7 vina=-8.9 t=9167s
  [500/500] CCCC(=O)Oc1ccc(CC(=O)NC2C(=O)N3C2SC(C)(C... int=10 res=9 vina=-8.0 t=9697s

Results → paper/experiments/results_v3/4DFR/imgep_naive_seed7/results.json
Total: 9697s (19.4s/iter)
