============================================================
  Method: imgep_naive
  Target: 1EVE
  Seed: 0
  Iterations: 500
  Output: paper/experiments/results_v3/1EVE/imgep_naive_seed0
============================================================
Target: 1EVE (AChE, Hydrolase)
Pocket residues: 76
Behavior dim: 229
  [1/500] CC1(C)SC2C(NC(=O)Cc3ccccc3)C(=O)N2C1C(=O... int=9 res=9 vina=-10.3 t=11s
  [2/500] CC(C)Cc1ccc(C(C)C(=O)O)cc1... int=5 res=5 vina=-8.7 t=25s
  [3/500] CC(=O)Oc1ccccc1C(=O)O... int=5 res=5 vina=-7.3 t=38s
  [4/500] CC(=O)Nc1ccc(O)cc1... int=3 res=3 vina=-6.7 t=51s
  [5/500] OC(=O)c1ccccc1O... int=4 res=4 vina=-6.9 t=63s
  [25/500] CC1(C)SC2C(NC(=O)Cc3cc(O)cc(O)c3)C(=O)N2... int=5 res=5 vina=-8.6 t=365s
  [50/500] COc1cc(CCCO)cc(CC(=O)NC2C(=O)N3C2SC(C)(C... int=8 res=8 vina=-10.2 t=793s
  [75/500] CC1(C)SC2C(NC(=O)Cc3cc(O)cc(Cl)c3)C(=O)N... int=6 res=6 vina=-10.6 t=1210s
  [100/500] CC1(C)SC2C(NC(=O)Cc3ccc(C(=N)N)cc3)C(=O)... int=12 res=11 vina=-11.4 t=1643s
  [125/500] CC1(C)SC2C(NC(=O)Cc3ccc(O)c(O)c3)C(=O)N2... int=6 res=6 vina=-10.4 t=2068s
  [150/500] CC1(C)SC2C(NC(=O)Cc3ccc(Cl)cc3)C(=O)N2C1... int=8 res=8 vina=-10.6 t=2516s
  [175/500] CC(C)(O)c1ccc(CC(=O)NC2C(=O)N3C2SC(C)(C)... int=11 res=11 vina=-10.9 t=2938s
  [200/500] CCOC(=O)C1N2C(=O)C(NC(=O)Cc3ccc(OC)c(O)c... int=8 res=8 vina=-10.1 t=3397s
  [225/500] CCCC(=O)Oc1cc(CC(=O)NC2C(=O)N3C2SC(C)(C)... int=9 res=7 vina=-10.9 t=3883s
  [250/500] CCCC(=O)Oc1cc(CC(=O)NC2C(=O)N3C2SC(C)(C)... int=12 res=12 vina=-11.1 t=4378s
  [275/500] CC(=O)Oc1cc(CC(=O)NC2C(=O)N3C2SC(C)(C)C3... int=10 res=10 vina=-11.0 t=4900s
  [300/500] CCOC(=O)C1N2C(=O)C(NC(=O)Cc3cc(CCC(=O)O)... int=11 res=10 vina=-10.6 t=5399s
  [325/500] CCOC(=O)C1N2C(=O)C(NC(=O)Cc3cc(CC(C)N)cc... int=14 res=13 vina=-11.0 t=5940s
  [350/500] COc1cc(COc2ccccc2)cc(CC(=O)NC2C(=O)N3C2S... int=5 res=5 vina=-11.9 t=6491s
  [375/500] CCOC(=O)C(N)Cc1cc(O)cc(CC(=O)NC2C(=O)N3C... int=12 res=11 vina=-11.4 t=7041s
  [400/500] CCN(CC)C(=O)c1cc(CC(=O)NC2C(=O)N3C2SC(C)... int=8 res=7 vina=-11.2 t=7592s
  [425/500] CCOC(=O)C1N2C(=O)C(NC(=O)Cc3cc(CCNC)cc(C... int=9 res=9 vina=-10.7 t=8179s
  [450/500] CCOC(=O)C1N2C(=O)C(NC(=O)Cc3cc(CC(C)C)cc... int=7 res=7 vina=-10.5 t=8763s
  [475/500] CC1(C)SC2C(NC(=O)Cc3cc(O)cc(OC(=O)CCC(=O... int=8 res=8 vina=-11.2 t=9345s
  [500/500] CCOC(=O)C1N2C(=O)C(NC(=O)Cc3cc(CCNC)cc(C... int=9 res=9 vina=-10.7 t=9902s

Results → paper/experiments/results_v3/1EVE/imgep_naive_seed0/results.json
Total: 9902s (19.8s/iter)
