============================================================
  Method: imgep
  Target: 4DFR
  Seed: 0
  Iterations: 500
  Output: paper/experiments/results_v3/4DFR/imgep_seed0
============================================================
Target: 4DFR (DHFR, Oxidoreductase)
Pocket residues: 55
Behavior dim: 166
  [1/500] CC1(C)SC2C(NC(=O)Cc3ccccc3)C(=O)N2C1C(=O... int=6 res=6 vina=-8.0 t=12s
  [2/500] CC(C)Cc1ccc(C(C)C(=O)O)cc1... int=6 res=5 vina=-7.4 t=23s
  [3/500] CC(=O)Oc1ccccc1C(=O)O... int=6 res=5 vina=-5.6 t=35s
  [4/500] CC(=O)Nc1ccc(O)cc1... int=2 res=2 vina=-5.7 t=46s
  [5/500] OC(=O)c1ccccc1O... int=4 res=4 vina=-5.8 t=56s
  [25/500] COc1ccc(C(C)=O)cc1... int=4 res=3 vina=-5.3 t=296s
  [50/500] CCOC(=O)c1ccc(C(N)=O)cc1N... int=5 res=5 vina=-6.2 t=614s
  [75/500] CCOC(=O)c1c(N)cc(C=O)cc1OC... int=6 res=6 vina=-6.0 t=953s
  [100/500] CCOC(=O)c1cc(Cl)ccc1OC... int=6 res=6 vina=-6.0 t=1273s
  [125/500] NC(Cc1ccccc1)C(=O)O... int=0 res=0 vina=-6.3 t=1595s
  [150/500] CCOC(=O)c1ccc(F)cc1N... int=5 res=5 vina=-5.9 t=1920s
  [175/500] CC1(C)SC2C(NC(=O)Cc3ccc(F)cc3)C(=O)N2C1C... int=4 res=4 vina=-8.5 t=2262s
  [200/500] Cn1c(=O)c2c(ncn2C)n(C)c1=O... int=1 res=1 vina=-5.9 t=2606s
  [225/500] NC(=O)c1ccc(F)cc1... int=4 res=3 vina=-5.6 t=2922s
  [250/500] CCOC(=O)C1CCCN1C(=O)C(C)CS... int=5 res=5 vina=-5.8 t=3265s
  [275/500] CC(=O)CCC(=O)c1ccc(O)cc1... int=5 res=4 vina=-6.2 t=3576s
  [300/500] COC(=O)c1cc(Cl)c(O)cc1OC(=O)CCCN... int=4 res=4 vina=-6.6 t=3930s
  [325/500] COc1cc(C=CC(=O)O)ccc1O... int=4 res=4 vina=-6.4 t=4244s
  [350/500] CCOC(=O)c1ccc(N)cc1N... int=6 res=6 vina=-5.9 t=4571s
  [375/500] COc1cc(CCN)cc(OC)c1OC... int=5 res=5 vina=-5.4 t=4884s
  [400/500] CCOC(=O)c1cc2cc(O)cc(OC)c2oc1=O... int=2 res=2 vina=-7.3 t=5208s
  [425/500] COc1cc(CNC(=O)c2ccc(I)cc2)ccc1O... int=3 res=3 vina=-7.6 t=5545s
  [450/500] CNCCCC(=O)Oc1c(OC)cc(C(=O)OC)cc1C(=O)O... int=3 res=2 vina=-7.0 t=5921s
  [475/500] COc1ccc(CNC(=O)c2ccc(F)cc2)cc1OC... int=7 res=7 vina=-7.0 t=6230s
  [500/500] COc1cc(CCN)cc(OC)c1OC... int=5 res=5 vina=-5.4 t=6543s

Results → paper/experiments/results_v3/4DFR/imgep_seed0/results.json
Total: 6543s (13.1s/iter)
