============================================================
  Method: random
  Target: 3V8D
  Seed: 9
  Iterations: 500
  Output: paper/experiments/results_v3/3V8D/random_seed9
============================================================
Target: 3V8D (Thrombin, Serine protease)
Pocket residues: 95
Behavior dim: 286
  [1/500] CC1(C)SC2C(NC(=O)Cc3ccccc3)C(=O)N2C1C(=O... int=10 res=9 vina=-9.1 t=24s
  [2/500] CC(C)Cc1ccc(C(C)C(=O)O)cc1... int=5 res=5 vina=-6.8 t=41s
  [3/500] CC(=O)Oc1ccccc1C(=O)O... int=8 res=6 vina=-6.8 t=56s
  [4/500] CC(=O)Nc1ccc(O)cc1... int=7 res=5 vina=-6.1 t=71s
  [5/500] OC(=O)c1ccccc1O... int=4 res=4 vina=-6.0 t=84s
  [25/500] CC(=O)Nc1ccc(CC(=O)NC2C(=O)N3C2SC(C)(C)C... int=8 res=8 vina=-9.4 t=383s
  [50/500] CC(C)(O)c1ccc(CC(=O)NC2C(=O)N3C2SC(C)(C)... int=8 res=8 vina=-9.1 t=761s
  [75/500] CC(=O)Oc1ccc(F)cc1C(=O)O... int=8 res=6 vina=-6.8 t=1132s
  [100/500] COc1ccc(C(=O)O)c(OC(C)=O)c1... int=6 res=4 vina=-6.2 t=1519s
  [125/500] CC(N)c1ccc(C(C)(C)O)cc1... int=6 res=5 vina=-6.3 t=1907s
  [150/500] CCOC(=O)c1cc(F)ccc1OC(C)=O... int=6 res=6 vina=-6.6 t=2296s
  [175/500] CCOC(=O)C1N2C(=O)C(NC(=O)Cc3ccc(N(C)C)cc... int=7 res=6 vina=-8.2 t=2676s
  [200/500] CCOC(=O)c1ccccc1N... int=5 res=5 vina=-6.0 t=3065s
  [225/500] CC(C)NCC(O)COc1ccc(N(C)C)cc1... int=7 res=6 vina=-6.4 t=3455s
  [250/500] CC(=O)Nc1ccc(CC(=O)NC2C(=O)N3C2SC(C)(C)C... int=8 res=8 vina=-9.4 t=3832s
  [275/500] CCOC(=O)C1N2C(=O)C(NC(=O)COc3ccc(OC)cc3)... int=5 res=5 vina=-7.8 t=4196s
  [300/500] CC1(C)SC2C(NC(=O)COc3ccc(CCC(=O)O)cc3)C(... int=11 res=11 vina=-8.9 t=4570s
  [325/500] COC(=O)c1cc(F)cc(OC)c1OC... int=3 res=3 vina=-5.8 t=4943s
  [350/500] CCOC(=O)C1N2C(=O)C(NC(=O)Cc3ccccc3)C2SC1... int=10 res=9 vina=-8.1 t=5307s
  [375/500] CCOC(=O)C(C)c1ccc(O)c(O)c1... int=9 res=8 vina=-6.5 t=5707s
  [400/500] CC(C)Cc1ccc(S(N)(=O)=O)cc1... int=6 res=6 vina=-6.9 t=6084s
  [425/500] CC(=O)Nc1ccc(N(C)C)cc1... int=7 res=6 vina=-6.0 t=6463s
  [450/500] COc1ccc(N2CCOCC2)cc1... int=4 res=4 vina=-5.8 t=6808s
  [475/500] NC(Cc1ccc(O)cc1)C(=O)O... int=0 res=0 vina=-6.7 t=7175s
  [500/500] CCOC(=O)C1N2C(=O)C(NC(=O)Cc3ccc(C(C)(C)O... int=10 res=10 vina=-8.8 t=7510s

Results → paper/experiments/results_v3/3V8D/random_seed9/results.json
Total: 7510s (15.0s/iter)
