============================================================
  Method: bo
  Target: 1ERE
  Seed: 8
  Iterations: 500
  Output: paper/experiments/results_v3/1ERE/bo_seed8
============================================================
Target: 1ERE (Estrogen Receptor α, Nuclear receptor)
Pocket residues: 71
Behavior dim: 214
  [1/500] CC1(C)SC2C(NC(=O)Cc3ccccc3)C(=O)N2C1C(=O... int=5 res=5 vina=-6.8 t=13s
  [2/500] CC(C)Cc1ccc(C(C)C(=O)O)cc1... int=6 res=6 vina=-7.4 t=28s
  [3/500] CC(=O)Oc1ccccc1C(=O)O... int=5 res=5 vina=-6.8 t=42s
  [4/500] CC(=O)Nc1ccc(O)cc1... int=5 res=5 vina=-6.1 t=58s
  [5/500] OC(=O)c1ccccc1O... int=5 res=5 vina=-6.2 t=71s
  [25/500] CC(N)c1ccc(C(=O)NCC(=O)O)cc1... int=5 res=4 vina=-7.1 t=372s
  [50/500] CC(=O)Oc1cc(C(=O)O)cc(C(=O)O)c1OC(C)=O... int=7 res=7 vina=-7.9 t=741s
  [75/500] COC(=O)c1cc(C(=O)O)cc(OC)c1OC(C)=O... int=3 res=3 vina=-7.3 t=1118s
  [100/500] CC(=O)Nc1ccc(C(C)N)cc1... int=6 res=5 vina=-6.4 t=1477s
  [125/500] CC(=O)Nc1ccc(NC(C)=O)cc1... int=5 res=4 vina=-6.1 t=1846s
  [150/500] CC(N)c1ccc(N2CCOCC2)cc1... int=5 res=5 vina=-7.2 t=2225s
  [175/500] Clc1ccc(N2CCOCC2)cc1... int=3 res=3 vina=-6.4 t=2576s
  [200/500] NS(=O)(=O)c1ccc(C(=O)O)cc1[S-]... int=2 res=2 vina=-6.8 t=2908s
  [225/500] COC(=O)c1ccc(N2CCOCC2)cc1... int=5 res=5 vina=-7.2 t=3255s
  [250/500] CN(C)c1ccc(C=Cc2ccccc2)cc1... int=4 res=4 vina=-2.9 t=3605s
  [275/500] CN(C)c1ccc(C(=O)Nc2ccccc2)cc1... int=5 res=5 vina=-3.8 t=3971s
  [300/500] CN(C)c1ccc(CCC(=O)O)cc1... int=5 res=5 vina=-6.8 t=4343s
  [325/500] CC(O)c1cccc(-c2ccc(N(C)C)cc2)c1... int=7 res=7 vina=-6.9 t=4741s
  [350/500] CN(C)c1ccc(CCC(=O)O)cc1... int=5 res=5 vina=-6.8 t=5157s
  [375/500] CC(=O)N1CCN(c2ccc(N(C)C)cc2)CC1... int=2 res=2 vina=-2.7 t=5599s
  [400/500] CC(=O)N1CCN(c2ccc(N(C)C)cc2)CC1... int=2 res=2 vina=-2.7 t=6056s
  [425/500] CN(C)c1ccc(C=CC(=O)O)cc1... int=6 res=6 vina=-6.6 t=6557s
  [450/500] CC(C(=O)O)c1ccc(N(C)C)cc1... int=7 res=7 vina=-7.0 t=7082s
  [475/500] CN(C)c1ccc(CCC(=O)O)cc1... int=5 res=5 vina=-6.8 t=7643s
  [500/500] CC(C)NCC(O)COc1ccc(Br)cc1... int=6 res=6 vina=-6.6 t=8218s

Results → paper/experiments/results_v3/1ERE/bo_seed8/results.json
Total: 8218s (16.4s/iter)
