============================================================
  Method: ga
  Target: 4MNE
  Seed: 8
  Iterations: 500
  Output: paper/experiments/results_v3/4MNE/ga_seed8
============================================================
Target: 4MNE (BRAF, Kinase)
Pocket residues: 68
Behavior dim: 205
  [1/500] CC1(C)SC2C(NC(=O)Cc3ccccc3)C(=O)N2C1C(=O... int=5 res=5 vina=-7.8 t=12s
  [2/500] CC(C)Cc1ccc(C(C)C(=O)O)cc1... int=8 res=8 vina=-7.8 t=22s
  [3/500] CC(=O)Oc1ccccc1C(=O)O... int=4 res=4 vina=-6.1 t=36s
  [4/500] CC(=O)Nc1ccc(O)cc1... int=8 res=6 vina=-6.2 t=45s
  [5/500] OC(=O)c1ccccc1O... int=8 res=6 vina=-6.2 t=53s
  [25/500] CC(N)c1ccc(C(C)C(=O)O)cc1... int=7 res=6 vina=-7.6 t=272s
  [50/500] CC(C(=O)O)c1ccc(OC(=O)CCCN)cc1... int=8 res=8 vina=-7.8 t=591s
  [75/500] CC(=O)CCC(=O)c1ccc(C2N=C(C)NC2=O)cc1... int=6 res=6 vina=-8.0 t=906s
  [100/500] CC1(C)SC2C(NC(=O)Cc3ccc(C=Cc4ccccc4)cc3)... int=5 res=5 vina=-10.2 t=1193s
  [125/500] CCOC(=O)C1N2C(=O)C(NC(=O)Cc3ccc(Oc4cc(O)... int=7 res=7 vina=-8.7 t=1517s
  [150/500] COC(=O)c1ccc(CC(=O)NC2C(=O)N3C2SC(C)(C)C... int=6 res=4 vina=-7.7 t=1814s
  [175/500] CC1(C)SC2C(NC(=O)Cc3ccc(C=Cc4cccc(N)c4)c... int=11 res=10 vina=-9.9 t=2115s
  [200/500] CC1(C)SC2C(NC(=O)Cc3ccc(CC(=O)NO)cc3)C(=... int=8 res=8 vina=-9.0 t=2412s
  [225/500] CC1(C)SC2C(NC(=O)Cc3ccc(C=Cc4ccccc4)cc3)... int=5 res=5 vina=-10.2 t=2719s
  [250/500] CN(C)c1ccc(CC(=O)NC2C(=O)N3C2SC(C)(C)C3C... int=4 res=4 vina=-7.8 t=3005s
  [275/500] CCOC(=O)C1N2C(=O)C(NC(=O)Cc3ccc(C(=O)c4c... int=6 res=5 vina=-9.1 t=3329s
  [300/500] CCOC(=O)C1N2C(=O)C(NC(=O)Cc3ccc(OCc4cccc... int=8 res=8 vina=-7.1 t=3643s
  [325/500] CCOC(=O)C1N2C(=O)C(NC(=O)Cc3ccc(Oc4cccc(... int=5 res=5 vina=-9.3 t=3986s
  [350/500] CN(C)c1ccc(CC(=O)NC2C(=O)N3C2SC(C)(C)C3C... int=4 res=4 vina=-7.8 t=4314s
  [375/500] CCOC(=O)C1N2C(=O)C(NC(=O)Cc3ccc(COc4cccc... int=6 res=6 vina=-8.9 t=4660s
  [400/500] CCOC(=O)C1N2C(=O)C(NC(=O)Cc3ccc(C=Cc4ccc... int=6 res=6 vina=-9.6 t=4974s
  [425/500] CC1(C)SC2C(NC(=O)Cc3ccc(C(=N)N)cc3)C(=O)... int=6 res=6 vina=-7.5 t=5245s
  [450/500] CC1(C)SC2C(NC(=O)Cc3ccc(-c4nnc(-c5cccc(F... int=15 res=13 vina=266.2 t=5544s
  [475/500] CC1(C)SC2C(NC(=O)CCCCCC(=O)NCc3cccc(Cl)c... int=9 res=9 vina=-8.9 t=5858s
  [500/500] COc1ccc(C(O)c2ccc(CC(=O)NC3C(=O)N4C3SC(C... int=8 res=7 vina=-9.6 t=6135s

Results → paper/experiments/results_v3/4MNE/ga_seed8/results.json
Total: 6135s (12.3s/iter)
