============================================================
  Method: imgep
  Target: 1ERE
  Seed: 8
  Iterations: 500
  Output: paper/experiments/results_v3/1ERE/imgep_seed8
============================================================
Target: 1ERE (Estrogen Receptor α, Nuclear receptor)
Pocket residues: 71
Behavior dim: 214
  [1/500] CC1(C)SC2C(NC(=O)Cc3ccccc3)C(=O)N2C1C(=O... int=5 res=5 vina=-6.8 t=15s
  [2/500] CC(C)Cc1ccc(C(C)C(=O)O)cc1... int=6 res=6 vina=-7.4 t=26s
  [3/500] CC(=O)Oc1ccccc1C(=O)O... int=5 res=5 vina=-6.8 t=36s
  [4/500] CC(=O)Nc1ccc(O)cc1... int=5 res=5 vina=-6.1 t=48s
  [5/500] OC(=O)c1ccccc1O... int=5 res=5 vina=-6.2 t=59s
  [25/500] CC(=O)Oc1ccc(F)cc1C(=O)O... int=5 res=5 vina=-7.2 t=311s
  [50/500] CCCC(=O)Oc1ccc(CC(=O)NC2C(=O)N3C2SC(C)(C... int=11 res=11 vina=-7.1 t=661s
  [75/500] CCOC(=O)C1N2C(=O)C(NC(=O)Cc3ccc(C(C)(C)O... int=9 res=9 vina=-4.2 t=1005s
  [100/500] CCOC(=O)C(C)c1ccc(OC(C)=O)cc1... int=6 res=6 vina=-7.5 t=1358s
  [125/500] CC(=O)CCC(=O)c1ccc(N(C)C)cc1... int=4 res=4 vina=-6.9 t=1722s
  [150/500] CC(=O)CCC(=O)c1ccc(O)cc1... int=6 res=6 vina=-7.1 t=2047s
  [175/500] CCOC(=O)C1N2C(=O)C(NC(=O)Cc3ccc(C(=O)OC)... int=7 res=7 vina=-4.2 t=2403s
  [200/500] CC(O)c1ccc2ccccc2c1... int=8 res=8 vina=-7.7 t=2744s
  [225/500] CC(C)Cc1ccc(CC(=O)NC2C(=O)N3C2SC(C)(C)C3... int=9 res=8 vina=-2.2 t=3097s
  [250/500] CC(C)(O)c1ccccc1... int=5 res=5 vina=-6.2 t=3436s
  [275/500] NC(Cc1ccc(O)cc1)C(=O)O... int=0 res=0 vina=-6.7 t=3773s
  [300/500] COc1ccc2cccc(OCC(O)CNC(C)C)c2c1... int=6 res=6 vina=-8.1 t=4123s
  [325/500] COc1ccc(CC(=O)NC2C(=O)N3C2SC(C)(C)C3C(=O... int=6 res=6 vina=-4.0 t=4481s
  [350/500] NC(=S)Nc1ccc(C(=O)NCC(=O)O)cc1... int=5 res=5 vina=-6.7 t=4837s
  [375/500] CC(=O)c1ccc(CC(N)=O)cc1... int=9 res=9 vina=-6.9 t=5233s
  [400/500] CC(=O)Nc1ccc(OCC(=O)NC2C(=O)N3C2SC(C)(C)... int=11 res=10 vina=-8.6 t=5611s
  [425/500] COC(=O)c1ccc(C(C)C)cc1... int=6 res=6 vina=-6.7 t=6004s
  [450/500] CC(C)(O)c1ccc(CC(=O)NC2C(=O)N3C2SC(C)(C)... int=10 res=8 vina=-1.8 t=6397s
  [475/500] COC(=O)c1ccc(C(C)C(=O)O)cc1... int=5 res=5 vina=-7.4 t=6782s
  [500/500] CCOC(=O)C1N2C(=O)C(NC(=O)Cc3ccc(CCN)cc3)... int=11 res=9 vina=-4.5 t=7173s

Results → paper/experiments/results_v3/1ERE/imgep_seed8/results.json
Total: 7173s (14.3s/iter)
