============================================================
  Method: curiosity
  Target: 3V8D
  Seed: 6
  Iterations: 500
  Output: paper/experiments/results_v3/3V8D/curiosity_seed6
============================================================
Target: 3V8D (Thrombin, Serine protease)
Pocket residues: 95
Behavior dim: 286
  [1/500] CC1(C)SC2C(NC(=O)Cc3ccccc3)C(=O)N2C1C(=O... int=10 res=9 vina=-9.1 t=16s
  [2/500] CC(C)Cc1ccc(C(C)C(=O)O)cc1... int=5 res=5 vina=-6.8 t=30s
  [3/500] CC(=O)Oc1ccccc1C(=O)O... int=8 res=6 vina=-6.8 t=44s
  [4/500] CC(=O)Nc1ccc(O)cc1... int=7 res=5 vina=-6.1 t=58s
  [5/500] OC(=O)c1ccccc1O... int=4 res=4 vina=-6.0 t=66s
  [25/500] CC(N)C(=O)O... int=0 res=0 vina=-3.9 t=334s
  [50/500] CC(C(=O)O)c1ccc(CC(=O)NO)cc1... int=8 res=8 vina=-7.7 t=692s
  [75/500] COc1ccc(C(=O)Nc2ccc(OC(C)=O)cc2)cc1... int=7 res=6 vina=-7.8 t=1044s
  [100/500] NC(CCC(=O)O)C(=O)O... int=0 res=0 vina=-5.3 t=1397s
  [125/500] COc1ccccc1C(=O)O... int=10 res=8 vina=-6.1 t=1738s
  [150/500] CC(C(=O)O)c1ccc(C=NO)cc1... int=6 res=6 vina=-6.6 t=2091s
  [175/500] CC(=O)Oc1ccc(CCCO)cc1... int=6 res=6 vina=-5.9 t=2468s
  [200/500] CC(=O)c1ccc(CC(=O)NO)cc1... int=8 res=8 vina=-7.3 t=2831s
  [225/500] CC(C)NCC(O)COc1ccc(C(C)(C)O)cc1... int=7 res=7 vina=-6.8 t=3195s
  [250/500] OCCCc1ccc(CO)cc1... int=5 res=5 vina=-6.1 t=3536s
  [275/500] CCOC(=O)C(C)c1ccc(OC(C)=O)cc1... int=6 res=6 vina=-6.2 t=3891s
  [300/500] CC(N)Cc1ccc(C=NO)cc1... int=5 res=5 vina=-6.2 t=4234s
  [325/500] CC(C)(O)c1ccc(CO)cc1... int=5 res=3 vina=-5.9 t=4581s
  [350/500] CC1(C)SC2C(NC(=O)Cc3ccc(O)cc3)C(=O)N2C1C... int=11 res=10 vina=-8.9 t=4950s
  [375/500] CC(C)(O)c1ccccc1... int=5 res=5 vina=-5.6 t=5297s
  [400/500] COc1ccc(NC(=O)c2ccc(CC(=O)NO)cc2)cc1... int=7 res=7 vina=-8.3 t=5659s
  [425/500] CC(C)(O)c1ccc(C(=O)NCCN2CCOCC2)cc1... int=5 res=5 vina=-7.4 t=6039s
  [450/500] CC(=O)Nc1ccc(Oc2ccc(NC(N)=S)cc2)cc1... int=11 res=11 vina=-7.6 t=6400s
  [475/500] N=C(N)c1ccc(CCNC(=O)c2ccc(CCCO)cc2)cc1... int=10 res=10 vina=-8.8 t=6745s
  [500/500] CCCCC(=O)NCc1ccc(O)c(OC)c1... int=9 res=9 vina=-6.6 t=7102s

Results → paper/experiments/results_v3/3V8D/curiosity_seed6/results.json
Total: 7102s (14.2s/iter)
