============================================================
  Method: imgep_naive
  Target: 4MNE
  Seed: 0
  Iterations: 500
  Output: paper/experiments/results_v3/4MNE/imgep_naive_seed0
============================================================
Target: 4MNE (BRAF, Kinase)
Pocket residues: 68
Behavior dim: 205
  [1/500] CC1(C)SC2C(NC(=O)Cc3ccccc3)C(=O)N2C1C(=O... int=5 res=5 vina=-7.8 t=17s
  [2/500] CC(C)Cc1ccc(C(C)C(=O)O)cc1... int=8 res=8 vina=-7.8 t=35s
  [3/500] CC(=O)Oc1ccccc1C(=O)O... int=4 res=4 vina=-6.1 t=49s
  [4/500] CC(=O)Nc1ccc(O)cc1... int=8 res=6 vina=-6.2 t=63s
  [5/500] OC(=O)c1ccccc1O... int=8 res=6 vina=-6.2 t=82s
  [25/500] CC1(C)SC2C(NC(=O)Cc3ccc(CC(=O)NO)cc3)C(=... int=8 res=8 vina=-9.0 t=417s
  [50/500] CCOC(=O)c1ccc(OC(F)(F)F)cc1OC(C)=O... int=8 res=7 vina=-7.1 t=865s
  [75/500] CCOC(=O)c1ccc(N)cc1OC... int=8 res=7 vina=-6.2 t=1323s
  [100/500] CCOC(=O)c1ccc(C(=O)CCl)cc1OC... int=5 res=5 vina=-6.5 t=1842s
  [125/500] CCOC(=O)c1ccc(C(C)C)cc1OC(C)=O... int=9 res=8 vina=-6.8 t=2334s
  [150/500] CCOC(=O)c1ccc(C=CC(=O)O)cc1OC... int=8 res=8 vina=-7.2 t=2840s
  [175/500] CC(N)c1ccc(CC(=O)NC2C(=O)N3C2SC(C)(C)C3C... int=8 res=8 vina=-8.1 t=3351s
  [200/500] CC(=O)CCC(=O)c1ccc(CC(=O)NC2C(=O)N3C2SC(... int=8 res=7 vina=-9.0 t=3888s
  [225/500] COc1cc(C=CC(=O)O)cc(OC(C)=O)c1C(=O)O... int=5 res=5 vina=-7.4 t=4370s
  [250/500] CCOC(=O)c1ccc(C(=O)N(CC)CC)cc1OC(C)=O... int=6 res=6 vina=-7.2 t=4892s
  [275/500] CC1(C)SC2C(NC(=O)Cc3ccc(C(N)=O)cc3)C(=O)... int=6 res=6 vina=-8.2 t=5457s
  [300/500] CC(=O)c1ccc(CC(=O)NC2C(=O)N3C2SC(C)(C)C3... int=6 res=4 vina=-7.4 t=5935s
  [325/500] CCOC(=O)c1c(O)cc(C(=O)NCC(=O)O)cc1OC(C)=... int=7 res=6 vina=-7.8 t=6382s
  [350/500] CC1(C)SC2C(NC(=O)Cc3ccc(C=Cc4ccccc4)cc3)... int=5 res=5 vina=-10.2 t=6886s
  [375/500] CC(=O)CCC(=O)c1ccc(CC(=O)NC2C(=O)N3C2SC(... int=8 res=7 vina=-9.0 t=7344s
  [400/500] CCOC(=O)c1ccc(C(=O)c2ccccc2)cc1OC... int=13 res=11 vina=-8.7 t=7927s
  [425/500] CCOC(=O)c1c(O)cc(C(=O)CCC(N)C(=O)O)cc1OC... int=9 res=8 vina=-8.3 t=8597s
  [450/500] CCOC(=O)c1c(O)cc(C(=O)CCC(C)=O)cc1OC(=O)... int=10 res=8 vina=-8.2 t=9417s
  [475/500] CCCCC(=O)OC(COC(=O)CCCC(N)C(=O)O)COC(=O)... int=13 res=11 vina=-7.9 t=10297s
  [500/500] CCCC(=O)OCC(COC(=O)CCC(=O)c1ccc(O)cc1)OC... int=15 res=13 vina=-7.8 t=11196s

Results → paper/experiments/results_v3/4MNE/imgep_naive_seed0/results.json
Total: 11196s (22.4s/iter)
