============================================================
  Method: imgep
  Target: 4MNE
  Seed: 7
  Iterations: 500
  Output: paper/experiments/results_v3/4MNE/imgep_seed7
============================================================
Target: 4MNE (BRAF, Kinase)
Pocket residues: 68
Behavior dim: 205
  [1/500] CC1(C)SC2C(NC(=O)Cc3ccccc3)C(=O)N2C1C(=O... int=5 res=5 vina=-7.8 t=22s
  [2/500] CC(C)Cc1ccc(C(C)C(=O)O)cc1... int=8 res=8 vina=-7.8 t=35s
  [3/500] CC(=O)Oc1ccccc1C(=O)O... int=4 res=4 vina=-6.1 t=55s
  [4/500] CC(=O)Nc1ccc(O)cc1... int=8 res=6 vina=-6.2 t=72s
  [5/500] OC(=O)c1ccccc1O... int=8 res=6 vina=-6.2 t=91s
  [25/500] CCCC(=O)Oc1cc(O)c(OC)cc1C(=O)O... int=12 res=9 vina=-7.3 t=427s
  [50/500] CC(=O)Oc1cc(C(C)O)ccc1C(=O)O... int=5 res=4 vina=-6.9 t=845s
  [75/500] CCOC(=O)C1N2C(=O)C(NC(=O)Cc3cc(O)cc(CC(C... int=14 res=11 vina=-8.5 t=1258s
  [100/500] NC(CC(=O)O)C(=O)O... int=0 res=0 vina=-4.9 t=1669s
  [125/500] CC(=O)Oc1cc(C(=O)CCl)ccc1C... int=8 res=6 vina=-6.9 t=2072s
  [150/500] CC(C(=O)O)c1ccc(CCC(=O)O)cc1... int=10 res=9 vina=-8.1 t=2473s
  [175/500] CC(C)c1ccc(O)c(O)c1... int=7 res=6 vina=-6.8 t=2875s
  [200/500] ON=Cc1ccccc1... int=7 res=6 vina=-5.9 t=3290s
  [225/500] CC(N)Cc1ccc(O)c(O)c1... int=7 res=7 vina=-6.6 t=3704s
  [250/500] NC(CC(=O)O)C(=O)O... int=0 res=0 vina=-4.9 t=4131s
  [275/500] NC(Cc1ccccc1)C(=O)O... int=0 res=0 vina=-6.7 t=4531s
  [300/500] CC(O)c1ccc(O)c(O)c1... int=4 res=4 vina=-6.6 t=4921s
  [325/500] CC(=O)Oc1cc(C(C)(C)O)ccc1C... int=5 res=4 vina=-6.9 t=5293s
  [350/500] COc1cc(C(=O)O)cc(C(=O)O)c1OC(C)=O... int=5 res=4 vina=-6.6 t=5708s
  [375/500] CCOC(=O)c1ccc(C(N)=O)cc1OC(=O)CCCCO... int=11 res=9 vina=-7.2 t=6082s
  [400/500] COc1cc(C(C)(C)O)ccc1O... int=7 res=6 vina=-7.0 t=6471s
  [425/500] CC(=O)c1ccc(CCC(=O)O)cc1... int=7 res=7 vina=-7.6 t=6910s
  [450/500] NCCCC(N)C(=O)O... int=5 res=5 vina=-4.9 t=7278s
  [475/500] CC(O)c1ccc(C(=O)O)c(OC(=O)CCCO)c1... int=11 res=8 vina=-7.8 t=7643s
  [500/500] CCCCC(=O)Oc1cc(O)c(Cl)cc1C(=O)O... int=11 res=9 vina=-7.8 t=8019s

Results → paper/experiments/results_v3/4MNE/imgep_seed7/results.json
Total: 8019s (16.0s/iter)
