============================================================
  Method: imgep_naive
  Target: 3V8D
  Seed: 9
  Iterations: 500
  Output: paper/experiments/results_v3/3V8D/imgep_naive_seed9
============================================================
Target: 3V8D (Thrombin, Serine protease)
Pocket residues: 95
Behavior dim: 286
  [1/500] CC1(C)SC2C(NC(=O)Cc3ccccc3)C(=O)N2C1C(=O... int=10 res=9 vina=-9.1 t=24s
  [2/500] CC(C)Cc1ccc(C(C)C(=O)O)cc1... int=5 res=5 vina=-6.8 t=40s
  [3/500] CC(=O)Oc1ccccc1C(=O)O... int=8 res=6 vina=-6.8 t=58s
  [4/500] CC(=O)Nc1ccc(O)cc1... int=7 res=5 vina=-6.1 t=72s
  [5/500] OC(=O)c1ccccc1O... int=4 res=4 vina=-6.0 t=85s
  [25/500] CC1(C)SC2C(NC(=O)Cc3ccc(C(N)=O)cc3)C(=O)... int=9 res=8 vina=-8.7 t=397s
  [50/500] CC1(C)SC2C(NC(=O)Cc3cc(Cl)cc(CNC(=O)CCCO... int=11 res=10 vina=-9.3 t=871s
  [75/500] CCCC(=O)Oc1cccc(CC(=O)NC2C(=O)N3C2SC(C)(... int=11 res=9 vina=-10.0 t=1365s
  [100/500] CC1(C)SC2C(NC(=O)Cc3cccc(NC(=O)CCCN)c3)C... int=13 res=12 vina=-9.3 t=1923s
  [125/500] CCOC(=O)C1N2C(=O)C(NC(=O)Cc3ccc(O)c(OC(=... int=10 res=7 vina=-9.0 t=2456s
  [150/500] CCCC(=O)NCc1cccc(CC(=O)NC2C(=O)N3C2SC(C)... int=12 res=11 vina=-9.6 t=2984s
  [175/500] CC1(C)SC2C(NC(=O)Cc3cc(Cl)cc(OC(=O)CCC(=... int=11 res=11 vina=-9.4 t=3516s
  [200/500] Cc1ccc(CC(=O)NC2C(=O)N3C2SC(C)(C)C3C(=O)... int=11 res=9 vina=-9.7 t=4049s
  [225/500] Cc1ccc(CC(=O)NC2C(=O)N3C2SC(C)(C)C3C(=O)... int=11 res=9 vina=-9.7 t=4592s
  [250/500] CCCC(=O)NCc1cc(O)cc(CC(=O)NC2C(=O)N3C2SC... int=10 res=9 vina=-9.6 t=5150s
  [275/500] CCCCC(=O)Oc1cccc(CC(=O)NC2C(=O)N3C2SC(C)... int=11 res=11 vina=-8.7 t=5711s
  [300/500] CC1(C)SC2C(NC(=O)Cc3ccc(O)c(OC(=O)CCCC(=... int=11 res=10 vina=-9.5 t=6236s
  [325/500] CCCCC(=O)Oc1cccc(CC(=O)NC2C(=O)N3C2SC(C)... int=9 res=9 vina=-8.9 t=6784s
  [350/500] CC1(C)SC2C(NC(=O)Cc3cccc(OC(=O)CCCC(=O)O... int=15 res=14 vina=-9.2 t=7329s
  [375/500] CC(N)Cc1cccc(CC(=O)NC2C(=O)N3C2SC(C)(C)C... int=11 res=10 vina=-9.3 t=7852s
  [400/500] CC1(C)SC2C(NC(=O)Cc3cccc(NC(=O)c4ccc(NC=... int=10 res=9 vina=-12.1 t=8400s
  [425/500] CCCCCCC(=O)Nc1cccc(CC(=O)NC2C(=O)N3C2SC(... int=13 res=12 vina=-9.3 t=8950s
  [450/500] Cc1ccc(CC(=O)NC2C(=O)N3C2SC(C)(C)C3C(=O)... int=12 res=11 vina=-9.3 t=9520s
  [475/500] CC1(C)SC2C(NC(=O)Cc3cccc(CNC(=O)CCCCN)c3... int=13 res=12 vina=-9.3 t=10064s
  [500/500] CCOC(=O)C1N2C(=O)C(NC(=O)Cc3ccc(O)c(OC(=... int=10 res=7 vina=-9.0 t=10617s

Results → paper/experiments/results_v3/3V8D/imgep_naive_seed9/results.json
Total: 10617s (21.2s/iter)
