============================================================
  Method: random
  Target: 3PJC
  Seed: 9
  Iterations: 500
  Output: paper/experiments/results_v3/3PJC/random_seed9
============================================================
Target: 3PJC (CDK2, Kinase)
Pocket residues: 60
Behavior dim: 181
  [1/500] CC1(C)SC2C(NC(=O)Cc3ccccc3)C(=O)N2C1C(=O... int=5 res=5 vina=-8.6 t=14s
  [2/500] CC(C)Cc1ccc(C(C)C(=O)O)cc1... int=8 res=8 vina=-7.7 t=28s
  [3/500] CC(=O)Oc1ccccc1C(=O)O... int=7 res=7 vina=-6.7 t=44s
  [4/500] CC(=O)Nc1ccc(O)cc1... int=9 res=9 vina=-6.2 t=58s
  [5/500] OC(=O)c1ccccc1O... int=6 res=6 vina=-6.1 t=73s
  [25/500] CC1(C)SC2C(NC(=O)Cc3cccc(C(N)=O)c3)C(=O)... int=12 res=10 vina=-10.1 t=390s
  [50/500] CCOC(=O)C1N2C(=O)C(NC(=O)Cc3cccc(F)c3)C2... int=8 res=8 vina=-8.6 t=834s
  [75/500] CCOC(=O)c1ccccc1OC(C)=O... int=6 res=5 vina=-6.6 t=1256s
  [100/500] CC(N)c1ccc(F)cc1... int=6 res=5 vina=-5.9 t=1668s
  [125/500] CC1(C)SC2C(NC(=O)Cc3cccc(C=CC(=O)O)c3)C(... int=9 res=9 vina=-9.6 t=2092s
  [150/500] CC(N)c1ccc(I)cc1... int=6 res=5 vina=-6.1 t=2479s
  [175/500] CC(C(=O)O)c1ccc(CCCO)cc1... int=9 res=7 vina=-7.6 t=2859s
  [200/500] CC(=O)Oc1ccc(C(C)C)cc1C(=O)O... int=7 res=7 vina=-7.8 t=3255s
  [225/500] CCCC(=O)Oc1ccc(C(C)N)cc1... int=7 res=7 vina=-7.1 t=3627s
  [250/500] Nc1cccc(NC(=O)CCCCCO)c1... int=8 res=7 vina=-7.6 t=4002s
  [275/500] CCOC(=O)c1cc(O)c(Cl)cc1OC(C)=O... int=9 res=8 vina=-7.0 t=4358s
  [300/500] CC(N)c1ccc(CC(=O)NC2C(=O)N3C2SC(C)(C)C3C... int=10 res=9 vina=-9.8 t=4754s
  [325/500] CC1(C)SC2C(NC(=O)Cc3cccc(C=CC(=O)O)c3)C(... int=9 res=9 vina=-9.6 t=5130s
  [350/500] CC1(C)SC2C(NC(=O)Cc3cc(Cl)cc(C(N)=O)c3)C... int=12 res=10 vina=-10.1 t=5492s
  [375/500] CC(N)c1ccc(CC(=O)NC2C(=O)N3C2SC(C)(C)C3C... int=10 res=9 vina=-9.8 t=5871s
  [400/500] CC(C)Cc1ccc(C(C)C(=O)O)cc1... int=8 res=8 vina=-7.7 t=6228s
  [425/500] CCOC(=O)C1N2C(=O)C(NC(=O)Cc3cc(Cl)cc(CC(... int=10 res=8 vina=-8.6 t=6635s
  [450/500] CC(C)c1ccc(O)c(O)c1... int=7 res=6 vina=-7.1 t=7046s
  [475/500] CC(C)CC(N)C(=O)O... int=0 res=0 vina=-5.3 t=7514s
  [500/500] CC1(C)SC2C(NC(=O)Cc3ccc(O)c(O)c3)C(=O)N2... int=9 res=8 vina=-9.9 t=7956s

Results → paper/experiments/results_v3/3PJC/random_seed9/results.json
Total: 7956s (15.9s/iter)
