============================================================
  Method: curiosity
  Target: 3V8D
  Seed: 8
  Iterations: 500
  Output: paper/experiments/results_v3/3V8D/curiosity_seed8
============================================================
Target: 3V8D (Thrombin, Serine protease)
Pocket residues: 95
Behavior dim: 286
  [1/500] CC1(C)SC2C(NC(=O)Cc3ccccc3)C(=O)N2C1C(=O... int=10 res=9 vina=-9.1 t=14s
  [2/500] CC(C)Cc1ccc(C(C)C(=O)O)cc1... int=5 res=5 vina=-6.8 t=30s
  [3/500] CC(=O)Oc1ccccc1C(=O)O... int=8 res=6 vina=-6.8 t=44s
  [4/500] CC(=O)Nc1ccc(O)cc1... int=7 res=5 vina=-6.1 t=59s
  [5/500] OC(=O)c1ccccc1O... int=4 res=4 vina=-6.0 t=72s
  [25/500] CCOC(=O)C1N2C(=O)C(NC(=O)Cc3ccc(CO)cc3)C... int=10 res=10 vina=-8.3 t=349s
  [50/500] CC1(C)SC2C(NC(=O)COc3ccc(C(=N)N)cc3)C(=O... int=8 res=8 vina=-8.7 t=721s
  [75/500] CC1(C)SC2C(NC(=O)Cc3ccc(CO)cc3)C(=O)N2C1... int=9 res=9 vina=-8.7 t=1107s
  [100/500] CC1(C)SC2C(NC(=O)Cc3cc(O)cc(C(=O)CCl)c3)... int=6 res=6 vina=-9.2 t=1481s
  [125/500] CCCC(=O)Oc1ccc(CC(=O)NC2C(=O)N3C2SC(C)(C... int=9 res=9 vina=-8.7 t=1879s
  [150/500] COc1cc(NC(C)=O)ccc1O... int=6 res=5 vina=-6.5 t=2244s
  [175/500] CCOC(=O)C1N2C(=O)C(NC(=O)Cc3ccc(OC)cc3)C... int=7 res=7 vina=-8.3 t=2643s
  [200/500] CCOC(=O)c1cc(C(=O)CCl)cc(OC)c1OC(C)=O... int=3 res=3 vina=-6.0 t=3034s
  [225/500] CC(=O)Nc1ccc(NC=O)cc1... int=7 res=6 vina=-6.2 t=3424s
  [250/500] CCOC(=O)C1N2C(=O)C(NC(=O)Cc3ccc(C(=O)CCC... int=12 res=12 vina=-9.3 t=3839s
  [275/500] CC(=O)CCC(=O)c1ccc(O)cc1... int=8 res=8 vina=-6.4 t=4238s
  [300/500] CC1(C)SC2C(NC(=O)Cc3cc(O)cc(CC(N)C(=O)O)... int=8 res=8 vina=-10.1 t=4653s
  [325/500] CCOC(=O)C1N2C(=O)C(NC(=O)Cc3ccc(C(N)=O)c... int=8 res=8 vina=-8.5 t=5078s
  [350/500] COC(=O)c1cc(Cl)ccc1OC(C)=O... int=6 res=5 vina=-6.1 t=5479s
  [375/500] CCOC(=O)c1cc(Cl)cc(OC)c1OC(=O)CCC(N)=O... int=4 res=4 vina=-6.2 t=5931s
  [400/500] CC(N)Cc1cc(CC(=O)NC2C(=O)N3C2SC(C)(C)C3C... int=11 res=10 vina=-9.0 t=6358s
  [425/500] CCOC(=O)C1N2C(=O)C(NC(=O)Cc3ccc(N4CCN(C(... int=10 res=10 vina=-9.6 t=6791s
  [450/500] CC1(C)SC2C(NC(=O)Cc3cc(CC(N)C(=O)O)cc(C(... int=10 res=8 vina=-9.9 t=7262s
  [475/500] COc1cc(CC(C)N)ccc1O... int=5 res=4 vina=-6.4 t=7658s
  [500/500] COc1cc(CCN)cc(C(=O)O)c1OC... int=3 res=3 vina=-6.1 t=8057s

Results → paper/experiments/results_v3/3V8D/curiosity_seed8/results.json
Total: 8057s (16.1s/iter)
