============================================================
  Method: curiosity
  Target: 1ERE
  Seed: 9
  Iterations: 500
  Output: paper/experiments/results_v3/1ERE/curiosity_seed9
============================================================
Target: 1ERE (Estrogen Receptor α, Nuclear receptor)
Pocket residues: 71
Behavior dim: 214
  [1/500] CC1(C)SC2C(NC(=O)Cc3ccccc3)C(=O)N2C1C(=O... int=5 res=5 vina=-6.8 t=15s
  [2/500] CC(C)Cc1ccc(C(C)C(=O)O)cc1... int=6 res=6 vina=-7.4 t=28s
  [3/500] CC(=O)Oc1ccccc1C(=O)O... int=5 res=5 vina=-6.8 t=42s
  [4/500] CC(=O)Nc1ccc(O)cc1... int=5 res=5 vina=-6.1 t=55s
  [5/500] OC(=O)c1ccccc1O... int=5 res=5 vina=-6.2 t=67s
  [25/500] CC(=O)c1ccc(CC(=O)NC2C(=O)N3C2SC(C)(C)C3... int=6 res=6 vina=-5.6 t=355s
  [50/500] COc1cc(C=O)ccc1O... int=2 res=2 vina=-5.6 t=741s
  [75/500] O=S(=O)(O)c1ccc(Cl)cc1... int=6 res=5 vina=-6.0 t=1131s
  [100/500] CC(=O)CCC(=O)c1ccc(N2CCOCC2)cc1... int=6 res=6 vina=-7.3 t=1533s
  [125/500] O=C(NCCN1CCOCC1)c1ccc(N2CCOCC2)cc1... int=4 res=4 vina=-5.8 t=1941s
  [150/500] CCOC(=O)C(C)c1ccc(C(C)(C)O)cc1... int=9 res=8 vina=-7.2 t=2343s
  [175/500] CC(C)NCC(O)COc1ccc(C=Cc2ccc(Br)cc2)cc1... int=10 res=8 vina=-4.2 t=2727s
  [200/500] CN(C)c1ccc(CC(=O)NC2C(=O)N3C2SC(C)(C)C3C... int=0 res=0 vina=0.0 t=3133s
  [225/500] CCCC(=O)Oc1c(OC)cc(O)cc1C(=O)O... int=6 res=6 vina=-7.5 t=3538s
  [250/500] CC(C(=O)O)c1ccc(CC(N)C(=O)O)cc1... int=7 res=7 vina=-7.8 t=3946s
  [275/500] CCOC(=O)C1N2C(=O)C(NC(=O)Cc3ccc(N4CCOCC4... int=7 res=7 vina=-1.3 t=4356s
  [300/500] CC1(C)SC2C(NC(=O)COc3ccc(NC(N)=S)cc3)C(=... int=8 res=8 vina=-7.1 t=4764s
  [325/500] COc1ccc(OCC(=O)NC2C(=O)N3C2SC(C)(C)C3C(=... int=4 res=4 vina=-5.7 t=5146s
  [350/500] O=C(O)C=Cc1ccc(S(=O)(=O)O)c([S-])c1... int=5 res=5 vina=-7.4 t=5499s
  [375/500] CC(C(=O)O)c1ccc(OCC(=O)NC2C(=O)N3C2SC(C)... int=5 res=5 vina=-7.1 t=5865s
  [400/500] CC(C(=O)O)c1ccc(CCC(=O)O)cc1... int=8 res=8 vina=-7.6 t=6229s
  [425/500] CCOC(=O)C1N2C(=O)C(NC(=O)Cc3ccc(N4CCOCC4... int=7 res=7 vina=-1.3 t=6570s
  [450/500] CCOC(=O)C1N2C(=O)C(NC(=O)Cc3ccc(C(C)(C)O... int=9 res=9 vina=-4.2 t=6942s
  [475/500] CC1(C)SC2C(NC(=O)COc3ccc(C(=O)CCl)cc3)C(... int=5 res=5 vina=-6.8 t=7329s
  [500/500] CC1(C)SC2C(NC(=O)Cc3ccc(CC(=O)NO)cc3)C(=... int=9 res=9 vina=-2.4 t=7706s

Results → paper/experiments/results_v3/1ERE/curiosity_seed9/results.json
Total: 7706s (15.4s/iter)
