============================================================
  Method: bo
  Target: 3PJC
  Seed: 0
  Iterations: 500
  Output: paper/experiments/results_v3/3PJC/bo_seed0
============================================================
Target: 3PJC (CDK2, Kinase)
Pocket residues: 60
Behavior dim: 181
  [1/500] CC1(C)SC2C(NC(=O)Cc3ccccc3)C(=O)N2C1C(=O... int=5 res=5 vina=-8.6 t=17s
  [2/500] CC(C)Cc1ccc(C(C)C(=O)O)cc1... int=8 res=8 vina=-7.7 t=33s
  [3/500] CC(=O)Oc1ccccc1C(=O)O... int=7 res=7 vina=-6.7 t=50s
  [4/500] CC(=O)Nc1ccc(O)cc1... int=9 res=9 vina=-6.2 t=63s
  [5/500] OC(=O)c1ccccc1O... int=6 res=6 vina=-6.1 t=79s
  [25/500] CCOC(=O)c1ccc(C(C)C)cc1OC(=O)CCCO... int=11 res=10 vina=-7.8 t=449s
  [50/500] O=C(Nc1ccc(O)cc1)c1ccc(O)c(Cl)c1... int=7 res=6 vina=-8.8 t=920s
  [75/500] CCOC(=O)c1c(O)cc(C(N)=O)cc1OC(=O)CCc1ccc... int=9 res=9 vina=-9.2 t=1383s
  [100/500] CC(C)Cc1ccc(CC(N)=O)cc1... int=7 res=5 vina=-7.2 t=1835s
  [125/500] Clc1cccc(N2CCOCC2)c1... int=3 res=3 vina=-6.5 t=2250s
  [150/500] OCc1ccc(N2CCOCC2)cc1... int=2 res=2 vina=-6.6 t=2664s
  [175/500] CC1=NC(c2ccc(I)cc2)C(=O)N1... int=7 res=6 vina=-7.2 t=3087s
  [200/500] Clc1ccc(N2CCOCC2)cc1... int=3 res=3 vina=-6.5 t=3518s
  [225/500] O=C(O)c1ccc(N2CCOCC2)cc1... int=6 res=6 vina=-7.2 t=3957s
  [250/500] Brc1ccc(N2CCOCC2)cc1... int=3 res=3 vina=-6.5 t=4389s
  [275/500] Clc1ccc(N2CCOCC2)cc1... int=3 res=3 vina=-6.5 t=4838s
  [300/500] N=C(N)c1ccc(N2CCOCC2)cc1... int=6 res=6 vina=-7.2 t=5292s
  [325/500] CC(=O)c1ccc(N2CCOCC2)cc1... int=8 res=8 vina=-7.1 t=5758s
  [350/500] Ic1ccc(N2CCOCC2)cc1... int=2 res=2 vina=-6.5 t=6220s
  [375/500] Nc1ccc(N2CCOCC2)cc1... int=3 res=3 vina=-6.3 t=6686s
  [400/500] COc1ccc(N2CCOCC2)cc1... int=2 res=2 vina=-6.4 t=7153s
  [425/500] O=[N+]([O-])c1ccc(N2CCOCC2)cc1... int=6 res=6 vina=-6.9 t=7653s
  [450/500] COc1ccc(N2CCOCC2)cc1... int=2 res=2 vina=-6.4 t=8160s
  [475/500] COc1ccc(N2CCOCC2)cc1... int=2 res=2 vina=-6.4 t=8676s
  [500/500] Ic1ccc(N2CCOCC2)cc1... int=2 res=2 vina=-6.5 t=9244s

Results → paper/experiments/results_v3/3PJC/bo_seed0/results.json
Total: 9244s (18.5s/iter)
