============================================================
  Method: bo
  Target: 3PJC
  Seed: 1
  Iterations: 500
  Output: paper/experiments/results_v3/3PJC/bo_seed1
============================================================
Target: 3PJC (CDK2, Kinase)
Pocket residues: 60
Behavior dim: 181
  [1/500] CC1(C)SC2C(NC(=O)Cc3ccccc3)C(=O)N2C1C(=O... int=5 res=5 vina=-8.6 t=15s
  [2/500] CC(C)Cc1ccc(C(C)C(=O)O)cc1... int=8 res=8 vina=-7.7 t=32s
  [3/500] CC(=O)Oc1ccccc1C(=O)O... int=7 res=7 vina=-6.7 t=47s
  [4/500] CC(=O)Nc1ccc(O)cc1... int=9 res=9 vina=-6.2 t=63s
  [5/500] OC(=O)c1ccccc1O... int=6 res=6 vina=-6.1 t=77s
  [25/500] CC(C)Cc1ccc(Br)cc1... int=2 res=2 vina=-6.2 t=411s
  [50/500] COc1cc(C(C)(C)O)ccc1O... int=8 res=7 vina=-6.9 t=838s
  [75/500] COC(=O)c1ccc(C(=O)CCC(C)=O)cc1... int=5 res=5 vina=-7.4 t=1251s
  [100/500] CC(CS)C(=O)N1CCCC1C(=O)O... int=7 res=6 vina=-6.4 t=1677s
  [125/500] CC(CC(N)=O)C(=O)N1CCCC1C(=O)OCCO... int=9 res=9 vina=-7.5 t=2123s
  [150/500] COc1cc(CC(=O)NO)cc(OC)c1OC... int=7 res=5 vina=-7.4 t=2546s
  [175/500] COc1cc(C(C)O)ccc1O... int=8 res=8 vina=-6.8 t=2977s
  [200/500] Cn1c(=O)c2c(ncn2C)n(C)c1=O... int=0 res=0 vina=-5.9 t=3375s
  [225/500] Cn1c(=O)c2c(ncn2C)n(C)c1=O... int=0 res=0 vina=-5.9 t=3794s
  [250/500] Cn1c(=O)c2c(ncn2C)n(C)c1=O... int=0 res=0 vina=-5.9 t=4211s
  [275/500] Cn1c(=O)c2c(ncn2C)n(C)c1=O... int=0 res=0 vina=-5.9 t=4639s
  [300/500] Cn1c(=O)c2c(ncn2C)n(C)c1=O... int=0 res=0 vina=-5.9 t=5080s
  [325/500] Cn1c(=O)c2c(ncn2C)n(C)c1=O... int=0 res=0 vina=-5.9 t=5526s
  [350/500] Cn1c(=O)c2c(ncn2C)n(C)c1=O... int=0 res=0 vina=-5.9 t=5962s
  [375/500] Cn1c(=O)c2c(ncn2C)n(C)c1=O... int=0 res=0 vina=-5.9 t=6412s
  [400/500] Cn1c(=O)c2c(ncn2C)n(C)c1=O... int=0 res=0 vina=-5.9 t=6851s
  [425/500] Cn1c(=O)c2c(ncn2C)n(C)c1=O... int=0 res=0 vina=-5.9 t=7321s
  [450/500] Cn1c(=O)c2c(ncn2C)n(C)c1=O... int=0 res=0 vina=-5.9 t=7809s
  [475/500] Cn1c(=O)c2c(ncn2C)n(C)c1=O... int=0 res=0 vina=-5.9 t=8294s
  [500/500] Cn1c(=O)c2c(ncn2C)n(C)c1=O... int=0 res=0 vina=-5.9 t=8793s

Results → paper/experiments/results_v3/3PJC/bo_seed1/results.json
Total: 8793s (17.6s/iter)
