============================================================
  Method: ga
  Target: 1ERE
  Seed: 0
  Iterations: 500
  Output: paper/experiments/results_v3/1ERE/ga_seed0
============================================================
Target: 1ERE (Estrogen Receptor α, Nuclear receptor)
Pocket residues: 71
Behavior dim: 214
  [1/500] CC1(C)SC2C(NC(=O)Cc3ccccc3)C(=O)N2C1C(=O... int=5 res=5 vina=-6.8 t=12s
  [2/500] CC(C)Cc1ccc(C(C)C(=O)O)cc1... int=6 res=6 vina=-7.4 t=26s
  [3/500] CC(=O)Oc1ccccc1C(=O)O... int=5 res=5 vina=-6.8 t=37s
  [4/500] CC(=O)Nc1ccc(O)cc1... int=5 res=5 vina=-6.1 t=48s
  [5/500] OC(=O)c1ccccc1O... int=5 res=5 vina=-6.2 t=59s
  [25/500] CC(=O)Oc1ccc(CC(C)C)cc1... int=6 res=6 vina=-6.9 t=308s
  [50/500] CC(=O)Nc1ccc(S(N)(=O)=O)cc1... int=7 res=7 vina=-6.6 t=614s
  [75/500] CC(=O)Oc1ccc(C=Cc2ccccc2)cc1... int=8 res=8 vina=-7.6 t=930s
  [100/500] CC(C)Cc1ccc(C(C)N)cc1... int=8 res=8 vina=-6.8 t=1223s
  [125/500] CC(N)Cc1ccc(C(C)(C)O)cc1... int=9 res=9 vina=-7.5 t=1542s
  [150/500] CCOC(=O)C(C)c1ccc(C(C)C(=O)O)cc1... int=7 res=7 vina=-7.9 t=1837s
  [175/500] CC(CS)C(=O)N1CCCC1C(=O)O... int=5 res=5 vina=-6.5 t=2138s
  [200/500] NC(=O)c1ccc(N2CCOCC2)cc1... int=6 res=6 vina=-7.2 t=2444s
  [225/500] CC(=O)Oc1ccc(C(C)C(=O)O)cc1... int=8 res=8 vina=-7.3 t=2752s
  [250/500] CC(C(=O)O)c1ccc(N2CCOCC2)cc1... int=4 res=4 vina=-7.3 t=3070s
  [275/500] CC(=O)Oc1ccc(OC(C)=O)cc1... int=6 res=6 vina=-6.8 t=3391s
  [300/500] CC(C)(O)c1ccc(CC(=O)NO)cc1... int=8 res=8 vina=-8.3 t=3724s
  [325/500] O=C(Cc1ccc(C(=O)CCl)cc1)NO... int=9 res=8 vina=-7.5 t=4061s
  [350/500] CC(C)c1ccc(CC(N)C(=O)O)cc1... int=5 res=5 vina=-7.3 t=4399s
  [375/500] NS(=O)(=O)c1ccc(CO)cc1[S-]... int=5 res=5 vina=-6.2 t=4748s
  [400/500] CCOC(=O)C(C)c1ccc(C(C)=O)cc1... int=8 res=8 vina=-7.2 t=5118s
  [425/500] CC(=O)Nc1ccc(CC(N)=O)cc1... int=7 res=7 vina=-6.7 t=5491s
  [450/500] N=C(N)c1ccc(C(=O)NCCN2CCOCC2)cc1... int=4 res=4 vina=-8.1 t=5868s
  [475/500] N=C(N)c1ccc(N2CCOCC2)cc1... int=5 res=5 vina=-7.3 t=6243s
  [500/500] NC(=O)Cc1ccc(NC(=O)c2ccccc2)cc1... int=7 res=7 vina=-3.9 t=6623s

Results → paper/experiments/results_v3/1ERE/ga_seed0/results.json
Total: 6623s (13.2s/iter)
