============================================================
  Method: curiosity
  Target: 4DFR
  Seed: 1
  Iterations: 500
  Output: paper/experiments/results_v3/4DFR/curiosity_seed1
============================================================
Target: 4DFR (DHFR, Oxidoreductase)
Pocket residues: 55
Behavior dim: 166
  [1/500] CC1(C)SC2C(NC(=O)Cc3ccccc3)C(=O)N2C1C(=O... int=6 res=6 vina=-8.0 t=15s
  [2/500] CC(C)Cc1ccc(C(C)C(=O)O)cc1... int=6 res=5 vina=-7.4 t=25s
  [3/500] CC(=O)Oc1ccccc1C(=O)O... int=6 res=5 vina=-5.6 t=39s
  [4/500] CC(=O)Nc1ccc(O)cc1... int=2 res=2 vina=-5.7 t=48s
  [5/500] OC(=O)c1ccccc1O... int=4 res=4 vina=-5.8 t=55s
  [25/500] CCOC(=O)c1ccc(C=O)cc1OC(C)=O... int=6 res=6 vina=-6.1 t=363s
  [50/500] CCOC(=O)C1N2C(=O)C(NC(=O)Cc3ccc(CC(C)C)c... int=7 res=7 vina=-8.3 t=768s
  [75/500] CCOC(=O)C1N2C(=O)C(NC(=O)Cc3ccc(N(C)C)cc... int=7 res=7 vina=-7.6 t=1224s
  [100/500] CC(=O)c1ccc(CC(=O)NC2C(=O)N3C2SC(C)(C)C3... int=6 res=6 vina=-9.2 t=1668s
  [125/500] CCOC(=O)C1N2C(=O)C(NC(=O)Cc3ccc(O)cc3)C2... int=8 res=7 vina=-8.7 t=2111s
  [150/500] CC1(C)SC2C(NC(=O)Cc3ccc(CCN)cc3)C(=O)N2C... int=7 res=7 vina=-8.9 t=2560s
  [175/500] CCOC(=O)C1N2C(=O)C(NC(=O)C(NC(=O)OC(C)(C... int=5 res=5 vina=-7.4 t=2979s
  [200/500] COC(=O)c1ccc(CC(=O)NC2C(=O)N3C2SC(C)(C)C... int=7 res=7 vina=-9.1 t=3381s
  [225/500] CCOC(=O)C1N2C(=O)C(NC(=O)COc3ccc(C(=O)OC... int=6 res=6 vina=-7.7 t=3849s
  [250/500] CC(N)Cc1ccc(CC(=O)NC2C(=O)N3C2SC(C)(C)C3... int=7 res=7 vina=-9.3 t=4299s
  [275/500] CCOC(=O)C1N2C(=O)C(NC(=O)Cc3ccc(O)c(OC(C... int=5 res=5 vina=-8.4 t=4786s
  [300/500] CC1(C)SC2C(NC(=O)Cc3cc(O)cc(Cl)c3)C(=O)N... int=6 res=6 vina=-8.8 t=5268s
  [325/500] COc1ccc(CC(=O)NC2C(=O)N3C2SC(C)(C)C3C(=O... int=8 res=8 vina=-8.0 t=5716s
  [350/500] CC(C)C(NC(=O)Cc1cccc(Cl)c1)C(=O)NC1C(=O)... int=2 res=2 vina=-9.3 t=6427s
  [375/500] CCCCC(=O)Oc1cc(CC(=O)NC2C(=O)N3C2SC(C)(C... int=10 res=10 vina=-8.9 t=7132s
  [400/500] COC(=O)c1ccc(CC(=O)NC2C(=O)N3C2SC(C)(C)C... int=7 res=7 vina=-8.7 t=7807s
  [425/500] CC1(C)SC2C(NC(=O)Cc3cc(O)cc(Cl)c3)C(=O)N... int=6 res=6 vina=-8.8 t=8471s
  [450/500] CCCC(=O)Oc1cc(CC(N)C(=O)OCC)ccc1C(=O)OCC... int=6 res=6 vina=-7.0 t=9038s
  [475/500] CC(N)Cc1cc(Cl)cc(CC(=O)NC2C(=O)N3C2SC(C)... int=5 res=5 vina=-8.7 t=9572s
  [500/500] CC1(C)SC2C(NC(=O)Cc3cccc(O)c3)C(=O)N2C1C... int=5 res=5 vina=-8.9 t=10129s

Results → paper/experiments/results_v3/4DFR/curiosity_seed1/results.json
Total: 10129s (20.3s/iter)
