============================================================
  Method: random
  Target: 3PJC
  Seed: 6
  Iterations: 500
  Output: paper/experiments/results_v3/3PJC/random_seed6
============================================================
Target: 3PJC (CDK2, Kinase)
Pocket residues: 60
Behavior dim: 181
  [1/500] CC1(C)SC2C(NC(=O)Cc3ccccc3)C(=O)N2C1C(=O... int=5 res=5 vina=-8.6 t=13s
  [2/500] CC(C)Cc1ccc(C(C)C(=O)O)cc1... int=8 res=8 vina=-7.7 t=26s
  [3/500] CC(=O)Oc1ccccc1C(=O)O... int=7 res=7 vina=-6.7 t=37s
  [4/500] CC(=O)Nc1ccc(O)cc1... int=9 res=9 vina=-6.2 t=51s
  [5/500] OC(=O)c1ccccc1O... int=6 res=6 vina=-6.1 t=63s
  [25/500] CC(N)c1ccc(CC(=O)NC2C(=O)N3C2SC(C)(C)C3C... int=10 res=9 vina=-9.8 t=370s
  [50/500] CC(=O)Oc1ccc(Cl)cc1C(=O)O... int=7 res=6 vina=-7.0 t=801s
  [75/500] CC(=O)Oc1cc(Cl)ccc1C(=O)O... int=7 res=7 vina=-7.0 t=1282s
  [100/500] CCCC(=O)Oc1cc(C(=O)O)cc(O)c1C(=O)OCC... int=9 res=9 vina=-7.9 t=1752s
  [125/500] CCOC(=O)c1ccccc1OC(=O)CCCN... int=6 res=5 vina=-7.4 t=2188s
  [150/500] CCOC(=O)C1N2C(=O)C(NC(=O)Cc3cc(C(=O)O)cc... int=6 res=6 vina=-9.0 t=2640s
  [175/500] CC(C)(O)c1ccc(CC(=O)NC2C(=O)N3C2SC(C)(C)... int=7 res=6 vina=-8.8 t=3067s
  [200/500] CCOC(=O)C1N2C(=O)C(NC(=O)Cc3ccc(F)cc3)C2... int=5 res=5 vina=-8.6 t=3474s
  [225/500] CCOC(=O)C1N2C(=O)C(NC(=O)Cc3ccc(C(=O)O)c... int=5 res=5 vina=-8.6 t=3870s
  [250/500] CC1(C)SC2C(NC(=O)Cc3ccc(CC(N)=O)cc3)C(=O... int=7 res=7 vina=-9.0 t=4346s
  [275/500] CCCCC(=O)Oc1cc(C(N)=O)ccc1C(=O)OCC... int=7 res=7 vina=-7.6 t=4769s
  [300/500] CCC(C)C(NC(=O)OC(C)(C)C)C(=O)NC1C(=O)N2C... int=3 res=3 vina=-8.4 t=5208s
  [325/500] CC(=O)Nc1ccc(CC(=O)NC2C(=O)N3C2SC(C)(C)C... int=10 res=9 vina=-8.8 t=5606s
  [350/500] CCOC(=O)C(C)c1ccc(CC(C)C)cc1... int=10 res=10 vina=-7.5 t=6013s
  [375/500] CCC(C)C(NC(=O)Cc1ccccc1)C(=O)NC1C(=O)N2C... int=11 res=11 vina=-9.1 t=6457s
  [400/500] CC(N)c1ccc(CC(=O)NC2C(=O)N3C2SC(C)(C)C3C... int=10 res=9 vina=-9.8 t=6869s
  [425/500] CC(=O)c1ccc(C(C)N)cc1... int=5 res=5 vina=-6.8 t=7386s
  [450/500] CCOC(=O)c1cc(CCN)cc(CC(=O)NC2C(=O)N3C2SC... int=9 res=9 vina=-9.1 t=7865s
  [475/500] CC1(C)SC2C(NC(=O)Cc3ccc(CC(N)C(=O)O)cc3)... int=12 res=11 vina=-10.0 t=8360s
  [500/500] CCOC(=O)c1ccc(Cl)cc1OC... int=5 res=4 vina=-6.2 t=8869s

Results → paper/experiments/results_v3/3PJC/random_seed6/results.json
Total: 8869s (17.7s/iter)
