============================================================
  Method: imgep_naive
  Target: 3V8D
  Seed: 1
  Iterations: 500
  Output: paper/experiments/results_v3/3V8D/imgep_naive_seed1
============================================================
Target: 3V8D (Thrombin, Serine protease)
Pocket residues: 95
Behavior dim: 286
  [1/500] CC1(C)SC2C(NC(=O)Cc3ccccc3)C(=O)N2C1C(=O... int=10 res=9 vina=-9.1 t=23s
  [2/500] CC(C)Cc1ccc(C(C)C(=O)O)cc1... int=5 res=5 vina=-6.8 t=40s
  [3/500] CC(=O)Oc1ccccc1C(=O)O... int=8 res=6 vina=-6.8 t=57s
  [4/500] CC(=O)Nc1ccc(O)cc1... int=7 res=5 vina=-6.1 t=72s
  [5/500] OC(=O)c1ccccc1O... int=4 res=4 vina=-6.0 t=84s
  [25/500] CC1(C)SC2C(NC(=O)Cc3cccc(C=O)c3)C(=O)N2C... int=11 res=9 vina=-9.6 t=419s
  [50/500] CC1(C)SC2C(NC(=O)Cc3cccc(N)c3)C(=O)N2C1C... int=10 res=9 vina=-9.4 t=838s
  [75/500] CCOC(=O)C1N2C(=O)C(NC(=O)Cc3cccc(C(C)C)c... int=10 res=9 vina=-8.9 t=1278s
  [100/500] CC1(C)SC2C(NC(=O)Cc3ccc(Cl)cc3)C(=O)N2C1... int=9 res=9 vina=-8.2 t=1703s
  [125/500] CCOC(=O)C1N2C(=O)C(NC(=O)Cc3ccc(F)cc3)C2... int=11 res=11 vina=-8.4 t=2119s
  [150/500] CC(=O)Oc1ccc(CC(=O)NC2C(=O)N3C2SC(C)(C)C... int=6 res=6 vina=-8.8 t=2575s
  [175/500] CCOC(=O)C1N2C(=O)C(NC(=O)Cc3cccc(CCN)c3)... int=12 res=12 vina=-8.7 t=3009s
  [200/500] CC(=O)Oc1cc(O)cc(CC(=O)NC2C(=O)N3C2SC(C)... int=6 res=5 vina=-9.2 t=3432s
  [225/500] CC(C)c1cccc(CC(=O)NC2C(=O)N3C2SC(C)(C)C3... int=6 res=6 vina=-9.1 t=3868s
  [250/500] CC1(C)SC2C(NC(=O)Cc3cccc(NC=O)c3)C(=O)N2... int=12 res=10 vina=-9.5 t=4284s
  [275/500] CC(C)(O)c1ccc(CC(=O)NC2C(=O)N3C2SC(C)(C)... int=8 res=8 vina=-9.1 t=4732s
  [300/500] CC1(C)SC2C(NC(=O)Cc3cccc(C(N)=O)c3)C(=O)... int=11 res=9 vina=-10.0 t=5158s
  [325/500] CCCC(=O)Oc1cc(CC(=O)NC2C(=O)N3C2SC(C)(C)... int=10 res=8 vina=-8.8 t=5621s
  [350/500] CC1(C)SC2C(NC(=O)Cc3ccc(I)cc3)C(=O)N2C1C... int=5 res=5 vina=-8.3 t=6036s
  [375/500] COC(=O)c1cccc(CC(=O)NC2C(=O)N3C2SC(C)(C)... int=9 res=8 vina=-9.4 t=6474s
  [400/500] CNCCCC(=O)Oc1cc(CC(=O)NC2C(=O)N3C2SC(C)(... int=9 res=8 vina=-9.5 t=6934s
  [425/500] CC(=O)c1cc(CC(=O)NC2C(=O)N3C2SC(C)(C)C3C... int=8 res=8 vina=-9.1 t=7391s
  [450/500] CNCCCC(=O)Oc1cc(CC(=O)NC2C(=O)N3C2SC(C)(... int=9 res=8 vina=-9.5 t=7890s
  [475/500] CCOC(=O)C1N2C(=O)C(NC(=O)Cc3cc(CCCO)cc(O... int=8 res=8 vina=-8.1 t=8375s
  [500/500] CC1(C)SC2C(NC(=O)Cc3ccc(O)c(C(N)=O)c3)C(... int=6 res=6 vina=-9.4 t=8879s

Results → paper/experiments/results_v3/3V8D/imgep_naive_seed1/results.json
Total: 8879s (17.8s/iter)
