============================================================
  Method: imgep_naive
  Target: 3EML
  Seed: 0
  Iterations: 500
  Output: paper/experiments/results_v3/3EML/imgep_naive_seed0
============================================================
Target: 3EML (EGFR, Kinase)
Pocket residues: 65
Behavior dim: 196
  [1/500] CC1(C)SC2C(NC(=O)Cc3ccccc3)C(=O)N2C1C(=O... int=5 res=5 vina=-8.5 t=13s
  [2/500] CC(C)Cc1ccc(C(C)C(=O)O)cc1... int=6 res=6 vina=-7.7 t=28s
  [3/500] CC(=O)Oc1ccccc1C(=O)O... int=8 res=8 vina=-6.3 t=43s
  [4/500] CC(=O)Nc1ccc(O)cc1... int=5 res=5 vina=-6.1 t=53s
  [5/500] OC(=O)c1ccccc1O... int=4 res=4 vina=-5.9 t=65s
  [25/500] CC(=O)Oc1cc(C=O)ccc1C(=O)O... int=7 res=7 vina=-6.7 t=356s
  [50/500] CCOC(=O)c1ccc(N)cc1OC(C)=O... int=6 res=6 vina=-6.5 t=717s
  [75/500] CCOC(=O)c1ccc(F)cc1OC(C)=O... int=7 res=7 vina=-6.6 t=1101s
  [100/500] CC(C)(O)c1ccc(CO)cc1... int=6 res=6 vina=-6.6 t=1483s
  [125/500] CC(=O)Nc1ccc(CO)cc1... int=4 res=4 vina=-6.4 t=1869s
  [150/500] CC(C)NCC(O)COc1ccc(CC(N)=O)cc1... int=8 res=8 vina=-7.2 t=2252s
  [175/500] CC(C)NCC(O)COc1ccc(-c2ccc(I)cc2)cc1... int=7 res=7 vina=-8.4 t=2622s
  [200/500] CC(=O)c1cccc(C=Cc2ccc(CO)cc2)c1... int=9 res=8 vina=-8.9 t=3013s
  [225/500] CC(C)Cc1ccc(OCC(O)CNC(C)C)cc1... int=8 res=8 vina=-7.3 t=3404s
  [250/500] CNCCCCCOC(=O)c1ccc(-c2cccc(C(C)O)c2)cc1... int=7 res=7 vina=-8.6 t=3805s
  [275/500] NC(=O)Cc1ccc(NC(=O)c2ccccc2)cc1... int=6 res=6 vina=-8.0 t=4236s
  [300/500] CC(=O)Nc1ccc(Oc2ccc(CC(N)=O)cc2)cc1... int=11 res=9 vina=-8.6 t=4648s
  [325/500] COC(=O)c1ccc(Oc2ccc(C=NO)cc2)cc1... int=7 res=6 vina=-8.6 t=5073s
  [350/500] CC(=O)Nc1ccc(N=Nc2ccc(OCC(O)CNC(C)C)cc2)... int=6 res=6 vina=-8.1 t=5552s
  [375/500] CC(C)NCC(O)COc1ccc(OCC(=O)NC2CCCC(O)C2)c... int=8 res=7 vina=-8.5 t=5992s
  [400/500] CC(C(=O)O)c1cccc(-c2ccc(C(=O)CCC(N)C(=O)... int=11 res=10 vina=-9.8 t=6421s
  [425/500] CCOC(=O)C(N)CCCCC(=O)Oc1ccc(OCC(O)CNC(C)... int=13 res=9 vina=-7.6 t=6874s
  [450/500] NC(CCC(=O)c1ccc(N=Nc2ccc(C(=O)O)cc2)cc1)... int=10 res=9 vina=-8.8 t=7345s
  [475/500] CCOC(=O)C(N)CCC(=O)c1ccc(N=Nc2ccc(C(=O)O... int=10 res=8 vina=-8.9 t=7785s
  [500/500] NC(Cc1ccc(Cl)cc1)C(=O)O... int=4 res=4 vina=-7.0 t=8238s

Results → paper/experiments/results_v3/3EML/imgep_naive_seed0/results.json
Total: 8238s (16.5s/iter)
