============================================================
  Method: curiosity
  Target: 1ERE
  Seed: 2
  Iterations: 500
  Output: paper/experiments/results_v3/1ERE/curiosity_seed2
============================================================
Target: 1ERE (Estrogen Receptor α, Nuclear receptor)
Pocket residues: 71
Behavior dim: 214
  [1/500] CC1(C)SC2C(NC(=O)Cc3ccccc3)C(=O)N2C1C(=O... int=5 res=5 vina=-6.8 t=13s
  [2/500] CC(C)Cc1ccc(C(C)C(=O)O)cc1... int=6 res=6 vina=-7.4 t=27s
  [3/500] CC(=O)Oc1ccccc1C(=O)O... int=5 res=5 vina=-6.8 t=35s
  [4/500] CC(=O)Nc1ccc(O)cc1... int=5 res=5 vina=-6.1 t=46s
  [5/500] OC(=O)c1ccccc1O... int=5 res=5 vina=-6.2 t=57s
  [25/500] CC(N)c1ccc(C=Cc2ccc(N)cc2)cc1... int=7 res=7 vina=-2.0 t=315s
  [50/500] CC(C(=O)O)c1ccc(C=Cc2ccc(N)cc2)cc1... int=4 res=4 vina=-0.4 t=615s
  [75/500] CC(C)c1ccc(C(C)C(=O)O)cc1... int=9 res=9 vina=-7.4 t=935s
  [100/500] NC(=O)Cc1ccc(C(O)c2ccc(N)cc2)cc1... int=10 res=8 vina=-8.0 t=1255s
  [125/500] ON=Cc1ccc(OCc2ccc(I)cc2)cc1... int=4 res=4 vina=-6.8 t=1584s
  [150/500] CC(=O)Oc1ccc(C=NO)cc1... int=7 res=7 vina=-6.6 t=1926s
  [175/500] O=C(O)CCc1ccc(N2CCOCC2)cc1... int=6 res=6 vina=-7.7 t=2259s
  [200/500] CN(C)c1ccc(CCNC(=O)c2ccccc2)cc1... int=9 res=9 vina=-7.9 t=2618s
  [225/500] CC(C)Cc1ccc(CC(N)=O)cc1... int=7 res=7 vina=-7.1 t=2956s
  [250/500] CC(C(=O)O)c1ccc(CCCO)cc1... int=7 res=7 vina=-7.3 t=3308s
  [275/500] CC(C)Cc1ccc(C(=O)Nc2cccc(Cl)c2)cc1... int=7 res=7 vina=-2.3 t=3654s
  [300/500] CC(=O)N1CCN(c2ccc(C=Cc3ccccc3)cc2)CC1... int=5 res=5 vina=-3.2 t=4017s
  [325/500] CC(C)Cc1ccc(C=NO)cc1... int=7 res=6 vina=-6.6 t=4381s
  [350/500] Oc1ccc(-c2ccccc2)cc1O... int=6 res=6 vina=-8.5 t=4750s
  [375/500] CN(C)c1ccc(C=NO)cc1... int=6 res=6 vina=-6.3 t=5117s
  [400/500] CC(N)Cc1ccc(CCN)cc1... int=8 res=8 vina=-6.7 t=5494s
  [425/500] Brc1ccc(C=Cc2ccc(N3CCOCC3)cc2)cc1... int=2 res=2 vina=1.7 t=5858s
  [450/500] COC(=O)c1ccc(N)cc1... int=6 res=6 vina=-5.8 t=6250s
  [475/500] CC(N)c1ccc(C(=O)Nc2ccc(CC(=O)NO)cc2)cc1... int=6 res=6 vina=-1.2 t=6634s
  [500/500] COc1ccc(C(=N)N)cc1... int=5 res=5 vina=-6.1 t=6992s

Results → paper/experiments/results_v3/1ERE/curiosity_seed2/results.json
Total: 6992s (14.0s/iter)
