============================================================
  Method: imgep
  Target: 3PJC
  Seed: 2
  Iterations: 500
  Output: paper/experiments/results_v3/3PJC/imgep_seed2
============================================================
Target: 3PJC (CDK2, Kinase)
Pocket residues: 60
Behavior dim: 181
  [1/500] CC1(C)SC2C(NC(=O)Cc3ccccc3)C(=O)N2C1C(=O... int=5 res=5 vina=-8.6 t=14s
  [2/500] CC(C)Cc1ccc(C(C)C(=O)O)cc1... int=8 res=8 vina=-7.7 t=29s
  [3/500] CC(=O)Oc1ccccc1C(=O)O... int=7 res=7 vina=-6.7 t=45s
  [4/500] CC(=O)Nc1ccc(O)cc1... int=9 res=9 vina=-6.2 t=62s
  [5/500] OC(=O)c1ccccc1O... int=6 res=6 vina=-6.1 t=77s
  [25/500] NC(Cc1ccc(O)cc1)C(=O)O... int=0 res=0 vina=-6.8 t=448s
  [50/500] CC(=O)c1ccc(OCC(=O)NC2C(=O)N3C2SC(C)(C)C... int=10 res=10 vina=-8.9 t=924s
  [75/500] CC1(C)SC2C(NC(=O)Cc3cc(Cl)cc(Cl)c3)C(=O)... int=6 res=5 vina=-9.0 t=1402s
  [100/500] COc1cc(F)cc(C(=O)O)c1OC... int=4 res=4 vina=-6.7 t=1872s
  [125/500] CC1(C)SC2C(NC(=O)Cc3cc(N)cc(O)c3)C(=O)N2... int=9 res=9 vina=-9.6 t=2330s
  [150/500] Nc1ccc(OC(=O)CCCO)c(C(=O)O)c1... int=10 res=7 vina=-7.8 t=2807s
  [175/500] CC1(C)SC2C(NC(=O)Cc3cc(NC=O)cc(C(=O)O)c3... int=12 res=11 vina=-9.8 t=3284s
  [200/500] CC(C)Cc1ccc(OCC(=O)NC2C(=O)N3C2SC(C)(C)C... int=9 res=8 vina=-9.4 t=3767s
  [225/500] CC1(C)SC2C(NC(=O)COc3ccc(C=Cc4ccccc4)cc3... int=10 res=10 vina=-10.6 t=4248s
  [250/500] CCOC(=O)C1N2C(=O)C(NC(=O)COc3ccc(C(C)=O)... int=10 res=10 vina=-8.4 t=4732s
  [275/500] CCOC(=O)C1N2C(=O)C(NC(=O)Cc3ccc(C(N)=O)c... int=5 res=5 vina=-8.8 t=5243s
  [300/500] CCOC(=O)C1N2C(=O)C(NC(=O)Cc3ccc(CCCO)cc3... int=11 res=11 vina=-8.8 t=5730s
  [325/500] CC(C)(O)c1ccc(OCC(=O)NC2C(=O)N3C2SC(C)(C... int=10 res=10 vina=-8.6 t=6223s
  [350/500] COc1cc(C=O)cc(C(=O)O)c1OC... int=4 res=4 vina=-6.7 t=6724s
  [375/500] CC1(C)SC2C(NC(=O)Cc3cc(CC(=O)NO)cc(C(=O)... int=11 res=9 vina=-10.7 t=7229s
  [400/500] CCOC(=O)C1N2C(=O)C(NC(=O)Cc3cc(N)cc(OC)c... int=6 res=6 vina=-8.4 t=7703s
  [425/500] O=C(O)C=Cc1ccc(O)cc1... int=6 res=6 vina=-7.0 t=8179s
  [450/500] CCOC(=O)C1N2C(=O)C(NC(=O)COc3ccc(OC(C)=O... int=6 res=6 vina=-8.6 t=8646s
  [475/500] CC1(C)SC2C(NC(=O)COc3ccc(CCC(=O)O)cc3)C(... int=10 res=9 vina=-9.4 t=9119s
  [500/500] COC(=O)c1ccc(OC)c(C(=O)O)c1... int=6 res=4 vina=-6.8 t=9608s

Results → paper/experiments/results_v3/3PJC/imgep_seed2/results.json
Total: 9608s (19.2s/iter)
