============================================================
  Method: imgep_naive
  Target: 4DFR
  Seed: 3
  Iterations: 500
  Output: paper/experiments/results_v3/4DFR/imgep_naive_seed3
============================================================
Target: 4DFR (DHFR, Oxidoreductase)
Pocket residues: 55
Behavior dim: 166
  [1/500] CC1(C)SC2C(NC(=O)Cc3ccccc3)C(=O)N2C1C(=O... int=6 res=6 vina=-8.0 t=16s
  [2/500] CC(C)Cc1ccc(C(C)C(=O)O)cc1... int=6 res=5 vina=-7.4 t=27s
  [3/500] CC(=O)Oc1ccccc1C(=O)O... int=6 res=5 vina=-5.6 t=35s
  [4/500] CC(=O)Nc1ccc(O)cc1... int=2 res=2 vina=-5.7 t=49s
  [5/500] OC(=O)c1ccccc1O... int=4 res=4 vina=-5.8 t=60s
  [25/500] CC1(C)SC2C(NC(=O)Cc3cccc(N)c3)C(=O)N2C1C... int=5 res=5 vina=-8.4 t=363s
  [50/500] COC(=O)c1ccc(CC(=O)NC2C(=O)N3C2SC(C)(C)C... int=7 res=7 vina=-9.1 t=786s
  [75/500] CC(=O)Nc1ccc(CC(=O)NC2C(=O)N3C2SC(C)(C)C... int=8 res=8 vina=-8.3 t=1234s
  [100/500] CC1(C)SC2C(NC(=O)Cc3ccc(CCCO)cc3)C(=O)N2... int=9 res=7 vina=-9.3 t=1657s
  [125/500] CC(=O)N1CCN(c2ccc(CC(=O)NC3C(=O)N4C3SC(C... int=5 res=5 vina=-9.1 t=2118s
  [150/500] CC(N)c1ccc(CC(=O)NC2C(=O)N3C2SC(C)(C)C3C... int=5 res=5 vina=-8.5 t=2578s
  [175/500] CC1(C)SC2C(NC(=O)Cc3ccc(C(=O)NCCc4ccc(N)... int=8 res=7 vina=-10.8 t=3105s
  [200/500] CC1(C)SC2C(NC(=O)Cc3ccc(CCCC(=O)c4ccccc4... int=10 res=10 vina=-10.8 t=3630s
  [225/500] CC1(C)SC2C(NC(=O)Cc3ccc(CCNC(=O)c4ccc(O)... int=7 res=7 vina=-10.7 t=4127s
  [250/500] CC1(C)SC2C(NC(=O)Cc3ccc(N=Nc4ccc(C(=O)O)... int=5 res=5 vina=-8.9 t=4619s
  [275/500] CC1(C)SC2C(NC(=O)Cc3ccc(COc4ccc(C(=N)N)c... int=5 res=4 vina=-9.9 t=5117s
  [300/500] CC1(C)SC2C(NC(=O)Cc3ccc(CC(N)=O)cc3)C(=O... int=10 res=9 vina=-8.4 t=5624s
  [325/500] CC(C)NCC(O)COc1ccc(CC(=O)NC2C(=O)N3C2SC(... int=9 res=8 vina=-8.7 t=6171s
  [350/500] CC1(C)SC2C(NC(=O)Cc3ccc(S(=O)(=O)c4ccc(O... int=6 res=6 vina=-9.8 t=6668s
  [375/500] CC1(C)SC2C(NC(=O)Cc3ccc(CCNC(=O)c4ccc(F)... int=9 res=9 vina=-10.6 t=7204s
  [400/500] CC(C)Cc1ccc(N=Nc2ccc(CC(=O)NC3C(=O)N4C3S... int=8 res=8 vina=-8.6 t=7760s
  [425/500] CC1(C)SC2C(NC(=O)Cc3ccc(CCCC(=O)c4ccccc4... int=8 res=8 vina=-9.3 t=8310s
  [450/500] CC1(C)SC2C(NC(=O)Cc3ccc(N=Nc4ccc(C(N)=O)... int=10 res=9 vina=-10.3 t=8872s
  [475/500] CC(=O)c1ccc(NC(=O)c2ccc(CC(=O)NC3C(=O)N4... int=8 res=8 vina=-10.0 t=9390s
  [500/500] CC1(C)SC2C(NC(=O)Cc3ccc(N=Nc4ccc(Cl)cc4)... int=7 res=7 vina=-8.9 t=9912s

Results → paper/experiments/results_v3/4DFR/imgep_naive_seed3/results.json
Total: 9912s (19.8s/iter)
