============================================================
  Method: imgep
  Target: 3EML
  Seed: 6
  Iterations: 500
  Output: paper/experiments/results_v3/3EML/imgep_seed6
============================================================
Target: 3EML (EGFR, Kinase)
Pocket residues: 65
Behavior dim: 196
  [1/500] CC1(C)SC2C(NC(=O)Cc3ccccc3)C(=O)N2C1C(=O... int=5 res=5 vina=-8.5 t=12s
  [2/500] CC(C)Cc1ccc(C(C)C(=O)O)cc1... int=6 res=6 vina=-7.7 t=27s
  [3/500] CC(=O)Oc1ccccc1C(=O)O... int=8 res=8 vina=-6.3 t=38s
  [4/500] CC(=O)Nc1ccc(O)cc1... int=5 res=5 vina=-6.1 t=53s
  [5/500] OC(=O)c1ccccc1O... int=4 res=4 vina=-5.9 t=68s
  [25/500] CC(C)Cc1ccc(OCC(O)CNC(C)C)cc1... int=8 res=8 vina=-7.3 t=365s
  [50/500] CCOC(=O)C1N2C(=O)C(NC(=O)COc3ccc(NC(N)=S... int=7 res=6 vina=-8.4 t=755s
  [75/500] CC(=O)Oc1cc(Cl)ccc1C(=O)O... int=8 res=8 vina=-6.8 t=1133s
  [100/500] CC(C)Cc1ccc(C(C)N)cc1... int=6 res=6 vina=-6.6 t=1485s
  [125/500] COc1ccc(OC(F)(F)F)cc1OC... int=2 res=2 vina=-6.2 t=1845s
  [150/500] CC(=O)Oc1ccc(C=O)cc1C(=O)O... int=4 res=4 vina=-6.5 t=2205s
  [175/500] CC(N)c1ccc(C(C)C(=O)O)cc1... int=5 res=5 vina=-7.3 t=2543s
  [200/500] COc1ccc(C=CC(=O)O)cc1... int=1 res=1 vina=-6.8 t=2913s
  [225/500] CC(=O)Oc1ccc(C(C)=O)cc1... int=4 res=4 vina=-6.4 t=3266s
  [250/500] COc1ccc(C(=O)O)cc1... int=4 res=4 vina=-5.9 t=3651s
  [275/500] COc1cc(C(=O)O)cc(OC)c1OC... int=3 res=3 vina=-5.4 t=4013s
  [300/500] CN(C)c1ccc(NC(N)=S)cc1... int=4 res=4 vina=-6.0 t=4376s
  [325/500] CC(C(=O)O)c1ccc(C=CC(=O)O)cc1... int=5 res=5 vina=-8.3 t=4747s
  [350/500] CC(=O)N1CCN(c2ccc(I)cc2)CC1... int=3 res=3 vina=-7.7 t=5101s
  [375/500] CC(=O)c1ccc(C(=O)O)c(O)c1... int=3 res=3 vina=-6.8 t=5512s
  [400/500] COc1ccc(C=Cc2ccc(C(C)C(=O)O)cc2)cc1... int=9 res=9 vina=-8.7 t=5901s
  [425/500] COC(=O)c1c(OC)cc(N)cc1OC(C)=O... int=3 res=3 vina=-6.2 t=6279s
  [450/500] CC(O)c1cccc(-c2ccc(NC(=O)c3cc(N)cc(Cl)c3... int=11 res=10 vina=-10.8 t=6659s
  [475/500] COc1ccc(C=CC(=O)O)cc1... int=1 res=1 vina=-6.8 t=7039s
  [500/500] CC(N)c1cccc(Cl)c1... int=5 res=5 vina=-6.1 t=7397s

Results → paper/experiments/results_v3/3EML/imgep_seed6/results.json
Total: 7397s (14.8s/iter)
