============================================================
  Method: curiosity
  Target: 3V8D
  Seed: 5
  Iterations: 500
  Output: paper/experiments/results_v3/3V8D/curiosity_seed5
============================================================
Target: 3V8D (Thrombin, Serine protease)
Pocket residues: 95
Behavior dim: 286
  [1/500] CC1(C)SC2C(NC(=O)Cc3ccccc3)C(=O)N2C1C(=O... int=10 res=9 vina=-9.1 t=10s
  [2/500] CC(C)Cc1ccc(C(C)C(=O)O)cc1... int=5 res=5 vina=-6.8 t=22s
  [3/500] CC(=O)Oc1ccccc1C(=O)O... int=8 res=6 vina=-6.8 t=35s
  [4/500] CC(=O)Nc1ccc(O)cc1... int=7 res=5 vina=-6.1 t=49s
  [5/500] OC(=O)c1ccccc1O... int=4 res=4 vina=-6.0 t=62s
  [25/500] Nc1ccc(O)c(C(=O)O)c1... int=7 res=6 vina=-6.3 t=338s
  [50/500] CC1(C)SC2C(NC(=O)Cc3ccc(O)c(Cl)c3)C(=O)N... int=7 res=7 vina=-8.8 t=705s
  [75/500] CC(=O)c1ccc(OCC(=O)NC2C(=O)N3C2SC(C)(C)C... int=6 res=6 vina=-9.0 t=1096s
  [100/500] CCOC(=O)C1N2C(=O)C(NC(=O)Cc3ccc(O)c(OC)c... int=9 res=8 vina=-8.5 t=1493s
  [125/500] CC(=O)Oc1cc(C(N)=O)ccc1C... int=8 res=7 vina=-6.6 t=1885s
  [150/500] CC1(C)SC2C(NC(=O)Cc3cccc(NC=O)c3)C(=O)N2... int=12 res=10 vina=-9.5 t=2276s
  [175/500] CC1(C)SC2C(NC(=O)Cc3cc(Cl)cc(CCN)c3)C(=O... int=10 res=9 vina=-8.6 t=2667s
  [200/500] CC1(C)SC2C(NC(=O)Cc3ccc(Br)cc3)C(=O)N2C1... int=8 res=8 vina=-8.5 t=3059s
  [225/500] CCOC(=O)C1N2C(=O)C(NC(=O)Cc3cc(NC=O)cc(O... int=10 res=10 vina=-8.2 t=3464s
  [250/500] CC(C)CC(N)C(=O)O... int=0 res=0 vina=-4.1 t=3835s
  [275/500] CC(=O)Nc1ccc(OCC(=O)NC2C(=O)N3C2SC(C)(C)... int=9 res=8 vina=-8.8 t=4239s
  [300/500] CCOC(=O)C1N2C(=O)C(NC(=O)COc3ccc(S(N)(=O... int=3 res=3 vina=-8.3 t=4658s
  [325/500] CCOC(=O)C1N2C(=O)C(NC(=O)C(NC(=O)OC(C)(C... int=7 res=7 vina=-7.7 t=5069s
  [350/500] CCOC(=O)C1N2C(=O)C(NC(=O)Cc3ccc(O)c(OC(C... int=9 res=9 vina=-8.7 t=5485s
  [375/500] CCOC(=O)C1N2C(=O)C(NC(=O)Cc3cc(CCN)cc(NC... int=10 res=10 vina=-8.6 t=5936s
  [400/500] CCCC(=O)Oc1cc(O)c(O)cc1C(=O)O... int=5 res=5 vina=-6.9 t=6360s
  [425/500] CC1(C)SC2C(NC(=O)Cc3cc(CCN)cc(NC=O)c3)C(... int=10 res=9 vina=-9.2 t=6785s
  [450/500] COc1cc(O)cc(OC)c1OC... int=3 res=3 vina=-4.6 t=7191s
  [475/500] CC1(C)SC2C(NC(=O)Cc3cc(CCN)cc(C(=O)O)c3)... int=10 res=8 vina=-9.5 t=7663s
  [500/500] CC(N)Cc1cc(CC(=O)NC2C(=O)N3C2SC(C)(C)C3C... int=9 res=9 vina=-9.1 t=8135s

Results → paper/experiments/results_v3/3V8D/curiosity_seed5/results.json
Total: 8135s (16.3s/iter)
