============================================================
  Method: random
  Target: 4DFR
  Seed: 8
  Iterations: 500
  Output: paper/experiments/results_v3/4DFR/random_seed8
============================================================
Target: 4DFR (DHFR, Oxidoreductase)
Pocket residues: 55
Behavior dim: 166
  [1/500] CC1(C)SC2C(NC(=O)Cc3ccccc3)C(=O)N2C1C(=O... int=6 res=6 vina=-8.0 t=12s
  [2/500] CC(C)Cc1ccc(C(C)C(=O)O)cc1... int=6 res=5 vina=-7.4 t=27s
  [3/500] CC(=O)Oc1ccccc1C(=O)O... int=6 res=5 vina=-5.6 t=39s
  [4/500] CC(=O)Nc1ccc(O)cc1... int=2 res=2 vina=-5.7 t=50s
  [5/500] OC(=O)c1ccccc1O... int=4 res=4 vina=-5.8 t=62s
  [25/500] CC(=O)Oc1cc(Cl)ccc1C(=O)O... int=4 res=4 vina=-6.4 t=333s
  [50/500] CC1(C)SC2C(NC(=O)Cc3cc(O)cc(F)c3)C(=O)N2... int=7 res=7 vina=-9.0 t=696s
  [75/500] CC1(C)SC2C(NC(=O)Cc3cccc(N)c3)C(=O)N2C1C... int=5 res=5 vina=-8.4 t=1069s
  [100/500] CC(N)c1ccc(F)cc1... int=6 res=5 vina=-5.8 t=1466s
  [125/500] CSCC(N)C(=O)O... int=3 res=3 vina=-4.2 t=1822s
  [150/500] COC(=O)c1ccc(CC(=O)NC2C(=O)N3C2SC(C)(C)C... int=7 res=7 vina=-9.1 t=2197s
  [175/500] O=C(CCCO)Oc1ccc(F)cc1C(=O)O... int=8 res=7 vina=-6.9 t=2594s
  [200/500] CC1(C)SC2C(NC(=O)COc3ccc(Br)cc3)C(=O)N2C... int=6 res=6 vina=-8.6 t=2974s
  [225/500] COC(=O)c1ccc(CC(=O)NC2C(=O)N3C2SC(C)(C)C... int=7 res=7 vina=-9.1 t=3327s
  [250/500] CCOC(=O)C1N2C(=O)C(NC(=O)Cc3cccc(C(C)O)c... int=7 res=7 vina=-8.8 t=3680s
  [275/500] CC(O)c1cccc(CC(=O)NC2C(=O)N3C2SC(C)(C)C3... int=6 res=6 vina=-8.8 t=4055s
  [300/500] CC1(C)SC2C(NC(=O)Cc3ccc(N4CCOCC4)cc3)C(=... int=5 res=5 vina=-9.1 t=4437s
  [325/500] O=C(O)C=Cc1ccc(O)c(O)c1... int=2 res=2 vina=-6.2 t=4821s
  [350/500] CC(C)(O)c1ccc(OCC(=O)NC2C(=O)N3C2SC(C)(C... int=7 res=7 vina=-9.0 t=5230s
  [375/500] CSCC(N)C(=O)O... int=3 res=3 vina=-4.2 t=5611s
  [400/500] CC(=O)Oc1ccc(CC(=O)NC2C(=O)N3C2SC(C)(C)C... int=7 res=7 vina=-8.4 t=6015s
  [425/500] CCOC(=O)C1N2C(=O)C(NC(=O)COc3ccc(N(C)C)c... int=7 res=7 vina=-8.5 t=6435s
  [450/500] CCOC(=O)C1N2C(=O)C(NC(=O)Cc3cc(O)cc(F)c3... int=8 res=8 vina=-8.1 t=6815s
  [475/500] NC(=O)c1ccc(Br)cc1... int=4 res=4 vina=-5.9 t=7188s
  [500/500] CCOC(=O)C1N2C(=O)C(NC(=O)Cc3ccc(C(C)(C)O... int=5 res=5 vina=-8.9 t=7620s

Results → paper/experiments/results_v3/4DFR/random_seed8/results.json
Total: 7620s (15.2s/iter)
