============================================================
  Method: curiosity
  Target: 1EVE
  Seed: 9
  Iterations: 500
  Output: paper/experiments/results_v3/1EVE/curiosity_seed9
============================================================
Target: 1EVE (AChE, Hydrolase)
Pocket residues: 76
Behavior dim: 229
  [1/500] CC1(C)SC2C(NC(=O)Cc3ccccc3)C(=O)N2C1C(=O... int=9 res=9 vina=-10.3 t=26s
  [2/500] CC(C)Cc1ccc(C(C)C(=O)O)cc1... int=5 res=5 vina=-8.7 t=47s
  [3/500] CC(=O)Oc1ccccc1C(=O)O... int=5 res=5 vina=-7.3 t=70s
  [4/500] CC(=O)Nc1ccc(O)cc1... int=3 res=3 vina=-6.7 t=95s
  [5/500] OC(=O)c1ccccc1O... int=4 res=4 vina=-6.9 t=117s
  [25/500] CCOC(=O)C1N2C(=O)C(NC(=O)Cc3ccc(O)cc3)C2... int=7 res=7 vina=-9.9 t=646s
  [50/500] N=C(N)c1ccc(O)cc1... int=5 res=4 vina=-6.3 t=1328s
  [75/500] CCOC(=O)C1N2C(=O)C(NC(=O)Cc3ccc(C(C)N)cc... int=13 res=12 vina=-10.4 t=1858s
  [100/500] NC(=O)Cc1ccc(N2CCOCC2)cc1... int=4 res=4 vina=-8.0 t=2256s
  [125/500] CCOC(=O)C1N2C(=O)C(NC(=O)Cc3ccc(C(=O)CCl... int=10 res=9 vina=-10.7 t=2657s
  [150/500] CCOC(=O)C1N2C(=O)C(NC(=O)Cc3ccc(I)cc3)C2... int=7 res=7 vina=-9.6 t=3070s
  [175/500] NC(CC(=O)O)C(=O)O... int=0 res=0 vina=-5.3 t=3474s
  [200/500] CC(C(=O)O)c1ccc(CC(=O)NC2C(=O)N3C2SC(C)(... int=11 res=10 vina=-11.1 t=3869s
  [225/500] CCOC(=O)C1N2C(=O)C(NC(=O)COc3ccc(N4CCOCC... int=3 res=3 vina=-9.7 t=4299s
  [250/500] O=CNc1ccc(NC(=O)c2ccccc2)cc1... int=7 res=7 vina=-9.2 t=4701s
  [275/500] COc1cc(NC(=O)CCC(C)=O)ccc1C... int=8 res=8 vina=-7.8 t=5081s
  [300/500] CCOC(=O)C1N2C(=O)C(NC(=O)COc3ccc(CC(C)C)... int=7 res=7 vina=-9.9 t=5440s
  [325/500] COc1cc(CC(=O)NC2C(=O)N3C2SC(C)(C)C3C(=O)... int=6 res=6 vina=-10.4 t=5824s
  [350/500] COC(=O)c1ccc(N(C)C)cc1... int=1 res=1 vina=-6.7 t=6194s
  [375/500] CCOC(=O)C(CCc1ccccc1)NC(C)C... int=5 res=5 vina=-8.2 t=6596s
  [400/500] CCOC(=O)C1N2C(=O)C(NC(=O)COc3ccc(C(=N)N)... int=10 res=10 vina=-10.4 t=6958s
  [425/500] COc1ccc(CC(=O)NC2C(=O)N3C2SC(C)(C)C3C(=O... int=10 res=10 vina=-10.5 t=7330s
  [450/500] CCOC(=O)c1ccc(C=O)cc1OC(=O)CCCN... int=8 res=7 vina=-8.1 t=7690s
  [475/500] O=C(O)c1ccc(Cl)c(Cl)c1... int=4 res=4 vina=-6.9 t=8013s
  [500/500] CCOC(=O)C1N2C(=O)C(NC(=O)Cc3ccc(C(C)(C)O... int=7 res=7 vina=-10.6 t=8361s

Results → paper/experiments/results_v3/1EVE/curiosity_seed9/results.json
Total: 8361s (16.7s/iter)
