============================================================
  Method: ga
  Target: 1ERE
  Seed: 6
  Iterations: 500
  Output: paper/experiments/results_v3/1ERE/ga_seed6
============================================================
Target: 1ERE (Estrogen Receptor α, Nuclear receptor)
Pocket residues: 71
Behavior dim: 214
  [1/500] CC1(C)SC2C(NC(=O)Cc3ccccc3)C(=O)N2C1C(=O... int=5 res=5 vina=-6.8 t=11s
  [2/500] CC(C)Cc1ccc(C(C)C(=O)O)cc1... int=6 res=6 vina=-7.4 t=22s
  [3/500] CC(=O)Oc1ccccc1C(=O)O... int=5 res=5 vina=-6.8 t=33s
  [4/500] CC(=O)Nc1ccc(O)cc1... int=5 res=5 vina=-6.1 t=45s
  [5/500] OC(=O)c1ccccc1O... int=5 res=5 vina=-6.2 t=57s
  [25/500] CC1(C)SC2C(NC(=O)Cc3ccccc3)C(=O)N2C1C(=O... int=5 res=5 vina=-6.8 t=322s
  [50/500] COc1cc(CCN)cc(CC(=O)NC2C(=O)N3C2SC(C)(C)... int=11 res=9 vina=-4.5 t=656s
  [75/500] CC(O)c1cccc(CC(=O)NC2C(=O)N3C2SC(C)(C)C3... int=6 res=6 vina=-6.8 t=1001s
  [100/500] CC1(C)SC2C(NC(=O)Cc3cccc(O)c3)C(=O)N2C1C... int=9 res=8 vina=-8.9 t=1342s
  [125/500] CCOC(=O)C1N2C(=O)C(NC(=O)Cc3cc(F)cc(OC)c... int=8 res=8 vina=-2.5 t=1679s
  [150/500] CC(=O)CCC(=O)c1ccc(C(C)(C)O)cc1... int=8 res=8 vina=-7.4 t=2039s
  [175/500] CC1=NC(c2ccc(CCN)cc2)C(=O)N1... int=8 res=7 vina=-7.8 t=2397s
  [200/500] CC(C)(O)c1ccc(CC(N)=O)cc1... int=9 res=8 vina=-7.4 t=2796s
  [225/500] CC(=O)CCC(=O)c1ccc(NC(N)=S)cc1... int=5 res=5 vina=-7.1 t=3176s
  [250/500] CC(O)c1cccc(-c2ccc(F)cc2)c1... int=5 res=5 vina=-8.8 t=3561s
  [275/500] CC(C)Cc1ccc(C(N)=O)cc1... int=6 res=6 vina=-7.1 t=3945s
  [300/500] CC1(C)SC2C(NC(=O)Cc3cc(O)cc(Cl)c3)C(=O)N... int=7 res=6 vina=-8.5 t=4338s
  [325/500] Fc1ccc(-c2cccc(Cl)c2)cc1... int=6 res=6 vina=-8.0 t=4733s
  [350/500] CC1=NC(c2ccc(CC(C)N)cc2)C(=O)N1... int=8 res=8 vina=-8.1 t=5130s
  [375/500] CCOC(=O)C1N2C(=O)C(NC(=O)Cc3cccc(O)c3)C2... int=7 res=6 vina=-7.6 t=5524s
  [400/500] NC(=S)Nc1ccc(CCC(=O)O)cc1... int=6 res=6 vina=-7.2 t=5918s
  [425/500] COC(=O)c1ccc(CC(N)=O)cc1... int=6 res=5 vina=-6.8 t=6316s
  [450/500] CC(O)c1cccc(-c2ccc(C(C)C(=O)O)cc2)c1... int=8 res=6 vina=-7.5 t=6722s
  [475/500] COc1cc(O)cc(CC(=O)NC2C(=O)N3C2SC(C)(C)C3... int=7 res=7 vina=-8.1 t=7134s
  [500/500] CCOC(=O)C1N2C(=O)C(NC(=O)Cc3cccc(F)c3)C2... int=6 res=6 vina=-7.6 t=7530s

Results → paper/experiments/results_v3/1ERE/ga_seed6/results.json
Total: 7530s (15.1s/iter)
