============================================================
  Method: random
  Target: 3PJC
  Seed: 8
  Iterations: 500
  Output: paper/experiments/results_v3/3PJC/random_seed8
============================================================
Target: 3PJC (CDK2, Kinase)
Pocket residues: 60
Behavior dim: 181
  [1/500] CC1(C)SC2C(NC(=O)Cc3ccccc3)C(=O)N2C1C(=O... int=5 res=5 vina=-8.6 t=13s
  [2/500] CC(C)Cc1ccc(C(C)C(=O)O)cc1... int=8 res=8 vina=-7.7 t=30s
  [3/500] CC(=O)Oc1ccccc1C(=O)O... int=7 res=7 vina=-6.7 t=42s
  [4/500] CC(=O)Nc1ccc(O)cc1... int=9 res=9 vina=-6.2 t=55s
  [5/500] OC(=O)c1ccccc1O... int=6 res=6 vina=-6.1 t=66s
  [25/500] CC(=O)Oc1cc(C=O)ccc1C(=O)O... int=8 res=8 vina=-7.0 t=405s
  [50/500] CC(C)(O)c1ccccc1... int=3 res=2 vina=-6.1 t=826s
  [75/500] CC1(C)SC2C(NC(=O)Cc3cc(O)cc(F)c3)C(=O)N2... int=9 res=9 vina=-9.5 t=1244s
  [100/500] CC(=O)c1cccc(CC(=O)NC2C(=O)N3C2SC(C)(C)C... int=12 res=10 vina=-9.8 t=1652s
  [125/500] COC(=O)c1cc(Cl)cc(CC(=O)NC2C(=O)N3C2SC(C... int=9 res=9 vina=-8.5 t=2080s
  [150/500] CCOC(=O)C1N2C(=O)C(NC(=O)Cc3ccc(N)cc3)C2... int=5 res=4 vina=-8.4 t=2514s
  [175/500] CC(=O)Oc1ccccc1C(=O)O... int=7 res=7 vina=-6.7 t=2916s
  [200/500] CC(N)c1ccc(CC(=O)NC2C(=O)N3C2SC(C)(C)C3C... int=10 res=9 vina=-9.8 t=3309s
  [225/500] CC(=O)Oc1cc(Cl)c(Cl)cc1C(=O)O... int=7 res=6 vina=-7.2 t=3704s
  [250/500] CCOC(=O)C1N2C(=O)C(NC(=O)Cc3cc(O)cc(Cl)c... int=5 res=5 vina=-9.0 t=4108s
  [275/500] CC1(C)SC2C(NC(=O)Cc3cccc(F)c3)C(=O)N2C1C... int=9 res=9 vina=-9.3 t=4478s
  [300/500] CCOC(=O)C1N2C(=O)C(NC(=O)Cc3ccc(C(=O)OC)... int=10 res=9 vina=-8.2 t=4889s
  [325/500] CC(C)c1ccc(O)c(O)c1... int=7 res=6 vina=-7.1 t=5269s
  [350/500] CCOC(=O)C1N2C(=O)C(NC(=O)Cc3ccc(OC)cc3)C... int=5 res=5 vina=-8.4 t=5679s
  [375/500] CCCCC(=O)Oc1cc(OC)c(OC)cc1C(=O)O... int=8 res=6 vina=-7.1 t=6061s
  [400/500] O=C(O)c1cccc(OC(F)(F)F)c1... int=5 res=5 vina=-7.2 t=6447s
  [425/500] CCOC(=O)C1N2C(=O)C(NC(=O)Cc3cccc(C(C)O)c... int=7 res=6 vina=-8.6 t=6873s
  [450/500] CCOC(=O)C1N2C(=O)C(NC(=O)Cc3ccc(N4CCOCC4... int=8 res=8 vina=-8.8 t=7322s
  [475/500] NC(Cc1ccc(O)cc1)C(=O)O... int=0 res=0 vina=-6.8 t=7777s
  [500/500] CC1(C)SC2C(NC(=O)Cc3ccc(Cl)c(Cl)c3)C(=O)... int=4 res=4 vina=-9.2 t=8230s

Results → paper/experiments/results_v3/3PJC/random_seed8/results.json
Total: 8230s (16.5s/iter)
