============================================================
  Method: random
  Target: 3EML
  Seed: 5
  Iterations: 500
  Output: paper/experiments/results_v3/3EML/random_seed5
============================================================
Target: 3EML (EGFR, Kinase)
Pocket residues: 65
Behavior dim: 196
  [1/500] CC1(C)SC2C(NC(=O)Cc3ccccc3)C(=O)N2C1C(=O... int=5 res=5 vina=-8.5 t=12s
  [2/500] CC(C)Cc1ccc(C(C)C(=O)O)cc1... int=6 res=6 vina=-7.7 t=26s
  [3/500] CC(=O)Oc1ccccc1C(=O)O... int=8 res=8 vina=-6.3 t=42s
  [4/500] CC(=O)Nc1ccc(O)cc1... int=5 res=5 vina=-6.1 t=51s
  [5/500] OC(=O)c1ccccc1O... int=4 res=4 vina=-5.9 t=63s
  [25/500] O=C(O)c1cc(Cl)ccc1O... int=3 res=3 vina=-6.2 t=357s
  [50/500] O=C(CCl)c1ccc(O)cc1... int=3 res=3 vina=-6.1 t=721s
  [75/500] COC(=O)c1cc(Cl)c(Cl)cc1OC... int=2 res=2 vina=-6.0 t=1095s
  [100/500] COc1cc(C=O)ccc1O... int=2 res=2 vina=-5.3 t=1483s
  [125/500] CN(C)c1ccc(CC(=O)NC2C(=O)N3C2SC(C)(C)C3C... int=6 res=5 vina=-9.0 t=1874s
  [150/500] CN(C)c1ccc(C(=O)NCC(=O)O)cc1... int=4 res=4 vina=-7.2 t=2249s
  [175/500] NC(CC(=O)O)C(=O)O... int=0 res=0 vina=-4.8 t=2633s
  [200/500] COC(=O)c1cc(Cl)c(Cl)cc1OC(C)=O... int=3 res=3 vina=-6.5 t=3016s
  [225/500] COc1ccc(CC(C)C)cc1... int=5 res=5 vina=-6.3 t=3392s
  [250/500] NC(=O)Cc1ccc(O)cc1... int=5 res=5 vina=-6.0 t=3782s
  [275/500] CCOC(=O)C1N2C(=O)C(NC(=O)Cc3cc(O)cc(CO)c... int=9 res=9 vina=-9.1 t=4156s
  [300/500] CCOC(=O)C1N2C(=O)C(NC(=O)COc3ccc(C(=N)N)... int=9 res=9 vina=-8.5 t=4536s
  [325/500] CCOC(=O)c1cc(Cl)c(Cl)cc1OC... int=2 res=2 vina=-6.4 t=4920s
  [350/500] CCOC(=O)C1N2C(=O)C(NC(=O)COc3ccc(C(=N)N)... int=9 res=9 vina=-8.5 t=5303s
  [375/500] CCOC(=O)C1N2C(=O)C(NC(=O)Cc3ccc(I)cc3)C2... int=5 res=5 vina=-8.8 t=5689s
  [400/500] CCCCC(=O)Oc1ccccc1C(=O)OCC... int=6 res=6 vina=-6.9 t=6095s
  [425/500] CCOC(=O)c1cc(C(C)O)ccc1O... int=4 res=4 vina=-6.9 t=6489s
  [450/500] CC(N)Cc1ccc(O)c(O)c1... int=4 res=4 vina=-6.8 t=6870s
  [475/500] COc1cc(O)cc(CC(=O)NC2C(=O)N3C2SC(C)(C)C3... int=4 res=4 vina=-9.0 t=7244s
  [500/500] N=C(N)NCCCC(N)C(=O)O... int=0 res=0 vina=-5.5 t=7631s

Results → paper/experiments/results_v3/3EML/random_seed5/results.json
Total: 7631s (15.3s/iter)
