============================================================
  Method: curiosity
  Target: 1ERE
  Seed: 0
  Iterations: 500
  Output: paper/experiments/results_v3/1ERE/curiosity_seed0
============================================================
Target: 1ERE (Estrogen Receptor α, Nuclear receptor)
Pocket residues: 71
Behavior dim: 214
  [1/500] CC1(C)SC2C(NC(=O)Cc3ccccc3)C(=O)N2C1C(=O... int=5 res=5 vina=-6.8 t=13s
  [2/500] CC(C)Cc1ccc(C(C)C(=O)O)cc1... int=6 res=6 vina=-7.4 t=25s
  [3/500] CC(=O)Oc1ccccc1C(=O)O... int=5 res=5 vina=-6.8 t=35s
  [4/500] CC(=O)Nc1ccc(O)cc1... int=5 res=5 vina=-6.1 t=48s
  [5/500] OC(=O)c1ccccc1O... int=5 res=5 vina=-6.2 t=58s
  [25/500] CC(N)c1ccc(CC(N)C(=O)O)cc1... int=7 res=7 vina=-7.4 t=323s
  [50/500] CC(C)(O)c1ccc(CC(=O)NC2C(=O)N3C2SC(C)(C)... int=10 res=8 vina=-1.8 t=671s
  [75/500] COC(=O)c1cc(CC(=O)NC2C(=O)N3C2SC(C)(C)C3... int=6 res=6 vina=-6.8 t=1060s
  [100/500] CC(C)(O)c1ccc(OCC(=O)NC2C(=O)N3C2SC(C)(C... int=7 res=7 vina=-7.1 t=1472s
  [125/500] CCC(C)C(N)C(=O)O... int=0 res=0 vina=-5.2 t=1889s
  [150/500] COC(=O)c1ccc(O)c(Cl)c1... int=2 res=2 vina=-6.0 t=2310s
  [175/500] COc1ccc(N(C)C)cc1... int=3 res=3 vina=-5.2 t=2723s
  [200/500] NC(Cc1c[nH]c2ccccc12)C(=O)O... int=0 res=0 vina=-7.8 t=3163s
  [225/500] CCOC(=O)C(N)Cc1ccc(N(C)C)cc1... int=8 res=7 vina=-6.8 t=3585s
  [250/500] CCOC(=O)C1N2C(=O)C(NC(=O)Cc3ccc(N)c(C(=O... int=9 res=8 vina=-3.7 t=4008s
  [275/500] CCOC(=O)C1N2C(=O)C(NC(=O)Cc3ccc(N4CCOCC4... int=7 res=7 vina=-1.3 t=4441s
  [300/500] COC(=O)c1ccc(N)cc1... int=6 res=6 vina=-5.8 t=4866s
  [325/500] CCOC(=O)C1N2C(=O)C(NC(=O)Cc3ccc(N)c(C(=O... int=9 res=8 vina=-3.7 t=5317s
  [350/500] CC1(C)SC2C(NC(=O)Cc3cc(O)cc(C=O)c3)C(=O)... int=8 res=6 vina=-6.0 t=5790s
  [375/500] N=C(N)c1ccc(CCCO)cc1... int=8 res=7 vina=-6.9 t=6246s
  [400/500] CCOC(=O)C1N2C(=O)C(NC(=O)Cc3ccc(O)c(C(=O... int=12 res=12 vina=-7.2 t=6729s
  [425/500] CC(C)C(N)C(=O)O... int=0 res=0 vina=-5.0 t=7166s
  [450/500] CC(C)c1ccc(O)c(O)c1... int=5 res=4 vina=-6.5 t=7617s
  [475/500] CCOC(=O)c1cc(CC(=O)NC2C(=O)N3C2SC(C)(C)C... int=8 res=7 vina=-2.4 t=8067s
  [500/500] CCOC(=O)C1N2C(=O)C(NC(=O)Cc3cc(C(=O)O)cc... int=10 res=9 vina=-2.5 t=8485s

Results → paper/experiments/results_v3/1ERE/curiosity_seed0/results.json
Total: 8485s (17.0s/iter)
