============================================================
  Method: imgep_naive
  Target: 4MNE
  Seed: 5
  Iterations: 500
  Output: paper/experiments/results_v3/4MNE/imgep_naive_seed5
============================================================
Target: 4MNE (BRAF, Kinase)
Pocket residues: 68
Behavior dim: 205
  [1/500] CC1(C)SC2C(NC(=O)Cc3ccccc3)C(=O)N2C1C(=O... int=5 res=5 vina=-7.8 t=20s
  [2/500] CC(C)Cc1ccc(C(C)C(=O)O)cc1... int=8 res=8 vina=-7.8 t=38s
  [3/500] CC(=O)Oc1ccccc1C(=O)O... int=4 res=4 vina=-6.1 t=54s
  [4/500] CC(=O)Nc1ccc(O)cc1... int=8 res=6 vina=-6.2 t=74s
  [5/500] OC(=O)c1ccccc1O... int=8 res=6 vina=-6.2 t=92s
  [25/500] CC(N)Cc1cc(O)cc(CC(=O)NC2C(=O)N3C2SC(C)(... int=11 res=8 vina=-8.4 t=443s
  [50/500] COc1cc(CC(=O)NC2C(=O)N3C2SC(C)(C)C3C(=O)... int=9 res=7 vina=-7.6 t=1004s
  [75/500] COc1ccc(CCc2cc(O)cc(CC(=O)NC3C(=O)N4C3SC... int=5 res=5 vina=-10.1 t=1697s
  [100/500] CC1(C)SC2C(NC(=O)CCCCCCC(=O)NCc3ccc(O)c(... int=16 res=13 vina=-8.8 t=2492s
  [125/500] CC1(C)SC2C(NC(=O)CCCCCC(=O)c3ccc(F)cc3)C... int=7 res=6 vina=-8.9 t=3180s
  [150/500] CC1(C)SC2C(NC(=O)CCCCCC(=O)NCc3ccc(O)c(O... int=11 res=9 vina=-9.0 t=3854s
  [175/500] CC1(C)SC2C(NC(=O)CCCCCCC(=O)c3ccc(F)cc3)... int=6 res=6 vina=-8.8 t=4476s
  [200/500] CC1(C)SC2C(NC(=O)CCCCCCC(=O)NC3CCCCC3)C(... int=11 res=10 vina=-8.8 t=5161s
  [225/500] CC1(C)SC2C(NC(=O)CCCCCCC(=O)NC3CCCCC3)C(... int=11 res=10 vina=-8.8 t=5885s
  [250/500] CC1(C)SC2C(NC(=O)CCCCC(=O)NCc3ccc(O)c(O)... int=11 res=11 vina=-9.5 t=6561s
  [275/500] CC1(C)SC2C(NC(=O)CCCCC(=O)Nc3ccc(O)c(O)c... int=14 res=12 vina=-9.2 t=7227s
  [300/500] CC1(C)SC2C(NC(=O)CCCCCOC(=O)c3ccc(O)c(O)... int=13 res=12 vina=-9.1 t=7894s
  [325/500] CC1(C)SC2C(NC(=O)CCCCCCC(=O)c3ccc(F)cc3)... int=6 res=6 vina=-8.8 t=8583s
  [350/500] CC1(C)SC2C(NC(=O)CCCCCCC(=O)NCCN3CCOCC3)... int=6 res=6 vina=-8.1 t=9229s
  [375/500] CC1(C)SC2C(NC(=O)CCCCCCC(=O)Nc3ccc(O)c(C... int=10 res=8 vina=-9.0 t=9895s
  [400/500] CCOC(=O)C1N2C(=O)C(NC(=O)CCCCCCOC(=O)c3c... int=13 res=11 vina=-8.7 t=10568s
  [425/500] CC1(C)SC2C(NC(=O)CCCCCCC(=O)NCc3cccc(Cl)... int=9 res=9 vina=-9.1 t=11221s
  [450/500] CC1(C)SC2C(NC(=O)CCCCC(=O)NCc3cc(O)cc(O)... int=12 res=10 vina=-9.4 t=11857s
  [475/500] CC1(C)SC2C(NC(=O)Cc3cc(Cl)cc(CC(N)C(=O)O... int=6 res=5 vina=-8.5 t=12463s
  [500/500] CC1(C)SC2C(NC(=O)Cc3cc(O)cc(CCc4ccc(F)cc... int=8 res=8 vina=-10.6 t=13081s

Results → paper/experiments/results_v3/4MNE/imgep_naive_seed5/results.json
Total: 13081s (26.2s/iter)
