============================================================
  Method: curiosity
  Target: 3EML
  Seed: 7
  Iterations: 500
  Output: paper/experiments/results_v3/3EML/curiosity_seed7
============================================================
Target: 3EML (EGFR, Kinase)
Pocket residues: 65
Behavior dim: 196
  [1/500] CC1(C)SC2C(NC(=O)Cc3ccccc3)C(=O)N2C1C(=O... int=5 res=5 vina=-8.5 t=14s
  [2/500] CC(C)Cc1ccc(C(C)C(=O)O)cc1... int=6 res=6 vina=-7.7 t=29s
  [3/500] CC(=O)Oc1ccccc1C(=O)O... int=8 res=8 vina=-6.3 t=41s
  [4/500] CC(=O)Nc1ccc(O)cc1... int=5 res=5 vina=-6.1 t=55s
  [5/500] OC(=O)c1ccccc1O... int=4 res=4 vina=-5.9 t=70s
  [25/500] CC(=O)Oc1ccc(CC(=O)NC2C(=O)N3C2SC(C)(C)C... int=8 res=7 vina=-9.5 t=370s
  [50/500] CCOC(=O)c1ccc(N)cc1OC(=O)CCCN... int=5 res=5 vina=-7.0 t=762s
  [75/500] CC1(C)SC2C(NC(=O)Cc3ccc(NC(N)=S)cc3)C(=O... int=7 res=7 vina=-8.5 t=1143s
  [100/500] CC(=O)Nc1ccc(C(C)C(=O)O)cc1... int=3 res=3 vina=-7.5 t=1526s
  [125/500] COc1ccc(OCC(=O)NC2C(=O)N3C2SC(C)(C)C3C(=... int=7 res=5 vina=-8.0 t=1914s
  [150/500] CCOC(=O)C1N2C(=O)C(NC(=O)Cc3ccc(OC(C)=O)... int=7 res=6 vina=-8.5 t=2321s
  [175/500] Fc1cccc(-c2ccc(Br)cc2)c1... int=5 res=5 vina=-8.5 t=2699s
  [200/500] CCCC(=O)Oc1cc(N)cc(O)c1C(=O)O... int=6 res=6 vina=-7.6 t=3080s
  [225/500] CC1(C)SC2C(NC(=O)COc3ccc(CC(N)=O)cc3)C(=... int=7 res=7 vina=-9.0 t=3490s
  [250/500] CC(=O)Nc1ccc(CC(=O)NC2C(=O)N3C2SC(C)(C)C... int=6 res=5 vina=-9.6 t=3879s
  [275/500] Brc1ccc(-c2ccc(I)cc2)cc1... int=3 res=3 vina=-8.1 t=4275s
  [300/500] CC(=O)c1ccc(CC(=O)NC2C(=O)N3C2SC(C)(C)C3... int=7 res=7 vina=-9.4 t=4660s
  [325/500] CC(=O)Nc1ccc(O)cc1... int=5 res=5 vina=-6.1 t=5047s
  [350/500] CCOC(=O)C1N2C(=O)C(NC(=O)Cc3ccc(OC(C)=O)... int=7 res=6 vina=-8.5 t=5428s
  [375/500] CCOC(=O)c1ccc(O)cc1OC(=O)CCCCO... int=5 res=5 vina=-7.1 t=5813s
  [400/500] CCCCC(=O)Oc1cc(NC=O)cc(O)c1C(=O)OC... int=4 res=4 vina=-7.1 t=6194s
  [425/500] CCOC(=O)C1N2C(=O)C(NC(=O)C(NC(=O)OC(C)(C... int=7 res=7 vina=-7.8 t=6585s
  [450/500] CC(=O)Nc1ccc(OCC(=O)NC2C(=O)N3C2SC(C)(C)... int=8 res=6 vina=-8.9 t=6957s
  [475/500] Nc1ccc(C(=O)O)c(OC(=O)CCC(N)C(=O)O)c1... int=5 res=5 vina=-7.9 t=7301s
  [500/500] CC1(C)SC2C(NC(=O)Cc3ccc(CCC(=O)O)cc3)C(=... int=9 res=7 vina=-9.6 t=7640s

Results → paper/experiments/results_v3/3EML/curiosity_seed7/results.json
Total: 7640s (15.3s/iter)
