============================================================
  Method: curiosity
  Target: 1ERE
  Seed: 7
  Iterations: 500
  Output: paper/experiments/results_v3/1ERE/curiosity_seed7
============================================================
Target: 1ERE (Estrogen Receptor α, Nuclear receptor)
Pocket residues: 71
Behavior dim: 214
  [1/500] CC1(C)SC2C(NC(=O)Cc3ccccc3)C(=O)N2C1C(=O... int=5 res=5 vina=-6.8 t=13s
  [2/500] CC(C)Cc1ccc(C(C)C(=O)O)cc1... int=6 res=6 vina=-7.4 t=25s
  [3/500] CC(=O)Oc1ccccc1C(=O)O... int=5 res=5 vina=-6.8 t=38s
  [4/500] CC(=O)Nc1ccc(O)cc1... int=5 res=5 vina=-6.1 t=48s
  [5/500] OC(=O)c1ccccc1O... int=5 res=5 vina=-6.2 t=58s
  [25/500] CC(C(=O)O)c1ccc(N(C)C)cc1... int=7 res=7 vina=-7.0 t=308s
  [50/500] COc1cc(CCN)cc(OC)c1OC... int=3 res=3 vina=-6.2 t=646s
  [75/500] CC(=O)Nc1ccc(CC(C)C)cc1... int=7 res=7 vina=-6.8 t=992s
  [100/500] CC(=O)Nc1ccc(OC(C)=O)cc1... int=7 res=7 vina=-6.7 t=1338s
  [125/500] CC(=O)Oc1ccc(C(C)C(=O)O)cc1... int=8 res=8 vina=-7.3 t=1684s
  [150/500] COC(=O)c1cc(Cl)ccc1O... int=2 res=1 vina=-6.1 t=2039s
  [175/500] CC(N)c1ccc(C(C)(C)O)cc1... int=9 res=8 vina=-7.2 t=2398s
  [200/500] CC(C(=O)O)c1ccc(N(C)C)cc1... int=7 res=7 vina=-7.0 t=2759s
  [225/500] CC(C)(O)c1ccc(CC(=O)NC2C(=O)N3C2SC(C)(C)... int=10 res=8 vina=-1.8 t=3140s
  [250/500] CC(C)Cc1ccc(C(C)N)cc1... int=8 res=8 vina=-6.8 t=3525s
  [275/500] CC(C)c1ccc(C(C)(C)O)cc1... int=7 res=6 vina=-7.4 t=3905s
  [300/500] CN(C)c1ccc(C(C)(C)O)cc1... int=7 res=6 vina=-6.6 t=4282s
  [325/500] CCOC(=O)C1N2C(=O)C(NC(=O)Cc3cc(O)cc(O)c3... int=10 res=9 vina=-4.4 t=4673s
  [350/500] CCOC(=O)C1N2C(=O)C(NC(=O)Cc3ccc(CC(N)=O)... int=9 res=8 vina=-2.7 t=5034s
  [375/500] CC(C)Cc1ccc(Oc2ccccc2)cc1... int=7 res=7 vina=-7.7 t=5367s
  [400/500] CC1(C)SC2C(NC(=O)Cc3ccc(C(N)=O)cc3)C(=O)... int=5 res=5 vina=-4.1 t=5721s
  [425/500] Oc1nc2ccccc2cc1Cl... int=2 res=2 vina=-6.5 t=6080s
  [450/500] CC(=O)Nc1ccc(C(=N)N)cc1... int=7 res=6 vina=-6.8 t=6408s
  [475/500] CCOC(=O)C1N2C(=O)C(NC(=O)Cc3cc(Cl)cc(C(=... int=11 res=10 vina=-5.5 t=6739s
  [500/500] CC(N)c1ccc(C(C)N)cc1... int=10 res=9 vina=-6.7 t=7075s

Results → paper/experiments/results_v3/1ERE/curiosity_seed7/results.json
Total: 7075s (14.2s/iter)
