============================================================
  Method: random
  Target: 1EVE
  Seed: 2
  Iterations: 500
  Output: paper/experiments/results_v3/1EVE/random_seed2
============================================================
Target: 1EVE (AChE, Hydrolase)
Pocket residues: 76
Behavior dim: 229
  [1/500] CC1(C)SC2C(NC(=O)Cc3ccccc3)C(=O)N2C1C(=O... int=9 res=9 vina=-10.3 t=12s
  [2/500] CC(C)Cc1ccc(C(C)C(=O)O)cc1... int=5 res=5 vina=-8.7 t=23s
  [3/500] CC(=O)Oc1ccccc1C(=O)O... int=5 res=5 vina=-7.3 t=33s
  [4/500] CC(=O)Nc1ccc(O)cc1... int=3 res=3 vina=-6.7 t=44s
  [5/500] OC(=O)c1ccccc1O... int=4 res=4 vina=-6.9 t=54s
  [25/500] O=C(O)C=Cc1ccc(O)c(Cl)c1... int=6 res=6 vina=-7.6 t=319s
  [50/500] CC1(C)SC2C(NC(=O)Cc3cc(O)cc(C(=O)O)c3)C(... int=9 res=9 vina=-11.3 t=668s
  [75/500] CC1(C)SC2C(NC(=O)Cc3ccc(Br)cc3)C(=O)N2C1... int=8 res=8 vina=-10.6 t=1035s
  [100/500] CC1(C)SC2C(NC(=O)Cc3ccc(C(N)=O)cc3)C(=O)... int=8 res=8 vina=-10.7 t=1390s
  [125/500] CC1(C)SC2C(NC(=O)Cc3cc(O)cc(O)c3)C(=O)N2... int=5 res=5 vina=-8.6 t=1756s
  [150/500] CC(N)Cc1ccc(O)c(O)c1... int=5 res=5 vina=-7.3 t=2129s
  [175/500] CC(=O)Oc1cc(C=O)ccc1C(=O)O... int=7 res=7 vina=-7.6 t=2510s
  [200/500] CC(=O)Oc1ccc(N)cc1C(=O)O... int=4 res=3 vina=-7.5 t=2917s
  [225/500] CCOC(=O)C1N2C(=O)C(NC(=O)Cc3cc(O)cc(Cl)c... int=10 res=9 vina=-10.5 t=3323s
  [250/500] COC(=O)c1ccc(C(=O)OC)c(O)c1... int=2 res=2 vina=-7.5 t=3734s
  [275/500] NC(CC(=O)O)C(=O)O... int=0 res=0 vina=-5.3 t=4115s
  [300/500] CC(O)c1cc(CC(=O)NC2C(=O)N3C2SC(C)(C)C3C(... int=8 res=8 vina=-11.8 t=4511s
  [325/500] CC1(C)SC2C(NC(=O)Cc3cc(Cl)cc(Cl)c3)C(=O)... int=8 res=8 vina=-10.3 t=4920s
  [350/500] CCOC(=O)c1cc2cccc(OC)c2oc1=O... int=2 res=2 vina=-8.4 t=5303s
  [375/500] CCOC(=O)C1N2C(=O)C(NC(=O)Cc3cccc(Cl)c3)C... int=7 res=7 vina=-10.2 t=5700s
  [400/500] CC1(C)SC2C(NC(=O)Cc3cc(CCCO)cc(C(=O)O)c3... int=9 res=9 vina=-11.2 t=6126s
  [425/500] CCOC(=O)c1ccc(N)cc1O... int=6 res=5 vina=-7.1 t=6500s
  [450/500] CC(C)c1ccc(O)c(O)c1... int=5 res=5 vina=-7.5 t=6885s
  [475/500] CC1(C)SC2C(NC(=O)Cc3cc(O)cc(Cl)c3)C(=O)N... int=6 res=6 vina=-10.6 t=7263s
  [500/500] CC(C)Cc1ccc(C(C)C(=O)O)cc1... int=5 res=5 vina=-8.7 t=7694s

Results → paper/experiments/results_v3/1EVE/random_seed2/results.json
Total: 7694s (15.4s/iter)
