============================================================
  Method: random
  Target: 4DFR
  Seed: 5
  Iterations: 500
  Output: paper/experiments/results_v3/4DFR/random_seed5
============================================================
Target: 4DFR (DHFR, Oxidoreductase)
Pocket residues: 55
Behavior dim: 166
  [1/500] CC1(C)SC2C(NC(=O)Cc3ccccc3)C(=O)N2C1C(=O... int=6 res=6 vina=-8.0 t=14s
  [2/500] CC(C)Cc1ccc(C(C)C(=O)O)cc1... int=6 res=5 vina=-7.4 t=26s
  [3/500] CC(=O)Oc1ccccc1C(=O)O... int=6 res=5 vina=-5.6 t=37s
  [4/500] CC(=O)Nc1ccc(O)cc1... int=2 res=2 vina=-5.7 t=45s
  [5/500] OC(=O)c1ccccc1O... int=4 res=4 vina=-5.8 t=58s
  [25/500] CCOC(=O)c1ccccc1O... int=8 res=7 vina=-5.9 t=301s
  [50/500] COc1ccc(N(C)C)cc1... int=2 res=2 vina=-4.8 t=645s
  [75/500] COc1cc(CC(=O)NC2C(=O)N3C2SC(C)(C)C3C(=O)... int=6 res=4 vina=-8.4 t=1017s
  [100/500] COc1cccc2cc(C(=O)O)c(=O)oc12... int=4 res=4 vina=-7.3 t=1379s
  [125/500] Nc1ccc(C(=O)O)cc1... int=4 res=4 vina=-5.6 t=1765s
  [150/500] CC(N)Cc1ccc(O)c(O)c1... int=3 res=3 vina=-6.2 t=2154s
  [175/500] CC(=O)NCCO... int=2 res=2 vina=-3.9 t=2531s
  [200/500] CC(N)Cc1ccc(O)c(O)c1... int=3 res=3 vina=-6.2 t=2892s
  [225/500] CCC(C)C(N)C(=O)O... int=0 res=0 vina=-4.8 t=3279s
  [250/500] CC1(C)SC2C(NC(=O)Cc3cccc(Cl)c3)C(=O)N2C1... int=3 res=3 vina=-8.1 t=3640s
  [275/500] CC(C)C(N)C(=O)O... int=0 res=0 vina=-4.6 t=3994s
  [300/500] NCCCC(N)C(=O)O... int=5 res=4 vina=-4.8 t=4355s
  [325/500] CC1(C)SC2C(NC(=O)Cc3ccc(Cl)cc3)C(=O)N2C1... int=5 res=5 vina=-8.1 t=4709s
  [350/500] CC(C)NCC(O)COc1ccc(C(=O)NCC(=O)O)cc1... int=8 res=6 vina=-7.1 t=5071s
  [375/500] CCOC(=O)C1N2C(=O)C(NC(=O)COc3ccc(S(N)(=O... int=8 res=8 vina=-8.0 t=5422s
  [400/500] COc1ccc(CC(C)N)cc1... int=7 res=7 vina=-5.7 t=5775s
  [425/500] OCC1OC(O)C(O)C(O)C1O... int=2 res=2 vina=-6.0 t=6146s
  [450/500] CCOC(=O)C1N2C(=O)C(NC(=O)Cc3ccc(O)cc3)C2... int=8 res=7 vina=-8.7 t=6535s
  [475/500] COc1ccc2c(c1OC)CC(N(C)C)C2... int=2 res=2 vina=-6.1 t=6875s
  [500/500] CC1(C)SC2C(NC(=O)Cc3cc(N)cc(Cl)c3)C(=O)N... int=3 res=2 vina=-8.9 t=7213s

Results → paper/experiments/results_v3/4DFR/random_seed5/results.json
Total: 7213s (14.4s/iter)
