============================================================
  Method: curiosity
  Target: 1ERE
  Seed: 6
  Iterations: 500
  Output: paper/experiments/results_v3/1ERE/curiosity_seed6
============================================================
Target: 1ERE (Estrogen Receptor α, Nuclear receptor)
Pocket residues: 71
Behavior dim: 214
  [1/500] CC1(C)SC2C(NC(=O)Cc3ccccc3)C(=O)N2C1C(=O... int=5 res=5 vina=-6.8 t=10s
  [2/500] CC(C)Cc1ccc(C(C)C(=O)O)cc1... int=6 res=6 vina=-7.4 t=25s
  [3/500] CC(=O)Oc1ccccc1C(=O)O... int=5 res=5 vina=-6.8 t=38s
  [4/500] CC(=O)Nc1ccc(O)cc1... int=5 res=5 vina=-6.1 t=51s
  [5/500] OC(=O)c1ccccc1O... int=5 res=5 vina=-6.2 t=62s
  [25/500] CC(C)c1cccc(CC(=O)NC2C(=O)N3C2SC(C)(C)C3... int=10 res=9 vina=-5.8 t=356s
  [50/500] CC1(C)SC2C(NC(=O)Cc3ccccc3)C(=O)N2C1C(=O... int=5 res=5 vina=-6.8 t=735s
  [75/500] CC1(C)SC2C(NC(=O)COc3ccccc3)C(=O)N2C1C(=... int=6 res=6 vina=-8.6 t=1135s
  [100/500] COc1ccc(F)cc1C(=O)O... int=5 res=5 vina=-6.4 t=1555s
  [125/500] CC1(C)SC2C(NC(=O)COc3ccc(C(=N)N)cc3)C(=O... int=8 res=8 vina=-7.5 t=1968s
  [150/500] COc1ccc(C=O)cc1C(=O)O... int=4 res=4 vina=-6.3 t=2394s
  [175/500] COc1cc(Cl)cc(CC(=O)NC2C(=O)N3C2SC(C)(C)C... int=4 res=4 vina=-6.8 t=2819s
  [200/500] CC(C(=O)O)c1ccc(C(C)(C)O)cc1... int=6 res=6 vina=-7.6 t=3257s
  [225/500] COc1ccc(CCC(=O)O)cc1... int=6 res=6 vina=-6.6 t=3680s
  [250/500] COC(=O)c1cc(CC(=O)NC2C(=O)N3C2SC(C)(C)C3... int=6 res=6 vina=-6.8 t=4136s
  [275/500] CCOC(=O)c1cc(C(N)C(=O)NC2C(=O)N3C2SC(C)(... int=10 res=10 vina=-4.2 t=4621s
  [300/500] COc1cc(CC(=O)NC2C(=O)N3C2SC(C)(C)C3C(=O)... int=11 res=10 vina=-5.3 t=5082s
  [325/500] CSCC(N)C(=O)O... int=3 res=3 vina=-4.2 t=5534s
  [350/500] COc1cc(OC)c(C(=O)O)cc1O... int=4 res=4 vina=-6.4 t=5977s
  [375/500] CCOC(=O)C1N2C(=O)C(NC(=O)Cc3cccc(Cl)c3)C... int=6 res=6 vina=-4.7 t=6369s
  [400/500] COc1ccc(F)cc1... int=2 res=2 vina=-5.0 t=6760s
  [425/500] CC(C)(O)c1cc(O)cc(CC(=O)NC2C(=O)N3C2SC(C... int=9 res=8 vina=-7.7 t=7186s
  [450/500] CC(N)c1ccc(OCC(=O)NC2C(=O)N3C2SC(C)(C)C3... int=7 res=7 vina=-8.0 t=7608s
  [475/500] CC(CC(=O)O)C(=O)O... int=4 res=4 vina=-5.5 t=8027s
  [500/500] CCCC(=O)Oc1ccc(C(=O)OC)cc1C(=O)OCC... int=8 res=8 vina=-7.3 t=8471s

Results → paper/experiments/results_v3/1ERE/curiosity_seed6/results.json
Total: 8471s (16.9s/iter)
