============================================================
  Method: random
  Target: 3EML
  Seed: 6
  Iterations: 500
  Output: paper/experiments/results_v3/3EML/random_seed6
============================================================
Target: 3EML (EGFR, Kinase)
Pocket residues: 65
Behavior dim: 196
  [1/500] CC1(C)SC2C(NC(=O)Cc3ccccc3)C(=O)N2C1C(=O... int=5 res=5 vina=-8.5 t=17s
  [2/500] CC(C)Cc1ccc(C(C)C(=O)O)cc1... int=6 res=6 vina=-7.7 t=32s
  [3/500] CC(=O)Oc1ccccc1C(=O)O... int=8 res=8 vina=-6.3 t=47s
  [4/500] CC(=O)Nc1ccc(O)cc1... int=5 res=5 vina=-6.1 t=62s
  [5/500] OC(=O)c1ccccc1O... int=4 res=4 vina=-5.9 t=75s
  [25/500] CC1(C)SC2C(NC(=O)Cc3ccc(O)c(O)c3)C(=O)N2... int=6 res=6 vina=-9.7 t=386s
  [50/500] CCOC(=O)c1ccc(C(=O)OC)cc1OC(C)=O... int=4 res=4 vina=-7.1 t=768s
  [75/500] CC(O)c1ccc(CC(=O)NC2C(=O)N3C2SC(C)(C)C3C... int=10 res=8 vina=-9.4 t=1152s
  [100/500] CCOC(=O)C1N2C(=O)C(NC(=O)Cc3ccc(CC(C)C)c... int=8 res=7 vina=-9.5 t=1555s
  [125/500] CCOC(=O)c1ccc(NC=O)cc1... int=8 res=6 vina=-6.4 t=1953s
  [150/500] O=C(O)C=Cc1ccc(F)cc1... int=3 res=3 vina=-6.7 t=2345s
  [175/500] CC(=O)Oc1ccc(C(C)C(=O)O)cc1... int=4 res=4 vina=-7.2 t=2748s
  [200/500] CCOC(=O)C1N2C(=O)C(NC(=O)Cc3ccc(OC(C)=O)... int=7 res=6 vina=-8.5 t=3181s
  [225/500] COC(=O)c1ccc(NC=O)cc1... int=7 res=5 vina=-6.1 t=3582s
  [250/500] CC1=NC(c2ccc(CC(=O)NC3C(=O)N4C3SC(C)(C)C... int=7 res=6 vina=-10.7 t=4003s
  [275/500] CC1(C)SC2C(NC(=O)Cc3ccc(CC(N)=O)cc3)C(=O... int=6 res=6 vina=-9.6 t=4405s
  [300/500] COC(=O)c1ccc(CC(=O)NC2C(=O)N3C2SC(C)(C)C... int=9 res=6 vina=-9.1 t=4809s
  [325/500] CC(C)(O)c1ccc(CC(=O)NC2C(=O)N3C2SC(C)(C)... int=11 res=9 vina=-9.7 t=5213s
  [350/500] CC(=O)Oc1cc(Cl)cc(O)c1C(=O)O... int=7 res=7 vina=-7.0 t=5623s
  [375/500] CCOC(=O)C1N2C(=O)C(NC(=O)C(N)c3cc(O)c(OC... int=6 res=5 vina=-8.6 t=6041s
  [400/500] COC(=O)c1cc(OC(F)(F)F)ccc1OC(C)=O... int=5 res=5 vina=-7.1 t=6443s
  [425/500] COC(=O)c1ccc(CC(=O)NC2C(=O)N3C2SC(C)(C)C... int=9 res=6 vina=-9.1 t=6843s
  [450/500] CCOC(=O)c1c(O)cc(Cl)cc1OC(C)=O... int=7 res=7 vina=-6.8 t=7251s
  [475/500] CCOC(=O)C1N2C(=O)C(NC(=O)C(N)c3cc(O)c(OC... int=6 res=4 vina=-9.0 t=7679s
  [500/500] CC1(C)SC2C(NC(=O)Cc3ccc(Cl)cc3)C(=O)N2C1... int=4 res=3 vina=-8.8 t=8079s

Results → paper/experiments/results_v3/3EML/random_seed6/results.json
Total: 8079s (16.2s/iter)
