============================================================
  Method: imgep
  Target: 3EML
  Seed: 4
  Iterations: 500
  Output: paper/experiments/results_v3/3EML/imgep_seed4
============================================================
Target: 3EML (EGFR, Kinase)
Pocket residues: 65
Behavior dim: 196
  [1/500] CC1(C)SC2C(NC(=O)Cc3ccccc3)C(=O)N2C1C(=O... int=5 res=5 vina=-8.5 t=14s
  [2/500] CC(C)Cc1ccc(C(C)C(=O)O)cc1... int=6 res=6 vina=-7.7 t=28s
  [3/500] CC(=O)Oc1ccccc1C(=O)O... int=8 res=8 vina=-6.3 t=41s
  [4/500] CC(=O)Nc1ccc(O)cc1... int=5 res=5 vina=-6.1 t=53s
  [5/500] OC(=O)c1ccccc1O... int=4 res=4 vina=-5.9 t=68s
  [25/500] COc1cc(O)cc(OC)c1OC... int=2 res=2 vina=-5.4 t=366s
  [50/500] O=C(O)c1cccc(O)c1... int=5 res=5 vina=-5.8 t=721s
  [75/500] ON=Cc1ccccc1... int=4 res=4 vina=-5.4 t=1093s
  [100/500] CCOC(=O)C1N2C(=O)C(NC(=O)Cc3cc(Cl)cc(C(=... int=5 res=5 vina=-9.2 t=1479s
  [125/500] O=C(O)c1cc(O)cc(O)c1... int=2 res=2 vina=-6.0 t=1843s
  [150/500] CCOC(=O)C1N2C(=O)C(NC(=O)COc3ccc(OC)cc3)... int=10 res=8 vina=-7.6 t=2217s
  [175/500] CCCC(=O)Oc1ccc(C=O)cc1C(=O)OC... int=6 res=6 vina=-7.0 t=2592s
  [200/500] CC(=O)Oc1ccc(NC=O)cc1... int=3 res=3 vina=-6.1 t=2962s
  [225/500] CC(=O)Nc1ccc(CC(C)C)cc1... int=4 res=4 vina=-6.9 t=3330s
  [250/500] CC(C(=O)O)c1ccc(CC(=O)NC2C(=O)N3C2SC(C)(... int=10 res=8 vina=-9.7 t=3731s
  [275/500] CC(=O)CCC(=O)c1ccc(C(=N)N)cc1... int=6 res=6 vina=-7.8 t=4094s
  [300/500] CC1(C)SC2C(NC(=O)Cc3ccc(Cl)cc3)C(=O)N2C1... int=4 res=3 vina=-8.8 t=4451s
  [325/500] CC(=O)Nc1ccc(CC(N)=O)cc1... int=6 res=6 vina=-7.0 t=4816s
  [350/500] CC1(C)SC2C(NC(=O)Cc3cc(Cl)cc(CCN)c3)C(=O... int=7 res=5 vina=-9.5 t=5202s
  [375/500] CCCC(=O)Oc1ccc(O)cc1C(=O)OC... int=6 res=6 vina=-6.8 t=5610s
  [400/500] CC(N)Cc1cc(Cl)cc(CO)c1... int=6 res=6 vina=-6.7 t=5990s
  [425/500] CCOC(=O)C1N2C(=O)C(NC(=O)Cc3ccc(Cl)c(Cl)... int=4 res=4 vina=-8.7 t=6380s
  [450/500] COC(=O)c1cc(O)cc(CC(=O)NC2C(=O)N3C2SC(C)... int=8 res=7 vina=-9.2 t=6749s
  [475/500] CC1(C)SC2C(NC(=O)Cc3ccc(OC(F)(F)F)cc3)C(... int=5 res=5 vina=-9.5 t=7147s
  [500/500] CC(N)c1ccc(OCC(=O)NC2C(=O)N3C2SC(C)(C)C3... int=9 res=8 vina=-8.7 t=7525s

Results → paper/experiments/results_v3/3EML/imgep_seed4/results.json
Total: 7525s (15.1s/iter)
