============================================================
  Method: imgep
  Target: 1ERE
  Seed: 5
  Iterations: 500
  Output: paper/experiments/results_v3/1ERE/imgep_seed5
============================================================
Target: 1ERE (Estrogen Receptor α, Nuclear receptor)
Pocket residues: 71
Behavior dim: 214
  [1/500] CC1(C)SC2C(NC(=O)Cc3ccccc3)C(=O)N2C1C(=O... int=5 res=5 vina=-6.8 t=15s
  [2/500] CC(C)Cc1ccc(C(C)C(=O)O)cc1... int=6 res=6 vina=-7.4 t=27s
  [3/500] CC(=O)Oc1ccccc1C(=O)O... int=5 res=5 vina=-6.8 t=40s
  [4/500] CC(=O)Nc1ccc(O)cc1... int=5 res=5 vina=-6.1 t=49s
  [5/500] OC(=O)c1ccccc1O... int=5 res=5 vina=-6.2 t=61s
  [25/500] CCOC(=O)c1ccccc1O... int=7 res=7 vina=-6.2 t=318s
  [50/500] COc1ccc(OC)cc1... int=2 res=2 vina=-4.9 t=642s
  [75/500] CC1(C)SC2C(NC(=O)C(N)c3ccc(Cl)c(Cl)c3)C(... int=6 res=6 vina=-3.5 t=994s
  [100/500] COc1ccccc1C(=O)O... int=6 res=6 vina=-6.1 t=1331s
  [125/500] COc1ccc(C=O)cc1Cl... int=4 res=4 vina=-5.5 t=1718s
  [150/500] NC(CC(=O)O)C(=O)O... int=0 res=0 vina=-5.0 t=2073s
  [175/500] O=C(O)c1ccc(Cl)cc1O... int=4 res=4 vina=-6.4 t=2439s
  [200/500] N=C(N)NCCCC(N)C(=O)O... int=0 res=0 vina=-5.6 t=2764s
  [225/500] CCOC(=O)c1ccc(C(=O)O)cc1OC(C)=O... int=7 res=7 vina=-7.2 t=3140s
  [250/500] NC(Cc1ccc(O)cc1)C(=O)O... int=0 res=0 vina=-6.7 t=3493s
  [275/500] CC1(C)SC2C(NC(=O)Cc3cccc(-c4ccc(F)cc4)c3... int=10 res=10 vina=-6.5 t=3847s
  [300/500] O=C(O)c1cc(Cl)cc(Cl)c1... int=5 res=5 vina=-6.3 t=4168s
  [325/500] CC(=O)Oc1ccccc1C(=O)O... int=5 res=5 vina=-6.8 t=4530s
  [350/500] O=C(O)C=Cc1ccc(O)c(O)c1... int=5 res=5 vina=-7.0 t=4891s
  [375/500] CCOC(=O)C1N2C(=O)C(NC(=O)Cc3cc(Cl)cc(C(=... int=9 res=7 vina=-3.4 t=5269s
  [400/500] CCOC(=O)C1N2C(=O)C(NC(=O)Cc3cc(Cl)cc(C(=... int=8 res=8 vina=-4.6 t=5657s
  [425/500] O=C(O)c1cc(Cl)cc(Cl)c1... int=5 res=5 vina=-6.3 t=6027s
  [450/500] OCC1OC(O)C(O)C(O)C1O... int=2 res=2 vina=-6.1 t=6414s
  [475/500] CCOC(=O)c1cc(C(N)=O)ccc1OC(=O)CCC(=O)O... int=9 res=8 vina=-8.1 t=6784s
  [500/500] O=C(Nc1ccc(N2CCOCC2)cc1)c1ccccc1... int=6 res=6 vina=-1.2 t=7172s

Results → paper/experiments/results_v3/1ERE/imgep_seed5/results.json
Total: 7172s (14.3s/iter)
