============================================================
  Method: bo
  Target: 4MNE
  Seed: 0
  Iterations: 500
  Output: paper/experiments/results_v3/4MNE/bo_seed0
============================================================
Target: 4MNE (BRAF, Kinase)
Pocket residues: 68
Behavior dim: 205
  [1/500] CC1(C)SC2C(NC(=O)Cc3ccccc3)C(=O)N2C1C(=O... int=5 res=5 vina=-7.8 t=13s
  [2/500] CC(C)Cc1ccc(C(C)C(=O)O)cc1... int=8 res=8 vina=-7.8 t=27s
  [3/500] CC(=O)Oc1ccccc1C(=O)O... int=4 res=4 vina=-6.1 t=37s
  [4/500] CC(=O)Nc1ccc(O)cc1... int=8 res=6 vina=-6.2 t=50s
  [5/500] OC(=O)c1ccccc1O... int=8 res=6 vina=-6.2 t=62s
  [25/500] O=C(O)c1cc(Cl)cc(Cl)c1... int=6 res=5 vina=-6.0 t=310s
  [50/500] Clc1ccccc1... int=5 res=5 vina=-4.9 t=616s
  [75/500] CC(C)CC(N)C(=O)O... int=0 res=0 vina=-5.3 t=922s
  [100/500] CCCO... int=3 res=2 vina=-3.2 t=1221s
  [125/500] CC(O)CO... int=5 res=5 vina=-3.4 t=1529s
  [150/500] CC(O)CO... int=5 res=5 vina=-3.4 t=1852s
  [175/500] CCO... int=4 res=4 vina=-2.5 t=2175s
  [200/500] CC1CN1... int=3 res=3 vina=-2.9 t=2509s
  [225/500] CCO... int=4 res=4 vina=-2.5 t=2849s
  [250/500] CCO... int=4 res=4 vina=-2.5 t=3202s
  [275/500] CCCNC... int=5 res=4 vina=-3.5 t=3544s
  [300/500] CC(=O)NCCO... int=6 res=5 vina=-4.3 t=3903s
  [325/500] CC(C)O... int=4 res=4 vina=-3.1 t=4240s
  [350/500] CCO... int=4 res=4 vina=-2.5 t=4587s
  [375/500] CC(O)CO... int=5 res=5 vina=-3.4 t=4935s
  [400/500] CC1CN1... int=3 res=3 vina=-2.9 t=5280s
  [425/500] CC(N)C(=O)O... int=0 res=0 vina=-4.0 t=5636s
  [450/500] CC(O)CO... int=5 res=5 vina=-3.4 t=5995s
  [475/500] CCCNC... int=5 res=4 vina=-3.5 t=6349s
  [500/500] CC(C)O... int=4 res=4 vina=-3.1 t=6710s

Results → paper/experiments/results_v3/4MNE/bo_seed0/results.json
Total: 6710s (13.4s/iter)
