============================================================
  Method: imgep
  Target: 4MNE
  Seed: 3
  Iterations: 500
  Output: paper/experiments/results_v3/4MNE/imgep_seed3
============================================================
Target: 4MNE (BRAF, Kinase)
Pocket residues: 68
Behavior dim: 205
  [1/500] CC1(C)SC2C(NC(=O)Cc3ccccc3)C(=O)N2C1C(=O... int=5 res=5 vina=-7.8 t=17s
  [2/500] CC(C)Cc1ccc(C(C)C(=O)O)cc1... int=8 res=8 vina=-7.8 t=32s
  [3/500] CC(=O)Oc1ccccc1C(=O)O... int=4 res=4 vina=-6.1 t=50s
  [4/500] CC(=O)Nc1ccc(O)cc1... int=8 res=6 vina=-6.2 t=65s
  [5/500] OC(=O)c1ccccc1O... int=8 res=6 vina=-6.2 t=83s
  [25/500] CCOC(=O)C1N2C(=O)C(NC(=O)Cc3ccccc3)C2SC1... int=4 res=4 vina=-7.4 t=411s
  [50/500] COc1ccc(C=CC(=O)O)cc1OC... int=4 res=4 vina=-6.3 t=846s
  [75/500] CC(N)c1ccc(NC=O)cc1... int=6 res=6 vina=-7.0 t=1266s
  [100/500] OCc1ccc(O)cc1... int=2 res=2 vina=-5.8 t=1690s
  [125/500] CCOC(=O)c1ccc(F)cc1N... int=7 res=6 vina=-6.0 t=2091s
  [150/500] CCOC(=O)c1cc(N)ccc1OC(C)=O... int=8 res=7 vina=-6.5 t=2500s
  [175/500] COC(=O)c1cc(N)ccc1OC... int=3 res=3 vina=-5.8 t=2893s
  [200/500] CC1(C)SC2C(NC(=O)Cc3ccc(O)c(Cl)c3)C(=O)N... int=10 res=8 vina=-8.1 t=3277s
  [225/500] CC(=O)c1ccc(CO)cc1... int=5 res=5 vina=-6.5 t=3665s
  [250/500] COC(=O)c1cc(Cl)ccc1N... int=3 res=3 vina=-6.2 t=4013s
  [275/500] CC(=O)Oc1ccc(N)cc1C(=O)O... int=5 res=4 vina=-6.3 t=4388s
  [300/500] CCOC(=O)c1c(O)cc(O)cc1O... int=7 res=6 vina=-6.4 t=4756s
  [325/500] NC(Cc1cnc[nH]1)C(=O)O... int=0 res=0 vina=-5.5 t=5120s
  [350/500] CCOC(=O)C1CCCN1C(=O)C(C)CS... int=9 res=7 vina=-5.6 t=5484s
  [375/500] COC(=O)c1ccc(Cl)cc1N... int=1 res=1 vina=-6.0 t=5852s
  [400/500] CC1=NC(c2ccc(I)cc2)C(=O)N1... int=3 res=3 vina=-7.5 t=6250s
  [425/500] CCOC(=O)c1cc(OC)c(OC)cc1OC... int=4 res=4 vina=-5.8 t=6620s
  [450/500] COc1ccc(C(C)O)cc1OC(C)=O... int=9 res=6 vina=-6.8 t=6991s
  [475/500] CC(C(=O)O)c1ccc(CO)cc1... int=7 res=7 vina=-7.1 t=7331s
  [500/500] CC(=O)Nc1ccc(CO)cc1... int=6 res=6 vina=-6.6 t=7662s

Results → paper/experiments/results_v3/4MNE/imgep_seed3/results.json
Total: 7662s (15.3s/iter)
