============================================================
  Method: curiosity
  Target: 3V8D
  Seed: 9
  Iterations: 500
  Output: paper/experiments/results_v3/3V8D/curiosity_seed9
============================================================
Target: 3V8D (Thrombin, Serine protease)
Pocket residues: 95
Behavior dim: 286
  [1/500] CC1(C)SC2C(NC(=O)Cc3ccccc3)C(=O)N2C1C(=O... int=10 res=9 vina=-9.1 t=12s
  [2/500] CC(C)Cc1ccc(C(C)C(=O)O)cc1... int=5 res=5 vina=-6.8 t=28s
  [3/500] CC(=O)Oc1ccccc1C(=O)O... int=8 res=6 vina=-6.8 t=37s
  [4/500] CC(=O)Nc1ccc(O)cc1... int=7 res=5 vina=-6.1 t=50s
  [5/500] OC(=O)c1ccccc1O... int=4 res=4 vina=-6.0 t=63s
  [25/500] CC(C)C(NC(=O)OC(C)(C)C)C(=O)NC1C(=O)N2C1... int=3 res=3 vina=-8.3 t=361s
  [50/500] CC(C)c1ccc(O)c(O)c1... int=4 res=4 vina=-6.4 t=728s
  [75/500] O=C(O)c1ccc(Cl)c(Cl)c1... int=2 res=2 vina=-6.2 t=1101s
  [100/500] CC(=O)Nc1ccc(CC(=O)NC2C(=O)N3C2SC(C)(C)C... int=8 res=8 vina=-9.4 t=1491s
  [125/500] CCOC(=O)c1ccc(C(C)O)cc1OC(C)=O... int=9 res=8 vina=-6.1 t=1872s
  [150/500] COC(=O)c1c(O)cc(O)cc1OC(C)=O... int=5 res=5 vina=-6.0 t=2266s
  [175/500] CCOC(=O)C1N2C(=O)C(NC(=O)Cc3ccc(OC)cc3)C... int=7 res=7 vina=-8.3 t=2661s
  [200/500] COC(=O)c1c(O)cc(O)cc1OC(C)=O... int=5 res=5 vina=-6.0 t=3053s
  [225/500] COC(=O)c1c(OC)cc(OC)cc1OC(C)=O... int=2 res=2 vina=-5.7 t=3439s
  [250/500] CC(=O)Nc1ccc(O)cc1... int=7 res=5 vina=-6.1 t=3828s
  [275/500] CCOC(=O)c1cc(C(C)O)ccc1OC(C)=O... int=10 res=10 vina=-6.4 t=4213s
  [300/500] CC(=O)Nc1ccc(OC(C)=O)cc1... int=8 res=7 vina=-6.2 t=4608s
  [325/500] CC(C(=O)O)c1ccc(CC(=O)NC2C(=O)N3C2SC(C)(... int=7 res=7 vina=-9.2 t=5004s
  [350/500] COC(=O)c1ccc(CC(C)N)cc1OC(C)=O... int=7 res=6 vina=-6.3 t=5406s
  [375/500] COc1cc(CC(C)N)ccc1O... int=5 res=4 vina=-6.4 t=5801s
  [400/500] CC(=O)Oc1cc(CCN)cc(O)c1C(=O)O... int=5 res=5 vina=-6.4 t=6204s
  [425/500] CN(C)c1ccc(CC(=O)NC2C(=O)N3C2SC(C)(C)C3C... int=7 res=7 vina=-8.7 t=6618s
  [450/500] O=C(O)C=Cc1ccc(O)cc1... int=5 res=5 vina=-6.5 t=7016s
  [475/500] CC1(C)SC2C(NC(=O)COc3ccc(NC(N)=S)cc3)C(=... int=7 res=7 vina=-8.4 t=7407s
  [500/500] CCOC(=O)c1c(O)cc(CC(N)C(=O)O)cc1OC(C)=O... int=9 res=9 vina=-7.1 t=7786s

Results → paper/experiments/results_v3/3V8D/curiosity_seed9/results.json
Total: 7786s (15.6s/iter)
