============================================================
  Method: curiosity
  Target: 4DFR
  Seed: 5
  Iterations: 500
  Output: paper/experiments/results_v3/4DFR/curiosity_seed5
============================================================
Target: 4DFR (DHFR, Oxidoreductase)
Pocket residues: 55
Behavior dim: 166
  [1/500] CC1(C)SC2C(NC(=O)Cc3ccccc3)C(=O)N2C1C(=O... int=6 res=6 vina=-8.0 t=13s
  [2/500] CC(C)Cc1ccc(C(C)C(=O)O)cc1... int=6 res=5 vina=-7.4 t=27s
  [3/500] CC(=O)Oc1ccccc1C(=O)O... int=6 res=5 vina=-5.6 t=40s
  [4/500] CC(=O)Nc1ccc(O)cc1... int=2 res=2 vina=-5.7 t=53s
  [5/500] OC(=O)c1ccccc1O... int=4 res=4 vina=-5.8 t=64s
  [25/500] CC1(C)SC2C(NC(=O)Cc3ccc(CC(N)=O)cc3)C(=O... int=10 res=9 vina=-8.4 t=383s
  [50/500] CC(=O)Nc1ccc(O)c(O)c1... int=3 res=3 vina=-6.1 t=802s
  [75/500] CCOC(=O)C1N2C(=O)C(NC(=O)Cc3ccc(CC(C)N)c... int=5 res=5 vina=-8.9 t=1213s
  [100/500] CC(=O)Oc1ccccc1C(=O)O... int=6 res=5 vina=-5.6 t=1637s
  [125/500] CC(=O)Oc1ccc(CC(=O)NC2C(=O)N3C2SC(C)(C)C... int=7 res=7 vina=-8.4 t=2039s
  [150/500] CC(=O)c1ccc(CC(=O)NC2C(=O)N3C2SC(C)(C)C3... int=6 res=6 vina=-9.2 t=2453s
  [175/500] CCOC(=O)C1N2C(=O)C(NC(=O)Cc3ccccc3)C2SC1... int=4 res=4 vina=-8.0 t=2871s
  [200/500] CC(=O)Nc1ccc(CC(=O)NC2C(=O)N3C2SC(C)(C)C... int=8 res=8 vina=-8.3 t=3307s
  [225/500] CC1(C)SC2C(NC(=O)COc3ccc(NC(N)=S)cc3)C(=... int=5 res=5 vina=-8.0 t=3734s
  [250/500] COC(=O)c1cc(CC(C)N)ccc1OC(C)=O... int=4 res=4 vina=-6.6 t=4177s
  [275/500] CCOC(=O)C1N2C(=O)C(NC(=O)Cc3ccc(Br)cc3)C... int=4 res=4 vina=-8.0 t=4613s
  [300/500] CCOC(=O)C1N2C(=O)C(NC(=O)C(NC(=O)OC(C)(C... int=8 res=7 vina=-7.4 t=5030s
  [325/500] CC(=O)Nc1ccc(CC(=O)NC2C(=O)N3C2SC(C)(C)C... int=8 res=8 vina=-8.3 t=5591s
  [350/500] CCOC(=O)C1N2C(=O)C(NC(=O)COc3ccc(C(C)=O)... int=9 res=9 vina=-8.6 t=6270s
  [375/500] CCOC(=O)C1N2C(=O)C(NC(=O)Cc3ccc(N(C)C)cc... int=7 res=7 vina=-7.6 t=6915s
  [400/500] CC1(C)SC2C(NC(=O)COc3ccc(C(=N)N)cc3)C(=O... int=3 res=2 vina=-8.2 t=7572s
  [425/500] CC(=O)Nc1ccc(OCC(=O)NC2C(=O)N3C2SC(C)(C)... int=6 res=5 vina=-8.9 t=8219s
  [450/500] CC1(C)SC2C(NC(=O)C(N)c3ccc(Cl)c(Cl)c3)C(... int=4 res=4 vina=-8.9 t=8742s
  [475/500] CCC(C)C(NC(=O)OC(C)(C)C)C(=O)NC1C(=O)N2C... int=7 res=6 vina=-7.8 t=9274s
  [500/500] COC(=O)c1ccc(OCC(=O)NC2C(=O)N3C2SC(C)(C)... int=6 res=6 vina=-8.8 t=9848s

Results → paper/experiments/results_v3/4DFR/curiosity_seed5/results.json
Total: 9848s (19.7s/iter)
