============================================================
  Method: bo
  Target: 3EML
  Seed: 2
  Iterations: 500
  Output: paper/experiments/results_v3/3EML/bo_seed2
============================================================
Target: 3EML (EGFR, Kinase)
Pocket residues: 65
Behavior dim: 196
  [1/500] CC1(C)SC2C(NC(=O)Cc3ccccc3)C(=O)N2C1C(=O... int=5 res=5 vina=-8.5 t=11s
  [2/500] CC(C)Cc1ccc(C(C)C(=O)O)cc1... int=6 res=6 vina=-7.7 t=25s
  [3/500] CC(=O)Oc1ccccc1C(=O)O... int=8 res=8 vina=-6.3 t=40s
  [4/500] CC(=O)Nc1ccc(O)cc1... int=5 res=5 vina=-6.1 t=53s
  [5/500] OC(=O)c1ccccc1O... int=4 res=4 vina=-5.9 t=69s
  [25/500] COc1ccc(C(C)O)cc1OC... int=4 res=4 vina=-6.0 t=351s
  [50/500] NC(Cc1cnc[nH]1)C(=O)O... int=0 res=0 vina=-5.5 t=713s
  [75/500] O=C(O)c1cc(Cl)cc(Cl)c1... int=2 res=2 vina=-6.2 t=1066s
  [100/500] CC(=O)Oc1ccccc1C(=O)O... int=8 res=8 vina=-6.3 t=1405s
  [125/500] NC(CCC(=O)O)C(=O)O... int=0 res=0 vina=-5.2 t=1758s
  [150/500] CC(=O)Oc1ccccc1C(=O)O... int=8 res=8 vina=-6.3 t=2126s
  [175/500] O=C(O)c1cccc(F)c1... int=3 res=3 vina=-5.9 t=2513s
  [200/500] CC(=O)CCC(=O)c1ccc(F)cc1... int=5 res=5 vina=-6.8 t=2899s
  [225/500] COc1cc(C=CC(=O)O)ccc1O... int=3 res=3 vina=-6.8 t=3288s
  [250/500] NC(=O)CCC(N)C(=O)O... int=0 res=0 vina=-5.0 t=3666s
  [275/500] CCOC(=O)C(N)CCCNC(=N)N... int=6 res=6 vina=-5.8 t=4048s
  [300/500] Nc1ccc(C(=O)O)cc1... int=3 res=3 vina=-5.8 t=4431s
  [325/500] CC(=O)Nc1ccc(C2N=C(C)NC2=O)cc1... int=5 res=5 vina=-7.8 t=4823s
  [350/500] O=C(O)c1cccc(Cl)c1... int=2 res=2 vina=-5.9 t=5213s
  [375/500] CCOC(=O)C(N)CCCC(N)C(=O)O... int=7 res=7 vina=-6.0 t=5622s
  [400/500] CC(N)Cc1ccc(O)c(O)c1... int=4 res=4 vina=-6.8 t=6025s
  [425/500] NC(Cc1ccccc1)C(=O)O... int=0 res=0 vina=-6.8 t=6425s
  [450/500] Nc1ccc(C(=O)O)cc1... int=3 res=3 vina=-5.8 t=6850s
  [475/500] Nc1ccc(C(=O)O)cc1... int=3 res=3 vina=-5.8 t=7248s
  [500/500] O=C(O)c1cccc(F)c1... int=3 res=3 vina=-5.9 t=7671s

Results → paper/experiments/results_v3/3EML/bo_seed2/results.json
Total: 7671s (15.3s/iter)
