============================================================
  Method: bo
  Target: 3PJC
  Seed: 2
  Iterations: 500
  Output: paper/experiments/results_v3/3PJC/bo_seed2
============================================================
Target: 3PJC (CDK2, Kinase)
Pocket residues: 60
Behavior dim: 181
  [1/500] CC1(C)SC2C(NC(=O)Cc3ccccc3)C(=O)N2C1C(=O... int=5 res=5 vina=-8.6 t=17s
  [2/500] CC(C)Cc1ccc(C(C)C(=O)O)cc1... int=8 res=8 vina=-7.7 t=30s
  [3/500] CC(=O)Oc1ccccc1C(=O)O... int=7 res=7 vina=-6.7 t=44s
  [4/500] CC(=O)Nc1ccc(O)cc1... int=9 res=9 vina=-6.2 t=61s
  [5/500] OC(=O)c1ccccc1O... int=6 res=6 vina=-6.1 t=77s
  [25/500] O=C(O)c1ccc(N=Nc2ccc(O)cc2)cc1... int=8 res=7 vina=-8.7 t=428s
  [50/500] COc1ccc(-c2ccc(I)cc2)cc1... int=1 res=1 vina=-7.8 t=871s
  [75/500] COc1ccc(-c2ccc(OC)cc2)cc1... int=4 res=4 vina=-7.7 t=1302s
  [100/500] CCOC(=O)C1CCCN1C(=O)C(C)CC(N)=O... int=8 res=6 vina=-7.2 t=1732s
  [125/500] CCOC(=O)C1CCCN1C(=O)C(C)CC(=O)NO... int=8 res=7 vina=-8.1 t=2179s
  [150/500] CCOC(=O)C1CCCN1C(=O)C(C)CC(=O)NO... int=8 res=7 vina=-8.1 t=2639s
  [175/500] CC(CC(=O)O)C(=O)N1CCCC1C(=O)OCCO... int=12 res=10 vina=-7.6 t=3102s
  [200/500] CC(CS)C(=O)N1CCCC1C(=O)O... int=7 res=6 vina=-6.4 t=3549s
  [225/500] CC(CC(=O)O)C(=O)N1CCCC1C(=O)OCCO... int=12 res=10 vina=-7.6 t=4007s
  [250/500] CC(CC(=O)NO)C(=O)N1CCCC1C(=O)O... int=6 res=5 vina=-8.0 t=4473s
  [275/500] CC(CC(N)=O)C(=O)N1CCCC1C(=O)OCCO... int=9 res=9 vina=-7.5 t=4936s
  [300/500] CCOC(=O)C1CCCN1C(=O)C(C)CC(=O)O... int=6 res=6 vina=-7.2 t=5428s
  [325/500] CC(C)NCC(O)COC(=O)CCC(N)=O... int=7 res=6 vina=-6.2 t=5928s
  [350/500] CC(C)NCC(O)COc1cc(O)cc2ccccc12... int=10 res=9 vina=-8.2 t=6438s
  [375/500] CC(CC(=O)O)C(=O)N1CCCC1C(=O)OCCO... int=12 res=10 vina=-7.6 t=6958s
  [400/500] CC(CC(=O)O)C(=O)N1CCCC1C(=O)O... int=9 res=7 vina=-7.5 t=7483s
  [425/500] CCOC(=O)C1CCCN1C(=O)C(C)CC(N)=O... int=8 res=6 vina=-7.2 t=8032s
  [450/500] CCOC(=O)C1CCCN1C(=O)C(C)CC(=O)O... int=6 res=6 vina=-7.2 t=8610s
  [475/500] CCOC(=O)C1CCCN1C(=O)C(C)CC(=O)O... int=6 res=6 vina=-7.2 t=9201s
  [500/500] CN(C)c1ccc(NC(=O)c2ccccc2)cc1... int=6 res=6 vina=-7.8 t=9860s

Results → paper/experiments/results_v3/3PJC/bo_seed2/results.json
Total: 9860s (19.7s/iter)
