============================================================
  Method: ga
  Target: 3PJC
  Seed: 3
  Iterations: 500
  Output: paper/experiments/results_v3/3PJC/ga_seed3
============================================================
Target: 3PJC (CDK2, Kinase)
Pocket residues: 60
Behavior dim: 181
  [1/500] CC1(C)SC2C(NC(=O)Cc3ccccc3)C(=O)N2C1C(=O... int=5 res=5 vina=-8.6 t=13s
  [2/500] CC(C)Cc1ccc(C(C)C(=O)O)cc1... int=8 res=8 vina=-7.7 t=26s
  [3/500] CC(=O)Oc1ccccc1C(=O)O... int=7 res=7 vina=-6.7 t=39s
  [4/500] CC(=O)Nc1ccc(O)cc1... int=9 res=9 vina=-6.2 t=52s
  [5/500] OC(=O)c1ccccc1O... int=6 res=6 vina=-6.1 t=67s
  [25/500] COc1ccc(CC(=O)NC2C(=O)N3C2SC(C)(C)C3C(=O... int=7 res=7 vina=-8.7 t=378s
  [50/500] CCOC(=O)C1N2C(=O)C(NC(=O)COc3ccc(F)cc3)C... int=5 res=5 vina=-8.1 t=795s
  [75/500] CC(C(=O)O)c1ccc(CC(=O)NC2C(=O)N3C2SC(C)(... int=8 res=8 vina=-10.0 t=1201s
  [100/500] CCOC(=O)C1N2C(=O)C(NC(=O)Cc3ccc(C(N)=O)c... int=5 res=5 vina=-8.8 t=1610s
  [125/500] CC(C)(O)c1ccc(CC(=O)NC2C(=O)N3C2SC(C)(C)... int=7 res=6 vina=-8.8 t=2057s
  [150/500] CC1(C)SC2C(NC(=O)Cc3ccc(Cl)cc3)C(=O)N2C1... int=5 res=5 vina=-9.0 t=2504s
  [175/500] CC(C(=O)O)c1ccc(CC(=O)NC2C(=O)N3C2SC(C)(... int=8 res=8 vina=-10.0 t=2966s
  [200/500] CC(=O)Oc1ccc(CC(=O)NC2C(=O)N3C2SC(C)(C)C... int=8 res=8 vina=-10.0 t=3434s
  [225/500] CC1(C)SC2C(NC(=O)Cc3ccc(F)cc3)C(=O)N2C1C... int=10 res=9 vina=-9.0 t=3910s
  [250/500] CC1(C)SC2C(NC(=O)Cc3ccc(C(=N)N)cc3)C(=O)... int=9 res=8 vina=-9.6 t=4395s
  [275/500] CCOC(=O)C1N2C(=O)C(NC(=O)Cc3ccc(C(C)=O)c... int=10 res=9 vina=-8.5 t=4883s
  [300/500] CC(=O)Nc1ccc(CC(=O)NC2C(=O)N3C2SC(C)(C)C... int=10 res=9 vina=-8.8 t=5375s
  [325/500] CC(=O)CCC(=O)c1ccc(CC(=O)NC2C(=O)N3C2SC(... int=7 res=7 vina=-9.6 t=5890s
  [350/500] CCOC(=O)C1N2C(=O)C(NC(=O)Cc3ccc(C(C)C(=O... int=9 res=9 vina=-9.3 t=6369s
  [375/500] CC1(C)SC2C(NC(=O)Cc3ccc(NC(=O)c4ccc(F)cc... int=8 res=8 vina=-10.1 t=6867s
  [400/500] CCOC(=O)C1N2C(=O)C(NC(=O)Cc3ccc(C(N)=O)c... int=5 res=5 vina=-8.8 t=7359s
  [425/500] CC(=O)CCC(=O)c1ccc(CC(=O)NC2C(=O)N3C2SC(... int=7 res=7 vina=-9.6 t=7864s
  [450/500] CCOC(=O)C1N2C(=O)C(NC(=O)Cc3ccc(C(=O)OC)... int=10 res=9 vina=-8.2 t=8367s
  [475/500] CCOC(=O)C1N2C(=O)C(NC(=O)Cc3ccc(C(C)C(=O... int=9 res=9 vina=-9.3 t=8937s
  [500/500] CCOC(=O)C1N2C(=O)C(NC(=O)Cc3ccc(C(C)=O)c... int=10 res=9 vina=-8.5 t=9497s

Results → paper/experiments/results_v3/3PJC/ga_seed3/results.json
Total: 9497s (19.0s/iter)
