============================================================
  Method: imgep
  Target: 3EML
  Seed: 1
  Iterations: 500
  Output: paper/experiments/results_v3/3EML/imgep_seed1
============================================================
Target: 3EML (EGFR, Kinase)
Pocket residues: 65
Behavior dim: 196
  [1/500] CC1(C)SC2C(NC(=O)Cc3ccccc3)C(=O)N2C1C(=O... int=5 res=5 vina=-8.5 t=15s
  [2/500] CC(C)Cc1ccc(C(C)C(=O)O)cc1... int=6 res=6 vina=-7.7 t=30s
  [3/500] CC(=O)Oc1ccccc1C(=O)O... int=8 res=8 vina=-6.3 t=45s
  [4/500] CC(=O)Nc1ccc(O)cc1... int=5 res=5 vina=-6.1 t=61s
  [5/500] OC(=O)c1ccccc1O... int=4 res=4 vina=-5.9 t=75s
  [25/500] CC(C)(O)c1ccc(CC(=O)NC2C(=O)N3C2SC(C)(C)... int=11 res=9 vina=-9.7 t=385s
  [50/500] CC(N)Cc1ccc(O)c(O)c1... int=4 res=4 vina=-6.8 t=765s
  [75/500] CC(=O)Oc1ccc(CC(C)C)cc1... int=4 res=4 vina=-6.9 t=1155s
  [100/500] COc1cc(O)cc(CC(=O)NC2C(=O)N3C2SC(C)(C)C3... int=4 res=4 vina=-9.0 t=1562s
  [125/500] CC(C)(O)c1ccccc1... int=3 res=3 vina=-5.9 t=1931s
  [150/500] CC(C)Cc1ccc(C(C)N)cc1... int=6 res=6 vina=-6.6 t=2293s
  [175/500] CCOC(=O)C1N2C(=O)C(NC(=O)Cc3ccc(N)cc3)C2... int=5 res=5 vina=-8.7 t=2680s
  [200/500] CNCCc1ccc(C(N)=O)cc1... int=4 res=4 vina=-6.7 t=3061s
  [225/500] CC(=O)N1CCN(c2ccc(C(N)=O)cc2)CC1... int=4 res=4 vina=-7.6 t=3448s
  [250/500] NC(=O)c1ccc(NC(=O)c2ccccc2)cc1... int=5 res=5 vina=-8.1 t=3839s
  [275/500] CCOC(=O)C1N2C(=O)C(NC(=O)Cc3cc(Cl)cc(C(C... int=4 res=4 vina=-9.2 t=4226s
  [300/500] CC1(C)SC2C(NC(=O)COc3ccc(C(=N)N)cc3)C(=O... int=10 res=8 vina=-8.8 t=4649s
  [325/500] CC(C)Cc1ccc(CC(=O)NC2C(=O)N3C2SC(C)(C)C3... int=10 res=8 vina=-10.0 t=5092s
  [350/500] COC(=O)c1ccc(CC(N)C(=O)O)cc1... int=4 res=4 vina=-7.3 t=5514s
  [375/500] NC(Cc1ccc(S(=O)(=O)O)cc1)C(=O)O... int=9 res=7 vina=-7.3 t=5926s
  [400/500] COc1ccc(C(C)O)cc1O... int=6 res=6 vina=-6.0 t=6314s
  [425/500] CC(=O)Oc1ccc(CC(N)C(=O)O)cc1... int=6 res=5 vina=-7.2 t=6710s
  [450/500] CC(=O)Oc1cc(O)ccc1C(=O)O... int=4 res=4 vina=-6.5 t=7092s
  [475/500] COc1ccc(C(C)N)cc1O... int=5 res=5 vina=-6.1 t=7538s
  [500/500] CC(N)c1ccc(CC(=O)NC2C(=O)N3C2SC(C)(C)C3C... int=9 res=8 vina=-9.5 t=7914s

Results → paper/experiments/results_v3/3EML/imgep_seed1/results.json
Total: 7914s (15.8s/iter)
