============================================================
  Method: bo
  Target: 4MNE
  Seed: 5
  Iterations: 500
  Output: paper/experiments/results_v3/4MNE/bo_seed5
============================================================
Target: 4MNE (BRAF, Kinase)
Pocket residues: 68
Behavior dim: 205
  [1/500] CC1(C)SC2C(NC(=O)Cc3ccccc3)C(=O)N2C1C(=O... int=5 res=5 vina=-7.8 t=14s
  [2/500] CC(C)Cc1ccc(C(C)C(=O)O)cc1... int=8 res=8 vina=-7.8 t=26s
  [3/500] CC(=O)Oc1ccccc1C(=O)O... int=4 res=4 vina=-6.1 t=40s
  [4/500] CC(=O)Nc1ccc(O)cc1... int=8 res=6 vina=-6.2 t=53s
  [5/500] OC(=O)c1ccccc1O... int=8 res=6 vina=-6.2 t=66s
  [25/500] COC(=O)c1ccc(CC(=O)NC2C(=O)N3C2SC(C)(C)C... int=6 res=4 vina=-7.7 t=367s
  [50/500] ON=Cc1ccccc1... int=7 res=6 vina=-5.9 t=708s
  [75/500] CCOc1ccc2cc(Cl)c(O)nc2c1... int=5 res=5 vina=-7.2 t=1021s
  [100/500] NS(=O)(=O)c1ccc(Cl)c(Cl)c1... int=1 res=1 vina=-6.8 t=1348s
  [125/500] CCC(C)C(N)C(=O)O... int=0 res=0 vina=-5.1 t=1682s
  [150/500] N=C(N)c1ccc(F)cc1... int=5 res=5 vina=-6.3 t=2047s
  [175/500] Nc1ccc(S(N)(=O)=O)cc1... int=3 res=3 vina=-6.4 t=2406s
  [200/500] CC(=O)NCC(=O)O... int=6 res=5 vina=-4.6 t=2765s
  [225/500] CC(C)CC(N)C(=O)O... int=0 res=0 vina=-5.3 t=3106s
  [250/500] CC(C)c1ccc(O)c(O)c1... int=7 res=6 vina=-6.8 t=3453s
  [275/500] CSCC(N)C(=O)O... int=3 res=2 vina=-4.1 t=3796s
  [300/500] CC(C)(O)c1ccccc1... int=8 res=7 vina=-6.5 t=4154s
  [325/500] Oc1ccc(Cl)cc1Cl... int=2 res=2 vina=-5.8 t=4502s
  [350/500] COc1cc(C=O)ccc1O... int=3 res=3 vina=-5.4 t=4847s
  [375/500] CC(C)CC(N)C(=O)O... int=0 res=0 vina=-5.3 t=5214s
  [400/500] COc1cc(C=O)ccc1O... int=3 res=3 vina=-5.4 t=5576s
  [425/500] CC(C)CC(N)C(=O)O... int=0 res=0 vina=-5.3 t=5940s
  [450/500] CCC(C)C(N)C(=O)O... int=0 res=0 vina=-5.1 t=6311s
  [475/500] NC(CCC(=O)O)C(=O)O... int=0 res=0 vina=-5.3 t=6669s
  [500/500] CC(=O)NCCO... int=6 res=5 vina=-4.3 t=7023s

Results → paper/experiments/results_v3/4MNE/bo_seed5/results.json
Total: 7023s (14.0s/iter)
