============================================================
  Method: bo
  Target: 3EML
  Seed: 5
  Iterations: 500
  Output: paper/experiments/results_v3/3EML/bo_seed5
============================================================
Target: 3EML (EGFR, Kinase)
Pocket residues: 65
Behavior dim: 196
  [1/500] CC1(C)SC2C(NC(=O)Cc3ccccc3)C(=O)N2C1C(=O... int=5 res=5 vina=-8.5 t=12s
  [2/500] CC(C)Cc1ccc(C(C)C(=O)O)cc1... int=6 res=6 vina=-7.7 t=24s
  [3/500] CC(=O)Oc1ccccc1C(=O)O... int=8 res=8 vina=-6.3 t=39s
  [4/500] CC(=O)Nc1ccc(O)cc1... int=5 res=5 vina=-6.1 t=54s
  [5/500] OC(=O)c1ccccc1O... int=4 res=4 vina=-5.9 t=67s
  [25/500] COc1ccc2cc(Cl)c(O)nc2c1... int=4 res=4 vina=-6.9 t=368s
  [50/500] CC(C)c1ccc(O)c(O)c1... int=5 res=5 vina=-6.9 t=701s
  [75/500] CC(C)CC(N)C(=O)O... int=0 res=0 vina=-4.9 t=1028s
  [100/500] CN(C)c1ccccc1... int=2 res=2 vina=-4.9 t=1361s
  [125/500] Oc1nc2ccccc2cc1Cl... int=4 res=4 vina=-7.1 t=1717s
  [150/500] CC(C(=O)O)c1ccc(F)cc1... int=4 res=4 vina=-6.5 t=2058s
  [175/500] CC(CC(=O)O)C(=O)O... int=4 res=4 vina=-4.8 t=2420s
  [200/500] CC(O)c1ccc2ccccc2c1... int=5 res=5 vina=-8.0 t=2800s
  [225/500] CC(CC(=O)O)C(=O)O... int=4 res=4 vina=-4.8 t=3173s
  [250/500] CC(N)c1ccccc1... int=4 res=4 vina=-5.7 t=3526s
  [275/500] CC(N)C(=O)O... int=0 res=0 vina=-4.0 t=3898s
  [300/500] CC(CC(=O)O)C(=O)O... int=4 res=4 vina=-4.8 t=4253s
  [325/500] CC(=O)Nc1ccccc1... int=2 res=2 vina=-5.6 t=4610s
  [350/500] CC(C)CC(N)C(=O)O... int=0 res=0 vina=-4.9 t=4971s
  [375/500] CC(=O)NCCO... int=1 res=1 vina=-3.8 t=5333s
  [400/500] CC(N)c1ccccc1... int=4 res=4 vina=-5.7 t=5709s
  [425/500] CC(C)C(N)C(=O)O... int=0 res=0 vina=-4.8 t=6070s
  [450/500] COc1ccccc1... int=1 res=1 vina=-4.7 t=6451s
  [475/500] CC(=O)NCC(=O)O... int=4 res=4 vina=-4.2 t=6826s
  [500/500] CC(=O)Nc1ccccc1... int=2 res=2 vina=-5.6 t=7198s

Results → paper/experiments/results_v3/3EML/bo_seed5/results.json
Total: 7198s (14.4s/iter)
