============================================================
  Method: imgep
  Target: 1ERE
  Seed: 9
  Iterations: 500
  Output: paper/experiments/results_v3/1ERE/imgep_seed9
============================================================
Target: 1ERE (Estrogen Receptor α, Nuclear receptor)
Pocket residues: 71
Behavior dim: 214
  [1/500] CC1(C)SC2C(NC(=O)Cc3ccccc3)C(=O)N2C1C(=O... int=5 res=5 vina=-6.8 t=16s
  [2/500] CC(C)Cc1ccc(C(C)C(=O)O)cc1... int=6 res=6 vina=-7.4 t=27s
  [3/500] CC(=O)Oc1ccccc1C(=O)O... int=5 res=5 vina=-6.8 t=38s
  [4/500] CC(=O)Nc1ccc(O)cc1... int=5 res=5 vina=-6.1 t=51s
  [5/500] OC(=O)c1ccccc1O... int=5 res=5 vina=-6.2 t=62s
  [25/500] CC(=O)Oc1cc(O)c(O)cc1C(=O)O... int=5 res=5 vina=-6.8 t=333s
  [50/500] CC1(C)SC2C(NC(=O)Cc3cc(O)cc(O)c3)C(=O)N2... int=6 res=5 vina=-9.1 t=674s
  [75/500] CCCC(=O)Oc1cc(Cl)c(Cl)cc1C(=O)O... int=7 res=6 vina=-7.4 t=1063s
  [100/500] CCOC(=O)C(C)c1ccc(OC(C)=O)cc1... int=6 res=6 vina=-7.5 t=1407s
  [125/500] COc1cc(C(=O)O)ccc1O... int=4 res=4 vina=-6.2 t=1764s
  [150/500] COc1ccc(C=O)cc1OC... int=3 res=3 vina=-5.6 t=2126s
  [175/500] CC(=O)Nc1ccc(C(C)(C)O)cc1... int=6 res=6 vina=-6.7 t=2453s
  [200/500] CC1(C)SC2C(NC(=O)COc3ccc(CC(N)=O)cc3)C(=... int=6 res=6 vina=-7.0 t=2823s
  [225/500] CC1(C)SC2C(NC(=O)Cc3cc(Cl)cc(CCN)c3)C(=O... int=4 res=4 vina=-7.1 t=3171s
  [250/500] CCOC(=O)C1N2C(=O)C(NC(=O)COc3ccc(C(=N)N)... int=6 res=6 vina=-7.2 t=3526s
  [275/500] CC(C)Cc1ccc(CC(N)=O)cc1... int=7 res=7 vina=-7.1 t=3906s
  [300/500] CC(=O)Nc1ccc(O)cc1... int=5 res=5 vina=-6.1 t=4304s
  [325/500] CC(C(=O)O)c1ccc(CC(=O)NC2C(=O)N3C2SC(C)(... int=7 res=6 vina=-2.5 t=4695s
  [350/500] CC1(C)SC2C(NC(=O)Cc3cc(N)cc(Cl)c3)C(=O)N... int=8 res=8 vina=-5.6 t=5079s
  [375/500] CC(C)Cc1ccc(C(C)N)cc1... int=8 res=8 vina=-6.8 t=5463s
  [400/500] CC(=O)Oc1ccccc1C(=O)O... int=5 res=5 vina=-6.8 t=5850s
  [425/500] CC(N)Cc1ccc(C(C)N)cc1... int=8 res=7 vina=-7.0 t=6233s
  [450/500] CCOC(=O)c1c(OC)cc(Cl)cc1OC(C)=O... int=5 res=5 vina=-6.7 t=6639s
  [475/500] CC1(C)SC2C(NC(=O)Cc3ccc(C=Cc4ccccc4)cc3)... int=8 res=8 vina=-2.4 t=7044s
  [500/500] CC(C)CC(N)C(=O)O... int=0 res=0 vina=-5.3 t=7455s

Results → paper/experiments/results_v3/1ERE/imgep_seed9/results.json
Total: 7455s (14.9s/iter)
