============================================================
  Method: curiosity
  Target: 3PJC
  Seed: 0
  Iterations: 500
  Output: paper/experiments/results_v3/3PJC/curiosity_seed0
============================================================
Target: 3PJC (CDK2, Kinase)
Pocket residues: 60
Behavior dim: 181
  [1/500] CC1(C)SC2C(NC(=O)Cc3ccccc3)C(=O)N2C1C(=O... int=5 res=5 vina=-8.6 t=14s
  [2/500] CC(C)Cc1ccc(C(C)C(=O)O)cc1... int=8 res=8 vina=-7.7 t=32s
  [3/500] CC(=O)Oc1ccccc1C(=O)O... int=7 res=7 vina=-6.7 t=48s
  [4/500] CC(=O)Nc1ccc(O)cc1... int=9 res=9 vina=-6.2 t=66s
  [5/500] OC(=O)c1ccccc1O... int=6 res=6 vina=-6.1 t=81s
  [25/500] CC1(C)SC2C(NC(=O)Cc3cc(O)cc(O)c3)C(=O)N2... int=11 res=11 vina=-10.0 t=436s
  [50/500] CC(=O)Oc1ccc(CC(=O)NC2C(=O)N3C2SC(C)(C)C... int=8 res=8 vina=-10.0 t=864s
  [75/500] CCOC(=O)C1N2C(=O)C(NC(=O)Cc3ccccc3)C2SC1... int=7 res=7 vina=-8.4 t=1294s
  [100/500] O=CNc1ccc(O)c(O)c1... int=7 res=6 vina=-6.5 t=1768s
  [125/500] O=C(Cc1ccc(O)c(O)c1)NO... int=10 res=8 vina=-7.6 t=2220s
  [150/500] CN(C)c1ccc(Br)cc1... int=3 res=3 vina=-5.3 t=2664s
  [175/500] COc1cccc(CC(=O)NC2C(=O)N3C2SC(C)(C)C3C(=... int=7 res=7 vina=-8.7 t=3125s
  [200/500] NC(=S)Nc1ccc(CC(N)C(=O)O)cc1... int=9 res=7 vina=-7.1 t=3569s
  [225/500] CC1(C)SC2C(NC(=O)Cc3cc(O)cc(O)c3)C(=O)N2... int=11 res=11 vina=-10.0 t=4018s
  [250/500] COC(=O)c1cc(O)c(OC)cc1OC(C)=O... int=6 res=5 vina=-6.6 t=4496s
  [275/500] CC1(C)SC2C(NC(=O)Cc3ccc(Br)cc3)C(=O)N2C1... int=8 res=7 vina=-8.9 t=4955s
  [300/500] CC1(C)SC2C(NC(=O)Cc3ccc(S(N)(=O)=O)cc3)C... int=7 res=7 vina=-9.0 t=5424s
  [325/500] CC(=O)Nc1ccc(C(C)C(=O)O)cc1... int=7 res=7 vina=-7.5 t=5870s
  [350/500] CCCC(=O)Oc1ccc(CC(N)C(=O)OCC)cc1... int=10 res=9 vina=-7.3 t=6326s
  [375/500] COc1ccc(CCC(=O)O)cc1OC... int=2 res=2 vina=-6.7 t=6763s
  [400/500] COc1cc(CC(=O)NC2C(=O)N3C2SC(C)(C)C3C(=O)... int=8 res=8 vina=-9.1 t=7230s
  [425/500] CC(C)NCC(O)COc1ccc(CC(=O)NC2C(=O)N3C2SC(... int=10 res=7 vina=-9.0 t=7698s
  [450/500] COC(=O)c1cc(O)c(OC)cc1OC(C)=O... int=6 res=5 vina=-6.6 t=8160s
  [475/500] Oc1ccc(F)cc1O... int=7 res=7 vina=-6.0 t=8612s
  [500/500] COc1ccc(-c2ccc(O)c(O)c2)cc1... int=4 res=4 vina=-8.3 t=9049s

Results → paper/experiments/results_v3/3PJC/curiosity_seed0/results.json
Total: 9049s (18.1s/iter)
