============================================================
  Method: imgep
  Target: 3EML
  Seed: 5
  Iterations: 500
  Output: paper/experiments/results_v3/3EML/imgep_seed5
============================================================
Target: 3EML (EGFR, Kinase)
Pocket residues: 65
Behavior dim: 196
  [1/500] CC1(C)SC2C(NC(=O)Cc3ccccc3)C(=O)N2C1C(=O... int=5 res=5 vina=-8.5 t=13s
  [2/500] CC(C)Cc1ccc(C(C)C(=O)O)cc1... int=6 res=6 vina=-7.7 t=29s
  [3/500] CC(=O)Oc1ccccc1C(=O)O... int=8 res=8 vina=-6.3 t=43s
  [4/500] CC(=O)Nc1ccc(O)cc1... int=5 res=5 vina=-6.1 t=57s
  [5/500] OC(=O)c1ccccc1O... int=4 res=4 vina=-5.9 t=71s
  [25/500] O=C(O)c1cc(Cl)ccc1O... int=3 res=3 vina=-6.2 t=371s
  [50/500] COc1cc(C(C)C(=O)O)ccc1O... int=4 res=4 vina=-6.7 t=750s
  [75/500] CCOC(=O)c1cc(C(=O)CCl)ccc1O... int=3 res=3 vina=-6.9 t=1103s
  [100/500] COc1cc(C=CC(=O)O)ccc1O... int=3 res=3 vina=-6.8 t=1464s
  [125/500] COc1cc(C=CC(=O)O)cc(OC(C)=O)c1OC... int=4 res=3 vina=-7.3 t=1824s
  [150/500] CC(C)c1cccc(Cl)c1... int=5 res=5 vina=-6.1 t=2183s
  [175/500] COc1cc(C(C)O)ccc1O... int=3 res=3 vina=-6.1 t=2529s
  [200/500] COC(=O)c1cc(C(C)C)ccc1O... int=5 res=5 vina=-7.0 t=2921s
  [225/500] CCN(CC)C(=O)c1ccc(O)c(C(=O)O)c1... int=5 res=5 vina=-7.5 t=3276s
  [250/500] CCOC(=O)c1cc2cccc(OC)c2oc1=O... int=4 res=4 vina=-7.2 t=3644s
  [275/500] CCOC(=O)c1cc(C=CC(=O)O)ccc1O... int=4 res=4 vina=-7.3 t=3997s
  [300/500] NC(Cc1ccc(O)cc1)C(=O)O... int=0 res=0 vina=-6.8 t=4358s
  [325/500] CC(CC(=O)O)C(=O)O... int=4 res=4 vina=-4.8 t=4734s
  [350/500] COC(=O)c1cc(C(C)C)ccc1O... int=5 res=5 vina=-7.0 t=5106s
  [375/500] CCOC(=O)c1cc(OC)c(Cl)cc1O... int=2 res=2 vina=-6.2 t=5487s
  [400/500] CCOC(=O)C1N2C(=O)C(NC(=O)Cc3cc(O)cc(CC(C... int=4 res=4 vina=-9.5 t=5869s
  [425/500] CC(C)(O)c1ccc(C(=N)N)cc1... int=5 res=5 vina=-7.2 t=6242s
  [450/500] NC(CC(=O)O)C(=O)O... int=0 res=0 vina=-4.8 t=6625s
  [475/500] COc1cc(OC)c2oc(=O)c(C(=O)O)cc2c1... int=2 res=2 vina=-7.7 t=6971s
  [500/500] CCCC(=O)NCc1ccc(O)c(Cl)c1... int=4 res=4 vina=-6.9 t=7366s

Results → paper/experiments/results_v3/3EML/imgep_seed5/results.json
Total: 7366s (14.7s/iter)
