============================================================
  Method: random
  Target: 3EML
  Seed: 7
  Iterations: 500
  Output: paper/experiments/results_v3/3EML/random_seed7
============================================================
Target: 3EML (EGFR, Kinase)
Pocket residues: 65
Behavior dim: 196
  [1/500] CC1(C)SC2C(NC(=O)Cc3ccccc3)C(=O)N2C1C(=O... int=5 res=5 vina=-8.5 t=15s
  [2/500] CC(C)Cc1ccc(C(C)C(=O)O)cc1... int=6 res=6 vina=-7.7 t=29s
  [3/500] CC(=O)Oc1ccccc1C(=O)O... int=8 res=8 vina=-6.3 t=43s
  [4/500] CC(=O)Nc1ccc(O)cc1... int=5 res=5 vina=-6.1 t=57s
  [5/500] OC(=O)c1ccccc1O... int=4 res=4 vina=-5.9 t=68s
  [25/500] CC(N)Cc1ccc(O)c(O)c1... int=4 res=4 vina=-6.8 t=361s
  [50/500] CC(=O)Oc1ccc(C=O)cc1C(=O)O... int=4 res=4 vina=-6.5 t=733s
  [75/500] CCOC(=O)C1N2C(=O)C(NC(=O)Cc3ccc(O)c(C(=O... int=7 res=5 vina=-8.6 t=1095s
  [100/500] CC(C)(O)c1ccc(O)cc1... int=4 res=4 vina=-6.3 t=1466s
  [125/500] COc1cc(CC(C)N)cc(O)c1OC... int=3 res=3 vina=-6.3 t=1827s
  [150/500] CC(=O)Oc1ccccc1C(=O)O... int=8 res=8 vina=-6.3 t=2196s
  [175/500] CN(C)c1ccc(C(=N)N)cc1... int=3 res=3 vina=-6.3 t=2564s
  [200/500] CC(CC(=O)O)C(=O)O... int=4 res=4 vina=-4.8 t=2948s
  [225/500] CC(C)c1ccc(O)c(O)c1... int=5 res=5 vina=-6.9 t=3347s
  [250/500] COc1cc(CC(=O)NO)cc(OC)c1OC... int=3 res=3 vina=-6.7 t=3715s
  [275/500] COC(=O)c1cc(Cl)cc(CC(=O)NC2C(=O)N3C2SC(C... int=4 res=4 vina=-8.8 t=4098s
  [300/500] O=C(O)CC(O)(CC(=O)O)C(=O)O... int=4 res=4 vina=-5.5 t=4475s
  [325/500] CCOC(=O)C1N2C(=O)C(NC(=O)Cc3ccc(OC(C)=O)... int=8 res=8 vina=-9.4 t=4872s
  [350/500] COc1ccc(C(C)C)cc1O... int=4 res=4 vina=-6.2 t=5272s
  [375/500] COc1ccc(-c2cccc(C(C)O)c2)cc1... int=3 res=3 vina=-8.5 t=5654s
  [400/500] CC(C)c1cc(O)cc(CC(=O)NC2C(=O)N3C2SC(C)(C... int=9 res=9 vina=-9.9 t=6024s
  [425/500] O=C(O)c1cc(O)c(Cl)cc1O... int=5 res=5 vina=-6.3 t=6404s
  [450/500] CC(=O)Nc1ccc(OCC(O)CNC(C)C)cc1... int=5 res=5 vina=-6.9 t=6780s
  [475/500] COC(=O)c1ccc(N)cc1... int=4 res=4 vina=-5.7 t=7157s
  [500/500] Brc1ccccc1... int=2 res=2 vina=-4.7 t=7521s

Results → paper/experiments/results_v3/3EML/random_seed7/results.json
Total: 7521s (15.0s/iter)
