============================================================
  Method: imgep
  Target: 4MNE
  Seed: 8
  Iterations: 500
  Output: paper/experiments/results_v3/4MNE/imgep_seed8
============================================================
Target: 4MNE (BRAF, Kinase)
Pocket residues: 68
Behavior dim: 205
  [1/500] CC1(C)SC2C(NC(=O)Cc3ccccc3)C(=O)N2C1C(=O... int=5 res=5 vina=-7.8 t=16s
  [2/500] CC(C)Cc1ccc(C(C)C(=O)O)cc1... int=8 res=8 vina=-7.8 t=35s
  [3/500] CC(=O)Oc1ccccc1C(=O)O... int=4 res=4 vina=-6.1 t=51s
  [4/500] CC(=O)Nc1ccc(O)cc1... int=8 res=6 vina=-6.2 t=64s
  [5/500] OC(=O)c1ccccc1O... int=8 res=6 vina=-6.2 t=83s
  [25/500] CCOC(=O)c1ccccc1OC(C)=O... int=8 res=7 vina=-6.1 t=425s
  [50/500] CCOC(=O)C1N2C(=O)C(NC(=O)Cc3cccc(C(C)O)c... int=5 res=5 vina=-7.2 t=845s
  [75/500] COc1ccc(N)cc1O... int=8 res=6 vina=-5.7 t=1260s
  [100/500] CCOC(=O)c1cc(C(=O)O)ccc1O... int=7 res=6 vina=-6.9 t=1708s
  [125/500] CC(=O)CCC(=O)c1ccc(O)cc1... int=10 res=9 vina=-6.9 t=2185s
  [150/500] COC(=O)c1ccc(NC(C)=O)cc1... int=4 res=4 vina=-6.7 t=2625s
  [175/500] CCOC(=O)C1N2C(=O)C(NC(=O)Cc3ccc(C(=O)OC)... int=5 res=5 vina=-7.8 t=3078s
  [200/500] COc1cc(Cl)ccc1O... int=2 res=2 vina=-4.8 t=3504s
  [225/500] CCCC(=O)Oc1cc(C(=O)OCC)cc(O)c1C(=O)O... int=14 res=11 vina=-7.7 t=3952s
  [250/500] CCOC(=O)c1c(O)cc(-c2nn[nH]n2)cc1OC(C)=O... int=7 res=5 vina=-7.4 t=4378s
  [275/500] COC(=O)c1ccccc1OC(C)=O... int=7 res=6 vina=-5.7 t=4802s
  [300/500] CCOC(=O)C1N2C(=O)C(NC(=O)Cc3ccc(C(C)(C)O... int=5 res=4 vina=-7.9 t=5223s
  [325/500] CCOC(=O)C1N2C(=O)C(NC(=O)Cc3ccc(C=NO)cc3... int=2 res=2 vina=-7.7 t=5624s
  [350/500] CC1(C)SC2C(NC(=O)Cc3ccc(N4CCOCC4)cc3)C(=... int=4 res=4 vina=-7.1 t=6074s
  [375/500] CC1(C)SC2C(NC(=O)Cc3cc(Cl)cc(C(N)=O)c3)C... int=7 res=7 vina=-8.6 t=6499s
  [400/500] CC(=O)Oc1ccc(NC=O)cc1... int=2 res=2 vina=-6.5 t=6921s
  [425/500] CCOC(=O)C1CCCN1C(=O)C(C)CS... int=9 res=7 vina=-5.6 t=7279s
  [450/500] CCCCC(=O)Oc1cc(-c2cccc(F)c2)ccc1C(=O)OCC... int=8 res=8 vina=-8.2 t=7676s
  [475/500] CC(=O)Nc1ccc(O)c(O)c1... int=10 res=8 vina=-6.6 t=8060s
  [500/500] COc1ccc(NC(C)=O)cc1OC... int=7 res=7 vina=-5.6 t=8472s

Results → paper/experiments/results_v3/4MNE/imgep_seed8/results.json
Total: 8472s (16.9s/iter)
