============================================================
  Method: random
  Target: 3V8D
  Seed: 4
  Iterations: 500
  Output: paper/experiments/results_v3/3V8D/random_seed4
============================================================
Target: 3V8D (Thrombin, Serine protease)
Pocket residues: 95
Behavior dim: 286
  [1/500] CC1(C)SC2C(NC(=O)Cc3ccccc3)C(=O)N2C1C(=O... int=10 res=9 vina=-9.1 t=23s
  [2/500] CC(C)Cc1ccc(C(C)C(=O)O)cc1... int=5 res=5 vina=-6.8 t=39s
  [3/500] CC(=O)Oc1ccccc1C(=O)O... int=8 res=6 vina=-6.8 t=57s
  [4/500] CC(=O)Nc1ccc(O)cc1... int=7 res=5 vina=-6.1 t=71s
  [5/500] OC(=O)c1ccccc1O... int=4 res=4 vina=-6.0 t=86s
  [25/500] CC(C)Cc1ccc(N(C)C)cc1... int=3 res=3 vina=-6.0 t=375s
  [50/500] CC(=O)NCC(=O)O... int=4 res=3 vina=-4.6 t=709s
  [75/500] CN(C)c1ccc(C(N)=O)cc1... int=1 res=1 vina=-5.8 t=1066s
  [100/500] CC(=O)c1ccc(N2CCOCC2)cc1... int=4 res=4 vina=-6.4 t=1411s
  [125/500] NC(CC(=O)O)C(=O)O... int=0 res=0 vina=-5.0 t=1772s
  [150/500] CCOC(=O)C(N)CO... int=4 res=3 vina=-4.8 t=2130s
  [175/500] O=C(O)CCCC(=O)O... int=3 res=3 vina=-5.1 t=2496s
  [200/500] CC(=O)Oc1ccc(N(C)C)cc1... int=4 res=4 vina=-5.8 t=2855s
  [225/500] CC(=O)c1ccc(CC(C)C)cc1... int=6 res=6 vina=-6.3 t=3186s
  [250/500] CC(=O)Nc1cc(CC(=O)NC2C(=O)N3C2SC(C)(C)C3... int=10 res=9 vina=-9.3 t=3545s
  [275/500] CC(C(=O)O)c1ccc(N(C)C)cc1... int=6 res=6 vina=-5.9 t=3922s
  [300/500] COc1cc(Cl)cc(OC(C)=O)c1C(=O)O... int=3 res=3 vina=-6.5 t=4253s
  [325/500] NC(CC(=O)O)C(=O)O... int=0 res=0 vina=-5.0 t=4598s
  [350/500] CC1(C)SC2C(NC(=O)COc3ccc(C(=N)N)cc3)C(=O... int=8 res=8 vina=-8.7 t=4971s
  [375/500] CCOC(=O)c1c(OC)cc(O)cc1OC... int=6 res=5 vina=-6.0 t=5335s
  [400/500] CC1(C)SC2C(NC(=O)COc3ccc(C(=N)N)cc3)C(=O... int=8 res=8 vina=-8.7 t=5701s
  [425/500] COC(=O)c1ccccc1OC(C)=O... int=6 res=5 vina=-6.4 t=6078s
  [450/500] CC(C)Cc1ccc(C(=O)O)cc1... int=5 res=5 vina=-6.6 t=6419s
  [475/500] CC1(C)SC2C(NC(=O)COc3ccc(N4CCOCC4)cc3)C(... int=5 res=5 vina=-9.1 t=6803s
  [500/500] COC(=O)c1ccc(N(C)C)cc1... int=3 res=3 vina=-5.6 t=7141s

Results → paper/experiments/results_v3/3V8D/random_seed4/results.json
Total: 7141s (14.3s/iter)
