============================================================
  Method: random
  Target: 3EML
  Seed: 8
  Iterations: 500
  Output: paper/experiments/results_v3/3EML/random_seed8
============================================================
Target: 3EML (EGFR, Kinase)
Pocket residues: 65
Behavior dim: 196
  [1/500] CC1(C)SC2C(NC(=O)Cc3ccccc3)C(=O)N2C1C(=O... int=5 res=5 vina=-8.5 t=16s
  [2/500] CC(C)Cc1ccc(C(C)C(=O)O)cc1... int=6 res=6 vina=-7.7 t=29s
  [3/500] CC(=O)Oc1ccccc1C(=O)O... int=8 res=8 vina=-6.3 t=43s
  [4/500] CC(=O)Nc1ccc(O)cc1... int=5 res=5 vina=-6.1 t=53s
  [5/500] OC(=O)c1ccccc1O... int=4 res=4 vina=-5.9 t=67s
  [25/500] CCOC(=O)c1ccccc1OC(C)=O... int=7 res=7 vina=-6.4 t=362s
  [50/500] CC(C)Cc1ccc(CC(=O)NC2C(=O)N3C2SC(C)(C)C3... int=10 res=8 vina=-10.0 t=745s
  [75/500] OC(c1ccccc1)c1ccc(Br)cc1... int=5 res=5 vina=-8.0 t=1120s
  [100/500] CCCC(=O)Oc1ccc(C(N)=O)cc1C(=O)O... int=5 res=5 vina=-7.5 t=1525s
  [125/500] COc1cc(-c2nn[nH]n2)ccc1O... int=4 res=4 vina=-6.6 t=1911s
  [150/500] CC(=O)c1ccc(-c2ccc(O)c(O)c2)cc1... int=5 res=5 vina=-9.6 t=2316s
  [175/500] CCOC(=O)C1N2C(=O)C(NC(=O)Cc3ccc(C(=N)N)c... int=8 res=7 vina=-8.6 t=2717s
  [200/500] CC(C)C(NC(=O)Cc1ccc(CO)cc1)C(=O)NC1C(=O)... int=4 res=4 vina=-9.4 t=3114s
  [225/500] CC(=O)Oc1ccc(OCC(=O)NC2C(=O)N3C2SC(C)(C)... int=8 res=7 vina=-8.5 t=3517s
  [250/500] CC(C)(O)c1ccccc1... int=3 res=3 vina=-5.9 t=3904s
  [275/500] CCOC(=O)C1N2C(=O)C(NC(=O)Cc3ccc(CCN)cc3)... int=8 res=7 vina=-8.3 t=4299s
  [300/500] CC(C(=O)O)c1ccc(CC(=O)NC2C(=O)N3C2SC(C)(... int=10 res=8 vina=-9.7 t=4719s
  [325/500] CCOC(=O)c1ccc(OC)cc1... int=7 res=6 vina=-6.0 t=5107s
  [350/500] CCOC(=O)C1N2C(=O)C(NC(=O)Cc3ccc(C(=O)OC)... int=7 res=7 vina=-9.2 t=5512s
  [375/500] CCCC(=O)Oc1ccc(C(C)N)cc1C(=O)OC... int=5 res=5 vina=-7.4 t=5913s
  [400/500] CCOC(=O)C1N2C(=O)C(NC(=O)Cc3ccc(CC(N)C(=... int=9 res=7 vina=-9.0 t=6320s
  [425/500] COC(=O)c1ccc(CC(=O)NC2C(=O)N3C2SC(C)(C)C... int=9 res=6 vina=-9.1 t=6718s
  [450/500] CC(=O)Oc1ccc(C(C)N)cc1... int=6 res=6 vina=-6.7 t=7109s
  [475/500] O=C(O)c1cc(O)cc(N2CCOCC2)c1... int=2 res=2 vina=-7.5 t=7483s
  [500/500] CCOC(=O)C1N2C(=O)C(NC(=O)Cc3ccc(N(C)C)cc... int=5 res=5 vina=-8.4 t=7861s

Results → paper/experiments/results_v3/3EML/random_seed8/results.json
Total: 7861s (15.7s/iter)
