============================================================
  Method: imgep
  Target: 4MNE
  Seed: 0
  Iterations: 500
  Output: paper/experiments/results_v3/4MNE/imgep_seed0
============================================================
Target: 4MNE (BRAF, Kinase)
Pocket residues: 68
Behavior dim: 205
  [1/500] CC1(C)SC2C(NC(=O)Cc3ccccc3)C(=O)N2C1C(=O... int=5 res=5 vina=-7.8 t=18s
  [2/500] CC(C)Cc1ccc(C(C)C(=O)O)cc1... int=8 res=8 vina=-7.8 t=34s
  [3/500] CC(=O)Oc1ccccc1C(=O)O... int=4 res=4 vina=-6.1 t=54s
  [4/500] CC(=O)Nc1ccc(O)cc1... int=8 res=6 vina=-6.2 t=68s
  [5/500] OC(=O)c1ccccc1O... int=8 res=6 vina=-6.2 t=86s
  [25/500] COc1cc(NC(C)=O)ccc1C... int=7 res=6 vina=-6.1 t=428s
  [50/500] CCC(C)C(N)C(=O)O... int=0 res=0 vina=-5.1 t=862s
  [75/500] CCOC(=O)c1ccccc1OC(C)=O... int=8 res=7 vina=-6.1 t=1307s
  [100/500] CCCC(=O)Oc1ccc(NC=O)cc1... int=9 res=8 vina=-6.8 t=1731s
  [125/500] COc1ccc(C=O)cc1C(=O)O... int=2 res=2 vina=-6.2 t=2146s
  [150/500] COc1cc(CO)ccc1C... int=3 res=3 vina=-5.9 t=2557s
  [175/500] CC1(C)SC2C(NC(=O)Cc3cccc(C=O)c3)C(=O)N2C... int=10 res=9 vina=-7.9 t=2967s
  [200/500] CC(=O)CCc1cc(O)c(C(=O)O)c(OC(C)=O)c1... int=6 res=5 vina=-7.9 t=3357s
  [225/500] CC(=O)Nc1ccc(O)cc1... int=8 res=6 vina=-6.2 t=3756s
  [250/500] COc1ccc(CC(=O)NO)cc1... int=3 res=3 vina=-6.7 t=4140s
  [275/500] NC(=O)CCC(N)C(=O)O... int=0 res=0 vina=-5.4 t=4520s
  [300/500] CCOC(=O)C1N2C(=O)C(NC(=O)Cc3cccc(C(C)O)c... int=5 res=5 vina=-7.2 t=4914s
  [325/500] NC(CO)C(=O)O... int=0 res=0 vina=-4.1 t=5300s
  [350/500] CC(CC(=O)O)C(=O)O... int=4 res=3 vina=-5.3 t=5676s
  [375/500] COc1cc(NC=O)ccc1O... int=3 res=3 vina=-5.6 t=6052s
  [400/500] CN(C)c1ccc(CC(N)=O)cc1... int=4 res=4 vina=-6.7 t=6425s
  [425/500] COC(=O)c1c(O)cc(NC=O)cc1O... int=5 res=5 vina=-6.7 t=6814s
  [450/500] COC(=O)c1ccccc1OC... int=8 res=6 vina=-5.7 t=7187s
  [475/500] CC(C)c1ccc(O)c(O)c1... int=7 res=6 vina=-6.8 t=7555s
  [500/500] CCOC(=O)c1ccc(N)cc1... int=9 res=8 vina=-5.8 t=7918s

Results → paper/experiments/results_v3/4MNE/imgep_seed0/results.json
Total: 7918s (15.8s/iter)
